10:25:28,316 |-INFO in ch.qos.logback.classic.LoggerContext[default] - Found logback-core version ?
10:25:28,317 |-INFO in ch.qos.logback.classic.LoggerContext[default] - Found logback-classic version ?
10:25:28,317 |-WARN in ch.qos.logback.classic.LoggerContext[default] - Versions of logback-classic and ? are different or unknown.
10:25:28,327 |-INFO in ch.qos.logback.classic.util.ContextInitializer@2ed64a26 - Here is a list of configurators discovered as a service, by rank: 
10:25:28,327 |-INFO in ch.qos.logback.classic.util.ContextInitializer@2ed64a26 -   org.springframework.boot.logging.logback.RootLogLevelConfigurator
10:25:28,327 |-INFO in ch.qos.logback.classic.util.ContextInitializer@2ed64a26 - They will be invoked in order until ExecutionStatus.DO_NOT_INVOKE_NEXT_IF_ANY is returned.
10:25:28,327 |-INFO in ch.qos.logback.classic.util.ContextInitializer@2ed64a26 - Constructed configurator of type class org.springframework.boot.logging.logback.RootLogLevelConfigurator
10:25:28,328 |-INFO in ch.qos.logback.classic.util.ContextInitializer@2ed64a26 - org.springframework.boot.logging.logback.RootLogLevelConfigurator.configure() call lasted 0 milliseconds. ExecutionStatus=INVOKE_NEXT_IF_ANY
10:25:28,329 |-INFO in ch.qos.logback.classic.util.ContextInitializer@2ed64a26 - Trying to configure with ch.qos.logback.classic.util.DefaultJoranConfigurator
10:25:28,331 |-INFO in ch.qos.logback.classic.util.ContextInitializer@2ed64a26 - Constructed configurator of type class ch.qos.logback.classic.util.DefaultJoranConfigurator
10:25:28,332 |-INFO in ch.qos.logback.classic.LoggerContext[default] - Could NOT find resource [logback-test.xml]
10:25:28,332 |-INFO in ch.qos.logback.classic.LoggerContext[default] - Could NOT find resource [logback.xml]
10:25:28,332 |-INFO in ch.qos.logback.classic.util.ContextInitializer@2ed64a26 - ch.qos.logback.classic.util.DefaultJoranConfigurator.configure() call lasted 1 milliseconds. ExecutionStatus=INVOKE_NEXT_IF_ANY
10:25:28,332 |-INFO in ch.qos.logback.classic.util.ContextInitializer@2ed64a26 - Trying to configure with ch.qos.logback.classic.BasicConfigurator
10:25:28,333 |-INFO in ch.qos.logback.classic.util.ContextInitializer@2ed64a26 - Constructed configurator of type class ch.qos.logback.classic.BasicConfigurator
10:25:28,333 |-INFO in ch.qos.logback.classic.BasicConfigurator@701bcf82 - Setting up default configuration.
10:25:28,342 |-INFO in ch.qos.logback.core.ConsoleAppender[console] - NOTE: Writing to the console can be slow. Try to avoid logging to the 
10:25:28,342 |-INFO in ch.qos.logback.core.ConsoleAppender[console] - console in production environments, especially in high volume systems.
10:25:28,342 |-INFO in ch.qos.logback.core.ConsoleAppender[console] - See also https://logback.qos.ch/codes.html#slowConsole
10:25:28,342 |-INFO in ch.qos.logback.classic.util.ContextInitializer@2ed64a26 - ch.qos.logback.classic.BasicConfigurator.configure() call lasted 9 milliseconds. ExecutionStatus=NEUTRAL

10:25:28,317 |-WARN in ch.qos.logback.classic.LoggerContext[default] - Versions of logback-classic and ? are different or unknown.
10:25:28,317 |-WARN in ch.qos.logback.classic.LoggerContext[default] - Versions of logback-classic and ? are different or unknown.

  .   ____          _            __ _ _
 /\\ / ___'_ __ _ _(_)_ __  __ _ \ \ \ \
( ( )\___ | '_ | '_| | '_ \/ _` | \ \ \ \
 \\/  ___)| |_)| | | | | || (_| |  ) ) ) )
  '  |____| .__|_| |_|_| |_\__, | / / / /
 =========|_|==============|___/=/_/_/_/

 :: Spring Boot ::               (v3.5.12)

2026-03-25T10:25:28.525-04:00  INFO 3350224 --- [           main] org.acme.SpringBoot3Application          : Starting AOT-processed SpringBoot3Application using Java 25.0.2 with PID 3350224 (/home/jenkins/spring-quarkus-perf-comparison/spring-quarkus-perf-comparison/springboot3/target/springboot3 started by jenkins in /home/jenkins/spring-quarkus-perf-comparison/spring-quarkus-perf-comparison/springboot3)
2026-03-25T10:25:28.525-04:00  INFO 3350224 --- [           main] org.acme.SpringBoot3Application          : No active profile set, falling back to 1 default profile: "default"
2026-03-25T10:25:28.614-04:00  INFO 3350224 --- [           main] o.s.b.w.embedded.tomcat.TomcatWebServer  : Tomcat initialized with port 8080 (http)
2026-03-25T10:25:28.621-04:00  INFO 3350224 --- [           main] o.apache.catalina.core.StandardService   : Starting service [Tomcat]
2026-03-25T10:25:28.621-04:00  INFO 3350224 --- [           main] o.apache.catalina.core.StandardEngine    : Starting Servlet engine: [Apache Tomcat/10.1.52]
2026-03-25T10:25:28.639-04:00  INFO 3350224 --- [           main] o.a.c.c.C.[Tomcat].[localhost].[/]       : Initializing Spring embedded WebApplicationContext
2026-03-25T10:25:28.639-04:00  INFO 3350224 --- [           main] w.s.c.ServletWebServerApplicationContext : Root WebApplicationContext: initialization completed in 113 ms
2026-03-25T10:25:28.704-04:00  INFO 3350224 --- [           main] com.zaxxer.hikari.HikariDataSource       : HikariPool-1 - Starting...
2026-03-25T10:25:28.750-04:00  INFO 3350224 --- [           main] com.zaxxer.hikari.pool.HikariPool        : HikariPool-1 - Added connection org.postgresql.jdbc.PgConnection@165e34fb
2026-03-25T10:25:28.750-04:00  INFO 3350224 --- [           main] com.zaxxer.hikari.HikariDataSource       : HikariPool-1 - Start completed.
2026-03-25T10:25:28.754-04:00  INFO 3350224 --- [           main] o.hibernate.jpa.internal.util.LogHelper  : HHH000204: Processing PersistenceUnitInfo [name: default]
2026-03-25T10:25:28.768-04:00  INFO 3350224 --- [           main] org.hibernate.Version                    : HHH000412: Hibernate ORM core version 6.6.44.Final
2026-03-25T10:25:28.779-04:00  INFO 3350224 --- [           main] o.h.c.internal.RegionFactoryInitiator    : HHH000025: Second-level cache region factory [org.hibernate.cache.jcache.internal.JCacheRegionFactory]
2026-03-25T10:25:28.824-04:00  INFO 3350224 --- [           main] org.hibernate.orm.connections.pooling    : HHH10001005: Database info:
	Database JDBC URL [Connecting through datasource 'HikariDataSource (HikariPool-1)']
	Database driver: undefined/unknown
	Database version: 17.7
	Autocommit mode: undefined/unknown
	Isolation level: undefined/unknown
	Minimum pool size: undefined/unknown
	Maximum pool size: undefined/unknown
2026-03-25T10:25:28.867-04:00  WARN 3350224 --- [           main] org.hibernate.mapping.RootClass          : HHH000038: Composite-id class does not override equals(): org.acme.domain.StoreFruitPriceId
2026-03-25T10:25:28.867-04:00  WARN 3350224 --- [           main] org.hibernate.mapping.RootClass          : HHH000039: Composite-id class does not override hashCode(): org.acme.domain.StoreFruitPriceId
2026-03-25T10:25:28.900-04:00  INFO 3350224 --- [           main] o.h.e.t.j.p.i.JtaPlatformInitiator       : HHH000489: No JTA platform available (set 'hibernate.transaction.jta.platform' to enable JTA platform integration)
2026-03-25T10:25:28.900-04:00  INFO 3350224 --- [           main] j.LocalContainerEntityManagerFactoryBean : Initialized JPA EntityManagerFactory for persistence unit 'default'
2026-03-25T10:25:28.934-04:00  WARN 3350224 --- [           main] JpaBaseConfiguration$JpaWebConfiguration : spring.jpa.open-in-view is enabled by default. Therefore, database queries may be performed during view rendering. Explicitly configure spring.jpa.open-in-view to disable this warning
2026-03-25T10:25:28.987-04:00  WARN 3350224 --- [           main] i.m.c.i.binder.jvm.JvmGcMetrics          : GC notifications will not be available because no GarbageCollectorMXBean of the JVM provides any. GCs=[young generation scavenger, complete scavenger]
2026-03-25T10:25:28.999-04:00  INFO 3350224 --- [           main] o.s.b.a.e.web.EndpointLinksResolver      : Exposing 1 endpoint beneath base path '/actuator'
2026-03-25T10:25:29.006-04:00  INFO 3350224 --- [           main] o.s.b.w.embedded.tomcat.TomcatWebServer  : Tomcat started on port 8080 (http) with context path '/'
2026-03-25T10:25:29.007-04:00  INFO 3350224 --- [           main] org.acme.SpringBoot3Application          : Started SpringBoot3Application in 0.587 seconds (process running for 0.823)
2026-03-25T10:25:29.012-04:00  INFO 3350224 --- [nio-8080-exec-1] o.a.c.c.C.[Tomcat].[localhost].[/]       : Initializing Spring DispatcherServlet 'dispatcherServlet'
2026-03-25T10:25:29.012-04:00  INFO 3350224 --- [nio-8080-exec-1] o.s.web.servlet.DispatcherServlet        : Initializing Servlet 'dispatcherServlet'
2026-03-25T10:25:29.012-04:00  INFO 3350224 --- [nio-8080-exec-1] o.s.web.servlet.DispatcherServlet        : Completed initialization in 0 ms
2026-03-25T10:25:29.038-04:00  INFO 3350224 --- [ionShutdownHook] o.s.b.w.e.tomcat.GracefulShutdown        : Commencing graceful shutdown. Waiting for active requests to complete
2026-03-25T10:25:29.039-04:00  INFO 3350224 --- [tomcat-shutdown] o.s.b.w.e.tomcat.GracefulShutdown        : Graceful shutdown complete
2026-03-25T10:25:29.040-04:00  INFO 3350224 --- [ionShutdownHook] j.LocalContainerEntityManagerFactoryBean : Closing JPA EntityManagerFactory for persistence unit 'default'
2026-03-25T10:25:29.040-04:00  INFO 3350224 --- [ionShutdownHook] com.zaxxer.hikari.HikariDataSource       : HikariPool-1 - Shutdown initiated...
2026-03-25T10:25:29.046-04:00  INFO 3350224 --- [ionShutdownHook] com.zaxxer.hikari.HikariDataSource       : HikariPool-1 - Shutdown completed.
