[0.020s][warning][os] NUMA support disabled: The process memory and cpu node configuration does not match

  .   ____          _            __ _ _
 /\\ / ___'_ __ _ _(_)_ __  __ _ \ \ \ \
( ( )\___ | '_ | '_| | '_ \/ _` | \ \ \ \
 \\/  ___)| |_)| | | | | || (_| |  ) ) ) )
  '  |____| .__|_| |_|_| |_\__, | / / / /
 =========|_|==============|___/=/_/_/_/

 :: Spring Boot ::               (v3.5.12)

2026-03-25T10:00:40.821-04:00  INFO 3336021 --- [           main] org.acme.SpringBoot3Application          : Starting AOT-processed SpringBoot3Application v1.0 using Java 25.0.2 with PID 3336021 (/home/jenkins/spring-quarkus-perf-comparison/spring-quarkus-perf-comparison/springboot3/target/springboot3.jar started by jenkins in /home/jenkins/spring-quarkus-perf-comparison/spring-quarkus-perf-comparison/springboot3)
2026-03-25T10:00:40.829-04:00  INFO 3336021 --- [           main] org.acme.SpringBoot3Application          : No active profile set, falling back to 1 default profile: "default"
2026-03-25T10:00:41.418-04:00  INFO 3336021 --- [           main] o.s.b.w.embedded.tomcat.TomcatWebServer  : Tomcat initialized with port 8080 (http)
2026-03-25T10:00:41.434-04:00  INFO 3336021 --- [           main] o.apache.catalina.core.StandardService   : Starting service [Tomcat]
2026-03-25T10:00:41.435-04:00  INFO 3336021 --- [           main] o.apache.catalina.core.StandardEngine    : Starting Servlet engine: [Apache Tomcat/10.1.52]
2026-03-25T10:00:41.466-04:00  INFO 3336021 --- [           main] o.a.c.c.C.[Tomcat].[localhost].[/]       : Initializing Spring embedded WebApplicationContext
2026-03-25T10:00:41.466-04:00  INFO 3336021 --- [           main] w.s.c.ServletWebServerApplicationContext : Root WebApplicationContext: initialization completed in 635 ms
2026-03-25T10:00:41.921-04:00  INFO 3336021 --- [           main] com.zaxxer.hikari.HikariDataSource       : HikariPool-1 - Starting...
2026-03-25T10:00:42.198-04:00  INFO 3336021 --- [           main] com.zaxxer.hikari.pool.HikariPool        : HikariPool-1 - Added connection org.postgresql.jdbc.PgConnection@245253d8
2026-03-25T10:00:42.200-04:00  INFO 3336021 --- [           main] com.zaxxer.hikari.HikariDataSource       : HikariPool-1 - Start completed.
2026-03-25T10:00:42.257-04:00  INFO 3336021 --- [           main] o.hibernate.jpa.internal.util.LogHelper  : HHH000204: Processing PersistenceUnitInfo [name: default]
2026-03-25T10:00:42.326-04:00  INFO 3336021 --- [           main] org.hibernate.Version                    : HHH000412: Hibernate ORM core version 6.6.44.Final
2026-03-25T10:00:42.366-04:00  INFO 3336021 --- [           main] o.h.c.internal.RegionFactoryInitiator    : HHH000025: Second-level cache region factory [org.hibernate.cache.jcache.internal.JCacheRegionFactory]
2026-03-25T10:00:42.745-04:00  INFO 3336021 --- [           main] o.s.o.j.p.SpringPersistenceUnitInfo      : No LoadTimeWeaver setup: ignoring JPA class transformer
2026-03-25T10:00:42.849-04:00  INFO 3336021 --- [           main] org.hibernate.orm.connections.pooling    : HHH10001005: Database info:
	Database JDBC URL [Connecting through datasource 'HikariDataSource (HikariPool-1)']
	Database driver: undefined/unknown
	Database version: 17.7
	Autocommit mode: undefined/unknown
	Isolation level: undefined/unknown
	Minimum pool size: undefined/unknown
	Maximum pool size: undefined/unknown
2026-03-25T10:00:43.887-04:00  INFO 3336021 --- [           main] o.h.e.t.j.p.i.JtaPlatformInitiator       : HHH000489: No JTA platform available (set 'hibernate.transaction.jta.platform' to enable JTA platform integration)
2026-03-25T10:00:43.890-04:00  INFO 3336021 --- [           main] j.LocalContainerEntityManagerFactoryBean : Initialized JPA EntityManagerFactory for persistence unit 'default'
2026-03-25T10:00:44.270-04:00  WARN 3336021 --- [           main] JpaBaseConfiguration$JpaWebConfiguration : spring.jpa.open-in-view is enabled by default. Therefore, database queries may be performed during view rendering. Explicitly configure spring.jpa.open-in-view to disable this warning
2026-03-25T10:00:44.685-04:00  INFO 3336021 --- [           main] o.s.b.a.e.web.EndpointLinksResolver      : Exposing 1 endpoint beneath base path '/actuator'
2026-03-25T10:00:44.756-04:00  INFO 3336021 --- [           main] o.s.b.w.embedded.tomcat.TomcatWebServer  : Tomcat started on port 8080 (http) with context path '/'
2026-03-25T10:00:44.760-04:00  INFO 3336021 --- [           main] org.acme.SpringBoot3Application          : Started SpringBoot3Application in 4.98 seconds (process running for 5.644)
2026-03-25T10:01:10.990-04:00  INFO 3336021 --- [nio-8080-exec-1] o.a.c.c.C.[Tomcat].[localhost].[/]       : Initializing Spring DispatcherServlet 'dispatcherServlet'
2026-03-25T10:01:10.991-04:00  INFO 3336021 --- [nio-8080-exec-1] o.s.web.servlet.DispatcherServlet        : Initializing Servlet 'dispatcherServlet'
2026-03-25T10:01:10.992-04:00  INFO 3336021 --- [nio-8080-exec-1] o.s.web.servlet.DispatcherServlet        : Completed initialization in 1 ms
2026-03-25T10:01:12.292-04:00  INFO 3336021 --- [ionShutdownHook] o.s.b.w.e.tomcat.GracefulShutdown        : Commencing graceful shutdown. Waiting for active requests to complete
2026-03-25T10:01:12.294-04:00  INFO 3336021 --- [tomcat-shutdown] o.s.b.w.e.tomcat.GracefulShutdown        : Graceful shutdown complete
2026-03-25T10:01:12.300-04:00  INFO 3336021 --- [ionShutdownHook] j.LocalContainerEntityManagerFactoryBean : Closing JPA EntityManagerFactory for persistence unit 'default'
2026-03-25T10:01:12.303-04:00  INFO 3336021 --- [ionShutdownHook] com.zaxxer.hikari.HikariDataSource       : HikariPool-1 - Shutdown initiated...
2026-03-25T10:01:12.305-04:00  INFO 3336021 --- [ionShutdownHook] com.zaxxer.hikari.HikariDataSource       : HikariPool-1 - Shutdown completed.
