[0.020s][warning][os] NUMA support disabled: The process memory and cpu node configuration does not match

  .   ____          _            __ _ _
 /\\ / ___'_ __ _ _(_)_ __  __ _ \ \ \ \
( ( )\___ | '_ | '_| | '_ \/ _` | \ \ \ \
 \\/  ___)| |_)| | | | | || (_| |  ) ) ) )
  '  |____| .__|_| |_|_| |_\__, | / / / /
 =========|_|==============|___/=/_/_/_/

 :: Spring Boot ::                (v4.0.4)

2026-03-25T11:29:06.017-04:00  INFO 3387985 --- [           main] org.acme.SpringBoot4Application          : Starting AOT-processed SpringBoot4Application v1.0 using Java 25.0.2 with PID 3387985 (/home/jenkins/spring-quarkus-perf-comparison/spring-quarkus-perf-comparison/springboot4/target/springboot4.jar started by jenkins in /home/jenkins/spring-quarkus-perf-comparison/spring-quarkus-perf-comparison/springboot4)
2026-03-25T11:29:06.022-04:00  INFO 3387985 --- [           main] org.acme.SpringBoot4Application          : No active profile set, falling back to 1 default profile: "default"
2026-03-25T11:29:06.628-04:00  INFO 3387985 --- [           main] o.s.boot.tomcat.TomcatWebServer          : Tomcat initialized with port 8080 (http)
2026-03-25T11:29:06.644-04:00  INFO 3387985 --- [           main] o.apache.catalina.core.StandardService   : Starting service [Tomcat]
2026-03-25T11:29:06.644-04:00  INFO 3387985 --- [           main] o.apache.catalina.core.StandardEngine    : Starting Servlet engine: [Apache Tomcat/11.0.18]
2026-03-25T11:29:06.674-04:00  INFO 3387985 --- [           main] b.w.c.s.WebApplicationContextInitializer : Root WebApplicationContext: initialization completed in 643 ms
2026-03-25T11:29:07.212-04:00  INFO 3387985 --- [           main] com.zaxxer.hikari.HikariDataSource       : HikariPool-1 - Starting...
2026-03-25T11:29:07.443-04:00  INFO 3387985 --- [           main] com.zaxxer.hikari.pool.HikariPool        : HikariPool-1 - Added connection org.postgresql.jdbc.PgConnection@42ed89da
2026-03-25T11:29:07.445-04:00  INFO 3387985 --- [           main] com.zaxxer.hikari.HikariDataSource       : HikariPool-1 - Start completed.
2026-03-25T11:29:07.495-04:00  INFO 3387985 --- [           main] org.hibernate.orm.jpa                    : HHH008540: Processing PersistenceUnitInfo [name: default]
2026-03-25T11:29:07.588-04:00  INFO 3387985 --- [           main] org.hibernate.orm.core                   : HHH000001: Hibernate ORM core version 7.2.7.Final
2026-03-25T11:29:07.623-04:00  INFO 3387985 --- [           main] org.hibernate.orm.cache                  : HHH90001028: Second-level cache region factory [org.hibernate.cache.jcache.internal.JCacheRegionFactory]
2026-03-25T11:29:08.249-04:00  INFO 3387985 --- [           main] o.s.o.j.p.SpringPersistenceUnitInfo      : No LoadTimeWeaver setup: ignoring JPA class transformer
2026-03-25T11:29:08.389-04:00  INFO 3387985 --- [           main] org.hibernate.orm.connections.pooling    : HHH10001005: Database info:
	Database JDBC URL [jdbc:postgresql://localhost:5432/fruits]
	Database driver: PostgreSQL JDBC Driver
	Database dialect: PostgreSQLDialect
	Database version: 17.7
	Default catalog/schema: fruits/public
	Autocommit mode: undefined/unknown
	Isolation level: READ_COMMITTED [default READ_COMMITTED]
	JDBC fetch size: none
	Pool: DataSourceConnectionProvider
	Minimum pool size: undefined/unknown
	Maximum pool size: undefined/unknown
2026-03-25T11:29:09.599-04:00  INFO 3387985 --- [           main] org.hibernate.orm.core                   : HHH000489: No JTA platform available (set 'hibernate.transaction.jta.platform' to enable JTA platform integration)
2026-03-25T11:29:09.608-04:00  INFO 3387985 --- [           main] j.LocalContainerEntityManagerFactoryBean : Initialized JPA EntityManagerFactory for persistence unit 'default'
2026-03-25T11:29:09.701-04:00  INFO 3387985 --- [           main] o.s.d.j.r.query.QueryEnhancerFactories   : Hibernate is in classpath; If applicable, HQL parser will be used.
2026-03-25T11:29:09.880-04:00  WARN 3387985 --- [           main] JpaBaseConfiguration$JpaWebConfiguration : spring.jpa.open-in-view is enabled by default. Therefore, database queries may be performed during view rendering. Explicitly configure spring.jpa.open-in-view to disable this warning
2026-03-25T11:29:10.277-04:00  INFO 3387985 --- [           main] o.s.b.a.e.web.EndpointLinksResolver      : Exposing 1 endpoint beneath base path '/actuator'
2026-03-25T11:29:10.346-04:00  INFO 3387985 --- [           main] o.s.boot.tomcat.TomcatWebServer          : Tomcat started on port 8080 (http) with context path '/'
2026-03-25T11:29:10.351-04:00  INFO 3387985 --- [           main] org.acme.SpringBoot4Application          : Started SpringBoot4Application in 5.313 seconds (process running for 6.043)
2026-03-25T11:29:36.091-04:00  INFO 3387985 --- [nio-8080-exec-1] o.a.c.c.C.[Tomcat].[localhost].[/]       : Initializing Spring DispatcherServlet 'dispatcherServlet'
2026-03-25T11:29:36.092-04:00  INFO 3387985 --- [nio-8080-exec-1] o.s.web.servlet.DispatcherServlet        : Initializing Servlet 'dispatcherServlet'
2026-03-25T11:29:36.093-04:00  INFO 3387985 --- [nio-8080-exec-1] o.s.web.servlet.DispatcherServlet        : Completed initialization in 1 ms
2026-03-25T11:29:37.429-04:00  INFO 3387985 --- [ionShutdownHook] o.s.boot.tomcat.GracefulShutdown         : Commencing graceful shutdown. Waiting for active requests to complete
2026-03-25T11:29:37.431-04:00  INFO 3387985 --- [tomcat-shutdown] o.s.boot.tomcat.GracefulShutdown         : Graceful shutdown complete
2026-03-25T11:29:37.437-04:00  INFO 3387985 --- [ionShutdownHook] j.LocalContainerEntityManagerFactoryBean : Closing JPA EntityManagerFactory for persistence unit 'default'
2026-03-25T11:29:37.440-04:00  INFO 3387985 --- [ionShutdownHook] com.zaxxer.hikari.HikariDataSource       : HikariPool-1 - Shutdown initiated...
2026-03-25T11:29:37.442-04:00  INFO 3387985 --- [ionShutdownHook] com.zaxxer.hikari.HikariDataSource       : HikariPool-1 - Shutdown completed.
