Linux 5.14.0-570.60.1.el9_6.x86_64 *****) 	03/25/2026 	_x86_64_	(64 CPU)

10:41:33 AM   UID       PID    %usr %system  %guest   %wait    %CPU   CPU  Command
10:41:34 AM  1000   3358159    0.00    0.00    0.00    0.00    0.00     4  springboot3
10:41:35 AM  1000   3358159    0.00    0.00    0.00    0.00    0.00     4  springboot3
10:41:36 AM  1000   3358159    0.00    0.00    0.00    0.00    0.00     4  springboot3
10:41:37 AM  1000   3358159    0.00    0.00    0.00    0.00    0.00     4  springboot3
10:41:38 AM  1000   3358159    0.00    0.00    0.00    0.00    0.00     4  springboot3
10:41:39 AM  1000   3358159    0.00    0.00    0.00    0.00    0.00     4  springboot3
10:41:40 AM  1000   3358159    0.00    0.00    0.00    0.00    0.00     4  springboot3
10:41:41 AM  1000   3358159   12.00    9.00    0.00    0.00   21.00     2  springboot3
10:41:42 AM  1000   3358159  217.00  128.00    0.00    0.00  345.00     2  springboot3
10:41:43 AM  1000   3358159  230.00  144.00    0.00    0.00  374.00     2  springboot3
10:41:44 AM  1000   3358159  225.00  139.00    0.00    0.00  364.00     2  springboot3
10:41:45 AM  1000   3358159  229.00  143.00    0.00    0.00  372.00     2  springboot3
10:41:46 AM  1000   3358159  223.00  146.00    0.00    0.00  369.00     2  springboot3
10:41:47 AM  1000   3358159  208.00  171.00    0.00    0.00  379.00     2  springboot3
10:41:48 AM  1000   3358159  238.00  129.00    0.00    0.00  367.00     2  springboot3
10:41:49 AM  1000   3358159  215.00  166.00    0.00    0.00  381.00     2  springboot3
10:41:50 AM  1000   3358159  220.00  159.00    0.00    0.00  379.00     2  springboot3
10:41:51 AM  1000   3358159  231.00  137.00    0.00    0.00  368.00     2  springboot3
10:41:52 AM  1000   3358159  215.00  163.00    0.00    0.00  378.00     2  springboot3
10:41:53 AM  1000   3358159  221.00  150.00    0.00    0.00  371.00     2  springboot3
10:41:54 AM  1000   3358159  183.00  201.00    0.00    0.00  384.00     2  springboot3
10:41:55 AM  1000   3358159  251.00  113.00    0.00    0.00  364.00     2  springboot3
10:41:56 AM  1000   3358159  237.00  138.00    0.00    0.00  375.00     2  springboot3
10:41:57 AM  1000   3358159  230.00  137.00    0.00    0.00  367.00     2  springboot3
10:41:58 AM  1000   3358159  213.00  159.00    0.00    0.00  372.00     2  springboot3
10:41:59 AM  1000   3358159  226.00  147.00    0.00    0.00  373.00     2  springboot3
10:42:00 AM  1000   3358159  242.00  125.00    0.00    0.00  367.00     2  springboot3
10:42:01 AM  1000   3358159  217.00  153.00    0.00    0.00  370.00     2  springboot3
10:42:02 AM  1000   3358159  239.00  132.00    0.00    0.00  371.00     2  springboot3
10:42:03 AM  1000   3358159  228.00  141.00    0.00    0.00  369.00     2  springboot3
10:42:04 AM  1000   3358159  231.00  145.00    0.00    0.00  376.00     2  springboot3
10:42:05 AM  1000   3358159  242.00  124.00    0.00    0.00  366.00     2  springboot3
10:42:06 AM  1000   3358159  231.00  137.00    0.00    0.00  368.00     2  springboot3
10:42:07 AM  1000   3358159  217.00  162.00    0.00    0.00  379.00     2  springboot3
10:42:08 AM  1000   3358159  221.00  159.00    0.00    0.00  380.00     2  springboot3
10:42:09 AM  1000   3358159  243.00  122.00    0.00    0.00  365.00     2  springboot3
10:42:10 AM  1000   3358159  192.00  178.00    0.00    0.00  370.00     2  springboot3
10:42:11 AM  1000   3358159  238.00  136.00    0.00    0.00  374.00     2  springboot3
10:42:12 AM  1000   3358159  216.00  154.00    0.00    0.00  370.00     2  springboot3
10:42:13 AM  1000   3358159  229.00  145.00    0.00    0.00  374.00     2  springboot3
10:42:14 AM  1000   3358159  230.00  137.00    0.00    0.00  367.00     2  springboot3
10:42:15 AM  1000   3358159  218.00  152.00    0.00    0.00  370.00     2  springboot3
10:42:16 AM  1000   3358159  240.00  133.00    0.00    0.00  373.00     2  springboot3
10:42:17 AM  1000   3358159  228.00  141.00    0.00    0.00  369.00     2  springboot3
10:42:18 AM  1000   3358159  230.00  138.00    0.00    0.00  368.00     2  springboot3
10:42:19 AM  1000   3358159  226.00  148.00    0.00    0.00  374.00     2  springboot3
10:42:20 AM  1000   3358159  220.00  150.00    0.00    0.00  370.00     2  springboot3
10:42:21 AM  1000   3358159  235.00  130.00    0.00    0.00  365.00     2  springboot3
10:42:22 AM  1000   3358159  225.00  151.00    0.00    0.00  376.00     2  springboot3
10:42:23 AM  1000   3358159  223.00  146.00    0.00    0.00  369.00     2  springboot3
10:42:24 AM  1000   3358159  218.00  161.00    0.00    0.00  379.00     2  springboot3
10:42:25 AM  1000   3358159  212.00  160.00    0.00    0.00  372.00     2  springboot3
10:42:26 AM  1000   3358159  235.00  139.00    0.00    0.00  374.00     2  springboot3
10:42:27 AM  1000   3358159  203.00  165.00    0.00    0.00  368.00     2  springboot3
10:42:28 AM  1000   3358159  237.00  131.00    0.00    0.00  368.00     2  springboot3
10:42:29 AM  1000   3358159  227.00  150.00    0.00    0.00  377.00     2  springboot3
10:42:30 AM  1000   3358159  195.00  178.00    0.00    0.00  373.00     2  springboot3
10:42:31 AM  1000   3358159  215.00  163.00    0.00    0.00  378.00     2  springboot3
10:42:32 AM  1000   3358159  218.00  149.00    0.00    0.00  367.00     2  springboot3
10:42:33 AM  1000   3358159  219.00  157.00    0.00    0.00  376.00     2  springboot3
10:42:34 AM  1000   3358159  204.00  166.00    0.00    0.00  370.00     2  springboot3
10:42:35 AM  1000   3358159  226.00  144.00    0.00    0.00  370.00     2  springboot3
10:42:36 AM  1000   3358159  232.00  135.00    0.00    0.00  367.00     2  springboot3
10:42:37 AM  1000   3358159  229.00  132.00    0.00    0.00  361.00     2  springboot3
10:42:38 AM  1000   3358159  229.00  133.00    0.00    0.00  362.00     6  springboot3
10:42:39 AM  1000   3358159  234.00  135.00    0.00    0.00  369.00     6  springboot3
10:42:40 AM  1000   3358159  222.00  137.00    0.00    0.00  359.00     6  springboot3
10:42:41 AM  1000   3358159  222.00  139.00    0.00    0.00  361.00     6  springboot3
10:42:42 AM  1000   3358159  234.00  135.00    0.00    0.00  369.00     6  springboot3
10:42:43 AM  1000   3358159  230.00  134.00    0.00    0.00  364.00     6  springboot3
10:42:44 AM  1000   3358159  229.00  140.00    0.00    0.00  369.00     6  springboot3
10:42:45 AM  1000   3358159  229.00  135.00    0.00    0.00  364.00     6  springboot3
10:42:46 AM  1000   3358159  226.00  134.00    0.00    0.00  360.00     6  springboot3
10:42:47 AM  1000   3358159  230.00  142.00    0.00    0.00  372.00     6  springboot3
10:42:48 AM  1000   3358159  222.00  139.00    0.00    0.00  361.00     6  springboot3
10:42:49 AM  1000   3358159  229.00  140.00    0.00    0.00  369.00     6  springboot3
10:42:50 AM  1000   3358159  229.00  133.00    0.00    0.00  362.00     6  springboot3
10:42:51 AM  1000   3358159  215.00  155.00    0.00    0.00  370.00     6  springboot3
10:42:52 AM  1000   3358159  221.00  156.00    0.00    0.00  377.00     6  springboot3
10:42:53 AM  1000   3358159  221.00  146.00    0.00    0.00  367.00     6  springboot3
10:42:54 AM  1000   3358159  252.00  121.00    0.00    0.00  373.00     6  springboot3
10:42:55 AM  1000   3358159  229.00  141.00    0.00    0.00  370.00     6  springboot3
10:42:56 AM  1000   3358159  210.00  170.00    0.00    0.00  380.00     6  springboot3
10:42:57 AM  1000   3358159  231.00  130.00    0.00    0.00  361.00     6  springboot3
10:42:58 AM  1000   3358159  229.00  134.00    0.00    0.00  363.00     6  springboot3
10:42:59 AM  1000   3358159  184.00  198.00    0.00    0.00  382.00     6  springboot3
10:43:00 AM  1000   3358159  222.00  146.00    0.00    0.00  368.00     6  springboot3
10:43:01 AM  1000   3358159  207.00  174.00    0.00    0.00  381.00     6  springboot3
10:43:02 AM  1000   3358159  242.00  121.00    0.00    0.00  363.00     6  springboot3
10:43:03 AM  1000   3358159  236.00  140.00    0.00    0.00  376.00     6  springboot3
10:43:04 AM  1000   3358159  207.00  164.00    0.00    0.00  371.00     6  springboot3
10:43:05 AM  1000   3358159  219.00  147.00    0.00    0.00  366.00     6  springboot3
10:43:06 AM  1000   3358159  242.00  133.00    0.00    0.00  375.00     6  springboot3
10:43:07 AM  1000   3358159  222.00  148.00    0.00    0.00  370.00     6  springboot3
10:43:08 AM  1000   3358159  233.00  143.00    0.00    0.00  376.00     6  springboot3
10:43:09 AM  1000   3358159  233.00  134.00    0.00    0.00  367.00     6  springboot3
10:43:10 AM  1000   3358159  220.00  149.00    0.00    0.00  369.00     6  springboot3
10:43:11 AM  1000   3358159  230.00  139.00    0.00    0.00  369.00     6  springboot3
10:43:12 AM  1000   3358159  227.00  135.00    0.00    0.00  362.00     6  springboot3
10:43:13 AM  1000   3358159  226.00  138.00    0.00    0.00  364.00     6  springboot3
10:43:14 AM  1000   3358159  227.00  141.00    0.00    0.00  368.00     6  springboot3
10:43:15 AM  1000   3358159  224.00  138.00    0.00    0.00  362.00     6  springboot3
10:43:16 AM  1000   3358159  232.00  137.00    0.00    0.00  369.00     6  springboot3
10:43:17 AM  1000   3358159  223.00  139.00    0.00    0.00  362.00     6  springboot3
10:43:18 AM  1000   3358159  221.00  140.00    0.00    0.00  361.00     6  springboot3
10:43:19 AM  1000   3358159  234.00  138.00    0.00    0.00  372.00     6  springboot3
10:43:20 AM  1000   3358159  225.00  136.00    0.00    0.00  361.00     6  springboot3
10:43:21 AM  1000   3358159  234.00  140.00    0.00    0.00  374.00     6  springboot3
10:43:22 AM  1000   3358159  214.00  156.00    0.00    0.00  370.00     6  springboot3
10:43:23 AM  1000   3358159  229.00  139.00    0.00    0.00  368.00     6  springboot3
10:43:24 AM  1000   3358159  218.00  158.00    0.00    0.00  376.00     6  springboot3
10:43:25 AM  1000   3358159  225.00  145.00    0.00    0.00  370.00     6  springboot3
10:43:26 AM  1000   3358159  227.00  140.00    0.00    0.00  367.00     6  springboot3
10:43:27 AM  1000   3358159  207.00  171.00    0.00    0.00  378.00     6  springboot3
10:43:28 AM  1000   3358159  232.00  136.00    0.00    0.00  368.00     6  springboot3
10:43:29 AM  1000   3358159  229.00  148.00    0.00    0.00  377.00     6  springboot3
10:43:30 AM  1000   3358159  243.00  122.00    0.00    0.00  365.00     6  springboot3
10:43:31 AM  1000   3358159  228.00  141.00    0.00    0.00  369.00     6  springboot3
10:43:32 AM  1000   3358159  224.00  152.00    0.00    0.00  376.00     6  springboot3
10:43:33 AM  1000   3358159  215.00  156.00    0.00    0.00  371.00     6  springboot3
10:43:34 AM  1000   3358159  194.00  185.00    0.00    0.00  379.00     6  springboot3
10:43:35 AM  1000   3358159  206.00  163.00    0.00    0.00  369.00     6  springboot3
10:43:36 AM  1000   3358159  227.00  143.00    0.00    0.00  370.00     6  springboot3
10:43:37 AM  1000   3358159  217.00  159.00    0.00    0.00  376.00     6  springboot3
10:43:38 AM  1000   3358159  226.00  148.00    0.00    0.00  374.00     6  springboot3
10:43:39 AM  1000   3358159  211.00  162.00    0.00    0.00  373.00     6  springboot3
10:43:40 AM  1000   3358159  235.00  141.00    0.00    0.00  376.00     6  springboot3
10:43:41 AM  1000   3358159  234.00  135.00    0.00    0.00  369.00     6  springboot3
10:43:42 AM  1000   3358159  234.00  131.00    0.00    0.00  365.00     6  springboot3
10:43:43 AM  1000   3358159  232.00  136.00    0.00    0.00  368.00     6  springboot3
10:43:44 AM  1000   3358159  224.00  137.00    0.00    0.00  361.00     6  springboot3
10:43:45 AM  1000   3358159  226.00  138.00    0.00    0.00  364.00     6  springboot3
10:43:46 AM  1000   3358159  230.00  139.00    0.00    0.00  369.00     6  springboot3
10:43:47 AM  1000   3358159  217.00  129.00    0.00    0.00  346.00     6  springboot3
10:43:48 AM  1000   3358159    1.00    0.00    0.00    0.00    1.00     6  springboot3
10:43:49 AM  1000   3358159    0.00    0.00    0.00    0.00    0.00     6  springboot3
10:43:50 AM  1000   3358159    0.00    0.00    0.00    0.00    0.00     6  springboot3
10:43:51 AM  1000   3358159    0.00    0.00    0.00    0.00    0.00     6  springboot3
10:43:52 AM  1000   3358159    0.00    0.00    0.00    0.00    0.00     6  springboot3
10:43:53 AM  1000   3358159    0.00    0.00    0.00    0.00    0.00     6  springboot3
10:43:54 AM  1000   3358159    0.00    0.00    0.00    0.00    0.00     6  springboot3
10:43:55 AM  1000   3358159    0.00    0.00    0.00    0.00    0.00     6  springboot3
10:43:56 AM  1000   3358159    0.00    0.00    0.00    0.00    0.00     6  springboot3
10:43:57 AM  1000   3358159    0.00    0.00    0.00    0.00    0.00     6  springboot3
10:43:58 AM  1000   3358159    0.00    0.00    0.00    0.00    0.00     6  springboot3
10:43:59 AM  1000   3358159    0.00    0.00    0.00    0.00    0.00     6  springboot3
10:44:00 AM  1000   3358159    0.00    0.00    0.00    0.00    0.00     6  springboot3
10:44:01 AM  1000   3358159    0.00    0.00    0.00    0.00    0.00     6  springboot3
10:44:02 AM  1000   3358159    0.00    0.00    0.00    0.00    0.00     6  springboot3
10:44:03 AM  1000   3358159    0.00    0.00    0.00    0.00    0.00     6  springboot3
10:44:04 AM  1000   3358159    0.00    0.00    0.00    0.00    0.00     6  springboot3
10:44:05 AM  1000   3358159    0.00    0.00    0.00    0.00    0.00     6  springboot3
10:44:06 AM  1000   3358159    0.00    0.00    0.00    0.00    0.00     6  springboot3
10:44:07 AM  1000   3358159    0.00    0.00    0.00    0.00    0.00     6  springboot3
10:44:08 AM  1000   3358159    0.00    0.00    0.00    0.00    0.00     6  springboot3
10:44:09 AM  1000   3358159    0.00    0.00    0.00    0.00    0.00     6  springboot3
10:44:10 AM  1000   3358159    0.00    0.00    0.00    0.00    0.00     6  springboot3
10:44:11 AM  1000   3358159    0.00    0.00    0.00    0.00    0.00     6  springboot3
10:44:12 AM  1000   3358159    0.00    0.00    0.00    0.00    0.00     6  springboot3
10:44:13 AM  1000   3358159    0.00    0.00    0.00    0.00    0.00     6  springboot3
10:44:14 AM  1000   3358159    0.00    0.00    0.00    0.00    0.00     6  springboot3
10:44:15 AM  1000   3358159    0.00    0.00    0.00    0.00    0.00     6  springboot3
10:44:16 AM  1000   3358159    0.00    0.00    0.00    0.00    0.00     6  springboot3
10:44:17 AM  1000   3358159    0.00    0.00    0.00    0.00    0.00     6  springboot3
10:44:18 AM  1000   3358159    0.00    0.00    0.00    0.00    0.00     6  springboot3
10:44:19 AM  1000   3358159    0.00    0.00    0.00    0.00    0.00     6  springboot3
10:44:20 AM  1000   3358159    0.00    0.00    0.00    0.00    0.00     6  springboot3
10:44:21 AM  1000   3358159    0.00    0.00    0.00    0.00    0.00     6  springboot3
10:44:22 AM  1000   3358159   62.00   38.00    0.00    0.00  100.00     6  springboot3
10:44:23 AM  1000   3358159  223.00  140.00    0.00    0.00  363.00     6  springboot3
10:44:24 AM  1000   3358159  227.00  135.00    0.00    0.00  362.00     6  springboot3
10:44:25 AM  1000   3358159  230.00  141.00    0.00    0.00  371.00     6  springboot3
10:44:26 AM  1000   3358159  227.00  137.00    0.00    0.00  364.00     6  springboot3
10:44:27 AM  1000   3358159  230.00  138.00    0.00    0.00  368.00     6  springboot3
10:44:28 AM  1000   3358159  209.00  159.00    0.00    0.00  368.00     6  springboot3
10:44:29 AM  1000   3358159  220.00  149.00    0.00    0.00  369.00     6  springboot3
10:44:30 AM  1000   3358159  239.00  136.00    0.00    0.00  375.00     6  springboot3
10:44:31 AM  1000   3358159  194.00  181.00    0.00    0.00  375.00     6  springboot3
10:44:32 AM  1000   3358159  220.00  148.00    0.00    0.00  368.00     6  springboot3
10:44:33 AM  1000   3358159  207.00  167.00    0.00    0.00  374.00     6  springboot3
10:44:34 AM  1000   3358159  219.00  153.00    0.00    0.00  372.00     6  springboot3
10:44:35 AM  1000   3358159  238.00  131.00    0.00    0.00  369.00     6  springboot3
10:44:36 AM  1000   3358159  226.00  143.00    0.00    0.00  369.00     6  springboot3
10:44:37 AM  1000   3358159  228.00  148.00    0.00    0.00  376.00     6  springboot3
10:44:38 AM  1000   3358159  230.00  139.00    0.00    0.00  369.00     6  springboot3
10:44:39 AM  1000   3358159  235.00  134.00    0.00    0.00  369.00     6  springboot3
10:44:40 AM  1000   3358159  229.00  143.00    0.00    0.00  372.00     6  springboot3
10:44:41 AM  1000   3358159  229.00  139.00    0.00    0.00  368.00     6  springboot3
10:44:42 AM  1000   3358159  231.00  133.00    0.00    0.00  364.00     6  springboot3
10:44:43 AM  1000   3358159  223.00  140.00    0.00    0.00  363.00     6  springboot3
10:44:44 AM  1000   3358159  227.00  142.00    0.00    0.00  369.00     6  springboot3
10:44:45 AM  1000   3358159  225.00  139.00    0.00    0.00  364.00     6  springboot3
10:44:46 AM  1000   3358159  230.00  134.00    0.00    0.00  364.00     6  springboot3
10:44:47 AM  1000   3358159  234.00  130.00    0.00    0.00  364.00     6  springboot3
10:44:48 AM  1000   3358159  232.00  138.00    0.00    0.00  370.00     6  springboot3
10:44:49 AM  1000   3358159  230.00  141.00    0.00    0.00  371.00     6  springboot3
10:44:50 AM  1000   3358159  243.00  127.00    0.00    0.00  370.00     6  springboot3
10:44:51 AM  1000   3358159  219.00  156.00    0.00    0.00  375.00     6  springboot3
10:44:52 AM  1000   3358159  227.00  142.00    0.00    0.00  369.00     6  springboot3
10:44:53 AM  1000   3358159  238.00  130.00    0.00    0.00  368.00     6  springboot3
10:44:54 AM  1000   3358159  230.00  138.00    0.00    0.00  368.00     6  springboot3
10:44:55 AM  1000   3358159  220.00  158.00    0.00    0.00  378.00     6  springboot3
10:44:56 AM  1000   3358159  238.00  128.00    0.00    0.00  366.00     6  springboot3
10:44:57 AM  1000   3358159  225.00  145.00    0.00    0.00  370.00     6  springboot3
10:44:58 AM  1000   3358159  226.00  128.00    0.00    0.00  354.00     6  springboot3
10:44:59 AM  1000   3358159    0.00    0.00    0.00    0.00    0.00     6  springboot3
10:45:00 AM  1000   3358159    0.00    0.00    0.00    0.00    0.00     6  springboot3
10:45:01 AM  1000   3358159    0.00    0.00    0.00    0.00    0.00     6  springboot3
