Linux 5.14.0-570.60.1.el9_6.x86_64 *****) 	03/25/2026 	_x86_64_	(64 CPU)

10:33:13 AM   UID       PID    %usr %system  %guest   %wait    %CPU   CPU  Command
10:33:14 AM  1000   3353948    0.00    0.00    0.00    0.00    0.00     4  springboot3
10:33:15 AM  1000   3353948    0.00    0.00    0.00    0.00    0.00     4  springboot3
10:33:16 AM  1000   3353948    0.00    0.00    0.00    0.00    0.00     4  springboot3
10:33:17 AM  1000   3353948    0.00    0.00    0.00    0.00    0.00     4  springboot3
10:33:18 AM  1000   3353948    0.00    0.00    0.00    0.00    0.00     4  springboot3
10:33:19 AM  1000   3353948    0.00    0.00    0.00    0.00    0.00     4  springboot3
10:33:20 AM  1000   3353948    0.00    0.00    0.00    0.00    0.00     4  springboot3
10:33:21 AM  1000   3353948   11.00   10.00    0.00    0.00   21.00     2  springboot3
10:33:22 AM  1000   3353948  229.00  119.00    0.00    0.00  348.00     4  springboot3
10:33:23 AM  1000   3353948  242.00  134.00    0.00    0.00  376.00     4  springboot3
10:33:24 AM  1000   3353948  230.00  138.00    0.00    0.00  368.00     4  springboot3
10:33:25 AM  1000   3353948  229.00  144.00    0.00    0.00  373.00     4  springboot3
10:33:26 AM  1000   3353948  230.00  133.00    0.00    0.00  363.00     4  springboot3
10:33:27 AM  1000   3353948  231.00  138.00    0.00    0.00  369.00     4  springboot3
10:33:28 AM  1000   3353948  228.00  135.00    0.00    0.00  363.00     4  springboot3
10:33:29 AM  1000   3353948  229.00  141.00    0.00    0.00  370.00     4  springboot3
10:33:30 AM  1000   3353948  225.00  138.00    0.00    0.00  363.00     4  springboot3
10:33:31 AM  1000   3353948  232.00  135.00    0.00    0.00  367.00     4  springboot3
10:33:32 AM  1000   3353948  232.00  132.00    0.00    0.00  364.00     4  springboot3
10:33:33 AM  1000   3353948  223.00  137.00    0.00    0.00  360.00     4  springboot3
10:33:34 AM  1000   3353948  232.00  139.00    0.00    0.00  371.00     4  springboot3
10:33:35 AM  1000   3353948  226.00  136.00    0.00    0.00  362.00     4  springboot3
10:33:36 AM  1000   3353948  231.00  137.00    0.00    0.00  368.00     4  springboot3
10:33:37 AM  1000   3353948  228.00  134.00    0.00    0.00  362.00     4  springboot3
10:33:38 AM  1000   3353948  229.00  134.00    0.00    0.00  363.00     4  springboot3
10:33:39 AM  1000   3353948  235.00  135.00    0.00    0.00  370.00     4  springboot3
10:33:40 AM  1000   3353948  223.00  139.00    0.00    0.00  362.00     4  springboot3
10:33:41 AM  1000   3353948  230.00  142.00    0.00    0.00  372.00     4  springboot3
10:33:42 AM  1000   3353948  228.00  132.00    0.00    0.00  360.00     4  springboot3
10:33:43 AM  1000   3353948  230.00  134.00    0.00    0.00  364.00     4  springboot3
10:33:44 AM  1000   3353948  229.00  139.00    0.00    0.00  368.00     4  springboot3
10:33:45 AM  1000   3353948  223.00  139.00    0.00    0.00  362.00     4  springboot3
10:33:46 AM  1000   3353948  229.00  140.00    0.00    0.00  369.00     4  springboot3
10:33:47 AM  1000   3353948  222.00  139.00    0.00    0.00  361.00     4  springboot3
10:33:48 AM  1000   3353948  228.00  135.00    0.00    0.00  363.00     4  springboot3
10:33:49 AM  1000   3353948  226.00  142.00    0.00    0.00  368.00     4  springboot3
10:33:50 AM  1000   3353948  224.00  137.00    0.00    0.00  361.00     4  springboot3
10:33:51 AM  1000   3353948  226.00  137.00    0.00    0.00  363.00     4  springboot3
10:33:52 AM  1000   3353948  230.00  138.00    0.00    0.00  368.00     4  springboot3
10:33:53 AM  1000   3353948  227.00  136.00    0.00    0.00  363.00     4  springboot3
10:33:54 AM  1000   3353948  226.00  137.00    0.00    0.00  363.00     4  springboot3
10:33:55 AM  1000   3353948  230.00  136.00    0.00    0.00  366.00     4  springboot3
10:33:56 AM  1000   3353948  224.00  139.00    0.00    0.00  363.00     4  springboot3
10:33:57 AM  1000   3353948  226.00  142.00    0.00    0.00  368.00     4  springboot3
10:33:58 AM  1000   3353948  226.00  140.00    0.00    0.00  366.00     4  springboot3
10:33:59 AM  1000   3353948  229.00  132.00    0.00    0.00  361.00     4  springboot3
10:34:00 AM  1000   3353948  233.00  135.00    0.00    0.00  368.00     4  springboot3
10:34:01 AM  1000   3353948  227.00  134.00    0.00    0.00  361.00     4  springboot3
10:34:02 AM  1000   3353948  230.00  139.00    0.00    0.00  369.00     4  springboot3
10:34:03 AM  1000   3353948  224.00  138.00    0.00    0.00  362.00     4  springboot3
10:34:04 AM  1000   3353948  229.00  132.00    0.00    0.00  361.00     4  springboot3
10:34:05 AM  1000   3353948  231.00  137.00    0.00    0.00  368.00     4  springboot3
10:34:06 AM  1000   3353948  228.00  135.00    0.00    0.00  363.00     4  springboot3
10:34:07 AM  1000   3353948  231.00  130.00    0.00    0.00  361.00     4  springboot3
10:34:08 AM  1000   3353948  234.00  136.00    0.00    0.00  370.00     4  springboot3
10:34:09 AM  1000   3353948  220.00  144.00    0.00    0.00  364.00     4  springboot3
10:34:10 AM  1000   3353948  219.00  142.00    0.00    0.00  361.00     4  springboot3
10:34:11 AM  1000   3353948  225.00  144.00    0.00    0.00  369.00     4  springboot3
10:34:12 AM  1000   3353948  217.00  150.00    0.00    0.00  367.00     4  springboot3
10:34:13 AM  1000   3353948  212.87  159.41    0.00    0.00  372.28     4  springboot3
10:34:14 AM  1000   3353948  234.00  134.00    0.00    0.00  368.00     4  springboot3
10:34:15 AM  1000   3353948  227.00  141.00    0.00    0.00  368.00     4  springboot3
10:34:16 AM  1000   3353948  220.00  158.00    0.00    0.00  378.00     4  springboot3
10:34:17 AM  1000   3353948  220.00  150.00    0.00    0.00  370.00     4  springboot3
10:34:18 AM  1000   3353948  237.00  138.00    0.00    0.00  375.00     4  springboot3
10:34:19 AM  1000   3353948  210.00  160.00    0.00    0.00  370.00     4  springboot3
10:34:20 AM  1000   3353948  249.00  125.00    0.00    0.00  374.00     4  springboot3
10:34:21 AM  1000   3353948  215.00  154.00    0.00    0.00  369.00     4  springboot3
10:34:22 AM  1000   3353948  216.00  157.00    0.00    0.00  373.00     4  springboot3
10:34:23 AM  1000   3353948  229.00  142.00    0.00    0.00  371.00     4  springboot3
10:34:24 AM  1000   3353948  222.00  148.00    0.00    0.00  370.00     4  springboot3
10:34:25 AM  1000   3353948  234.00  131.00    0.00    0.00  365.00     4  springboot3
10:34:26 AM  1000   3353948  205.00  176.00    0.00    0.00  381.00     4  springboot3
10:34:27 AM  1000   3353948  235.00  132.00    0.00    0.00  367.00     4  springboot3
10:34:28 AM  1000   3353948  246.00  126.00    0.00    0.00  372.00     4  springboot3
10:34:29 AM  1000   3353948  226.00  144.00    0.00    0.00  370.00     4  springboot3
10:34:30 AM  1000   3353948  243.00  133.00    0.00    0.00  376.00     4  springboot3
10:34:31 AM  1000   3353948  222.00  151.00    0.00    0.00  373.00     4  springboot3
10:34:32 AM  1000   3353948  206.00  169.00    0.00    0.00  375.00     4  springboot3
10:34:33 AM  1000   3353948  217.00  156.00    0.00    0.00  373.00     4  springboot3
10:34:34 AM  1000   3353948  220.00  150.00    0.00    0.00  370.00     4  springboot3
10:34:35 AM  1000   3353948  232.00  140.00    0.00    0.00  372.00     4  springboot3
10:34:36 AM  1000   3353948  230.00  137.00    0.00    0.00  367.00     4  springboot3
10:34:37 AM  1000   3353948  229.00  138.00    0.00    0.00  367.00     4  springboot3
10:34:38 AM  1000   3353948  228.00  136.00    0.00    0.00  364.00     4  springboot3
10:34:39 AM  1000   3353948  238.00  138.00    0.00    0.00  376.00     4  springboot3
10:34:40 AM  1000   3353948  208.00  162.00    0.00    0.00  370.00     4  springboot3
10:34:41 AM  1000   3353948  220.00  148.00    0.00    0.00  368.00     4  springboot3
10:34:42 AM  1000   3353948  243.00  131.00    0.00    0.00  374.00     4  springboot3
10:34:43 AM  1000   3353948  215.00  157.00    0.00    0.00  372.00     4  springboot3
10:34:44 AM  1000   3353948  245.00  128.00    0.00    0.00  373.00     4  springboot3
10:34:45 AM  1000   3353948  221.00  146.00    0.00    0.00  367.00     4  springboot3
10:34:46 AM  1000   3353948  213.00  165.00    0.00    0.00  378.00     4  springboot3
10:34:47 AM  1000   3353948  234.00  132.00    0.00    0.00  366.00     4  springboot3
10:34:48 AM  1000   3353948  221.00  148.00    0.00    0.00  369.00     4  springboot3
10:34:49 AM  1000   3353948  226.00  149.00    0.00    0.00  375.00     4  springboot3
10:34:50 AM  1000   3353948  223.00  145.00    0.00    0.00  368.00     4  springboot3
10:34:51 AM  1000   3353948  211.00  158.00    0.00    0.00  369.00     4  springboot3
10:34:52 AM  1000   3353948  228.00  146.00    0.00    0.00  374.00     4  springboot3
10:34:53 AM  1000   3353948  206.00  166.00    0.00    0.00  372.00     4  springboot3
10:34:54 AM  1000   3353948  212.00  167.00    0.00    0.00  379.00     4  springboot3
10:34:55 AM  1000   3353948  205.00  166.00    0.00    0.00  371.00     4  springboot3
10:34:56 AM  1000   3353948  234.00  141.00    0.00    0.00  375.00     4  springboot3
10:34:57 AM  1000   3353948  231.00  135.00    0.00    0.00  366.00     4  springboot3
10:34:58 AM  1000   3353948  219.00  150.00    0.00    0.00  369.00     4  springboot3
10:34:59 AM  1000   3353948  233.00  144.00    0.00    0.00  377.00     4  springboot3
10:35:00 AM  1000   3353948  235.00  133.00    0.00    0.00  368.00     4  springboot3
10:35:01 AM  1000   3353948  216.00  161.00    0.00    0.00  377.00     4  springboot3
10:35:02 AM  1000   3353948  233.00  135.00    0.00    0.00  368.00     4  springboot3
10:35:03 AM  1000   3353948  222.00  145.00    0.00    0.00  367.00     4  springboot3
10:35:04 AM  1000   3353948  222.00  156.00    0.00    0.00  378.00     4  springboot3
10:35:05 AM  1000   3353948  221.00  148.00    0.00    0.00  369.00     4  springboot3
10:35:06 AM  1000   3353948  229.00  141.00    0.00    0.00  370.00     4  springboot3
10:35:07 AM  1000   3353948  229.00  132.00    0.00    0.00  361.00     4  springboot3
10:35:08 AM  1000   3353948  223.00  139.00    0.00    0.00  362.00     4  springboot3
10:35:09 AM  1000   3353948  228.00  140.00    0.00    0.00  368.00     4  springboot3
10:35:10 AM  1000   3353948  224.00  137.00    0.00    0.00  361.00     4  springboot3
10:35:11 AM  1000   3353948  225.00  137.00    0.00    0.00  362.00     4  springboot3
10:35:12 AM  1000   3353948  230.00  138.00    0.00    0.00  368.00     4  springboot3
10:35:13 AM  1000   3353948  225.00  136.00    0.00    0.00  361.00     4  springboot3
10:35:14 AM  1000   3353948  229.00  142.00    0.00    0.00  371.00     4  springboot3
10:35:15 AM  1000   3353948  221.00  139.00    0.00    0.00  360.00     4  springboot3
10:35:16 AM  1000   3353948  228.00  135.00    0.00    0.00  363.00     4  springboot3
10:35:17 AM  1000   3353948  232.00  137.00    0.00    0.00  369.00     4  springboot3
10:35:18 AM  1000   3353948  225.00  137.00    0.00    0.00  362.00     4  springboot3
10:35:19 AM  1000   3353948  229.00  138.00    0.00    0.00  367.00     4  springboot3
10:35:20 AM  1000   3353948  224.00  139.00    0.00    0.00  363.00     4  springboot3
10:35:21 AM  1000   3353948  225.00  138.00    0.00    0.00  363.00     4  springboot3
10:35:22 AM  1000   3353948  231.00  137.00    0.00    0.00  368.00     4  springboot3
10:35:23 AM  1000   3353948  225.00  136.00    0.00    0.00  361.00     4  springboot3
10:35:24 AM  1000   3353948  231.00  137.00    0.00    0.00  368.00     4  springboot3
10:35:25 AM  1000   3353948  223.00  139.00    0.00    0.00  362.00     4  springboot3
10:35:26 AM  1000   3353948  227.00  133.00    0.00    0.00  360.00     4  springboot3
10:35:27 AM  1000   3353948  224.00  133.00    0.00    0.00  357.00     4  springboot3
10:35:28 AM  1000   3353948    0.00    0.00    0.00    0.00    0.00     4  springboot3
10:35:29 AM  1000   3353948    0.00    0.00    0.00    0.00    0.00     4  springboot3
10:35:30 AM  1000   3353948    0.00    0.00    0.00    0.00    0.00     4  springboot3
10:35:31 AM  1000   3353948    0.00    0.00    0.00    0.00    0.00     4  springboot3
10:35:32 AM  1000   3353948    0.00    0.00    0.00    0.00    0.00     4  springboot3
10:35:33 AM  1000   3353948    0.00    0.00    0.00    0.00    0.00     4  springboot3
10:35:34 AM  1000   3353948    0.00    0.00    0.00    0.00    0.00     4  springboot3
10:35:35 AM  1000   3353948    0.00    0.00    0.00    0.00    0.00     4  springboot3
10:35:36 AM  1000   3353948    0.00    0.00    0.00    0.00    0.00     4  springboot3
10:35:37 AM  1000   3353948    0.00    0.00    0.00    0.00    0.00     4  springboot3
10:35:38 AM  1000   3353948    0.00    0.00    0.00    0.00    0.00     4  springboot3
10:35:39 AM  1000   3353948    0.00    0.00    0.00    0.00    0.00     4  springboot3
10:35:40 AM  1000   3353948    0.00    0.00    0.00    0.00    0.00     4  springboot3
10:35:41 AM  1000   3353948    0.00    0.00    0.00    0.00    0.00     4  springboot3
10:35:42 AM  1000   3353948    0.00    0.00    0.00    0.00    0.00     4  springboot3
10:35:43 AM  1000   3353948    0.00    0.00    0.00    0.00    0.00     4  springboot3
10:35:44 AM  1000   3353948    0.00    0.00    0.00    0.00    0.00     4  springboot3
10:35:45 AM  1000   3353948    0.00    0.00    0.00    0.00    0.00     4  springboot3
10:35:46 AM  1000   3353948    0.00    0.00    0.00    0.00    0.00     4  springboot3
10:35:47 AM  1000   3353948    0.00    0.00    0.00    0.00    0.00     4  springboot3
10:35:48 AM  1000   3353948    0.00    0.00    0.00    0.00    0.00     4  springboot3
10:35:49 AM  1000   3353948    0.00    0.00    0.00    0.00    0.00     4  springboot3
10:35:50 AM  1000   3353948    0.00    0.00    0.00    0.00    0.00     4  springboot3
10:35:51 AM  1000   3353948    0.00    0.00    0.00    0.00    0.00     4  springboot3
10:35:52 AM  1000   3353948    0.00    0.00    0.00    0.00    0.00     4  springboot3
10:35:53 AM  1000   3353948    0.00    0.00    0.00    0.00    0.00     4  springboot3
10:35:54 AM  1000   3353948    0.00    0.00    0.00    0.00    0.00     4  springboot3
10:35:55 AM  1000   3353948    0.00    0.00    0.00    0.00    0.00     4  springboot3
10:35:56 AM  1000   3353948    0.00    0.00    0.00    0.00    0.00     4  springboot3
10:35:57 AM  1000   3353948    0.00    0.00    0.00    0.00    0.00     4  springboot3
10:35:58 AM  1000   3353948    0.00    0.00    0.00    0.00    0.00     4  springboot3
10:35:59 AM  1000   3353948    0.00    0.00    0.00    0.00    0.00     4  springboot3
10:36:00 AM  1000   3353948    0.00    0.00    0.00    0.00    0.00     4  springboot3
10:36:01 AM  1000   3353948    0.00    0.00    0.00    0.00    0.00     4  springboot3
10:36:02 AM  1000   3353948   57.00   35.00    0.00    0.00   92.00     4  springboot3
10:36:03 AM  1000   3353948  222.00  142.00    0.00    0.00  364.00     4  springboot3
10:36:04 AM  1000   3353948  234.00  128.00    0.00    0.00  362.00     4  springboot3
10:36:05 AM  1000   3353948  224.00  142.00    0.00    0.00  366.00     4  springboot3
10:36:06 AM  1000   3353948  225.00  138.00    0.00    0.00  363.00     4  springboot3
10:36:07 AM  1000   3353948  222.00  140.00    0.00    0.00  362.00     4  springboot3
10:36:08 AM  1000   3353948  221.00  150.00    0.00    0.00  371.00     4  springboot3
10:36:09 AM  1000   3353948  211.00  160.00    0.00    0.00  371.00     4  springboot3
10:36:10 AM  1000   3353948  191.00  189.00    0.00    0.00  380.00     4  springboot3
10:36:11 AM  1000   3353948  211.00  160.00    0.00    0.00  371.00     4  springboot3
10:36:12 AM  1000   3353948  208.00  160.00    0.00    0.00  368.00     4  springboot3
10:36:13 AM  1000   3353948  234.00  135.00    0.00    0.00  369.00     4  springboot3
10:36:14 AM  1000   3353948  248.00  124.00    0.00    0.00  372.00     4  springboot3
10:36:15 AM  1000   3353948  206.00  168.00    0.00    0.00  374.00     4  springboot3
10:36:16 AM  1000   3353948  213.00  157.00    0.00    0.00  370.00     4  springboot3
10:36:17 AM  1000   3353948  205.00  171.00    0.00    0.00  376.00     4  springboot3
10:36:18 AM  1000   3353948  238.00  131.00    0.00    0.00  369.00     4  springboot3
10:36:19 AM  1000   3353948  214.00  159.00    0.00    0.00  373.00     4  springboot3
10:36:20 AM  1000   3353948  209.00  161.00    0.00    0.00  370.00     4  springboot3
10:36:21 AM  1000   3353948  217.00  159.00    0.00    0.00  376.00     4  springboot3
10:36:22 AM  1000   3353948  227.00  144.00    0.00    0.00  371.00     4  springboot3
10:36:23 AM  1000   3353948  239.00  128.00    0.00    0.00  367.00     4  springboot3
10:36:24 AM  1000   3353948  224.00  154.00    0.00    0.00  378.00     4  springboot3
10:36:25 AM  1000   3353948  231.00  140.00    0.00    0.00  371.00     4  springboot3
10:36:26 AM  1000   3353948  221.00  151.00    0.00    0.00  372.00     4  springboot3
10:36:27 AM  1000   3353948  225.00  144.00    0.00    0.00  369.00     4  springboot3
10:36:28 AM  1000   3353948  233.00  141.00    0.00    0.00  374.00     4  springboot3
10:36:29 AM  1000   3353948  229.00  141.00    0.00    0.00  370.00     4  springboot3
10:36:30 AM  1000   3353948  203.00  170.00    0.00    0.00  373.00     4  springboot3
10:36:31 AM  1000   3353948  226.00  149.00    0.00    0.00  375.00     4  springboot3
10:36:32 AM  1000   3353948  195.00  181.00    0.00    0.00  376.00     4  springboot3
10:36:33 AM  1000   3353948  192.00  180.00    0.00    0.00  372.00     4  springboot3
10:36:34 AM  1000   3353948  218.00  150.00    0.00    0.00  368.00     4  springboot3
10:36:35 AM  1000   3353948  235.00  142.00    0.00    0.00  377.00     4  springboot3
10:36:36 AM  1000   3353948  210.00  163.00    0.00    0.00  373.00     4  springboot3
10:36:37 AM  1000   3353948  228.00  138.00    0.00    0.00  366.00     4  springboot3
10:36:38 AM  1000   3353948  177.00  121.00    0.00    0.00  298.00     4  springboot3
10:36:39 AM  1000   3353948    0.00    0.00    0.00    0.00    0.00     4  springboot3
10:36:40 AM  1000   3353948    0.00    0.00    0.00    0.00    0.00     4  springboot3
10:36:41 AM  1000   3353948    0.00    0.00    0.00    0.00    0.00     4  springboot3
