Linux 5.14.0-570.60.1.el9_6.x86_64 *****) 	03/25/2026 	_x86_64_	(64 CPU)

10:37:23 AM   UID       PID    %usr %system  %guest   %wait    %CPU   CPU  Command
10:37:24 AM  1000   3356051    0.00    0.00    0.00    0.00    0.00     6  springboot3
10:37:25 AM  1000   3356051    0.00    0.00    0.00    0.00    0.00     6  springboot3
10:37:26 AM  1000   3356051    0.00    0.00    0.00    0.00    0.00     6  springboot3
10:37:27 AM  1000   3356051    0.00    0.00    0.00    0.00    0.00     6  springboot3
10:37:28 AM  1000   3356051    0.00    0.00    0.00    0.00    0.00     6  springboot3
10:37:29 AM  1000   3356051    0.00    0.00    0.00    0.00    0.00     6  springboot3
10:37:30 AM  1000   3356051    0.00    0.00    0.00    0.00    0.00     6  springboot3
10:37:31 AM  1000   3356051   19.00   15.00    0.00    0.00   34.00     8  springboot3
10:37:32 AM  1000   3356051  234.00  113.00    0.00    0.00  347.00     8  springboot3
10:37:33 AM  1000   3356051  231.00  146.00    0.00    0.00  377.00     4  springboot3
10:37:34 AM  1000   3356051  244.00  131.00    0.00    0.00  375.00     4  springboot3
10:37:35 AM  1000   3356051  236.00  144.00    0.00    0.00  380.00     4  springboot3
10:37:36 AM  1000   3356051  218.00  154.00    0.00    0.00  372.00     4  springboot3
10:37:37 AM  1000   3356051  232.00  137.00    0.00    0.00  369.00     8  springboot3
10:37:38 AM  1000   3356051  223.00  140.00    0.00    0.00  363.00     8  springboot3
10:37:39 AM  1000   3356051  232.00  141.00    0.00    0.00  373.00     8  springboot3
10:37:40 AM  1000   3356051  240.00  126.00    0.00    0.00  366.00     8  springboot3
10:37:41 AM  1000   3356051  229.00  139.00    0.00    0.00  368.00     8  springboot3
10:37:42 AM  1000   3356051  229.00  133.00    0.00    0.00  362.00     8  springboot3
10:37:43 AM  1000   3356051  233.00  129.00    0.00    0.00  362.00     2  springboot3
10:37:44 AM  1000   3356051  226.00  141.00    0.00    0.00  367.00     2  springboot3
10:37:45 AM  1000   3356051  229.00  134.00    0.00    0.00  363.00     2  springboot3
10:37:46 AM  1000   3356051  230.00  132.00    0.00    0.00  362.00     2  springboot3
10:37:47 AM  1000   3356051  226.00  144.00    0.00    0.00  370.00     2  springboot3
10:37:48 AM  1000   3356051  223.00  140.00    0.00    0.00  363.00     2  springboot3
10:37:49 AM  1000   3356051  234.00  135.00    0.00    0.00  369.00     2  springboot3
10:37:50 AM  1000   3356051  229.00  134.00    0.00    0.00  363.00     2  springboot3
10:37:51 AM  1000   3356051  225.00  140.00    0.00    0.00  365.00     2  springboot3
10:37:52 AM  1000   3356051  230.00  135.00    0.00    0.00  365.00     2  springboot3
10:37:53 AM  1000   3356051  228.00  134.00    0.00    0.00  362.00     2  springboot3
10:37:54 AM  1000   3356051  226.00  143.00    0.00    0.00  369.00     2  springboot3
10:37:55 AM  1000   3356051  222.00  140.00    0.00    0.00  362.00     2  springboot3
10:37:56 AM  1000   3356051  225.00  143.00    0.00    0.00  368.00     2  springboot3
10:37:57 AM  1000   3356051  221.00  141.00    0.00    0.00  362.00     2  springboot3
10:37:58 AM  1000   3356051  226.00  136.00    0.00    0.00  362.00     2  springboot3
10:37:59 AM  1000   3356051  226.00  144.00    0.00    0.00  370.00     2  springboot3
10:38:00 AM  1000   3356051  230.00  132.00    0.00    0.00  362.00     2  springboot3
10:38:01 AM  1000   3356051  229.00  131.00    0.00    0.00  360.00     2  springboot3
10:38:02 AM  1000   3356051  227.00  142.00    0.00    0.00  369.00     2  springboot3
10:38:03 AM  1000   3356051  227.00  134.00    0.00    0.00  361.00     2  springboot3
10:38:04 AM  1000   3356051  224.00  141.00    0.00    0.00  365.00     2  springboot3
10:38:05 AM  1000   3356051  229.00  137.00    0.00    0.00  366.00     2  springboot3
10:38:06 AM  1000   3356051  224.00  138.00    0.00    0.00  362.00     2  springboot3
10:38:07 AM  1000   3356051  229.00  141.00    0.00    0.00  370.00     2  springboot3
10:38:08 AM  1000   3356051  225.00  136.00    0.00    0.00  361.00     2  springboot3
10:38:09 AM  1000   3356051  226.00  135.00    0.00    0.00  361.00     2  springboot3
10:38:10 AM  1000   3356051  232.00  137.00    0.00    0.00  369.00     2  springboot3
10:38:11 AM  1000   3356051  230.00  133.00    0.00    0.00  363.00     2  springboot3
10:38:12 AM  1000   3356051  226.00  135.00    0.00    0.00  361.00     2  springboot3
10:38:13 AM  1000   3356051  230.00  140.00    0.00    0.00  370.00     2  springboot3
10:38:14 AM  1000   3356051  228.00  135.00    0.00    0.00  363.00     2  springboot3
10:38:15 AM  1000   3356051  229.00  139.00    0.00    0.00  368.00     2  springboot3
10:38:16 AM  1000   3356051  219.00  143.00    0.00    0.00  362.00     2  springboot3
10:38:17 AM  1000   3356051  228.00  134.00    0.00    0.00  362.00     2  springboot3
10:38:18 AM  1000   3356051  231.00  138.00    0.00    0.00  369.00     2  springboot3
10:38:19 AM  1000   3356051  231.00  131.00    0.00    0.00  362.00     2  springboot3
10:38:20 AM  1000   3356051  225.00  138.00    0.00    0.00  363.00     2  springboot3
10:38:21 AM  1000   3356051  229.00  137.00    0.00    0.00  366.00     2  springboot3
10:38:22 AM  1000   3356051  231.00  133.00    0.00    0.00  364.00     2  springboot3
10:38:23 AM  1000   3356051  217.00  162.00    0.00    0.00  379.00     2  springboot3
10:38:24 AM  1000   3356051  234.00  132.00    0.00    0.00  366.00     2  springboot3
10:38:25 AM  1000   3356051  207.00  172.00    0.00    0.00  379.00     2  springboot3
10:38:26 AM  1000   3356051  236.00  131.00    0.00    0.00  367.00     2  springboot3
10:38:27 AM  1000   3356051  224.00  145.00    0.00    0.00  369.00     2  springboot3
10:38:28 AM  1000   3356051  203.00  178.00    0.00    0.00  381.00     2  springboot3
10:38:29 AM  1000   3356051  209.00  160.00    0.00    0.00  369.00     2  springboot3
10:38:30 AM  1000   3356051  243.00  123.00    0.00    0.00  366.00     2  springboot3
10:38:31 AM  1000   3356051  227.00  149.00    0.00    0.00  376.00     2  springboot3
10:38:32 AM  1000   3356051  245.00  121.00    0.00    0.00  366.00     2  springboot3
10:38:33 AM  1000   3356051  221.00  157.00    0.00    0.00  378.00     2  springboot3
10:38:34 AM  1000   3356051  218.00  153.00    0.00    0.00  371.00     2  springboot3
10:38:35 AM  1000   3356051  250.00  115.00    0.00    0.00  365.00     2  springboot3
10:38:36 AM  1000   3356051  234.00  142.00    0.00    0.00  376.00     2  springboot3
10:38:37 AM  1000   3356051  236.00  131.00    0.00    0.00  367.00     2  springboot3
10:38:38 AM  1000   3356051  232.00  144.00    0.00    0.00  376.00     2  springboot3
10:38:39 AM  1000   3356051  231.00  137.00    0.00    0.00  368.00     2  springboot3
10:38:40 AM  1000   3356051  229.00  139.00    0.00    0.00  368.00     2  springboot3
10:38:41 AM  1000   3356051  212.00  164.00    0.00    0.00  376.00     2  springboot3
10:38:42 AM  1000   3356051  207.00  163.00    0.00    0.00  370.00     2  springboot3
10:38:43 AM  1000   3356051  205.00  174.00    0.00    0.00  379.00     2  springboot3
10:38:44 AM  1000   3356051  187.00  186.00    0.00    0.00  373.00     2  springboot3
10:38:45 AM  1000   3356051  211.00  156.00    0.00    0.00  367.00     2  springboot3
10:38:46 AM  1000   3356051  240.00  136.00    0.00    0.00  376.00     2  springboot3
10:38:47 AM  1000   3356051  213.00  154.00    0.00    0.00  367.00     2  springboot3
10:38:48 AM  1000   3356051  233.00  135.00    0.00    0.00  368.00     2  springboot3
10:38:49 AM  1000   3356051  225.00  136.00    0.00    0.00  361.00     2  springboot3
10:38:50 AM  1000   3356051  226.00  134.00    0.00    0.00  360.00     2  springboot3
10:38:51 AM  1000   3356051  230.00  137.00    0.00    0.00  367.00     2  springboot3
10:38:52 AM  1000   3356051  227.00  132.00    0.00    0.00  359.00     2  springboot3
10:38:53 AM  1000   3356051  231.00  130.00    0.00    0.00  361.00     2  springboot3
10:38:54 AM  1000   3356051  225.00  134.00    0.00    0.00  359.00     2  springboot3
10:38:55 AM  1000   3356051  229.00  132.00    0.00    0.00  361.00     2  springboot3
10:38:56 AM  1000   3356051  229.00  137.00    0.00    0.00  366.00     2  springboot3
10:38:57 AM  1000   3356051  227.00  134.00    0.00    0.00  361.00     2  springboot3
10:38:58 AM  1000   3356051  229.00  132.00    0.00    0.00  361.00     2  springboot3
10:38:59 AM  1000   3356051  235.00  136.00    0.00    0.00  371.00     2  springboot3
10:39:00 AM  1000   3356051  230.00  134.00    0.00    0.00  364.00     2  springboot3
10:39:01 AM  1000   3356051  228.00  140.00    0.00    0.00  368.00     2  springboot3
10:39:02 AM  1000   3356051  225.00  136.00    0.00    0.00  361.00     2  springboot3
10:39:03 AM  1000   3356051  229.00  142.00    0.00    0.00  371.00     2  springboot3
10:39:04 AM  1000   3356051  224.00  138.00    0.00    0.00  362.00     2  springboot3
10:39:05 AM  1000   3356051  221.00  140.00    0.00    0.00  361.00     2  springboot3
10:39:06 AM  1000   3356051  228.00  140.00    0.00    0.00  368.00     2  springboot3
10:39:07 AM  1000   3356051  228.00  134.00    0.00    0.00  362.00     2  springboot3
10:39:08 AM  1000   3356051  236.00  132.00    0.00    0.00  368.00     2  springboot3
10:39:09 AM  1000   3356051  237.00  129.00    0.00    0.00  366.00     2  springboot3
10:39:10 AM  1000   3356051  213.00  157.00    0.00    0.00  370.00     2  springboot3
10:39:11 AM  1000   3356051  233.00  142.00    0.00    0.00  375.00     2  springboot3
10:39:12 AM  1000   3356051  238.61  123.76    0.00    0.00  362.38     2  springboot3
10:39:13 AM  1000   3356051  239.00  128.00    0.00    0.00  367.00     2  springboot3
10:39:14 AM  1000   3356051  213.00  167.00    0.00    0.00  380.00     2  springboot3
10:39:15 AM  1000   3356051  203.00  167.00    0.00    0.00  370.00     2  springboot3
10:39:16 AM  1000   3356051  220.00  157.00    0.00    0.00  377.00     2  springboot3
10:39:17 AM  1000   3356051  203.00  167.00    0.00    0.00  370.00     2  springboot3
10:39:18 AM  1000   3356051  225.00  151.00    0.00    0.00  376.00     2  springboot3
10:39:19 AM  1000   3356051  210.00  160.00    0.00    0.00  370.00     2  springboot3
10:39:20 AM  1000   3356051  213.00  157.00    0.00    0.00  370.00     2  springboot3
10:39:21 AM  1000   3356051  229.00  146.00    0.00    0.00  375.00     2  springboot3
10:39:22 AM  1000   3356051  225.00  137.00    0.00    0.00  362.00     2  springboot3
10:39:23 AM  1000   3356051  226.00  133.00    0.00    0.00  359.00     2  springboot3
10:39:24 AM  1000   3356051  233.00  134.00    0.00    0.00  367.00     2  springboot3
10:39:25 AM  1000   3356051  229.00  133.00    0.00    0.00  362.00     2  springboot3
10:39:26 AM  1000   3356051  228.00  131.00    0.00    0.00  359.00     2  springboot3
10:39:27 AM  1000   3356051  231.00  136.00    0.00    0.00  367.00     2  springboot3
10:39:28 AM  1000   3356051  224.00  137.00    0.00    0.00  361.00     2  springboot3
10:39:29 AM  1000   3356051  226.00  136.00    0.00    0.00  362.00     2  springboot3
10:39:30 AM  1000   3356051  226.00  134.00    0.00    0.00  360.00     2  springboot3
10:39:31 AM  1000   3356051  228.00  133.00    0.00    0.00  361.00     2  springboot3
10:39:32 AM  1000   3356051  230.00  140.00    0.00    0.00  370.00     2  springboot3
10:39:33 AM  1000   3356051  232.00  132.00    0.00    0.00  364.00     2  springboot3
10:39:34 AM  1000   3356051  227.00  141.00    0.00    0.00  368.00     2  springboot3
10:39:35 AM  1000   3356051  228.00  134.00    0.00    0.00  362.00     2  springboot3
10:39:36 AM  1000   3356051  231.00  133.00    0.00    0.00  364.00     2  springboot3
10:39:37 AM  1000   3356051  207.00  127.00    0.00    0.00  334.00     2  springboot3
10:39:38 AM  1000   3356051    0.00    0.00    0.00    0.00    0.00     2  springboot3
10:39:39 AM  1000   3356051    0.00    0.00    0.00    0.00    0.00     2  springboot3
10:39:40 AM  1000   3356051    0.00    0.00    0.00    0.00    0.00     2  springboot3
10:39:41 AM  1000   3356051    0.00    0.00    0.00    0.00    0.00     2  springboot3
10:39:42 AM  1000   3356051    0.00    0.00    0.00    0.00    0.00     4  springboot3
10:39:43 AM  1000   3356051    0.00    0.00    0.00    0.00    0.00     4  springboot3
10:39:44 AM  1000   3356051    0.00    0.00    0.00    0.00    0.00     4  springboot3
10:39:45 AM  1000   3356051    0.00    0.00    0.00    0.00    0.00     4  springboot3
10:39:46 AM  1000   3356051    0.00    0.00    0.00    0.00    0.00     4  springboot3
10:39:47 AM  1000   3356051    0.00    0.00    0.00    0.00    0.00     4  springboot3
10:39:48 AM  1000   3356051    0.00    0.00    0.00    0.00    0.00     4  springboot3
10:39:49 AM  1000   3356051    0.00    0.00    0.00    0.00    0.00     4  springboot3
10:39:50 AM  1000   3356051    0.00    0.00    0.00    0.00    0.00     4  springboot3
10:39:51 AM  1000   3356051    0.00    0.00    0.00    0.00    0.00     4  springboot3
10:39:52 AM  1000   3356051    0.00    0.00    0.00    0.00    0.00     4  springboot3
10:39:53 AM  1000   3356051    0.00    0.00    0.00    0.00    0.00     4  springboot3
10:39:54 AM  1000   3356051    0.00    0.00    0.00    0.00    0.00     4  springboot3
10:39:55 AM  1000   3356051    0.00    0.00    0.00    0.00    0.00     4  springboot3
10:39:56 AM  1000   3356051    0.00    0.00    0.00    0.00    0.00     4  springboot3
10:39:57 AM  1000   3356051    0.00    0.00    0.00    0.00    0.00     4  springboot3
10:39:58 AM  1000   3356051    0.00    0.00    0.00    0.00    0.00     4  springboot3
10:39:59 AM  1000   3356051    0.00    0.00    0.00    0.00    0.00     4  springboot3
10:40:00 AM  1000   3356051    0.00    0.00    0.00    0.00    0.00     4  springboot3
10:40:01 AM  1000   3356051    0.00    0.00    0.00    0.00    0.00     4  springboot3
10:40:02 AM  1000   3356051    0.00    0.00    0.00    0.00    0.00     4  springboot3
10:40:03 AM  1000   3356051    0.00    0.00    0.00    0.00    0.00     4  springboot3
10:40:04 AM  1000   3356051    0.00    0.00    0.00    0.00    0.00     4  springboot3
10:40:05 AM  1000   3356051    0.00    0.00    0.00    0.00    0.00     4  springboot3
10:40:06 AM  1000   3356051    0.00    0.00    0.00    0.00    0.00     4  springboot3
10:40:07 AM  1000   3356051    0.00    0.00    0.00    0.00    0.00     4  springboot3
10:40:08 AM  1000   3356051    0.00    0.00    0.00    0.00    0.00     4  springboot3
10:40:09 AM  1000   3356051    0.00    0.00    0.00    0.00    0.00     4  springboot3
10:40:10 AM  1000   3356051    0.00    0.00    0.00    0.00    0.00     4  springboot3
10:40:11 AM  1000   3356051    0.00    0.00    0.00    0.00    0.00     4  springboot3
10:40:12 AM  1000   3356051   69.00   44.00    0.00    0.00  113.00     4  springboot3
10:40:13 AM  1000   3356051  223.00  149.00    0.00    0.00  372.00     4  springboot3
10:40:14 AM  1000   3356051  217.00  146.00    0.00    0.00  363.00     4  springboot3
10:40:15 AM  1000   3356051  224.00  137.00    0.00    0.00  361.00     4  springboot3
10:40:16 AM  1000   3356051  230.00  139.00    0.00    0.00  369.00     4  springboot3
10:40:17 AM  1000   3356051  221.00  143.00    0.00    0.00  364.00     4  springboot3
10:40:18 AM  1000   3356051  227.00  134.00    0.00    0.00  361.00     4  springboot3
10:40:19 AM  1000   3356051  230.00  144.00    0.00    0.00  374.00     4  springboot3
10:40:20 AM  1000   3356051  243.00  125.00    0.00    0.00  368.00     4  springboot3
10:40:21 AM  1000   3356051  238.00  128.00    0.00    0.00  366.00     4  springboot3
10:40:22 AM  1000   3356051  246.00  124.00    0.00    0.00  370.00     4  springboot3
10:40:23 AM  1000   3356051  211.00  168.00    0.00    0.00  379.00     4  springboot3
10:40:24 AM  1000   3356051  218.00  152.00    0.00    0.00  370.00     4  springboot3
10:40:25 AM  1000   3356051  207.00  167.00    0.00    0.00  374.00     4  springboot3
10:40:26 AM  1000   3356051  236.00  129.00    0.00    0.00  365.00     4  springboot3
10:40:27 AM  1000   3356051  214.00  164.00    0.00    0.00  378.00     4  springboot3
10:40:28 AM  1000   3356051  207.00  167.00    0.00    0.00  374.00     4  springboot3
10:40:29 AM  1000   3356051  238.00  129.00    0.00    0.00  367.00     4  springboot3
10:40:30 AM  1000   3356051  217.00  160.00    0.00    0.00  377.00     4  springboot3
10:40:31 AM  1000   3356051  237.00  131.00    0.00    0.00  368.00     4  springboot3
10:40:32 AM  1000   3356051  208.00  164.00    0.00    0.00  372.00     4  springboot3
10:40:33 AM  1000   3356051  234.00  133.00    0.00    0.00  367.00     4  springboot3
10:40:34 AM  1000   3356051  243.00  133.00    0.00    0.00  376.00     4  springboot3
10:40:35 AM  1000   3356051  224.00  147.00    0.00    0.00  371.00     4  springboot3
10:40:36 AM  1000   3356051  250.00  117.00    0.00    0.00  367.00     4  springboot3
10:40:37 AM  1000   3356051  200.00  181.00    0.00    0.00  381.00     4  springboot3
10:40:38 AM  1000   3356051  226.00  147.00    0.00    0.00  373.00     4  springboot3
10:40:39 AM  1000   3356051  219.00  150.00    0.00    0.00  369.00     4  springboot3
10:40:40 AM  1000   3356051  237.00  138.00    0.00    0.00  375.00     4  springboot3
10:40:41 AM  1000   3356051  240.00  126.00    0.00    0.00  366.00     4  springboot3
10:40:42 AM  1000   3356051  239.00  130.00    0.00    0.00  369.00     4  springboot3
10:40:43 AM  1000   3356051  219.00  153.00    0.00    0.00  372.00     4  springboot3
10:40:44 AM  1000   3356051  212.00  165.00    0.00    0.00  377.00     4  springboot3
10:40:45 AM  1000   3356051  237.00  130.00    0.00    0.00  367.00     4  springboot3
10:40:46 AM  1000   3356051  232.00  135.00    0.00    0.00  367.00     4  springboot3
10:40:47 AM  1000   3356051  226.00  135.00    0.00    0.00  361.00     4  springboot3
10:40:48 AM  1000   3356051  165.00  104.00    0.00    0.00  269.00     4  springboot3
10:40:49 AM  1000   3356051    0.00    0.00    0.00    0.00    0.00     4  springboot3
10:40:50 AM  1000   3356051    0.00    0.00    0.00    0.00    0.00     4  springboot3
10:40:51 AM  1000   3356051    0.00    0.00    0.00    0.00    0.00     4  springboot3
10:40:52 AM  1000   3356051    0.00    0.00    0.00    0.00    0.00     4  springboot3
