Linux 5.14.0-570.60.1.el9_6.x86_64 *****) 	03/25/2026 	_x86_64_	(64 CPU)

08:25:04 AM   UID       PID    %usr %system  %guest   %wait    %CPU   CPU  Command
08:25:05 AM  1000   3276645  216.00    5.00    0.00    0.00  221.00     2  java
08:25:06 AM  1000   3276645    4.00    0.00    0.00    0.00    4.00     2  java
08:25:07 AM  1000   3276645    0.00    0.00    0.00    0.00    0.00     2  java
08:25:08 AM  1000   3276645    0.00    0.00    0.00    0.00    0.00     2  java
08:25:09 AM  1000   3276645    0.00    0.00    0.00    0.00    0.00     2  java
08:25:10 AM  1000   3276645    0.00    0.00    0.00    0.00    0.00     2  java
08:25:11 AM  1000   3276645    0.00    0.00    0.00    0.00    0.00     2  java
08:25:12 AM  1000   3276645   87.00    7.00    0.00    0.00   94.00     2  java
08:25:13 AM  1000   3276645  362.00   20.00    0.00    0.00  382.00     2  java
08:25:14 AM  1000   3276645  362.00   32.00    0.00    0.00  394.00     2  java
08:25:15 AM  1000   3276645  348.00   44.00    0.00    0.00  392.00     2  java
08:25:16 AM  1000   3276645  324.00   65.00    0.00    0.00  389.00     2  java
08:25:17 AM  1000   3276645  309.00   79.00    0.00    0.00  388.00     2  java
08:25:18 AM  1000   3276645  296.00   87.00    0.00    0.00  383.00     2  java
08:25:19 AM  1000   3276645  297.00   90.00    0.00    0.00  387.00     2  java
08:25:20 AM  1000   3276645  294.00   90.00    0.00    0.00  384.00     2  java
08:25:21 AM  1000   3276645  301.00   86.00    0.00    0.00  387.00     2  java
08:25:22 AM  1000   3276645  296.00   90.00    0.00    0.00  386.00     2  java
08:25:23 AM  1000   3276645  298.00   88.00    0.00    0.00  386.00     2  java
08:25:24 AM  1000   3276645  293.00   91.00    0.00    0.00  384.00     2  java
08:25:25 AM  1000   3276645  293.00   93.00    0.00    0.00  386.00     2  java
08:25:26 AM  1000   3276645  296.00   90.00    0.00    0.00  386.00     2  java
08:25:27 AM  1000   3276645  285.00  100.00    0.00    0.00  385.00     2  java
08:25:28 AM  1000   3276645  276.00  108.00    0.00    0.00  384.00     2  java
08:25:29 AM  1000   3276645  278.00  107.00    0.00    0.00  385.00     2  java
08:25:30 AM  1000   3276645  279.00  106.00    0.00    0.00  385.00     2  java
08:25:31 AM  1000   3276645  283.00  102.00    0.00    0.00  385.00     2  java
08:25:32 AM  1000   3276645  269.00  115.00    0.00    0.00  384.00     2  java
08:25:33 AM  1000   3276645  268.00  116.00    0.00    0.00  384.00     2  java
08:25:34 AM  1000   3276645  272.00  111.00    0.00    0.00  383.00     2  java
08:25:35 AM  1000   3276645  263.00  120.00    0.00    0.00  383.00     2  java
08:25:36 AM  1000   3276645  258.00  126.00    0.00    0.00  384.00     2  java
08:25:37 AM  1000   3276645  242.00  139.00    0.00    0.00  381.00     2  java
08:25:38 AM  1000   3276645  246.00  136.00    0.00    0.00  382.00     2  java
08:25:39 AM  1000   3276645  248.00  134.00    0.00    0.00  382.00     2  java
08:25:40 AM  1000   3276645  233.00  147.00    0.00    0.00  380.00     2  java
08:25:41 AM  1000   3276645  229.00  153.00    0.00    0.00  382.00     2  java
08:25:42 AM  1000   3276645  226.00  154.00    0.00    0.00  380.00     2  java
08:25:43 AM  1000   3276645  222.00  158.00    0.00    0.00  380.00     2  java
08:25:44 AM  1000   3276645  225.00  155.00    0.00    0.00  380.00     2  java
08:25:45 AM  1000   3276645  218.00  161.00    0.00    0.00  379.00     2  java
08:25:46 AM  1000   3276645  196.00  183.00    0.00    0.00  379.00     2  java
08:25:47 AM  1000   3276645  191.00  187.00    0.00    0.00  378.00     2  java
08:25:48 AM  1000   3276645  214.00  168.00    0.00    0.00  382.00     2  java
08:25:49 AM  1000   3276645  205.00  173.00    0.00    0.00  378.00     2  java
08:25:50 AM  1000   3276645  196.00  181.00    0.00    0.00  377.00     2  java
08:25:51 AM  1000   3276645  193.00  185.00    0.00    0.00  378.00     2  java
08:25:52 AM  1000   3276645  181.00  195.00    0.00    0.00  376.00     2  java
08:25:53 AM  1000   3276645  175.00  203.00    0.00    0.00  378.00     2  java
08:25:54 AM  1000   3276645  173.00  205.00    0.00    0.00  378.00     2  java
08:25:55 AM  1000   3276645  190.00  192.00    0.00    0.00  382.00     2  java
08:25:56 AM  1000   3276645  172.00  207.00    0.00    0.00  379.00     2  java
08:25:57 AM  1000   3276645  184.00  198.00    0.00    0.00  382.00     2  java
08:25:58 AM  1000   3276645  174.00  205.00    0.00    0.00  379.00     2  java
08:25:59 AM  1000   3276645  187.00  193.00    0.00    0.00  380.00     2  java
08:26:00 AM  1000   3276645  178.00  204.00    0.00    0.00  382.00     2  java
08:26:01 AM  1000   3276645  157.00  221.00    0.00    0.00  378.00     2  java
08:26:02 AM  1000   3276645  148.00  232.00    0.00    0.00  380.00     2  java
08:26:03 AM  1000   3276645  144.00  235.00    0.00    0.00  379.00     2  java
08:26:04 AM  1000   3276645  145.00  232.00    0.00    0.00  377.00     2  java
08:26:05 AM  1000   3276645  147.00  234.00    0.00    0.00  381.00     2  java
08:26:06 AM  1000   3276645  145.00  235.00    0.00    0.00  380.00     2  java
08:26:07 AM  1000   3276645  151.00  230.00    0.00    0.00  381.00     2  java
08:26:08 AM  1000   3276645  151.00  228.00    0.00    0.00  379.00     2  java
08:26:09 AM  1000   3276645  145.00  235.00    0.00    0.00  380.00     2  java
08:26:10 AM  1000   3276645  142.00  236.00    0.00    0.00  378.00     2  java
08:26:11 AM  1000   3276645  124.00  247.00    0.00    0.00  371.00     2  java
08:26:12 AM  1000   3276645  137.00  242.00    0.00    0.00  379.00     2  java
08:26:13 AM  1000   3276645  142.00  237.00    0.00    0.00  379.00     2  java
08:26:14 AM  1000   3276645  146.00  234.00    0.00    0.00  380.00     2  java
08:26:15 AM  1000   3276645  142.00  235.00    0.00    0.00  377.00     2  java
08:26:16 AM  1000   3276645  141.00  239.00    0.00    0.00  380.00     2  java
08:26:17 AM  1000   3276645  139.00  240.00    0.00    0.00  379.00     2  java
08:26:18 AM  1000   3276645  139.00  240.00    0.00    0.00  379.00     2  java
08:26:19 AM  1000   3276645  141.00  239.00    0.00    0.00  380.00     2  java
08:26:20 AM  1000   3276645  137.00  242.00    0.00    0.00  379.00     2  java
08:26:21 AM  1000   3276645  142.00  239.00    0.00    0.00  381.00     2  java
08:26:22 AM  1000   3276645  127.00  245.00    0.00    0.00  372.00     2  java
08:26:23 AM  1000   3276645  141.00  238.00    0.00    0.00  379.00     2  java
08:26:24 AM  1000   3276645  140.00  239.00    0.00    0.00  379.00     2  java
08:26:25 AM  1000   3276645  134.00  245.00    0.00    0.00  379.00     2  java
08:26:26 AM  1000   3276645  130.00  249.00    0.00    0.00  379.00     2  java
08:26:27 AM  1000   3276645  137.00  239.00    0.00    0.00  376.00     2  java
08:26:28 AM  1000   3276645  141.00  237.00    0.00    0.00  378.00     2  java
08:26:29 AM  1000   3276645  131.00  247.00    0.00    0.00  378.00     2  java
08:26:30 AM  1000   3276645  145.00  235.00    0.00    0.00  380.00     2  java
08:26:31 AM  1000   3276645  135.00  244.00    0.00    0.00  379.00     2  java
08:26:32 AM  1000   3276645  146.00  235.00    0.00    0.00  381.00     2  java
08:26:33 AM  1000   3276645  142.00  238.00    0.00    0.00  380.00     2  java
08:26:34 AM  1000   3276645  142.00  237.00    0.00    0.00  379.00     2  java
08:26:35 AM  1000   3276645  137.00  243.00    0.00    0.00  380.00     2  java
08:26:36 AM  1000   3276645  138.00  243.00    0.00    0.00  381.00     2  java
08:26:37 AM  1000   3276645  143.00  237.00    0.00    0.00  380.00     2  java
08:26:38 AM  1000   3276645  141.00  239.00    0.00    0.00  380.00     2  java
08:26:39 AM  1000   3276645  144.00  237.00    0.00    0.00  381.00     2  java
08:26:40 AM  1000   3276645  137.00  243.00    0.00    0.00  380.00     2  java
08:26:41 AM  1000   3276645  132.00  244.00    0.00    0.00  376.00     2  java
08:26:42 AM  1000   3276645  141.00  240.00    0.00    0.00  381.00     2  java
08:26:43 AM  1000   3276645  138.00  242.00    0.00    0.00  380.00     2  java
08:26:44 AM  1000   3276645  146.00  234.00    0.00    0.00  380.00     2  java
08:26:45 AM  1000   3276645  127.00  250.00    0.00    0.00  377.00     2  java
08:26:46 AM  1000   3276645  140.00  240.00    0.00    0.00  380.00     2  java
08:26:47 AM  1000   3276645  134.00  245.00    0.00    0.00  379.00     2  java
08:26:48 AM  1000   3276645  142.00  239.00    0.00    0.00  381.00     2  java
08:26:49 AM  1000   3276645  137.00  242.00    0.00    0.00  379.00     2  java
08:26:50 AM  1000   3276645  133.00  247.00    0.00    0.00  380.00     2  java
08:26:51 AM  1000   3276645  126.00  249.00    0.00    0.00  375.00     2  java
08:26:52 AM  1000   3276645  141.00  239.00    0.00    0.00  380.00     2  java
08:26:53 AM  1000   3276645  132.00  246.00    0.00    0.00  378.00     2  java
08:26:54 AM  1000   3276645  140.00  240.00    0.00    0.00  380.00     2  java
08:26:55 AM  1000   3276645  137.00  244.00    0.00    0.00  381.00     2  java
08:26:56 AM  1000   3276645  137.00  243.00    0.00    0.00  380.00     2  java
08:26:57 AM  1000   3276645  138.00  243.00    0.00    0.00  381.00     2  java
08:26:58 AM  1000   3276645  140.00  239.00    0.00    0.00  379.00     2  java
08:26:59 AM  1000   3276645  139.00  241.00    0.00    0.00  380.00     2  java
08:27:00 AM  1000   3276645  138.00  241.00    0.00    0.00  379.00     2  java
08:27:01 AM  1000   3276645  141.00  239.00    0.00    0.00  380.00     2  java
08:27:02 AM  1000   3276645  134.00  245.00    0.00    0.00  379.00     2  java
08:27:03 AM  1000   3276645  126.00  250.00    0.00    0.00  376.00     2  java
08:27:04 AM  1000   3276645  140.00  241.00    0.00    0.00  381.00     2  java
08:27:05 AM  1000   3276645  176.00  206.00    0.00    0.00  382.00     2  java
08:27:06 AM  1000   3276645  136.00  243.00    0.00    0.00  379.00     2  java
08:27:07 AM  1000   3276645  131.00  247.00    0.00    0.00  378.00     2  java
08:27:08 AM  1000   3276645  138.00  242.00    0.00    0.00  380.00     2  java
08:27:09 AM  1000   3276645  131.00  250.00    0.00    0.00  381.00     2  java
08:27:10 AM  1000   3276645  140.00  241.00    0.00    0.00  381.00     2  java
08:27:11 AM  1000   3276645  138.00  242.00    0.00    0.00  380.00     2  java
08:27:12 AM  1000   3276645  140.00  240.00    0.00    0.00  380.00     2  java
08:27:13 AM  1000   3276645  141.00  239.00    0.00    0.00  380.00     2  java
08:27:14 AM  1000   3276645  138.00  242.00    0.00    0.00  380.00     2  java
08:27:15 AM  1000   3276645  141.00  240.00    0.00    0.00  381.00     2  java
08:27:16 AM  1000   3276645  144.00  236.00    0.00    0.00  380.00     2  java
08:27:17 AM  1000   3276645  137.00  244.00    0.00    0.00  381.00     2  java
08:27:18 AM  1000   3276645  130.00  194.00    0.00    0.00  324.00     2  java
08:27:19 AM  1000   3276645    0.00    0.00    0.00    0.00    0.00     2  java
08:27:20 AM  1000   3276645    0.00    0.00    0.00    0.00    0.00     2  java
08:27:21 AM  1000   3276645    0.00    0.00    0.00    0.00    0.00     2  java
08:27:22 AM  1000   3276645    0.00    0.00    0.00    0.00    0.00     2  java
08:27:23 AM  1000   3276645    0.00    0.00    0.00    0.00    0.00     2  java
08:27:24 AM  1000   3276645    0.00    0.00    0.00    0.00    0.00     2  java
08:27:25 AM  1000   3276645    0.00    0.00    0.00    0.00    0.00     2  java
08:27:26 AM  1000   3276645    0.00    0.00    0.00    0.00    0.00     2  java
08:27:27 AM  1000   3276645    0.00    0.00    0.00    0.00    0.00     2  java
08:27:28 AM  1000   3276645    0.00    0.00    0.00    0.00    0.00     2  java
08:27:29 AM  1000   3276645    0.00    0.00    0.00    0.00    0.00     2  java
08:27:30 AM  1000   3276645    0.00    0.00    0.00    0.00    0.00     2  java
08:27:31 AM  1000   3276645    0.00    0.00    0.00    0.00    0.00     2  java
08:27:32 AM  1000   3276645    0.00    0.00    0.00    0.00    0.00     2  java
08:27:33 AM  1000   3276645    0.00    0.00    0.00    0.00    0.00     2  java
08:27:34 AM  1000   3276645    0.00    0.00    0.00    0.00    0.00     2  java
08:27:35 AM  1000   3276645    0.00    0.00    0.00    0.00    0.00     2  java
08:27:36 AM  1000   3276645    0.00    0.00    0.00    0.00    0.00     2  java
08:27:37 AM  1000   3276645    0.00    0.00    0.00    0.00    0.00     2  java
08:27:38 AM  1000   3276645    0.00    0.00    0.00    0.00    0.00     2  java
08:27:39 AM  1000   3276645    0.00    0.00    0.00    0.00    0.00     2  java
08:27:40 AM  1000   3276645    0.00    0.00    0.00    0.00    0.00     2  java
08:27:41 AM  1000   3276645    0.00    0.00    0.00    0.00    0.00     2  java
08:27:42 AM  1000   3276645    1.00    1.00    0.00    0.00    2.00     2  java
08:27:43 AM  1000   3276645    0.00    0.00    0.00    0.00    0.00     2  java
08:27:44 AM  1000   3276645    0.00    0.00    0.00    0.00    0.00     2  java
08:27:45 AM  1000   3276645    0.00    0.00    0.00    0.00    0.00     2  java
08:27:46 AM  1000   3276645    0.00    0.00    0.00    0.00    0.00     2  java
08:27:47 AM  1000   3276645    1.00    0.00    0.00    0.00    1.00     2  java
08:27:48 AM  1000   3276645    1.00    0.00    0.00    0.00    1.00     2  java
08:27:49 AM  1000   3276645    0.00    0.00    0.00    0.00    0.00     2  java
08:27:50 AM  1000   3276645    0.00    0.00    0.00    0.00    0.00     2  java
08:27:51 AM  1000   3276645    0.00    0.00    0.00    0.00    0.00     2  java
08:27:52 AM  1000   3276645    0.00    0.00    0.00    0.00    0.00     2  java
08:27:53 AM  1000   3276645   94.00   58.00    0.00    0.00  152.00     2  java
08:27:54 AM  1000   3276645  175.00  206.00    0.00    0.00  381.00     2  java
08:27:55 AM  1000   3276645  161.00  221.00    0.00    0.00  382.00     2  java
08:27:56 AM  1000   3276645  144.00  235.00    0.00    0.00  379.00     2  java
08:27:57 AM  1000   3276645  143.00  236.00    0.00    0.00  379.00     2  java
08:27:58 AM  1000   3276645  140.00  241.00    0.00    0.00  381.00     2  java
08:27:59 AM  1000   3276645  137.00  239.00    0.00    0.00  376.00     2  java
08:28:00 AM  1000   3276645  145.00  236.00    0.00    0.00  381.00     2  java
08:28:01 AM  1000   3276645  145.00  234.00    0.00    0.00  379.00     2  java
08:28:02 AM  1000   3276645  137.00  244.00    0.00    0.00  381.00     2  java
08:28:03 AM  1000   3276645  139.00  241.00    0.00    0.00  380.00     2  java
08:28:04 AM  1000   3276645  139.00  241.00    0.00    0.00  380.00     2  java
08:28:05 AM  1000   3276645  139.00  240.00    0.00    0.00  379.00     2  java
08:28:06 AM  1000   3276645  135.00  245.00    0.00    0.00  380.00     2  java
08:28:07 AM  1000   3276645  141.00  239.00    0.00    0.00  380.00     2  java
08:28:08 AM  1000   3276645  141.00  239.00    0.00    0.00  380.00     2  java
08:28:09 AM  1000   3276645  137.00  242.00    0.00    0.00  379.00     2  java
08:28:10 AM  1000   3276645  138.00  241.00    0.00    0.00  379.00     2  java
08:28:11 AM  1000   3276645  134.00  245.00    0.00    0.00  379.00     2  java
08:28:12 AM  1000   3276645  139.00  242.00    0.00    0.00  381.00     2  java
08:28:13 AM  1000   3276645  141.00  238.00    0.00    0.00  379.00     2  java
08:28:14 AM  1000   3276645  135.00  245.00    0.00    0.00  380.00     2  java
08:28:15 AM  1000   3276645  134.00  246.00    0.00    0.00  380.00     2  java
08:28:16 AM  1000   3276645  137.00  243.00    0.00    0.00  380.00     2  java
08:28:17 AM  1000   3276645  140.00  240.00    0.00    0.00  380.00     2  java
08:28:18 AM  1000   3276645  140.00  239.00    0.00    0.00  379.00     2  java
08:28:19 AM  1000   3276645  136.00  244.00    0.00    0.00  380.00     2  java
08:28:20 AM  1000   3276645  138.00  242.00    0.00    0.00  380.00     2  java
08:28:21 AM  1000   3276645  132.00  247.00    0.00    0.00  379.00     2  java
08:28:22 AM  1000   3276645  140.00  240.00    0.00    0.00  380.00     2  java
08:28:23 AM  1000   3276645  139.00  241.00    0.00    0.00  380.00     2  java
08:28:24 AM  1000   3276645  131.00  249.00    0.00    0.00  380.00     2  java
08:28:25 AM  1000   3276645  127.00  248.00    0.00    0.00  375.00     2  java
08:28:26 AM  1000   3276645  139.00  239.00    0.00    0.00  378.00     2  java
08:28:27 AM  1000   3276645  127.00  248.00    0.00    0.00  375.00     2  java
08:28:28 AM  1000   3276645  140.00  240.00    0.00    0.00  380.00     2  java
08:28:29 AM  1000   3276645   90.00  141.00    0.00    0.00  231.00     2  java
08:28:30 AM  1000   3276645    0.00    0.00    0.00    0.00    0.00     2  java
08:28:31 AM  1000   3276645    0.00    0.00    0.00    0.00    0.00     2  java
08:28:32 AM  1000   3276645    0.00    0.00    0.00    0.00    0.00     2  java
