Linux 5.14.0-570.60.1.el9_6.x86_64 *****) 	03/25/2026 	_x86_64_	(64 CPU)

12:05:43 PM   UID       PID    %usr %system  %guest   %wait    %CPU   CPU  Command
12:05:44 PM  1000   3407751    0.00    0.00    0.00    0.00    0.00     4  springboot4
12:05:45 PM  1000   3407751    0.00    0.00    0.00    0.00    0.00     4  springboot4
12:05:46 PM  1000   3407751    0.00    0.00    0.00    0.00    0.00     4  springboot4
12:05:47 PM  1000   3407751    0.00    0.00    0.00    0.00    0.00     4  springboot4
12:05:48 PM  1000   3407751    0.00    0.00    0.00    0.00    0.00     4  springboot4
12:05:49 PM  1000   3407751    0.00    0.00    0.00    0.00    0.00     4  springboot4
12:05:50 PM  1000   3407751    0.00    0.00    0.00    0.00    0.00     4  springboot4
12:05:51 PM  1000   3407751    3.00    2.00    0.00    0.00    5.00     4  springboot4
12:05:52 PM  1000   3407751  232.00  108.00    0.00    0.00  340.00     2  springboot4
12:05:53 PM  1000   3407751  252.00  121.00    0.00    0.00  373.00     2  springboot4
12:05:54 PM  1000   3407751  250.00  126.00    0.00    0.00  376.00     2  springboot4
12:05:55 PM  1000   3407751  239.00  130.00    0.00    0.00  369.00     6  springboot4
12:05:56 PM  1000   3407751  242.00  131.00    0.00    0.00  373.00     6  springboot4
12:05:57 PM  1000   3407751  232.00  127.00    0.00    0.00  359.00     6  springboot4
12:05:58 PM  1000   3407751  239.00  133.00    0.00    0.00  372.00     6  springboot4
12:05:59 PM  1000   3407751  233.00  128.00    0.00    0.00  361.00     6  springboot4
12:06:00 PM  1000   3407751  243.00  132.00    0.00    0.00  375.00     6  springboot4
12:06:01 PM  1000   3407751  237.00  127.00    0.00    0.00  364.00     6  springboot4
12:06:02 PM  1000   3407751  236.00  130.00    0.00    0.00  366.00     6  springboot4
12:06:03 PM  1000   3407751  249.00  121.00    0.00    0.00  370.00     6  springboot4
12:06:04 PM  1000   3407751  239.00  133.00    0.00    0.00  372.00     6  springboot4
12:06:05 PM  1000   3407751  235.00  127.00    0.00    0.00  362.00     6  springboot4
12:06:06 PM  1000   3407751  240.00  126.00    0.00    0.00  366.00     6  springboot4
12:06:07 PM  1000   3407751  240.00  130.00    0.00    0.00  370.00     6  springboot4
12:06:08 PM  1000   3407751  237.00  126.00    0.00    0.00  363.00     6  springboot4
12:06:09 PM  1000   3407751  236.00  127.00    0.00    0.00  363.00     6  springboot4
12:06:10 PM  1000   3407751  244.00  129.00    0.00    0.00  373.00     6  springboot4
12:06:11 PM  1000   3407751  242.00  122.00    0.00    0.00  364.00     6  springboot4
12:06:12 PM  1000   3407751  239.00  130.00    0.00    0.00  369.00     6  springboot4
12:06:13 PM  1000   3407751  236.00  126.00    0.00    0.00  362.00     6  springboot4
12:06:14 PM  1000   3407751  237.00  127.00    0.00    0.00  364.00     6  springboot4
12:06:15 PM  1000   3407751  247.00  125.00    0.00    0.00  372.00     6  springboot4
12:06:16 PM  1000   3407751  238.00  127.00    0.00    0.00  365.00     6  springboot4
12:06:17 PM  1000   3407751  240.00  129.00    0.00    0.00  369.00     6  springboot4
12:06:18 PM  1000   3407751  238.00  126.00    0.00    0.00  364.00     6  springboot4
12:06:19 PM  1000   3407751  242.00  129.00    0.00    0.00  371.00     6  springboot4
12:06:20 PM  1000   3407751  243.00  120.00    0.00    0.00  363.00     6  springboot4
12:06:21 PM  1000   3407751  238.00  126.00    0.00    0.00  364.00     6  springboot4
12:06:22 PM  1000   3407751  236.00  135.00    0.00    0.00  371.00     6  springboot4
12:06:23 PM  1000   3407751  239.00  124.00    0.00    0.00  363.00     6  springboot4
12:06:24 PM  1000   3407751  244.00  126.00    0.00    0.00  370.00     6  springboot4
12:06:25 PM  1000   3407751  242.00  122.00    0.00    0.00  364.00     6  springboot4
12:06:26 PM  1000   3407751  248.00  125.00    0.00    0.00  373.00     6  springboot4
12:06:27 PM  1000   3407751  239.00  123.00    0.00    0.00  362.00     6  springboot4
12:06:28 PM  1000   3407751  239.00  126.00    0.00    0.00  365.00     6  springboot4
12:06:29 PM  1000   3407751  240.00  128.00    0.00    0.00  368.00     6  springboot4
12:06:30 PM  1000   3407751  242.00  122.00    0.00    0.00  364.00     6  springboot4
12:06:31 PM  1000   3407751  236.00  130.00    0.00    0.00  366.00     6  springboot4
12:06:32 PM  1000   3407751  240.00  131.00    0.00    0.00  371.00     6  springboot4
12:06:33 PM  1000   3407751  243.00  119.00    0.00    0.00  362.00     6  springboot4
12:06:34 PM  1000   3407751  241.00  130.00    0.00    0.00  371.00     6  springboot4
12:06:35 PM  1000   3407751  236.00  126.00    0.00    0.00  362.00     6  springboot4
12:06:36 PM  1000   3407751  240.00  124.00    0.00    0.00  364.00     6  springboot4
12:06:37 PM  1000   3407751  242.00  131.00    0.00    0.00  373.00     6  springboot4
12:06:38 PM  1000   3407751  242.00  122.00    0.00    0.00  364.00     6  springboot4
12:06:39 PM  1000   3407751  245.00  125.00    0.00    0.00  370.00     6  springboot4
12:06:40 PM  1000   3407751  236.00  127.00    0.00    0.00  363.00     6  springboot4
12:06:41 PM  1000   3407751  243.00  128.00    0.00    0.00  371.00     6  springboot4
12:06:42 PM  1000   3407751  241.00  121.00    0.00    0.00  362.00     6  springboot4
12:06:43 PM  1000   3407751  239.00  125.00    0.00    0.00  364.00     6  springboot4
12:06:44 PM  1000   3407751  243.00  126.00    0.00    0.00  369.00     6  springboot4
12:06:45 PM  1000   3407751  237.00  127.00    0.00    0.00  364.00     6  springboot4
12:06:46 PM  1000   3407751  247.00  123.00    0.00    0.00  370.00     6  springboot4
12:06:47 PM  1000   3407751  239.00  127.00    0.00    0.00  366.00     6  springboot4
12:06:48 PM  1000   3407751  240.00  122.00    0.00    0.00  362.00     6  springboot4
12:06:49 PM  1000   3407751  240.00  132.00    0.00    0.00  372.00     6  springboot4
12:06:50 PM  1000   3407751  240.00  122.00    0.00    0.00  362.00     6  springboot4
12:06:51 PM  1000   3407751  234.00  137.00    0.00    0.00  371.00     6  springboot4
12:06:52 PM  1000   3407751  238.00  125.00    0.00    0.00  363.00     6  springboot4
12:06:53 PM  1000   3407751  237.00  136.00    0.00    0.00  373.00     6  springboot4
12:06:54 PM  1000   3407751  243.00  120.00    0.00    0.00  363.00     6  springboot4
12:06:55 PM  1000   3407751  244.00  120.00    0.00    0.00  364.00     6  springboot4
12:06:56 PM  1000   3407751  239.00  131.00    0.00    0.00  370.00     6  springboot4
12:06:57 PM  1000   3407751  237.00  127.00    0.00    0.00  364.00     6  springboot4
12:06:58 PM  1000   3407751  236.00  133.00    0.00    0.00  369.00     6  springboot4
12:06:59 PM  1000   3407751  241.00  124.00    0.00    0.00  365.00     6  springboot4
12:07:00 PM  1000   3407751  238.00  126.00    0.00    0.00  364.00     6  springboot4
12:07:01 PM  1000   3407751  241.00  129.00    0.00    0.00  370.00     6  springboot4
12:07:02 PM  1000   3407751  232.00  129.00    0.00    0.00  361.00     6  springboot4
12:07:03 PM  1000   3407751  239.00  124.00    0.00    0.00  363.00     6  springboot4
12:07:04 PM  1000   3407751  242.00  127.00    0.00    0.00  369.00     6  springboot4
12:07:05 PM  1000   3407751  236.00  126.00    0.00    0.00  362.00     6  springboot4
12:07:06 PM  1000   3407751  245.00  117.00    0.00    0.00  362.00     6  springboot4
12:07:07 PM  1000   3407751  241.00  129.00    0.00    0.00  370.00     6  springboot4
12:07:08 PM  1000   3407751  242.00  120.00    0.00    0.00  362.00     6  springboot4
12:07:09 PM  1000   3407751  242.00  130.00    0.00    0.00  372.00     6  springboot4
12:07:10 PM  1000   3407751  234.00  130.00    0.00    0.00  364.00     6  springboot4
12:07:11 PM  1000   3407751  240.00  122.00    0.00    0.00  362.00     6  springboot4
12:07:12 PM  1000   3407751  245.00  128.00    0.00    0.00  373.00     6  springboot4
12:07:13 PM  1000   3407751  241.00  121.00    0.00    0.00  362.00     6  springboot4
12:07:14 PM  1000   3407751  244.00  126.00    0.00    0.00  370.00     6  springboot4
12:07:15 PM  1000   3407751  240.00  124.00    0.00    0.00  364.00     6  springboot4
12:07:16 PM  1000   3407751  238.00  134.00    0.00    0.00  372.00     6  springboot4
12:07:17 PM  1000   3407751  241.00  123.00    0.00    0.00  364.00     6  springboot4
12:07:18 PM  1000   3407751  245.00  118.00    0.00    0.00  363.00     6  springboot4
12:07:19 PM  1000   3407751  244.00  128.00    0.00    0.00  372.00     6  springboot4
12:07:20 PM  1000   3407751  239.00  123.00    0.00    0.00  362.00     6  springboot4
12:07:21 PM  1000   3407751  244.00  128.00    0.00    0.00  372.00     6  springboot4
12:07:22 PM  1000   3407751  239.00  124.00    0.00    0.00  363.00     6  springboot4
12:07:23 PM  1000   3407751  240.00  130.00    0.00    0.00  370.00     6  springboot4
12:07:24 PM  1000   3407751  240.00  124.00    0.00    0.00  364.00     6  springboot4
12:07:25 PM  1000   3407751  237.00  127.00    0.00    0.00  364.00     6  springboot4
12:07:26 PM  1000   3407751  240.00  132.00    0.00    0.00  372.00     6  springboot4
12:07:27 PM  1000   3407751  235.00  127.00    0.00    0.00  362.00     6  springboot4
12:07:28 PM  1000   3407751  242.00  127.00    0.00    0.00  369.00     6  springboot4
12:07:29 PM  1000   3407751  239.00  126.00    0.00    0.00  365.00     6  springboot4
12:07:30 PM  1000   3407751  243.00  130.00    0.00    0.00  373.00     6  springboot4
12:07:31 PM  1000   3407751  236.00  127.00    0.00    0.00  363.00     6  springboot4
12:07:32 PM  1000   3407751  235.00  128.00    0.00    0.00  363.00     6  springboot4
12:07:33 PM  1000   3407751  238.00  133.00    0.00    0.00  371.00     6  springboot4
12:07:34 PM  1000   3407751  235.00  131.00    0.00    0.00  366.00     6  springboot4
12:07:35 PM  1000   3407751  245.00  124.00    0.00    0.00  369.00     6  springboot4
12:07:36 PM  1000   3407751  233.00  131.00    0.00    0.00  364.00     6  springboot4
12:07:37 PM  1000   3407751  243.00  122.00    0.00    0.00  365.00     6  springboot4
12:07:38 PM  1000   3407751  242.00  128.00    0.00    0.00  370.00     6  springboot4
12:07:39 PM  1000   3407751  234.00  128.00    0.00    0.00  362.00     6  springboot4
12:07:40 PM  1000   3407751  242.00  129.00    0.00    0.00  371.00     6  springboot4
12:07:41 PM  1000   3407751  239.00  125.00    0.00    0.00  364.00     6  springboot4
12:07:42 PM  1000   3407751  239.00  125.00    0.00    0.00  364.00     6  springboot4
12:07:43 PM  1000   3407751  239.00  131.00    0.00    0.00  370.00     6  springboot4
12:07:44 PM  1000   3407751  242.00  122.00    0.00    0.00  364.00     6  springboot4
12:07:45 PM  1000   3407751  243.00  129.00    0.00    0.00  372.00     6  springboot4
12:07:46 PM  1000   3407751  237.00  126.00    0.00    0.00  363.00     6  springboot4
12:07:47 PM  1000   3407751  248.00  123.00    0.00    0.00  371.00     6  springboot4
12:07:48 PM  1000   3407751  242.00  121.00    0.00    0.00  363.00     6  springboot4
12:07:49 PM  1000   3407751  238.00  126.00    0.00    0.00  364.00     6  springboot4
12:07:50 PM  1000   3407751  237.00  132.00    0.00    0.00  369.00     6  springboot4
12:07:51 PM  1000   3407751  240.00  125.00    0.00    0.00  365.00     6  springboot4
12:07:52 PM  1000   3407751  241.00  130.00    0.00    0.00  371.00     6  springboot4
12:07:53 PM  1000   3407751  255.00  112.00    0.00    0.00  367.00     6  springboot4
12:07:54 PM  1000   3407751  255.00  113.00    0.00    0.00  368.00     6  springboot4
12:07:55 PM  1000   3407751  260.00  119.00    0.00    0.00  379.00     6  springboot4
12:07:56 PM  1000   3407751  257.00  110.00    0.00    0.00  367.00     6  springboot4
12:07:57 PM  1000   3407751  251.00  127.00    0.00    0.00  378.00     6  springboot4
12:07:58 PM  1000   3407751    4.00    2.00    0.00    0.00    6.00     6  springboot4
12:07:59 PM  1000   3407751    0.00    0.00    0.00    0.00    0.00     6  springboot4
12:08:00 PM  1000   3407751    0.00    0.00    0.00    0.00    0.00     6  springboot4
12:08:01 PM  1000   3407751    0.00    0.00    0.00    0.00    0.00     6  springboot4
12:08:02 PM  1000   3407751    0.00    0.00    0.00    0.00    0.00     6  springboot4
12:08:03 PM  1000   3407751    0.00    0.00    0.00    0.00    0.00     6  springboot4
12:08:04 PM  1000   3407751    0.00    0.00    0.00    0.00    0.00     6  springboot4
12:08:05 PM  1000   3407751    0.00    0.00    0.00    0.00    0.00     6  springboot4
12:08:06 PM  1000   3407751    0.00    0.00    0.00    0.00    0.00     6  springboot4
12:08:07 PM  1000   3407751    0.00    0.00    0.00    0.00    0.00     6  springboot4
12:08:08 PM  1000   3407751    0.00    0.00    0.00    0.00    0.00     6  springboot4
12:08:09 PM  1000   3407751    0.00    0.00    0.00    0.00    0.00     6  springboot4
12:08:10 PM  1000   3407751    0.00    0.00    0.00    0.00    0.00     6  springboot4
12:08:11 PM  1000   3407751    0.00    0.00    0.00    0.00    0.00     6  springboot4
12:08:12 PM  1000   3407751    0.00    0.00    0.00    0.00    0.00     6  springboot4
12:08:13 PM  1000   3407751    0.00    0.00    0.00    0.00    0.00     6  springboot4
12:08:14 PM  1000   3407751    0.00    0.00    0.00    0.00    0.00     6  springboot4
12:08:15 PM  1000   3407751    0.00    0.00    0.00    0.00    0.00     6  springboot4
12:08:16 PM  1000   3407751    0.00    0.00    0.00    0.00    0.00     6  springboot4
12:08:17 PM  1000   3407751    0.00    0.00    0.00    0.00    0.00     6  springboot4
12:08:18 PM  1000   3407751    0.00    0.00    0.00    0.00    0.00     6  springboot4
12:08:19 PM  1000   3407751    0.00    0.00    0.00    0.00    0.00     6  springboot4
12:08:20 PM  1000   3407751    0.00    0.00    0.00    0.00    0.00     6  springboot4
12:08:21 PM  1000   3407751    0.00    0.00    0.00    0.00    0.00     6  springboot4
12:08:22 PM  1000   3407751    0.00    0.00    0.00    0.00    0.00     6  springboot4
12:08:23 PM  1000   3407751    0.00    0.00    0.00    0.00    0.00     6  springboot4
12:08:24 PM  1000   3407751    0.00    0.00    0.00    0.00    0.00     6  springboot4
12:08:25 PM  1000   3407751    0.00    0.00    0.00    0.00    0.00     6  springboot4
12:08:26 PM  1000   3407751    0.00    0.00    0.00    0.00    0.00     6  springboot4
12:08:27 PM  1000   3407751    0.00    0.00    0.00    0.00    0.00     6  springboot4
12:08:28 PM  1000   3407751    0.00    0.00    0.00    0.00    0.00     6  springboot4
12:08:29 PM  1000   3407751    0.00    0.00    0.00    0.00    0.00     6  springboot4
12:08:30 PM  1000   3407751    0.00    0.00    0.00    0.00    0.00     6  springboot4
12:08:31 PM  1000   3407751    0.00    0.00    0.00    0.00    0.00     6  springboot4
12:08:32 PM  1000   3407751   51.00   20.00    0.00    0.00   71.00     6  springboot4
12:08:33 PM  1000   3407751  254.00  121.00    0.00    0.00  375.00     6  springboot4
12:08:34 PM  1000   3407751  251.00  115.00    0.00    0.00  366.00     6  springboot4
12:08:35 PM  1000   3407751  256.00  114.00    0.00    0.00  370.00     6  springboot4
12:08:36 PM  1000   3407751  240.00  130.00    0.00    0.00  370.00     6  springboot4
12:08:37 PM  1000   3407751  242.00  124.00    0.00    0.00  366.00     6  springboot4
12:08:38 PM  1000   3407751  237.00  121.00    0.00    0.00  358.00     6  springboot4
12:08:39 PM  1000   3407751  244.00  128.00    0.00    0.00  372.00     6  springboot4
12:08:40 PM  1000   3407751  238.00  125.00    0.00    0.00  363.00     6  springboot4
12:08:41 PM  1000   3407751  236.00  127.00    0.00    0.00  363.00     6  springboot4
12:08:42 PM  1000   3407751  244.00  128.00    0.00    0.00  372.00     6  springboot4
12:08:43 PM  1000   3407751  236.00  129.00    0.00    0.00  365.00     6  springboot4
12:08:44 PM  1000   3407751  234.00  128.00    0.00    0.00  362.00     6  springboot4
12:08:45 PM  1000   3407751  239.00  131.00    0.00    0.00  370.00     6  springboot4
12:08:46 PM  1000   3407751  237.00  129.00    0.00    0.00  366.00     6  springboot4
12:08:47 PM  1000   3407751  236.00  127.00    0.00    0.00  363.00     6  springboot4
12:08:48 PM  1000   3407751  239.00  133.00    0.00    0.00  372.00     6  springboot4
12:08:49 PM  1000   3407751  238.00  125.00    0.00    0.00  363.00     6  springboot4
12:08:50 PM  1000   3407751  241.00  125.00    0.00    0.00  366.00     6  springboot4
12:08:51 PM  1000   3407751  234.00  131.00    0.00    0.00  365.00     6  springboot4
12:08:52 PM  1000   3407751  242.00  128.00    0.00    0.00  370.00     6  springboot4
12:08:53 PM  1000   3407751  235.00  128.00    0.00    0.00  363.00     6  springboot4
12:08:54 PM  1000   3407751  244.00  122.00    0.00    0.00  366.00     6  springboot4
12:08:55 PM  1000   3407751  241.00  125.00    0.00    0.00  366.00     6  springboot4
12:08:56 PM  1000   3407751  244.00  126.00    0.00    0.00  370.00     6  springboot4
12:08:57 PM  1000   3407751  242.00  121.00    0.00    0.00  363.00     6  springboot4
12:08:58 PM  1000   3407751  239.00  126.00    0.00    0.00  365.00     6  springboot4
12:08:59 PM  1000   3407751  243.00  129.00    0.00    0.00  372.00     6  springboot4
12:09:00 PM  1000   3407751  234.00  130.00    0.00    0.00  364.00     6  springboot4
12:09:01 PM  1000   3407751  243.00  121.00    0.00    0.00  364.00     6  springboot4
12:09:02 PM  1000   3407751  240.00  125.00    0.00    0.00  365.00     6  springboot4
12:09:03 PM  1000   3407751  240.00  125.00    0.00    0.00  365.00     6  springboot4
12:09:04 PM  1000   3407751  240.00  129.00    0.00    0.00  369.00     6  springboot4
12:09:05 PM  1000   3407751  244.00  122.00    0.00    0.00  366.00     6  springboot4
12:09:06 PM  1000   3407751  238.00  125.00    0.00    0.00  363.00     6  springboot4
12:09:07 PM  1000   3407751  241.00  126.00    0.00    0.00  367.00     6  springboot4
12:09:08 PM  1000   3407751  197.00  109.00    0.00    0.00  306.00     6  springboot4
12:09:09 PM  1000   3407751    0.00    0.00    0.00    0.00    0.00     6  springboot4
12:09:10 PM  1000   3407751    0.00    0.00    0.00    0.00    0.00     6  springboot4
12:09:11 PM  1000   3407751    0.00    0.00    0.00    0.00    0.00     6  springboot4
