Linux 5.14.0-570.60.1.el9_6.x86_64 *****) 	03/25/2026 	_x86_64_	(64 CPU)

12:01:32 PM   UID       PID    %usr %system  %guest   %wait    %CPU   CPU  Command
12:01:33 PM  1000   3405647    0.00    0.00    0.00    0.00    0.00     6  springboot4
12:01:34 PM  1000   3405647    0.00    0.00    0.00    0.00    0.00     6  springboot4
12:01:35 PM  1000   3405647    0.00    0.00    0.00    0.00    0.00     6  springboot4
12:01:36 PM  1000   3405647    0.00    0.00    0.00    0.00    0.00     6  springboot4
12:01:37 PM  1000   3405647    0.00    0.00    0.00    0.00    0.00     6  springboot4
12:01:38 PM  1000   3405647    0.00    0.00    0.00    0.00    0.00     6  springboot4
12:01:39 PM  1000   3405647    0.00    0.00    0.00    0.00    0.00     6  springboot4
12:01:40 PM  1000   3405647    2.00    2.00    0.00    0.00    4.00     4  springboot4
12:01:41 PM  1000   3405647  223.00  117.00    0.00    0.00  340.00     6  springboot4
12:01:42 PM  1000   3405647  239.00  128.00    0.00    0.00  367.00     6  springboot4
12:01:43 PM  1000   3405647  246.00  126.00    0.00    0.00  372.00     6  springboot4
12:01:44 PM  1000   3405647  240.00  127.00    0.00    0.00  367.00     6  springboot4
12:01:45 PM  1000   3405647  242.00  129.00    0.00    0.00  371.00     2  springboot4
12:01:46 PM  1000   3405647  242.00  129.00    0.00    0.00  371.00     2  springboot4
12:01:47 PM  1000   3405647  238.00  126.00    0.00    0.00  364.00     2  springboot4
12:01:48 PM  1000   3405647  235.00  129.00    0.00    0.00  364.00     2  springboot4
12:01:49 PM  1000   3405647  242.00  128.00    0.00    0.00  370.00     2  springboot4
12:01:50 PM  1000   3405647  238.00  127.00    0.00    0.00  365.00     2  springboot4
12:01:51 PM  1000   3405647  241.00  130.00    0.00    0.00  371.00     2  springboot4
12:01:52 PM  1000   3405647  239.00  125.00    0.00    0.00  364.00     2  springboot4
12:01:53 PM  1000   3405647  243.00  128.00    0.00    0.00  371.00     2  springboot4
12:01:54 PM  1000   3405647  241.00  122.00    0.00    0.00  363.00     2  springboot4
12:01:55 PM  1000   3405647  237.00  128.00    0.00    0.00  365.00     2  springboot4
12:01:56 PM  1000   3405647  248.00  124.00    0.00    0.00  372.00     4  springboot4
12:01:57 PM  1000   3405647  233.00  132.00    0.00    0.00  365.00     4  springboot4
12:01:58 PM  1000   3405647  243.00  130.00    0.00    0.00  373.00     4  springboot4
12:01:59 PM  1000   3405647  240.00  123.00    0.00    0.00  363.00     4  springboot4
12:02:00 PM  1000   3405647  242.00  123.00    0.00    0.00  365.00     4  springboot4
12:02:01 PM  1000   3405647  245.00  125.00    0.00    0.00  370.00     4  springboot4
12:02:02 PM  1000   3405647  236.00  128.00    0.00    0.00  364.00     4  springboot4
12:02:03 PM  1000   3405647  241.00  130.00    0.00    0.00  371.00     4  springboot4
12:02:04 PM  1000   3405647  238.00  124.00    0.00    0.00  362.00     4  springboot4
12:02:05 PM  1000   3405647  235.00  130.00    0.00    0.00  365.00     4  springboot4
12:02:06 PM  1000   3405647  246.00  126.00    0.00    0.00  372.00     4  springboot4
12:02:07 PM  1000   3405647  236.00  127.00    0.00    0.00  363.00     4  springboot4
12:02:08 PM  1000   3405647  248.00  125.00    0.00    0.00  373.00     4  springboot4
12:02:09 PM  1000   3405647  257.00  109.00    0.00    0.00  366.00     4  springboot4
12:02:10 PM  1000   3405647  242.00  126.00    0.00    0.00  368.00     4  springboot4
12:02:11 PM  1000   3405647  268.00  108.00    0.00    0.00  376.00     4  springboot4
12:02:12 PM  1000   3405647  232.00  135.00    0.00    0.00  367.00     4  springboot4
12:02:13 PM  1000   3405647  267.00  107.00    0.00    0.00  374.00     4  springboot4
12:02:14 PM  1000   3405647  258.00  109.00    0.00    0.00  367.00     4  springboot4
12:02:15 PM  1000   3405647  260.00  105.00    0.00    0.00  365.00     4  springboot4
12:02:16 PM  1000   3405647  251.00  125.00    0.00    0.00  376.00     4  springboot4
12:02:17 PM  1000   3405647  260.00  109.00    0.00    0.00  369.00     4  springboot4
12:02:18 PM  1000   3405647  263.00  111.00    0.00    0.00  374.00     4  springboot4
12:02:19 PM  1000   3405647  237.00  126.00    0.00    0.00  363.00     4  springboot4
12:02:20 PM  1000   3405647  239.00  126.00    0.00    0.00  365.00     4  springboot4
12:02:21 PM  1000   3405647  245.00  127.00    0.00    0.00  372.00     4  springboot4
12:02:22 PM  1000   3405647  232.00  133.00    0.00    0.00  365.00     4  springboot4
12:02:23 PM  1000   3405647  241.00  128.00    0.00    0.00  369.00     4  springboot4
12:02:24 PM  1000   3405647  242.00  123.00    0.00    0.00  365.00     4  springboot4
12:02:25 PM  1000   3405647  244.00  121.00    0.00    0.00  365.00     4  springboot4
12:02:26 PM  1000   3405647  244.00  129.00    0.00    0.00  373.00     4  springboot4
12:02:27 PM  1000   3405647  235.00  128.00    0.00    0.00  363.00     4  springboot4
12:02:28 PM  1000   3405647  242.00  128.00    0.00    0.00  370.00     4  springboot4
12:02:29 PM  1000   3405647  243.00  122.00    0.00    0.00  365.00     4  springboot4
12:02:30 PM  1000   3405647  238.00  125.00    0.00    0.00  363.00     4  springboot4
12:02:31 PM  1000   3405647  243.00  129.00    0.00    0.00  372.00     4  springboot4
12:02:32 PM  1000   3405647  238.00  125.00    0.00    0.00  363.00     4  springboot4
12:02:33 PM  1000   3405647  241.00  131.00    0.00    0.00  372.00     4  springboot4
12:02:34 PM  1000   3405647  239.00  125.00    0.00    0.00  364.00     4  springboot4
12:02:35 PM  1000   3405647  247.00  125.00    0.00    0.00  372.00     4  springboot4
12:02:36 PM  1000   3405647  238.00  127.00    0.00    0.00  365.00     4  springboot4
12:02:37 PM  1000   3405647  236.00  126.00    0.00    0.00  362.00     4  springboot4
12:02:38 PM  1000   3405647  246.00  125.00    0.00    0.00  371.00     4  springboot4
12:02:39 PM  1000   3405647  233.00  132.00    0.00    0.00  365.00     4  springboot4
12:02:40 PM  1000   3405647  244.00  128.00    0.00    0.00  372.00     4  springboot4
12:02:41 PM  1000   3405647  232.00  131.00    0.00    0.00  363.00     4  springboot4
12:02:42 PM  1000   3405647  242.00  123.00    0.00    0.00  365.00     4  springboot4
12:02:43 PM  1000   3405647  246.00  125.00    0.00    0.00  371.00     4  springboot4
12:02:44 PM  1000   3405647  244.00  122.00    0.00    0.00  366.00     4  springboot4
12:02:45 PM  1000   3405647  239.00  130.00    0.00    0.00  369.00     4  springboot4
12:02:46 PM  1000   3405647  239.00  125.00    0.00    0.00  364.00     4  springboot4
12:02:47 PM  1000   3405647  244.00  120.00    0.00    0.00  364.00     4  springboot4
12:02:48 PM  1000   3405647  239.00  130.00    0.00    0.00  369.00     4  springboot4
12:02:49 PM  1000   3405647  239.00  126.00    0.00    0.00  365.00     4  springboot4
12:02:50 PM  1000   3405647  248.00  123.00    0.00    0.00  371.00     4  springboot4
12:02:51 PM  1000   3405647  236.00  127.00    0.00    0.00  363.00     4  springboot4
12:02:52 PM  1000   3405647  239.00  126.00    0.00    0.00  365.00     4  springboot4
12:02:53 PM  1000   3405647  241.00  128.00    0.00    0.00  369.00     4  springboot4
12:02:54 PM  1000   3405647  237.00  129.00    0.00    0.00  366.00     4  springboot4
12:02:55 PM  1000   3405647  247.00  125.00    0.00    0.00  372.00     4  springboot4
12:02:56 PM  1000   3405647  245.00  118.00    0.00    0.00  363.00     4  springboot4
12:02:57 PM  1000   3405647  239.00  126.00    0.00    0.00  365.00     4  springboot4
12:02:58 PM  1000   3405647  238.00  133.00    0.00    0.00  371.00     4  springboot4
12:02:59 PM  1000   3405647  240.00  124.00    0.00    0.00  364.00     4  springboot4
12:03:00 PM  1000   3405647  236.00  127.00    0.00    0.00  363.00     4  springboot4
12:03:01 PM  1000   3405647  243.00  129.00    0.00    0.00  372.00     4  springboot4
12:03:02 PM  1000   3405647  237.00  128.00    0.00    0.00  365.00     4  springboot4
12:03:03 PM  1000   3405647  240.00  130.00    0.00    0.00  370.00     4  springboot4
12:03:04 PM  1000   3405647  237.00  129.00    0.00    0.00  366.00     4  springboot4
12:03:05 PM  1000   3405647  245.00  127.00    0.00    0.00  372.00     4  springboot4
12:03:06 PM  1000   3405647  237.00  125.00    0.00    0.00  362.00     4  springboot4
12:03:07 PM  1000   3405647  237.00  127.00    0.00    0.00  364.00     4  springboot4
12:03:08 PM  1000   3405647  246.00  127.00    0.00    0.00  373.00     4  springboot4
12:03:09 PM  1000   3405647  259.00  110.00    0.00    0.00  369.00     4  springboot4
12:03:10 PM  1000   3405647  253.00  123.00    0.00    0.00  376.00     4  springboot4
12:03:11 PM  1000   3405647  257.00  109.00    0.00    0.00  366.00     4  springboot4
12:03:12 PM  1000   3405647  259.00  108.00    0.00    0.00  367.00     4  springboot4
12:03:13 PM  1000   3405647  263.00  114.00    0.00    0.00  377.00     4  springboot4
12:03:14 PM  1000   3405647  250.00  123.00    0.00    0.00  373.00     4  springboot4
12:03:15 PM  1000   3405647  269.00  100.00    0.00    0.00  369.00     4  springboot4
12:03:16 PM  1000   3405647  257.00  109.00    0.00    0.00  366.00     4  springboot4
12:03:17 PM  1000   3405647  250.00  124.00    0.00    0.00  374.00     4  springboot4
12:03:18 PM  1000   3405647  265.00  105.00    0.00    0.00  370.00     4  springboot4
12:03:19 PM  1000   3405647  259.00  115.00    0.00    0.00  374.00     4  springboot4
12:03:20 PM  1000   3405647  259.00  108.00    0.00    0.00  367.00     4  springboot4
12:03:21 PM  1000   3405647  265.00  101.00    0.00    0.00  366.00     4  springboot4
12:03:22 PM  1000   3405647  255.00  120.00    0.00    0.00  375.00     4  springboot4
12:03:23 PM  1000   3405647  256.00  111.00    0.00    0.00  367.00     4  springboot4
12:03:24 PM  1000   3405647  266.00  100.00    0.00    0.00  366.00     4  springboot4
12:03:25 PM  1000   3405647  274.00  102.00    0.00    0.00  376.00     4  springboot4
12:03:26 PM  1000   3405647  262.00  105.00    0.00    0.00  367.00     4  springboot4
12:03:27 PM  1000   3405647  264.00  110.00    0.00    0.00  374.00     4  springboot4
12:03:28 PM  1000   3405647  256.00  110.00    0.00    0.00  366.00     4  springboot4
12:03:29 PM  1000   3405647  243.00  128.00    0.00    0.00  371.00     4  springboot4
12:03:30 PM  1000   3405647  241.00  121.00    0.00    0.00  362.00     4  springboot4
12:03:31 PM  1000   3405647  244.00  122.00    0.00    0.00  366.00     4  springboot4
12:03:32 PM  1000   3405647  238.00  131.00    0.00    0.00  369.00     4  springboot4
12:03:33 PM  1000   3405647  242.00  123.00    0.00    0.00  365.00     4  springboot4
12:03:34 PM  1000   3405647  238.00  133.00    0.00    0.00  371.00     4  springboot4
12:03:35 PM  1000   3405647  236.00  127.00    0.00    0.00  363.00     4  springboot4
12:03:36 PM  1000   3405647  238.00  127.00    0.00    0.00  365.00     4  springboot4
12:03:37 PM  1000   3405647  241.00  131.00    0.00    0.00  372.00     4  springboot4
12:03:38 PM  1000   3405647  239.00  127.00    0.00    0.00  366.00     4  springboot4
12:03:39 PM  1000   3405647  245.00  124.00    0.00    0.00  369.00     4  springboot4
12:03:40 PM  1000   3405647  240.00  125.00    0.00    0.00  365.00     4  springboot4
12:03:41 PM  1000   3405647  237.00  128.00    0.00    0.00  365.00     4  springboot4
12:03:42 PM  1000   3405647  246.00  124.00    0.00    0.00  370.00     4  springboot4
12:03:43 PM  1000   3405647  241.00  123.00    0.00    0.00  364.00     4  springboot4
12:03:44 PM  1000   3405647  249.00  122.00    0.00    0.00  371.00     4  springboot4
12:03:45 PM  1000   3405647  240.00  126.00    0.00    0.00  366.00     4  springboot4
12:03:46 PM  1000   3405647  239.00  124.00    0.00    0.00  363.00     4  springboot4
12:03:47 PM  1000   3405647    2.00    1.00    0.00    0.00    3.00     4  springboot4
12:03:48 PM  1000   3405647    0.00    0.00    0.00    0.00    0.00     4  springboot4
12:03:49 PM  1000   3405647    0.00    0.00    0.00    0.00    0.00     4  springboot4
12:03:50 PM  1000   3405647    0.00    0.00    0.00    0.00    0.00     4  springboot4
12:03:51 PM  1000   3405647    0.00    0.00    0.00    0.00    0.00     6  springboot4
12:03:52 PM  1000   3405647    0.00    0.00    0.00    0.00    0.00     6  springboot4
12:03:53 PM  1000   3405647    0.00    0.00    0.00    0.00    0.00     6  springboot4
12:03:54 PM  1000   3405647    0.00    0.00    0.00    0.00    0.00     6  springboot4
12:03:55 PM  1000   3405647    0.00    0.00    0.00    0.00    0.00     6  springboot4
12:03:56 PM  1000   3405647    0.00    0.00    0.00    0.00    0.00     6  springboot4
12:03:57 PM  1000   3405647    0.00    0.00    0.00    0.00    0.00     6  springboot4
12:03:58 PM  1000   3405647    0.00    0.00    0.00    0.00    0.00     6  springboot4
12:03:59 PM  1000   3405647    0.00    0.00    0.00    0.00    0.00     6  springboot4
12:04:00 PM  1000   3405647    0.00    0.00    0.00    0.00    0.00     6  springboot4
12:04:01 PM  1000   3405647    0.00    0.00    0.00    0.00    0.00     6  springboot4
12:04:02 PM  1000   3405647    0.00    0.00    0.00    0.00    0.00     6  springboot4
12:04:03 PM  1000   3405647    0.00    0.00    0.00    0.00    0.00     6  springboot4
12:04:04 PM  1000   3405647    0.00    0.00    0.00    0.00    0.00     6  springboot4
12:04:05 PM  1000   3405647    0.00    0.00    0.00    0.00    0.00     6  springboot4
12:04:06 PM  1000   3405647    0.00    0.00    0.00    0.00    0.00     6  springboot4
12:04:07 PM  1000   3405647    0.00    0.00    0.00    0.00    0.00     6  springboot4
12:04:08 PM  1000   3405647    0.00    0.00    0.00    0.00    0.00     6  springboot4
12:04:09 PM  1000   3405647    0.00    0.00    0.00    0.00    0.00     6  springboot4
12:04:10 PM  1000   3405647    0.00    0.00    0.00    0.00    0.00     6  springboot4
12:04:11 PM  1000   3405647    0.00    0.00    0.00    0.00    0.00     6  springboot4
12:04:12 PM  1000   3405647    0.00    0.00    0.00    0.00    0.00     6  springboot4
12:04:13 PM  1000   3405647    0.00    0.00    0.00    0.00    0.00     6  springboot4
12:04:14 PM  1000   3405647    0.00    0.00    0.00    0.00    0.00     6  springboot4
12:04:15 PM  1000   3405647    0.00    0.00    0.00    0.00    0.00     6  springboot4
12:04:16 PM  1000   3405647    0.00    0.00    0.00    0.00    0.00     6  springboot4
12:04:17 PM  1000   3405647    0.00    0.00    0.00    0.00    0.00     6  springboot4
12:04:18 PM  1000   3405647    0.00    0.00    0.00    0.00    0.00     6  springboot4
12:04:19 PM  1000   3405647    0.00    0.00    0.00    0.00    0.00     6  springboot4
12:04:20 PM  1000   3405647    0.00    0.00    0.00    0.00    0.00     6  springboot4
12:04:21 PM  1000   3405647   48.00   27.00    0.00    0.00   75.00     2  springboot4
12:04:22 PM  1000   3405647  242.00  127.00    0.00    0.00  369.00     2  springboot4
12:04:23 PM  1000   3405647  237.00  128.00    0.00    0.00  365.00     2  springboot4
12:04:24 PM  1000   3405647  237.00  127.00    0.00    0.00  364.00     2  springboot4
12:04:25 PM  1000   3405647  245.00  126.00    0.00    0.00  371.00     2  springboot4
12:04:26 PM  1000   3405647  238.00  127.00    0.00    0.00  365.00     2  springboot4
12:04:27 PM  1000   3405647  233.00  125.00    0.00    0.00  358.00     2  springboot4
12:04:28 PM  1000   3405647  241.00  133.00    0.00    0.00  374.00     2  springboot4
12:04:29 PM  1000   3405647  245.00  125.00    0.00    0.00  370.00     2  springboot4
12:04:30 PM  1000   3405647  259.00  107.00    0.00    0.00  366.00     2  springboot4
12:04:31 PM  1000   3405647  270.00  105.00    0.00    0.00  375.00     2  springboot4
12:04:32 PM  1000   3405647  243.00  124.00    0.00    0.00  367.00     2  springboot4
12:04:33 PM  1000   3405647  237.00  127.00    0.00    0.00  364.00     2  springboot4
12:04:34 PM  1000   3405647  242.00  128.00    0.00    0.00  370.00     2  springboot4
12:04:35 PM  1000   3405647  238.00  128.00    0.00    0.00  366.00     2  springboot4
12:04:36 PM  1000   3405647  236.00  128.00    0.00    0.00  364.00     2  springboot4
12:04:37 PM  1000   3405647  243.00  127.00    0.00    0.00  370.00     2  springboot4
12:04:38 PM  1000   3405647  240.00  127.00    0.00    0.00  367.00     2  springboot4
12:04:39 PM  1000   3405647  237.00  127.00    0.00    0.00  364.00     2  springboot4
12:04:40 PM  1000   3405647  243.00  124.00    0.00    0.00  367.00     2  springboot4
12:04:41 PM  1000   3405647  244.00  125.00    0.00    0.00  369.00     2  springboot4
12:04:42 PM  1000   3405647  234.00  131.00    0.00    0.00  365.00     2  springboot4
12:04:43 PM  1000   3405647  243.00  124.00    0.00    0.00  367.00     2  springboot4
12:04:44 PM  1000   3405647  236.00  128.00    0.00    0.00  364.00     2  springboot4
12:04:45 PM  1000   3405647  243.00  127.00    0.00    0.00  370.00     2  springboot4
12:04:46 PM  1000   3405647  237.00  129.00    0.00    0.00  366.00     2  springboot4
12:04:47 PM  1000   3405647  242.00  125.00    0.00    0.00  367.00     2  springboot4
12:04:48 PM  1000   3405647  243.00  130.00    0.00    0.00  373.00     2  springboot4
12:04:49 PM  1000   3405647  233.00  131.00    0.00    0.00  364.00     2  springboot4
12:04:50 PM  1000   3405647  236.00  129.00    0.00    0.00  365.00     2  springboot4
12:04:51 PM  1000   3405647  237.00  129.00    0.00    0.00  366.00     2  springboot4
12:04:52 PM  1000   3405647  240.00  132.00    0.00    0.00  372.00     2  springboot4
12:04:53 PM  1000   3405647  235.00  129.00    0.00    0.00  364.00     2  springboot4
12:04:54 PM  1000   3405647  239.00  127.00    0.00    0.00  366.00     2  springboot4
12:04:55 PM  1000   3405647  240.00  124.00    0.00    0.00  364.00     2  springboot4
12:04:56 PM  1000   3405647  242.00  131.00    0.00    0.00  373.00     2  springboot4
12:04:57 PM  1000   3405647  198.00  102.00    0.00    0.00  300.00     2  springboot4
12:04:58 PM  1000   3405647    0.00    0.00    0.00    0.00    0.00     2  springboot4
12:04:59 PM  1000   3405647    0.00    0.00    0.00    0.00    0.00     2  springboot4
12:05:00 PM  1000   3405647    0.00    0.00    0.00    0.00    0.00     2  springboot4
12:05:01 PM  1000   3405647    0.00    0.00    0.00    0.00    0.00     2  springboot4
