Linux 5.14.0-570.60.1.el9_6.x86_64 *****) 	03/25/2026 	_x86_64_	(64 CPU)

12:09:52 PM   UID       PID    %usr %system  %guest   %wait    %CPU   CPU  Command
12:09:53 PM  1000   3409850    0.00    0.00    0.00    0.00    0.00     2  springboot4
12:09:54 PM  1000   3409850    0.00    0.00    0.00    0.00    0.00     2  springboot4
12:09:55 PM  1000   3409850    0.00    0.00    0.00    0.00    0.00     2  springboot4
12:09:56 PM  1000   3409850    0.00    0.00    0.00    0.00    0.00     2  springboot4
12:09:57 PM  1000   3409850    0.00    0.00    0.00    0.00    0.00     2  springboot4
12:09:58 PM  1000   3409850    0.00    0.00    0.00    0.00    0.00     2  springboot4
12:09:59 PM  1000   3409850    0.00    0.00    0.00    0.00    0.00     2  springboot4
12:10:00 PM  1000   3409850    6.00    6.00    0.00    0.00   12.00     4  springboot4
12:10:01 PM  1000   3409850  224.00  115.00    0.00    0.00  339.00     4  springboot4
12:10:02 PM  1000   3409850  242.00  125.00    0.00    0.00  367.00     4  springboot4
12:10:03 PM  1000   3409850  244.00  127.00    0.00    0.00  371.00     4  springboot4
12:10:04 PM  1000   3409850  239.00  128.00    0.00    0.00  367.00     4  springboot4
12:10:05 PM  1000   3409850  238.00  134.00    0.00    0.00  372.00     4  springboot4
12:10:06 PM  1000   3409850  244.00  116.00    0.00    0.00  360.00     4  springboot4
12:10:07 PM  1000   3409850  243.00  129.00    0.00    0.00  372.00     4  springboot4
12:10:08 PM  1000   3409850  238.00  126.00    0.00    0.00  364.00     4  springboot4
12:10:09 PM  1000   3409850  241.00  132.00    0.00    0.00  373.00     4  springboot4
12:10:10 PM  1000   3409850  240.00  124.00    0.00    0.00  364.00     4  springboot4
12:10:11 PM  1000   3409850  236.00  128.00    0.00    0.00  364.00     4  springboot4
12:10:12 PM  1000   3409850  246.00  127.00    0.00    0.00  373.00     4  springboot4
12:10:13 PM  1000   3409850  241.00  124.00    0.00    0.00  365.00     4  springboot4
12:10:14 PM  1000   3409850  237.00  134.00    0.00    0.00  371.00     4  springboot4
12:10:15 PM  1000   3409850  242.00  120.00    0.00    0.00  362.00     4  springboot4
12:10:16 PM  1000   3409850  242.00  130.00    0.00    0.00  372.00     4  springboot4
12:10:17 PM  1000   3409850  245.00  119.00    0.00    0.00  364.00     4  springboot4
12:10:18 PM  1000   3409850  238.00  127.00    0.00    0.00  365.00     4  springboot4
12:10:19 PM  1000   3409850  239.00  130.00    0.00    0.00  369.00     4  springboot4
12:10:20 PM  1000   3409850  242.00  123.00    0.00    0.00  365.00     4  springboot4
12:10:21 PM  1000   3409850  241.00  130.00    0.00    0.00  371.00     4  springboot4
12:10:22 PM  1000   3409850  240.00  124.00    0.00    0.00  364.00     4  springboot4
12:10:23 PM  1000   3409850  235.00  127.00    0.00    0.00  362.00     4  springboot4
12:10:24 PM  1000   3409850  245.00  127.00    0.00    0.00  372.00     4  springboot4
12:10:25 PM  1000   3409850  239.00  124.00    0.00    0.00  363.00     4  springboot4
12:10:26 PM  1000   3409850  242.00  123.00    0.00    0.00  365.00     4  springboot4
12:10:27 PM  1000   3409850  244.00  127.00    0.00    0.00  371.00     4  springboot4
12:10:28 PM  1000   3409850  242.00  123.00    0.00    0.00  365.00     4  springboot4
12:10:29 PM  1000   3409850  242.00  127.00    0.00    0.00  369.00     4  springboot4
12:10:30 PM  1000   3409850  242.00  123.00    0.00    0.00  365.00     4  springboot4
12:10:31 PM  1000   3409850  238.00  124.00    0.00    0.00  362.00     4  springboot4
12:10:32 PM  1000   3409850  245.00  128.00    0.00    0.00  373.00     2  springboot4
12:10:33 PM  1000   3409850  235.00  127.00    0.00    0.00  362.00     2  springboot4
12:10:34 PM  1000   3409850  243.00  129.00    0.00    0.00  372.00     2  springboot4
12:10:35 PM  1000   3409850  236.00  127.00    0.00    0.00  363.00     2  springboot4
12:10:36 PM  1000   3409850  244.00  130.00    0.00    0.00  374.00     2  springboot4
12:10:37 PM  1000   3409850  233.00  130.00    0.00    0.00  363.00     2  springboot4
12:10:38 PM  1000   3409850  243.00  119.00    0.00    0.00  362.00     2  springboot4
12:10:39 PM  1000   3409850  244.00  129.00    0.00    0.00  373.00     2  springboot4
12:10:40 PM  1000   3409850  239.00  124.00    0.00    0.00  363.00     2  springboot4
12:10:41 PM  1000   3409850  244.00  127.00    0.00    0.00  371.00     2  springboot4
12:10:42 PM  1000   3409850  238.00  126.00    0.00    0.00  364.00     2  springboot4
12:10:43 PM  1000   3409850  237.00  127.00    0.00    0.00  364.00     2  springboot4
12:10:44 PM  1000   3409850  243.00  129.00    0.00    0.00  372.00     2  springboot4
12:10:45 PM  1000   3409850  235.00  128.00    0.00    0.00  363.00     2  springboot4
12:10:46 PM  1000   3409850  249.00  124.00    0.00    0.00  373.00     2  springboot4
12:10:47 PM  1000   3409850  232.00  130.00    0.00    0.00  362.00     2  springboot4
12:10:48 PM  1000   3409850  236.00  134.00    0.00    0.00  370.00     2  springboot4
12:10:49 PM  1000   3409850  232.00  131.00    0.00    0.00  363.00     2  springboot4
12:10:50 PM  1000   3409850  242.00  123.00    0.00    0.00  365.00     2  springboot4
12:10:51 PM  1000   3409850  241.00  128.00    0.00    0.00  369.00     2  springboot4
12:10:52 PM  1000   3409850  243.00  122.00    0.00    0.00  365.00     2  springboot4
12:10:53 PM  1000   3409850  234.00  127.00    0.00    0.00  361.00     2  springboot4
12:10:54 PM  1000   3409850  238.00  132.00    0.00    0.00  370.00     2  springboot4
12:10:55 PM  1000   3409850  236.00  130.00    0.00    0.00  366.00     2  springboot4
12:10:56 PM  1000   3409850  239.00  131.00    0.00    0.00  370.00     2  springboot4
12:10:57 PM  1000   3409850  238.00  127.00    0.00    0.00  365.00     2  springboot4
12:10:58 PM  1000   3409850  250.00  117.00    0.00    0.00  367.00     2  springboot4
12:10:59 PM  1000   3409850  256.00  118.00    0.00    0.00  374.00     2  springboot4
12:11:00 PM  1000   3409850  257.00  112.00    0.00    0.00  369.00     2  springboot4
12:11:01 PM  1000   3409850  258.00  117.00    0.00    0.00  375.00     2  springboot4
12:11:02 PM  1000   3409850  258.00  105.00    0.00    0.00  363.00     2  springboot4
12:11:03 PM  1000   3409850  246.00  128.00    0.00    0.00  374.00     2  springboot4
12:11:04 PM  1000   3409850  242.00  122.00    0.00    0.00  364.00     2  springboot4
12:11:05 PM  1000   3409850  238.00  124.00    0.00    0.00  362.00     2  springboot4
12:11:06 PM  1000   3409850  237.00  135.00    0.00    0.00  372.00     2  springboot4
12:11:07 PM  1000   3409850  240.00  122.00    0.00    0.00  362.00     2  springboot4
12:11:08 PM  1000   3409850  249.00  124.00    0.00    0.00  373.00     2  springboot4
12:11:09 PM  1000   3409850  236.00  125.00    0.00    0.00  361.00     2  springboot4
12:11:10 PM  1000   3409850  237.00  128.00    0.00    0.00  365.00     2  springboot4
12:11:11 PM  1000   3409850  244.00  128.00    0.00    0.00  372.00     2  springboot4
12:11:12 PM  1000   3409850  234.00  129.00    0.00    0.00  363.00     2  springboot4
12:11:13 PM  1000   3409850  238.00  132.00    0.00    0.00  370.00     2  springboot4
12:11:14 PM  1000   3409850  237.00  128.00    0.00    0.00  365.00     2  springboot4
12:11:15 PM  1000   3409850  238.00  134.00    0.00    0.00  372.00     2  springboot4
12:11:16 PM  1000   3409850  236.00  126.00    0.00    0.00  362.00     2  springboot4
12:11:17 PM  1000   3409850  234.00  130.00    0.00    0.00  364.00     2  springboot4
12:11:18 PM  1000   3409850  245.00  124.00    0.00    0.00  369.00     2  springboot4
12:11:19 PM  1000   3409850  236.00  129.00    0.00    0.00  365.00     2  springboot4
12:11:20 PM  1000   3409850  235.00  127.00    0.00    0.00  362.00     2  springboot4
12:11:21 PM  1000   3409850  242.00  130.00    0.00    0.00  372.00     2  springboot4
12:11:22 PM  1000   3409850  240.00  125.00    0.00    0.00  365.00     2  springboot4
12:11:23 PM  1000   3409850  243.00  125.00    0.00    0.00  368.00     2  springboot4
12:11:24 PM  1000   3409850  235.00  129.00    0.00    0.00  364.00     2  springboot4
12:11:25 PM  1000   3409850  236.00  129.00    0.00    0.00  365.00     2  springboot4
12:11:26 PM  1000   3409850  241.00  130.00    0.00    0.00  371.00     2  springboot4
12:11:27 PM  1000   3409850  241.00  124.00    0.00    0.00  365.00     2  springboot4
12:11:28 PM  1000   3409850  241.00  128.00    0.00    0.00  369.00     2  springboot4
12:11:29 PM  1000   3409850  234.00  131.00    0.00    0.00  365.00     2  springboot4
12:11:30 PM  1000   3409850  239.00  125.00    0.00    0.00  364.00     2  springboot4
12:11:31 PM  1000   3409850  242.00  129.00    0.00    0.00  371.00     2  springboot4
12:11:32 PM  1000   3409850  241.00  124.00    0.00    0.00  365.00     2  springboot4
12:11:33 PM  1000   3409850  247.00  126.00    0.00    0.00  373.00     2  springboot4
12:11:34 PM  1000   3409850  234.00  127.00    0.00    0.00  361.00     2  springboot4
12:11:35 PM  1000   3409850  233.00  130.00    0.00    0.00  363.00     2  springboot4
12:11:36 PM  1000   3409850  250.00  122.00    0.00    0.00  372.00     2  springboot4
12:11:37 PM  1000   3409850  235.00  127.00    0.00    0.00  362.00     2  springboot4
12:11:38 PM  1000   3409850  244.00  128.00    0.00    0.00  372.00     2  springboot4
12:11:39 PM  1000   3409850  237.00  126.00    0.00    0.00  363.00     2  springboot4
12:11:40 PM  1000   3409850  236.00  126.00    0.00    0.00  362.00     2  springboot4
12:11:41 PM  1000   3409850  245.00  125.00    0.00    0.00  370.00     2  springboot4
12:11:42 PM  1000   3409850  240.00  124.00    0.00    0.00  364.00     2  springboot4
12:11:43 PM  1000   3409850  242.00  127.00    0.00    0.00  369.00     2  springboot4
12:11:44 PM  1000   3409850  240.00  126.00    0.00    0.00  366.00     2  springboot4
12:11:45 PM  1000   3409850  234.00  129.00    0.00    0.00  363.00     2  springboot4
12:11:46 PM  1000   3409850  241.00  130.00    0.00    0.00  371.00     2  springboot4
12:11:47 PM  1000   3409850  240.00  124.00    0.00    0.00  364.00     2  springboot4
12:11:48 PM  1000   3409850  252.00  120.00    0.00    0.00  372.00     2  springboot4
12:11:49 PM  1000   3409850  261.00  106.00    0.00    0.00  367.00     2  springboot4
12:11:50 PM  1000   3409850  257.00  109.00    0.00    0.00  366.00     2  springboot4
12:11:51 PM  1000   3409850  240.00  138.00    0.00    0.00  378.00     2  springboot4
12:11:52 PM  1000   3409850  250.00  125.00    0.00    0.00  375.00     2  springboot4
12:11:53 PM  1000   3409850  236.00  127.00    0.00    0.00  363.00     2  springboot4
12:11:54 PM  1000   3409850  235.00  129.00    0.00    0.00  364.00     2  springboot4
12:11:55 PM  1000   3409850  233.00  136.00    0.00    0.00  369.00     2  springboot4
12:11:56 PM  1000   3409850  239.00  126.00    0.00    0.00  365.00     2  springboot4
12:11:57 PM  1000   3409850  239.00  124.00    0.00    0.00  363.00     2  springboot4
12:11:58 PM  1000   3409850  240.00  130.00    0.00    0.00  370.00     2  springboot4
12:11:59 PM  1000   3409850  235.00  128.00    0.00    0.00  363.00     2  springboot4
12:12:00 PM  1000   3409850  244.00  127.00    0.00    0.00  371.00     2  springboot4
12:12:01 PM  1000   3409850  238.00  126.00    0.00    0.00  364.00     2  springboot4
12:12:02 PM  1000   3409850  237.00  134.00    0.00    0.00  371.00     2  springboot4
12:12:03 PM  1000   3409850  238.00  124.00    0.00    0.00  362.00     2  springboot4
12:12:04 PM  1000   3409850  237.00  127.00    0.00    0.00  364.00     2  springboot4
12:12:05 PM  1000   3409850  242.00  128.00    0.00    0.00  370.00     2  springboot4
12:12:06 PM  1000   3409850  238.00  122.00    0.00    0.00  360.00     2  springboot4
12:12:07 PM  1000   3409850    0.00    0.00    0.00    0.00    0.00     2  springboot4
12:12:08 PM  1000   3409850    0.00    0.00    0.00    0.00    0.00     2  springboot4
12:12:09 PM  1000   3409850    0.00    0.00    0.00    0.00    0.00     2  springboot4
12:12:10 PM  1000   3409850    0.00    0.00    0.00    0.00    0.00     2  springboot4
12:12:11 PM  1000   3409850    0.00    0.00    0.00    0.00    0.00     2  springboot4
12:12:12 PM  1000   3409850    0.00    0.00    0.00    0.00    0.00     2  springboot4
12:12:13 PM  1000   3409850    0.00    0.00    0.00    0.00    0.00     2  springboot4
12:12:14 PM  1000   3409850    0.00    0.00    0.00    0.00    0.00     2  springboot4
12:12:15 PM  1000   3409850    0.00    0.00    0.00    0.00    0.00     2  springboot4
12:12:16 PM  1000   3409850    0.00    0.00    0.00    0.00    0.00     2  springboot4
12:12:17 PM  1000   3409850    0.00    0.00    0.00    0.00    0.00     2  springboot4
12:12:18 PM  1000   3409850    0.00    0.00    0.00    0.00    0.00     2  springboot4
12:12:19 PM  1000   3409850    0.00    0.00    0.00    0.00    0.00     2  springboot4
12:12:20 PM  1000   3409850    0.00    0.00    0.00    0.00    0.00     2  springboot4
12:12:21 PM  1000   3409850    0.00    0.00    0.00    0.00    0.00     2  springboot4
12:12:22 PM  1000   3409850    0.00    0.00    0.00    0.00    0.00     2  springboot4
12:12:23 PM  1000   3409850    0.00    0.00    0.00    0.00    0.00     2  springboot4
12:12:24 PM  1000   3409850    0.00    0.00    0.00    0.00    0.00     2  springboot4
12:12:25 PM  1000   3409850    0.00    0.00    0.00    0.00    0.00     2  springboot4
12:12:26 PM  1000   3409850    0.00    0.00    0.00    0.00    0.00     2  springboot4
12:12:27 PM  1000   3409850    0.00    0.00    0.00    0.00    0.00     2  springboot4
12:12:28 PM  1000   3409850    0.00    0.00    0.00    0.00    0.00     2  springboot4
12:12:29 PM  1000   3409850    0.00    0.00    0.00    0.00    0.00     2  springboot4
12:12:30 PM  1000   3409850    0.00    0.00    0.00    0.00    0.00     2  springboot4
12:12:31 PM  1000   3409850    0.00    0.00    0.00    0.00    0.00     2  springboot4
12:12:32 PM  1000   3409850    0.00    0.00    0.00    0.00    0.00     2  springboot4
12:12:33 PM  1000   3409850    0.00    0.00    0.00    0.00    0.00     2  springboot4
12:12:34 PM  1000   3409850    0.00    0.00    0.00    0.00    0.00     2  springboot4
12:12:35 PM  1000   3409850    0.00    0.00    0.00    0.00    0.00     2  springboot4
12:12:36 PM  1000   3409850    0.00    0.00    0.00    0.00    0.00     2  springboot4
12:12:37 PM  1000   3409850    0.00    0.00    0.00    0.00    0.00     2  springboot4
12:12:38 PM  1000   3409850    0.00    0.00    0.00    0.00    0.00     2  springboot4
12:12:39 PM  1000   3409850    0.00    0.00    0.00    0.00    0.00     2  springboot4
12:12:40 PM  1000   3409850    0.00    0.00    0.00    0.00    0.00     2  springboot4
12:12:41 PM  1000   3409850   55.00   29.00    0.00    0.00   84.00     2  springboot4
12:12:42 PM  1000   3409850  234.00  129.00    0.00    0.00  363.00     2  springboot4
12:12:43 PM  1000   3409850  236.00  131.00    0.00    0.00  367.00     2  springboot4
12:12:44 PM  1000   3409850  240.00  126.00    0.00    0.00  366.00     2  springboot4
12:12:45 PM  1000   3409850  243.00  126.00    0.00    0.00  369.00     2  springboot4
12:12:46 PM  1000   3409850  240.00  126.00    0.00    0.00  366.00     2  springboot4
12:12:47 PM  1000   3409850  240.00  121.00    0.00    0.00  361.00     2  springboot4
12:12:48 PM  1000   3409850  239.00  125.00    0.00    0.00  364.00     2  springboot4
12:12:49 PM  1000   3409850  244.00  126.00    0.00    0.00  370.00     2  springboot4
12:12:50 PM  1000   3409850  239.00  126.00    0.00    0.00  365.00     2  springboot4
12:12:51 PM  1000   3409850  236.00  128.00    0.00    0.00  364.00     2  springboot4
12:12:52 PM  1000   3409850  240.00  130.00    0.00    0.00  370.00     2  springboot4
12:12:53 PM  1000   3409850  239.00  126.00    0.00    0.00  365.00     2  springboot4
12:12:54 PM  1000   3409850  232.00  134.00    0.00    0.00  366.00     2  springboot4
12:12:55 PM  1000   3409850  241.00  128.00    0.00    0.00  369.00     2  springboot4
12:12:56 PM  1000   3409850  242.00  123.00    0.00    0.00  365.00     2  springboot4
12:12:57 PM  1000   3409850  235.00  127.00    0.00    0.00  362.00     2  springboot4
12:12:58 PM  1000   3409850  242.00  127.00    0.00    0.00  369.00     2  springboot4
12:12:59 PM  1000   3409850  240.00  128.00    0.00    0.00  368.00     2  springboot4
12:13:00 PM  1000   3409850  237.00  125.00    0.00    0.00  362.00     2  springboot4
12:13:01 PM  1000   3409850  242.00  124.00    0.00    0.00  366.00     2  springboot4
12:13:02 PM  1000   3409850  238.00  125.00    0.00    0.00  363.00     2  springboot4
12:13:03 PM  1000   3409850  243.00  129.00    0.00    0.00  372.00     2  springboot4
12:13:04 PM  1000   3409850  240.00  125.00    0.00    0.00  365.00     2  springboot4
12:13:05 PM  1000   3409850  241.00  123.00    0.00    0.00  364.00     2  springboot4
12:13:06 PM  1000   3409850  240.00  130.00    0.00    0.00  370.00     2  springboot4
12:13:07 PM  1000   3409850  243.00  122.00    0.00    0.00  365.00     2  springboot4
12:13:08 PM  1000   3409850  244.00  122.00    0.00    0.00  366.00     2  springboot4
12:13:09 PM  1000   3409850  239.00  127.00    0.00    0.00  366.00     2  springboot4
12:13:10 PM  1000   3409850  241.00  130.00    0.00    0.00  371.00     2  springboot4
12:13:11 PM  1000   3409850  244.00  121.00    0.00    0.00  365.00     2  springboot4
12:13:12 PM  1000   3409850  241.00  123.00    0.00    0.00  364.00     2  springboot4
12:13:13 PM  1000   3409850  238.00  127.00    0.00    0.00  365.00     2  springboot4
12:13:14 PM  1000   3409850  238.00  131.00    0.00    0.00  369.00     2  springboot4
12:13:15 PM  1000   3409850  239.00  128.00    0.00    0.00  367.00     2  springboot4
12:13:16 PM  1000   3409850  237.00  128.00    0.00    0.00  365.00     2  springboot4
12:13:17 PM  1000   3409850  199.00  103.00    0.00    0.00  302.00     2  springboot4
12:13:18 PM  1000   3409850    0.00    0.00    0.00    0.00    0.00     2  springboot4
12:13:19 PM  1000   3409850    0.00    0.00    0.00    0.00    0.00     2  springboot4
12:13:20 PM  1000   3409850    0.00    0.00    0.00    0.00    0.00     2  springboot4
