procs -----------memory---------- ---swap-- -----io---- -system-- ------cpu-----
 r  b   swpd   free   buff  cache   si   so    bi    bo   in   cs us sy id wa st
 1  0   1768 390899776      0 294424    0    0     2     1    0    0  0  0 100  0  0
 0  0   1768 390844224      0 337636    0    0 43516     0 3685 4200  0  0 99  0  0
 1  0   1768 390825376      0 337732    0    0    80   904 7007 4145  0  1 99  0  0
 2  0   1768 390754048      0 339656    0    0  1928    12 7057 4934  2  0 98  0  0
 1  0   1768 390699136      0 356288    0    0 18600     4 4749 7123  3  0 97  0  0
 2  0   1768 390624064      0 366056    0    0 12032    32 4087 4966  3  0 97  0  0
 0  0   1768 390619552      0 366648    0    0   364     4  539  457  0  0 100  0  0
 8  0   1768 390515360      0 370268    0    0  3604     0 7109 13865  5  0 95  0  0
 8  0   1768 390418368      0 370524    0    0     4   480 10359 26753  7  1 93  0  0
 9  0   1768 390269536      0 370576    0    0     0     8 13476 52747  7  1 92  0  0
 9  0   1768 390180672      0 370592    0    0     8     4 20355 97192  8  1 91  0  0
 8  0   1768 390173888      0 370700    0    0    44    44 20981 105494  7  1 92  0  0
 7  0   1768 390157280      0 370756    0    0    52     4 20717 106713  6  1 92  0  0
13  0   1768 390149984      0 370816    0    0    52     0 25904 136600  7  2 92  0  0
 8  0   1768 390154144      0 370820    0    0     0     8 29626 153970  6  2 92  0  0
 8  0   1768 390157376      0 370828    0    0     0     0 33620 176507  6  2 91  0  0
 9  0   1768 390156352      0 370836    0    0     0     4 42930 218374  6  3 91  0  0
 9  0   1768 390153152      0 370840    0    0     0    40 56675 255559  6  3 90  0  0
 7  0   1768 390156288      0 370852    0    0     0     4 68215 286457  6  4 90  0  0
 8  0   1768 390148512      0 370856    0    0     0     0 83180 350725  6  5 89  0  0
11  0   1768 390146880      0 370864    0    0     0    40 83448 355889  6  5 89  0  0
procs -----------memory---------- ---swap-- -----io---- -system-- ------cpu-----
 r  b   swpd   free   buff  cache   si   so    bi    bo   in   cs us sy id wa st
 9  0   1768 390164768      0 373656    0    0     0    80 90992 380707  6  6 88  0  0
 8  0   1768 390165824      0 373664    0    0     0     4 90146 382218  6  6 88  0  0
 7  0   1768 390172608      0 373668    0    0     0    40 86641 372495  6  6 88  0  0
 9  0   1768 390175872      0 373676    0    0     0     4 84705 378499  6  5 88  0  0
 8  0   1768 390181056      0 373684    0    0     0     4 89948 392327  6  6 88  0  0
 6  0   1768 390191296      0 373692    0    0     0     0 90309 382892  6  6 88  0  0
11  0   1768 390193600      0 373700    0    0     0     8 91247 391529  6  6 88  0  0
10  0   1768 390204992      0 373768    0    0    52    36 92391 391471  6  6 88  0  0
 9  0   1768 390205504      0 373776    0    0     0    44 85978 377942  6  6 88  0  0
 9  0   1768 390206816      0 373780    0    0     0     4 91856 381762  6  6 88  0  0
 7  0   1768 390216096      0 373868    0    0     0     0 87431 381435  6  6 88  0  0
 7  0   1768 390214016      0 373876    0    0     8   796 89252 384203  6  6 88  0  0
 8  0   1768 390221376      0 373880    0    0     0     0 90421 384586  6  6 88  0  0
13  0   1768 390231552      0 373892    0    0     0     8 87016 386204  6  6 88  0  0
 8  0   1768 390233696      0 373896    0    0     0    40 88736 375802  6  6 88  0  0
 6  0   1768 390236416      0 373904    0    0     0     4 90965 392032  6  6 88  0  0
 5  0   1768 390241344      0 373844    0    0     8     0 90836 383736  6  6 88  0  0
 9  0   1768 390238464      0 373852    0    0    48   312 89792 392395  6  6 88  0  0
 9  0   1768 390233024      0 373856    0    0     0     0 91279 383486  6  6 88  0  0
 6  0   1768 390239872      0 373864    0    0     0     4 91610 383978  6  6 88  0  0
12  0   1768 390236864      0 373944    0    0     0    44 95518 388220  6  6 88  0  0
procs -----------memory---------- ---swap-- -----io---- -system-- ------cpu-----
 r  b   swpd   free   buff  cache   si   so    bi    bo   in   cs us sy id wa st
 9  0   1768 390247424      0 373948    0    0     0     8 90668 378016  6  6 88  0  0
10  0   1768 390254912      0 373948    0    0     0     8 89617 375625  6  6 88  0  0
 9  0   1768 390251712      0 373948    0    0     0     0 90283 383664  6  6 88  0  0
10  0   1768 390252128      0 373948    0    0     0     0 88073 383602  6  6 88  0  0
 9  0   1768 390251712      0 373948    0    0     0     4 87819 375816  6  6 88  0  0
 9  0   1768 390258624      0 373948    0    0     0     0 91571 387360  6  6 88  0  0
 8  0   1768 390256064      0 373948    0    0     0     8 89319 380957  6  6 88  0  0
 8  0   1768 390258848      0 374004    0    0     0     4 92673 383841  6  6 88  0  0
 8  0   1768 390255008      0 374012    0    0     0   336 90496 382338  6  6 88  0  0
 9  0   1768 390256736      0 374092    0    0     0   524 89868 385375  6  6 88  0  0
 5  0   1768 390269920      0 374100    0    0     0     8 87367 386432  6  6 88  0  0
 6  0   1768 390269696      0 374104    0    0     0     0 91080 391928  6  6 88  0  0
11  0   1768 390264864      0 374112    0    0     0     4 90355 382455  6  6 88  0  0
 6  0   1768 390265728      0 374120    0    0     0     0 90705 388275  6  6 88  0  0
12  0   1768 390265248      0 374124    0    0     0     8 90774 381258  6  6 88  0  0
 8  0   1768 390266368      0 374132    0    0     0     0 91288 385484  6  6 88  0  0
11  0   1768 390270240      0 374136    0    0     0     4 89839 378500  6  6 88  0  0
 7  0   1768 390270816      0 374148    0    0     0    12 89435 382157  6  5 88  0  0
13  0   1768 390267392      0 374064    0    0     0     4 90164 381844  6  6 88  0  0
 8  0   1768 390274976      0 374148    0    0     0     0 89959 377850  6  6 88  0  0
13  0   1768 390275552      0 374152    0    0     0     8 87154 391007  6  5 88  0  0
procs -----------memory---------- ---swap-- -----io---- -system-- ------cpu-----
 r  b   swpd   free   buff  cache   si   so    bi    bo   in   cs us sy id wa st
10  0   1768 390273376      0 374160    0    0     0     0 86579 380782  6  6 88  0  0
10  0   1768 390268640      0 374168    0    0     0     4 91309 379939  6  6 88  0  0
 2  0   1768 390268512      0 374172    0    0     0     0 90405 388362  6  6 88  0  0
11  0   1768 390266464      0 374180    0    0     0     4 86575 372403  6  5 88  0  0
10  0   1768 390268032      0 374188    0    0     0     8 88580 383707  6  6 88  0  0
10  0   1768 390270944      0 374200    0    0    20     0 91977 389832  6  6 88  0  0
 7  0   1768 390275968      0 374204    0    0     0    12 90235 384199  6  6 88  0  0
 8  0   1768 390273920      0 374212    0    0     0     4 88818 375524  6  6 88  0  0
 9  0   1768 390272928      0 374188    0    0     0     0 91142 390774  6  6 88  0  0
12  0   1768 390269152      0 374188    0    0     0     4 87435 390233  6  6 88  0  0
 9  0   1768 390267520      0 374188    0    0     0   496 91718 379737  6  6 88  0  0
 8  0   1768 390268416      0 374188    0    0     0     4 90885 385589  6  6 88  0  0
 6  0   1768 390271712      0 374188    0    0     0     0 91435 383441  6  6 88  0  0
 9  0   1768 390274432      0 374188    0    0     0     4 89451 378437  6  6 88  0  0
10  0   1768 390274848      0 374188    0    0     0     0 91744 384197  6  6 88  0  0
13  0   1768 390272288      0 374188    0    0     0     4 90940 386663  6  6 88  0  0
 7  0   1768 390270240      0 374188    0    0     0     0 89370 381286  6  6 88  0  0
 9  0   1768 390272800      0 374188    0    0     0   168 90699 384777  6  6 88  0  0
 9  0   1768 390275456      0 374792    0    0     0    20 85891 386509  6  6 88  0  0
 8  0   1768 390271488      0 374800    0    0     0     4 94053 390568  6  6 88  0  0
12  0   1768 390274176      0 374808    0    0     0     4 90594 391368  6  6 88  0  0
procs -----------memory---------- ---swap-- -----io---- -system-- ------cpu-----
 r  b   swpd   free   buff  cache   si   so    bi    bo   in   cs us sy id wa st
12  0   1768 390274496      0 374816    0    0     0     4 90521 377308  6  6 88  0  0
11  0   1768 390271776      0 374820    0    0     0     8 92388 387369  6  6 88  0  0
 7  0   1768 390274336      0 374832    0    0     0     0 88920 390459  6  6 88  0  0
 9  0   1768 390270880      0 374840    0    0     0     0 90377 379443  6  6 88  0  0
 7  0   1768 390274080      0 374844    0    0     0     4 92158 390387  6  6 88  0  0
11  0   1768 390272000      0 374852    0    0     0    12 93786 392241  6  6 88  0  0
 8  0   1768 390272544      0 374856    0    0     0     8 89601 382185  6  6 88  0  0
10  0   1768 390270112      0 374944    0    0     0     8 93071 387399  6  6 88  0  0
 9  0   1768 390268032      0 374944    0    0     0     0 89792 384546  6  6 88  0  0
11  0   1768 390266944      0 374944    0    0     0     0 93222 387592  6  6 88  0  0
 9  0   1768 390266112      0 374944    0    0     0     4 90691 387735  6  6 88  0  0
10  0   1768 390262944      0 374944    0    0     0     0 89357 383750  6  5 88  0  0
10  0   1768 390260192      0 374944    0    0     0     4 88662 393066  6  6 88  0  0
 9  0   1768 390271840      0 374944    0    0     0     0 91653 384693  6  6 88  0  0
 9  0   1768 390270816      0 374944    0    0     0     4 94503 384801  6  6 88  0  0
 7  0   1768 390266752      0 374944    0    0     0     0 91071 379412  6  6 88  0  0
12  0   1768 390265344      0 374944    0    0     0    20 89812 375925  6  6 88  0  0
10  0   1768 390263616      0 375016    0    0     0     0 90637 388379  6  6 88  0  0
11  0   1768 390265184      0 375092    0    0     0     4 94093 387187  6  6 88  0  0
12  0   1768 390265632      0 375100    0    0     0     0 90749 383969  6  6 88  0  0
16  0   1768 390260576      0 375104    0    0    24   212 89997 387017  6  6 88  0  0
procs -----------memory---------- ---swap-- -----io---- -system-- ------cpu-----
 r  b   swpd   free   buff  cache   si   so    bi    bo   in   cs us sy id wa st
 7  0   1768 390257472      0 375112    0    0     0     0 94503 389248  6  6 88  0  0
 8  0   1768 390257152      0 375116    0    0     0     4 86958 383001  6  6 88  0  0
14  0   1768 390262176      0 375128    0    0     0     0 91192 381828  6  6 88  0  0
10  0   1768 390260096      0 375036    0    0     0     4 91998 384588  6  6 88  0  0
11  0   1768 390255520      0 375044    0    0     0     8 92000 391036  6  6 88  0  0
10  0   1768 390261184      0 375048    0    0     0    20 89331 387774  6  6 88  0  0
 7  0   1768 390259424      0 375128    0    0     0    36 93350 383461  6  6 88  0  0
10  0   1768 390256576      0 375136    0    0     0     4 92319 386615  6  6 88  0  0
11  0   1768 390259328      0 375140    0    0     0     0 90380 385459  6  6 88  0  0
 8  0   1768 390255424      0 375148    0    0     0   764 90623 384588  6  6 88  0  0
10  0   1768 390254464      0 375156    0    0     0     0 88608 379534  6  6 88  0  0
10  0   1768 390247616      0 375164    0    0     0     8 90814 384568  6  6 88  0  0
14  0   1768 390248896      0 375168    0    0     0     0 93015 385824  6  6 88  0  0
 9  0   1768 390246784      0 375176    0    0     0     4 92698 391638  6  6 88  0  0
 9  0   1768 390240064      0 375184    0    0     0    80 83136 346811  6  5 89  0  0
11  0   1768 390236544      0 375188    0    0     0    20 90927 383972  6  6 88  0  0
12  0   1768 390237440      0 375272    0    0     0     0 87038 370674  6  6 88  0  0
11  0   1768 390237280      0 375276    0    0     0     4 92304 389812  6  6 88  0  0
10  0   1768 390235296      0 375288    0    0     0     0 90989 379523  6  6 88  0  0
11  0   1768 390229504      0 375292    0    0     0     4 88749 380238  6  6 88  0  0
10  0   1768 390239232      0 375300    0    0     0     0 91370 378668  6  6 88  0  0
procs -----------memory---------- ---swap-- -----io---- -system-- ------cpu-----
 r  b   swpd   free   buff  cache   si   so    bi    bo   in   cs us sy id wa st
14  0   1768 390235520      0 375304    0    0     0     4 88166 376218  6  6 88  0  0
11  0   1768 390234240      0 375312    0    0     0     0 88662 383116  6  6 88  0  0
 6  0   1768 390232704      0 375320    0    0     0     8 87067 388714  6  6 88  0  0
 6  0   1768 390234752      0 375328    0    0     0     0 90238 382841  6  6 88  0  0
 9  0   1768 390238656      0 375336    0    0     0    16 86046 386073  6  6 88  0  0
10  0   1768 390234112      0 375416    0    0     0     0 90281 381268  6  6 88  0  0
10  0   1768 390233216      0 375424    0    0     0     8 91166 379815  6  6 88  0  0
 0  0   1768 390228416      0 375720    0    0    88     8 19909 81097  3  1 96  0  0
 0  0   1768 390333856      0 375596    0    0    32     4  425  577  0  0 100  0  0
 0  0   1768 390334336      0 375604    0    0     0   200  289  431  0  0 100  0  0
 0  0   1768 390334592      0 375608    0    0     0    68  227  303  0  0 100  0  0
 0  0   1768 390335104      0 375616    0    0     0     0  197  228  0  0 100  0  0
 0  0   1768 390335104      0 375620    0    0     0     8  194  236  0  0 100  0  0
 0  0   1768 390335360      0 375632    0    0     0     0  242  350  0  0 100  0  0
 0  0   1768 390335360      0 375636    0    0     0     8  181  226  0  0 100  0  0
 0  0   1768 390340704      0 376168    0    0     0   412  668  520  0  0 100  0  0
 0  0   1768 390340704      0 376176    0    0     0    24  188  263  0  0 100  0  0
 0  0   1768 390341472      0 376116    0    0     0     0  209  332  0  0 100  0  0
 0  0   1768 390341472      0 376124    0    0     0     4  131  172  0  0 100  0  0
 0  0   1768 390341248      0 376128    0    0     0     4  179  222  0  0 100  0  0
 0  0   1768 390341248      0 376136    0    0     0     4  148  188  0  0 100  0  0
procs -----------memory---------- ---swap-- -----io---- -system-- ------cpu-----
 r  b   swpd   free   buff  cache   si   so    bi    bo   in   cs us sy id wa st
 0  0   1768 390341504      0 376144    0    0     0     0  206  320  0  0 100  0  0
 0  0   1768 390341504      0 376152    0    0     0     4  177  252  0  0 100  0  0
 0  0   1768 390341504      0 376156    0    0     0     0  128  164  0  0 100  0  0
 0  0   1768 390341760      0 376164    0    0     0     4  124  173  0  0 100  0  0
 0  0   1768 390343008      0 376252    0    0     0    24  626  466  0  0 100  0  0
 0  0   1768 390343008      0 376256    0    0     0     0  103  168  0  0 100  0  0
 0  0   1768 390343008      0 376264    0    0     0     4  140  183  0  0 100  0  0
 0  0   1768 390343008      0 376268    0    0     0     8  147  188  0  0 100  0  0
 0  0   1768 390343264      0 376280    0    0     0   756  202  318  0  0 100  0  0
 0  0   1768 390343744      0 376284    0    0     0     4  136  193  0  0 100  0  0
 0  0   1768 390343744      0 376292    0    0     0     8  165  188  0  0 100  0  0
 0  0   1768 390343744      0 376300    0    0     0     0  143  172  0  0 100  0  0
 0  0   1768 390344256      0 376304    0    0     0     0  203  310  0  0 100  0  0
 0  0   1768 390344256      0 376312    0    0     0     4  139  176  0  0 100  0  0
 0  0   1768 390344768      0 376388    0    0     0     0  426  292  0  0 100  0  0
 0  0   1768 390344768      0 376396    0    0     0     4  156  181  0  0 100  0  0
 0  0   1768 390344512      0 376404    0    0     0     0  246  340  0  0 100  0  0
 3  0   1768 390304480      0 376412    0    0     0     8 1300 2176  1  0 99  0  0
 1  0   1768 390277760      0 376912    0    0   496     0 3433 4442  3  0 96  0  0
 0  0   1768 390203712      0 377120    0    0     0   376 2894 2696  3  0 97  0  0
 3  0   1768 390180544      0 377228    0    0     0   196  889 1377  1  0 99  0  0
procs -----------memory---------- ---swap-- -----io---- -system-- ------cpu-----
 r  b   swpd   free   buff  cache   si   so    bi    bo   in   cs us sy id wa st
12  0   1768 390168192      0 377264    0    0     4     4 53852 225096  9  4 87  0  0
10  0   1768 390165888      0 377272    0    0     0     0 87074 351879  8  6 86  0  0
11  0   1768 390163328      0 377276    0    0     0     8 89392 394049  6  6 88  0  0
 6  0   1768 390169152      0 377364    0    0     0    36 91638 387994  6  6 88  0  0
10  0   1768 390166560      0 377368    0    0     0    28 90841 386594  6  6 88  0  0
11  0   1768 390163552      0 377380    0    0     0     0 89890 380302  6  6 88  0  0
 9  0   1768 390162240      0 377388    0    0     0     8 91983 382420  6  6 88  0  0
 6  0   1768 390158624      0 377392    0    0     0    12 90825 383998  6  6 88  0  0
 8  0   1768 390159904      0 377400    0    0     0     0 91142 387715  6  6 88  0  0
 8  0   1768 390162432      0 377404    0    0     0     0 91902 383217  6  6 88  0  0
11  0   1768 390158848      0 377412    0    0     0     4 94281 389994  6  6 88  0  0
 6  0   1768 390156928      0 377420    0    0     0     0 90315 383117  6  6 88  0  0
 8  0   1768 390157696      0 377428    0    0     0     4 90004 380394  6  6 88  0  0
10  0   1768 390153632      0 377504    0    0     0     0 91423 382314  6  6 88  0  0
 6  0   1768 390155584      0 377512    0    0     0    20 86528 384629  6  6 88  0  0
 9  0   1768 390153728      0 377520    0    0     0     0 92902 393760  6  6 88  0  0
 8  0   1768 390151552      0 377524    0    0     0     4 88750 386185  6  6 88  0  0
14  0   1768 390148672      0 377532    0    0     0     0 90215 382120  6  6 88  0  0
 7  0   1768 390148512      0 377536    0    0     0     4 92504 388574  6  6 88  0  0
 9  0   1768 390147104      0 377548    0    0     0     0 90389 385712  6  6 88  0  0
 8  0   1768 390143648      0 377552    0    0     0     8 91009 386811  6  6 88  0  0
procs -----------memory---------- ---swap-- -----io---- -system-- ------cpu-----
 r  b   swpd   free   buff  cache   si   so    bi    bo   in   cs us sy id wa st
 9  0   1768 390144736      0 377560    0    0     0     0 90296 388134  6  6 88  0  0
 8  0   1768 390144512      0 377568    0    0     0     4 93167 389685  6  6 88  0  0
11  0   1768 390141760      0 377644    0    0     0     0 85872 391403  6  6 88  0  0
 5  0   1768 390142720      0 377652    0    0     0     4 90876 389335  6  6 88  0  0
 8  0   1768 390140768      0 377656    0    0     0     4 87943 387536  6  6 88  0  0
 9  0   1768 390137920      0 377664    0    0     0     0 90827 389208  6  6 88  0  0
10  0   1768 390136768      0 377672    0    0     0     0 88154 387521  6  6 88  0  0
11  0   1768 390138432      0 377680    0    0     0   304 93238 381405  6  6 88  0  0
 6  0   1768 390136320      0 377684    0    0     0   392 92938 387219  6  6 88  0  0
10  0   1768 390139712      0 377692    0    0     0     4 90823 381750  6  6 88  0  0
10  0   1768 390138400      0 377700    0    0     0     8 89919 389166  6  6 88  0  0
 8  0   1768 390136672      0 377704    0    0     0     0 91790 385029  6  6 88  0  0
 9  0   1768 390138592      0 378240    0    0     0   292 89139 388832  6  6 88  0  0
 8  0   1768 390137408      0 378248    0    0     0   188 90025 377878  6  6 88  0  0
 7  0   1768 390136992      0 378264    0    0     0     0 93985 390189  6  6 88  0  0
 2  0   1768 390135680      0 378492    0    0    72     4 1166 1174  1  0 99  0  0
 0  0   1768 390135424      0 378336    0    0     4     0  478  662  0  0 100  0  0
 0  0   1768 390227680      0 378212    0    0     0     8  683  613  0  0 100  0  0
 0  0   1768 390226784      0 378216    0    0     0     0  669  649  0  0 100  0  0
 0  0   1768 390226784      0 378260    0    0    36     4  468  396  0  0 100  0  0
