procs -----------memory---------- ---swap-- -----io---- -system-- ------cpu-----
 r  b   swpd   free   buff  cache   si   so    bi    bo   in   cs us sy id wa st
 4  0   1768 391040448      0 293068    0    0     2     2    0    0  0  0 100  0  0
 3  0   1768 390961696      0 351904    0    0 59140     0 9154 6780  5  0 94  1  0
 4  0   1768 390942880      0 356228    0    0  4080   908 9402 7125  3  1 96  0  0
 5  0   1768 390902048      0 360824    0    0  4308     8 9489 5472  5  1 94  0  0
 2  0   1768 390879904      0 374380    0    0 15488   508 5081 6793  3  0 96  0  0
 2  0   1768 390789728      0 385312    0    0 13436    32 3974 5688  2  0 97  0  0
 0  0   1768 390753216      0 387052    0    0  1564     4 1346 1040  1  0 99  0  0
 7  0   1768 390706720      0 389840    0    0  2476   512 4836 12787  4  0 96  0  0
 8  0   1768 390702176      0 389852    0    0     4     0 8351 27604  6  1 93  0  0
 8  0   1768 390665152      0 390124    0    0   188     4 10093 34983  7  1 93  0  0
 8  0   1768 390662464      0 390128    0    0     0     0 12134 50861  7  1 92  0  0
 6  0   1768 390640032      0 390152    0    0    20    52 14131 67439  7  1 92  0  0
 7  0   1768 390635232      0 390080    0    0    48     4 17386 90214  7  2 92  0  0
 7  0   1768 390627680      0 390104    0    0     0     0 16683 83505  7  2 91  0  0
 6  0   1768 390615872      0 390120    0    0     0    92 16612 88994  6  2 92  0  0
 7  0   1768 390615872      0 390136    0    0     0     0 13624 83020  6  2 92  0  0
 6  0   1768 390612128      0 390144    0    0     0     4 14281 89523  6  2 92  0  0
 8  0   1768 390614112      0 390176    0    0     0    40 23080 120431  6  2 92  0  0
 7  0   1768 390617472      0 390188    0    0     0     4 20216 119239  6  2 92  0  0
 8  0   1768 390620544      0 390288    0    0     0     0 25109 134773  6  3 91  0  0
 7  0   1768 390622464      0 390272    0    0     0    12 26008 148701  6  3 91  0  0
procs -----------memory---------- ---swap-- -----io---- -system-- ------cpu-----
 r  b   swpd   free   buff  cache   si   so    bi    bo   in   cs us sy id wa st
 4  0   1768 390622656      0 390296    0    0     0     0 25454 145080  6  3 91  0  0
 6  0   1768 390624192      0 390316    0    0     0     4 26710 154151  6  3 91  0  0
 8  0   1768 390608800      0 390348    0    0     0    40 36178 194901  6  3 91  0  0
 8  0   1768 390617376      0 390380    0    0     0   128 44851 262463  6  5 90  0  0
 8  0   1768 390618624      0 390424    0    0     0    56 48148 292256  6  5 90  0  0
 6  0   1768 390621184      0 390456    0    0     0     0 45384 303002  6  5 90  0  0
10  0   1768 390625408      0 390500    0    0     0     0 46640 297531  6  5 90  0  0
 8  0   1768 390629472      0 390448    0    0    36    48 46545 302884  6  5 90  0  0
 4  0   1768 390636352      0 390488    0    0     0    44 45924 292741  6  5 90  0  0
 5  0   1768 390641376      0 390524    0    0     0     4 46396 299070  6  5 89  0  0
 5  0   1768 390645344      0 390572    0    0     0    12 46692 303066  6  5 90  0  0
 7  0   1768 390647456      0 390612    0    0     0     0 44796 296418  6  5 90  0  0
 6  0   1768 390650048      0 390648    0    0     0     0 46232 300455  6  5 90  0  0
 9  0   1768 390653056      0 390692    0    0     0    88 46473 300006  6  5 89  0  0
 8  0   1768 390655616      0 390700    0    0     0    40 47052 299717  6  5 90  0  0
 6  0   1768 390658272      0 390812    0    0     0     4 46645 298412  6  5 90  0  0
 6  0   1768 390662560      0 390844    0    0     0     0 46736 295360  6  5 90  0  0
 6  0   1768 390664864      0 390916    0    0    64   928 45193 302164  6  5 90  0  0
 6  0   1768 390668160      0 391020    0    0     0     0 46868 294507  6  5 90  0  0
 8  0   1768 390669888      0 391052    0    0     0     4 49791 297409  6  5 90  0  0
10  0   1768 390668320      0 391088    0    0     0     0 47573 302865  6  5 90  0  0
procs -----------memory---------- ---swap-- -----io---- -system-- ------cpu-----
 r  b   swpd   free   buff  cache   si   so    bi    bo   in   cs us sy id wa st
 7  0   1768 390668160      0 391120    0    0     0     4 43799 300046  6  5 90  0  0
 9  0   1768 390670944      0 391156    0    0     0     0 46525 295662  6  5 90  0  0
 7  0   1768 390669984      0 391188    0    0     0    96 45778 301039  6  5 90  0  0
 8  0   1768 390670240      0 391220    0    0     0     0 45856 300646  6  5 90  0  0
 7  0   1768 390674624      0 391328    0    0     0     4 45744 286853  6  5 90  0  0
 5  0   1768 390676096      0 391376    0    0     0     0 44595 296167  6  5 90  0  0
 2  0   1768 390677856      0 391324    0    0     0     8 45222 294463  6  5 90  0  0
 8  0   1768 390679712      0 391488    0    0     0    12 44581 293771  6  5 90  0  0
 7  0   1768 390682720      0 391468    0    0     0     0 44784 297872  6  5 90  0  0
 7  0   1768 390686784      0 391508    0    0     0     0 46329 298709  6  5 90  0  0
 8  0   1768 390686560      0 391484    0    0     0     8 44616 295890  6  5 90  0  0
 7  0   1768 390687808      0 391588    0    0     0     0 46302 299171  5  5 90  0  0
 9  0   1768 390690208      0 391664    0    0     0   440 46076 298765  6  5 90  0  0
 5  0   1768 390690816      0 391704    0    0     0   400 44792 302392  6  5 90  0  0
 4  0   1768 390692064      0 391744    0    0     0    12 46814 296873  6  5 89  0  0
 5  0   1768 390697696      0 391864    0    0     0     0 46656 306119  6  5 90  0  0
 7  0   1768 390702400      0 391936    0    0     0     4 47249 300622  6  5 90  0  0
 7  0   1768 390710240      0 392532    0    0     0    12 45016 303942  6  5 89  0  0
 8  0   1768 390710496      0 392564    0    0     0     4 46882 294568  6  5 90  0  0
 9  0   1768 390713952      0 392608    0    0    20     0 46519 295371  6  5 90  0  0
 9  0   1768 390716448      0 392680    0    0     0    12 45424 287548  6  5 89  0  0
procs -----------memory---------- ---swap-- -----io---- -system-- ------cpu-----
 r  b   swpd   free   buff  cache   si   so    bi    bo   in   cs us sy id wa st
 6  0   1768 390717984      0 392724    0    0     0     0 45180 296290  6  5 90  0  0
 6  0   1768 390716800      0 392764    0    0     0   536 47614 298430  6  5 90  0  0
 8  0   1768 390716288      0 392796    0    0     0     0 48121 305033  6  5 90  0  0
 8  0   1768 390716576      0 392840    0    0     0     4 45235 299940  6  5 89  0  0
 6  0   1768 390719072      0 392884    0    0     0   204 45233 305832  6  5 90  0  0
 9  0   1768 390718816      0 392924    0    0     0    12 43767 274989  6  4 90  0  0
 7  0   1768 390720192      0 392956    0    0     0  1032 46627 299714  6  5 90  0  0
 2  0   1768 390717952      0 392928    0    0     0     4 45920 305414  6  5 90  0  0
 6  0   1768 390718400      0 392992    0    0     0     0 46078 309627  6  5 90  0  0
 8  0   1768 390717888      0 393024    0    0     0     4 46726 304712  6  5 90  0  0
 5  0   1768 390719680      0 392960    0    0     4    12 45832 305087  6  5 90  0  0
 5  0   1768 390718848      0 392996    0    0     4    84 45928 296398  6  5 90  0  0
 8  0   1768 390719264      0 393032    0    0     0     0 48715 307481  6  5 90  0  0
 6  0   1768 390722944      0 393064    0    0     0     4 45585 294954  5  5 90  0  0
 5  0   1768 390723904      0 393096    0    0     0     0 47395 294357  5  5 90  0  0
 8  0   1768 390728224      0 393212    0    0     0     4 49492 296224  6  5 90  0  0
10  0   1768 390726592      0 393328    0    0     0     0 44863 294828  5  5 90  0  0
 9  0   1768 390728576      0 393436    0    0     0     8 46816 300185  6  5 90  0  0
 1  0   1768 390729824      0 393476    0    0     0     0 48925 312471  6  5 90  0  0
 5  0   1768 390730144      0 393516    0    0     0     4 46580 301876  6  5 90  0  0
 1  0   1768 390729312      0 393592    0    0     0     0 44502 304751  6  5 90  0  0
procs -----------memory---------- ---swap-- -----io---- -system-- ------cpu-----
 r  b   swpd   free   buff  cache   si   so    bi    bo   in   cs us sy id wa st
 8  0   1768 390729472      0 393632    0    0     0   180 45286 301801  5  5 90  0  0
 7  0   1768 390732512      0 393672    0    0     0    40 47585 300375  6  5 90  0  0
 9  0   1768 390732384      0 393720    0    0     0    12 44612 307232  6  5 90  0  0
 7  0   1768 390730304      0 393764    0    0     0     0 48882 300775  6  5 90  0  0
 7  0   1768 390733504      0 393832    0    0     0     4 46216 299004  6  5 90  0  0
 9  0   1768 390736352      0 393952    0    0     0    12 46593 297208  6  5 90  0  0
 6  0   1768 390736320      0 393992    0    0     0     8 46336 307981  6  5 90  0  0
 8  0   1768 390736640      0 394000    0    0     0    12 46594 311103  6  5 90  0  0
 6  0   1768 390736064      0 394044    0    0     0     0 45783 293368  6  5 90  0  0
 8  0   1768 390737536      0 394052    0    0     0     0 45634 299680  6  5 90  0  0
 9  0   1768 390736256      0 394120    0    0     0    92 44712 294053  6  5 90  0  0
 8  0   1768 390736768      0 394160    0    0     0     0 46782 306090  6  5 90  0  0
 6  0   1768 390736416      0 394208    0    0     0     8 48132 298511  6  5 90  0  0
 7  0   1768 390737344      0 394248    0    0     0     0 45895 309440  6  5 90  0  0
 8  0   1768 390740192      0 394292    0    0     0    12 46563 303333  6  5 90  0  0
 6  0   1768 390741280      0 394408    0    0     0   200 47178 311151  6  5 90  0  0
 7  0   1768 390740896      0 394448    0    0     0  1060 46913 301897  6  5 90  0  0
 7  0   1768 390743040      0 394552    0    0     0     0 47676 308931  6  5 90  0  0
 5  0   1768 390742656      0 394600    0    0     0     4 46163 304460  6  5 90  0  0
 6  0   1768 390740992      0 394640    0    0     0     0 46419 300496  6  5 90  0  0
 8  0   1768 390741952      0 394612    0    0     0    92 46363 305085  6  5 90  0  0
procs -----------memory---------- ---swap-- -----io---- -system-- ------cpu-----
 r  b   swpd   free   buff  cache   si   so    bi    bo   in   cs us sy id wa st
 9  0   1768 390741888      0 394660    0    0     0     0 46712 304295  6  5 90  0  0
 5  0   1768 390745856      0 394692    0    0     0     4 45741 302298  6  5 90  0  0
 8  0   1768 390745728      0 394740    0    0     0     0 45202 300952  6  5 90  0  0
 8  0   1768 390744800      0 394776    0    0     0     4 46427 304531  6  5 90  0  0
 8  0   1768 390749120      0 394896    0    0     0    72 48234 312371  6  5 89  0  0
 7  0   1768 390749952      0 394932    0    0     0    12 45400 298204  6  5 90  0  0
 8  0   1768 390748064      0 395008    0    0     0     0 46368 310103  6  5 90  0  0
 8  0   1768 390750208      0 395052    0    0     0     4 45855 294042  5  5 90  0  0
 9  0   1768 390748640      0 395124    0    0     0     0 46793 292341  5  5 90  0  0
 7  0   1768 390747008      0 395164    0    0     8   148 51671 298694  6  5 90  0  0
 7  0   1768 390750688      0 395204    0    0     0    40 51370 289104  5  5 90  0  0
 6  0   1768 390750432      0 395244    0    0     0     0 53148 301621  6  5 90  0  0
 6  0   1768 390750720      0 395284    0    0     0     0 50650 311838  6  5 90  0  0
 7  0   1768 390749664      0 395332    0    0     0     4 47566 307916  6  5 90  0  0
 9  0   1768 390755840      0 395880    0    0     0     0 47740 301104  6  5 89  0  0
 7  0   1768 390758240      0 395916    0    0     0    16 47342 308454  6  5 90  0  0
 6  0   1768 390758784      0 395996    0    0     0     0 46337 303217  6  5 90  0  0
 7  0   1768 390757664      0 395904    0    0     0    12 45801 302069  6  5 90  0  0
 7  0   1768 390757920      0 395948    0    0     0     0 46026 298996  6  5 90  0  0
 6  0   1768 390757760      0 395984    0    0     0   524 45523 308052  6  5 90  0  0
 9  0   1768 390759552      0 396096    0    0     0     0 47532 300300  6  5 90  0  0
procs -----------memory---------- ---swap-- -----io---- -system-- ------cpu-----
 r  b   swpd   free   buff  cache   si   so    bi    bo   in   cs us sy id wa st
 5  0   1768 390759520      0 396136    0    0     0     4 46495 307959  6  5 90  0  0
 6  0   1768 390760704      0 396108    0    0     0     0 46081 294434  6  5 90  0  0
 7  0   1768 390762112      0 396156    0    0     0     8 44951 299595  6  5 90  0  0
 6  0   1768 390763232      0 396200    0    0     0     0 46497 310014  6  5 90  0  0
 8  0   1768 390763264      0 396312    0    0     0  1060 46153 299985  6  5 90  0  0
 8  0   1768 390763200      0 396352    0    0     0     4 46329 296976  6  5 90  0  0
 7  0   1768 390763200      0 396384    0    0     0     8 46327 299236  6  5 90  0  0
 0  0   1768 390758432      0 396708    0    0   116     0 22778 135020  3  2 95  0  0
 0  0   1768 390917504      0 396544    0    0    36    80  438  474  0  0 100  0  0
 0  0   1768 390917760      0 396544    0    0     0     0  167  233  0  0 100  0  0
 0  0   1768 390917952      0 396544    0    0     0     4  242  362  0  0 100  0  0
 0  0   1768 390918208      0 396544    0    0     0     0  170  227  0  0 100  0  0
 0  0   1768 390918208      0 396544    0    0     0     8  220  256  0  0 100  0  0
 0  0   1768 390918592      0 396616    0    0     0     0  403  328  0  0 100  0  0
 0  0   1768 390918720      0 396616    0    0     0     0  224  358  0  0 100  0  0
 0  0   1768 390921056      0 396696    0    0     0   196  194  251  0  0 100  0  0
 0  0   1768 390921056      0 396704    0    0     0     4  187  246  0  0 100  0  0
 0  0   1768 390921312      0 396708    0    0     0     0  191  232  0  0 100  0  0
 0  0   1768 390921088      0 396720    0    0     0    88  269  390  0  0 100  0  0
 0  0   1768 390921344      0 396724    0    0     0    60  163  243  0  0 100  0  0
 0  0   1768 390921344      0 396732    0    0     0     8  153  232  0  0 100  0  0
procs -----------memory---------- ---swap-- -----io---- -system-- ------cpu-----
 r  b   swpd   free   buff  cache   si   so    bi    bo   in   cs us sy id wa st
 0  0   1768 390921824      0 396740    0    0     0     0  163  219  0  0 100  0  0
 0  0   1768 390921824      0 396748    0    0     0     4  222  354  0  0 100  0  0
 0  0   1768 390922112      0 396752    0    0     0     0  413  381  0  0 100  0  0
 0  0   1768 390922368      0 396764    0    0     0     4  162  233  0  0 100  0  0
 0  0   1768 390922368      0 396776    0    0     0    12  188  232  0  0 100  0  0
 0  0   1768 390922432      0 396780    0    0     0     0  204  350  0  0 100  0  0
 0  0   1768 390922880      0 396868    0    0     0     0  147  232  0  0 100  0  0
 0  0   1768 390923136      0 396876    0    0     0   100  213  270  0  0 100  0  0
 0  0   1768 390923616      0 396884    0    0     0     0  157  220  0  0 100  0  0
 0  0   1768 390923616      0 396888    0    0     0     4  222  353  0  0 100  0  0
 0  0   1768 390923616      0 396900    0    0     0     0  141  214  0  0 100  0  0
 0  0   1768 390923872      0 396908    0    0     0     0  137  215  0  0 100  0  0
 0  0   1768 390924576      0 396984    0    0     0    44  453  393  0  0 100  0  0
 0  0   1768 390924832      0 396996    0    0     0     4  263  377  0  0 100  0  0
 0  0   1768 390925056      0 397000    0    0     0   108  214  242  0  0 100  0  0
 0  0   1768 390925056      0 397008    0    0     0     4  173  230  0  0 100  0  0
 0  0   1768 390925536      0 397008    0    0     0     0  220  271  0  0 100  0  0
 1  0   1768 390905440      0 397024    0    0     0    80  727 1247  0  0 100  0  0
 3  0   1768 390880000      0 397028    0    0     0     0 3331 4656  4  0 96  0  0
 2  0   1768 390801408      0 397240    0    0     4   384 3057 3399  3  0 97  0  0
 0  0   1768 390800160      0 397216    0    0     0     0  515  439  0  0 100  0  0
procs -----------memory---------- ---swap-- -----io---- -system-- ------cpu-----
 r  b   swpd   free   buff  cache   si   so    bi    bo   in   cs us sy id wa st
 9  0   1768 390755232      0 397192    0    0     0     4 38508 170425  7  3 90  0  0
10  0   1768 390752416      0 397224    0    0     0     0 61848 293415  8  5 87  0  0
 6  0   1768 390751424      0 397268    0    0     0     4 57188 299059  7  5 88  0  0
 7  0   1768 390750048      0 397316    0    0     0     0 49645 303750  6  5 89  0  0
 7  0   1768 390751200      0 397348    0    0     0   208 46217 301201  6  5 89  0  0
 3  0   1768 390750144      0 397428    0    0     0     0 48506 304625  6  5 89  0  0
 7  0   1768 390751520      0 397480    0    0     0    92 47517 300522  6  5 89  0  0
 8  0   1768 390752000      0 397516    0    0     0   160 49528 299093  6  5 89  0  0
 6  0   1768 390752608      0 397532    0    0     0    28 45976 300248  6  5 89  0  0
 5  0   1768 390752448      0 397568    0    0     0     0 48057 306445  6  5 90  0  0
 8  0   1768 390751904      0 397612    0    0     0     4 47625 310132  6  5 89  0  0
 7  0   1768 390765056      0 398156    0    0     0     0 47146 299243  6  5 89  0  0
 6  0   1768 390765408      0 398196    0    0     0     4 46381 297237  5  5 90  0  0
 6  0   1768 390764192      0 398488    0    0     0    12 46869 302750  6  5 90  0  0
 5  0   1768 390764384      0 398536    0    0     0     0 47286 304867  6  5 90  0  0
 6  0   1768 390763520      0 398576    0    0     0     0 46918 301260  6  5 90  0  0
 4  0   1768 390763488      0 398616    0    0     0   520 45531 299601  6  5 90  0  0
 6  0   1768 390766016      0 398656    0    0     0     0 45683 298836  6  5 90  0  0
 7  0   1768 390766432      0 398696    0    0     0     4 46345 299869  6  5 90  0  0
 6  0   1768 390765152      0 398740    0    0     0     0 45093 299837  6  5 89  0  0
 7  0   1768 390765312      0 398780    0    0     0     0 46938 307044  6  5 89  0  0
procs -----------memory---------- ---swap-- -----io---- -system-- ------cpu-----
 r  b   swpd   free   buff  cache   si   so    bi    bo   in   cs us sy id wa st
 5  0   1768 390765664      0 398864    0    0     0     0 45240 294486  6  5 90  0  0
 5  0   1768 390766528      0 398812    0    0     0    48 46367 306557  6  5 90  0  0
 6  0   1768 390765376      0 398784    0    0     0     0 46679 300677  6  5 90  0  0
 8  0   1768 390766368      0 398832    0    0     0     4 47378 302412  6  5 90  0  0
 9  0   1768 390765696      0 398864    0    0     0     0 45783 302594  6  5 90  0  0
 7  0   1768 390764672      0 398816    0    0     0    84 45987 310045  6  5 90  0  0
 9  0   1768 390766400      0 398852    0    0     0     0 44940 300318  6  5 90  0  0
 5  0   1768 390767264      0 398888    0    0     0     4 45830 302184  6  5 90  0  0
 6  0   1768 390767264      0 398920    0    0     0  1144 46627 303063  6  5 90  0  0
 7  0   1768 390766464      0 398952    0    0     0     4 47047 302637  6  5 89  0  0
 8  0   1768 390767840      0 398988    0    0     0     0 46353 302288  6  5 90  0  0
 6  0   1768 390766656      0 399020    0    0     0     0 46247 307677  6  5 90  0  0
 6  0   1768 390766624      0 399120    0    0     0     0 46057 300204  6  5 90  0  0
 4  0   1768 390766272      0 399280    0    0     0   108 45492 301678  5  5 90  0  0
 6  0   1768 390766112      0 399316    0    0     0   200 45531 311228  6  5 90  0  0
 0  0   1768 390763872      0 399588    0    0    32    88 12138 67114  2  1 97  0  0
 0  0   1768 390763616      0 399424    0    0     0   132  797  657  1  0 99  0  0
 0  0   1768 390923392      0 399456    0    0     0    48  630  644  0  0 100  0  0
 0  0   1768 390924672      0 399460    0    0     0     0  532  458  0  0 100  0  0
 0  0   1768 390924672      0 399508    0    0    36     4  588  548  0  0 100  0  0
