procs -----------memory---------- ---swap-- -----io---- -system-- ------cpu-----
 r  b   swpd   free   buff  cache   si   so    bi    bo   in   cs us sy id wa st
 1  0   1768 390876928      0 294416    0    0     2     1    0    0  0  0 100  0  0
 0  0   1768 390880256      0 338532    0    0 44524     0 3732 4239  0  0 99  0  0
 2  0   1768 390868256      0 338760    0    0    80   848 6779 4068  0  1 99  0  0
 2  0   1768 390819840      0 340820    0    0  1916    12 7179 4906  2  0 98  0  0
 2  0   1768 390793632      0 357352    0    0 18648     4 4739 7060  3  0 97  0  0
 3  0   1768 390752608      0 367440    0    0 12072    32 4121 5012  3  0 97  0  0
 0  0   1768 390750880      0 368012    0    0   528     4  563  466  0  0 100  0  0
 8  0   1768 390674368      0 371848    0    0  3556   500 6834 11298  5  0 95  0  0
 7  0   1768 390571008      0 371884    0    0     4     0 10369 26880  7  1 93  0  0
10  0   1768 390422176      0 371892    0    0     0     8 13987 53988  7  1 92  0  0
 8  0   1768 390379840      0 371908    0    0     8     4 20193 94129  7  2 91  0  0
 6  0   1768 390338080      0 374816    0    0    24    80 22056 103825  7  2 91  0  0
 9  0   1768 390329856      0 374872    0    0    52    36 24966 119265  6  2 92  0  0
 7  0   1768 390305824      0 374932    0    0    52     0 18782 100446  6  2 92  0  0
 6  0   1768 390305344      0 374936    0    0     0     8 26227 121739  6  2 92  0  0
12  0   1768 390304448      0 374944    0    0     0     0 29696 130155  6  2 92  0  0
 8  0   1768 390304736      0 374952    0    0     0     4 42165 175007  6  3 91  0  0
 9  0   1768 390303648      0 374956    0    0     0    40 44033 175605  6  4 90  0  0
 8  0   1768 390300576      0 375000    0    0    16     4 62752 252328  6  4 90  0  0
11  0   1768 390297664      0 375004    0    0     0     0 83797 332753  6  5 89  0  0
11  0   1768 390290816      0 375012    0    0     0     8 87806 380625  6  6 88  0  0
procs -----------memory---------- ---swap-- -----io---- -system-- ------cpu-----
 r  b   swpd   free   buff  cache   si   so    bi    bo   in   cs us sy id wa st
11  0   1768 390290048      0 375088    0    0     0     0 86643 383156  6  6 88  0  0
 9  0   1768 390302848      0 375096    0    0     0     4 89125 391591  6  6 88  0  0
10  0   1768 390299936      0 375100    0    0     0    44 93094 388744  6  6 88  0  0
 6  0   1768 390303040      0 375108    0    0     0     4 91744 384446  6  6 88  0  0
10  0   1768 390302784      0 375116    0    0     0     4 91001 395052  6  6 88  0  0
 6  0   1768 390304064      0 375052    0    0     0     0 93649 386251  6  6 88  0  0
10  0   1768 390302176      0 375060    0    0     4    12 92722 389547  6  6 88  0  0
11  0   1768 390301664      0 375064    0    0    36    36 91951 388599  6  6 88  0  0
11  0   1768 390301408      0 375072    0    0     0    44 92159 384206  6  6 88  0  0
11  0   1768 390303968      0 375076    0    0     0     4 89580 387050  6  6 88  0  0
 8  0   1768 390308096      0 375156    0    0     0     0 94258 397182  6  6 88  0  0
12  0   1768 390312640      0 375164    0    0     8   768 90994 401359  6  6 88  0  0
10  0   1768 390309984      0 375168    0    0     0     0 93421 393849  6  6 88  0  0
 3  0   1768 390310592      0 375180    0    0     0     4 95060 392494  6  6 88  0  0
13  0   1768 390309728      0 375184    0    0     0    40 98038 395275  6  6 88  0  0
 5  0   1768 390306816      0 375192    0    0     0     4 93227 390683  6  6 88  0  0
11  0   1768 390312128      0 375196    0    0     0     0 95069 399236  6  6 88  0  0
11  0   1768 390312960      0 375204    0    0    48   312 89822 398611  6  6 88  0  0
 8  0   1768 390311680      0 375208    0    0     0     0 91447 385625  6  6 88  0  0
13  0   1768 390310496      0 375216    0    0     0     4 90682 393811  6  6 88  0  0
11  0   1768 390310560      0 375300    0    0     0   400 92807 389880  6  6 88  0  0
procs -----------memory---------- ---swap-- -----io---- -system-- ------cpu-----
 r  b   swpd   free   buff  cache   si   so    bi    bo   in   cs us sy id wa st
11  0   1768 390306944      0 375304    0    0     0   372 92283 386321  6  6 88  0  0
10  0   1768 390307072      0 375320    0    0     0     0 91680 390338  6  6 88  0  0
 9  0   1768 390309888      0 375324    0    0     0     8 92771 385887  6  6 88  0  0
 9  0   1768 390305888      0 375324    0    0     0     0 94929 397977  6  6 88  0  0
10  0   1768 390307008      0 375324    0    0     0     4 94795 394049  6  6 88  0  0
 8  0   1768 390306272      0 375324    0    0     0    40 92437 393560  6  6 88  0  0
 8  0   1768 390311232      0 375324    0    0     0     8 91590 381404  6  6 88  0  0
 7  0   1768 390311616      0 375324    0    0     0     4 89949 380958  6  6 88  0  0
 9  0   1768 390315872      0 375324    0    0     0     0 93625 385888  6  6 88  0  0
11  0   1768 390312000      0 375396    0    0     0     0 91451 388701  6  6 88  0  0
 7  0   1768 390313408      0 375396    0    0     0     0 92159 387400  6  6 88  0  0
 9  0   1768 390311168      0 375396    0    0     0    48 89600 387658  6  6 88  0  0
15  0   1768 390316896      0 375396    0    0     0     4 88868 384641  6  6 88  0  0
10  0   1768 390311808      0 375436    0    0     0     0 89870 385650  6  6 88  0  0
 9  0   1768 390313312      0 375440    0    0     0     8 91067 384627  6  6 89  0  0
 6  0   1768 390306912      0 375448    0    0     0     0 93558 391549  6  6 88  0  0
10  0   1768 390306624      0 375452    0    0     0     4 94672 389170  6  6 88  0  0
 8  0   1768 390301312      0 375464    0    0     0    12 90562 384932  6  6 88  0  0
10  0   1768 390300928      0 375468    0    0     0     4 92481 383848  6  6 88  0  0
12  0   1768 390297728      0 375552    0    0     0     0 90081 393793  6  6 88  0  0
12  0   1768 390304256      0 375556    0    0     0     8 92817 387167  6  6 88  0  0
procs -----------memory---------- ---swap-- -----io---- -system-- ------cpu-----
 r  b   swpd   free   buff  cache   si   so    bi    bo   in   cs us sy id wa st
11  0   1768 390308576      0 375564    0    0     0     0 92142 385786  6  6 88  0  0
10  0   1768 390306336      0 375572    0    0     0     4 91787 392652  6  6 88  0  0
 8  0   1768 390304736      0 375576    0    0     0     0 89744 384235  6  6 88  0  0
 6  0   1768 390306208      0 375584    0    0     0     4 94551 388667  6  6 88  0  0
10  0   1768 390303840      0 375592    0    0     0     8 89459 386468  6  6 88  0  0
 8  0   1768 390303648      0 375604    0    0    20     0 85189 393156  6  6 88  0  0
11  0   1768 390300352      0 375608    0    0     0    12 89433 385660  6  6 88  0  0
 9  0   1768 390299296      0 375616    0    0     0     4 92134 387744  6  6 88  0  0
11  0   1768 390313728      0 376168    0    0     0   956 92703 393434  6  6 88  0  0
11  0   1768 390311520      0 376172    0    0     0    20 89224 385484  6  5 88  0  0
 5  0   1768 390309408      0 376180    0    0     0     4 89395 386861  6  6 88  0  0
 9  0   1768 390307296      0 376184    0    0     0     4 92961 386728  6  6 88  0  0
 9  0   1768 390307488      0 376196    0    0     0     0 88785 388785  6  6 88  0  0
 7  0   1768 390308448      0 376136    0    0     0     4 92502 393319  6  6 88  0  0
 7  0   1768 390305536      0 376144    0    0     0     0 90527 386284  6  6 88  0  0
 8  0   1768 390305920      0 376148    0    0     0     4 92249 385242  6  6 88  0  0
11  0   1768 390305024      0 376156    0    0     0     0 89805 385846  6  6 88  0  0
10  0   1768 390304320      0 376164    0    0     0     8 90066 388944  6  6 88  0  0
 8  0   1768 390304896      0 376244    0    0     0     0 88360 387447  6  6 88  0  0
 8  0   1768 390299296      0 376252    0    0     0     4 93018 380005  6  6 88  0  0
 8  0   1768 390299776      0 376260    0    0     0     0 92692 380805  6  6 88  0  0
procs -----------memory---------- ---swap-- -----io---- -system-- ------cpu-----
 r  b   swpd   free   buff  cache   si   so    bi    bo   in   cs us sy id wa st
 7  0   1768 390303680      0 376268    0    0     0     4 95772 392352  6  6 88  0  0
 6  0   1768 390301696      0 376272    0    0     0   204 91835 396396  6  6 88  0  0
 9  0   1768 390298368      0 376284    0    0     0     8 95276 389716  6  6 88  0  0
 7  0   1768 390296672      0 376284    0    0     0     0 93302 384460  6  6 88  0  0
12  0   1768 390296960      0 376284    0    0     0     4 92835 390538  6  6 88  0  0
10  0   1768 390296160      0 376284    0    0     0    12 89848 379404  6  6 88  0  0
 9  0   1768 390299072      0 376284    0    0     0     8 89846 387550  6  6 88  0  0
 7  0   1768 390297664      0 376356    0    0     0     8 91204 384806  6  6 88  0  0
 8  0   1768 390295840      0 376356    0    0     0     0 87213 399880  6  6 88  0  0
 7  0   1768 390296160      0 376356    0    0     0     0 92597 386401  6  6 88  0  0
 7  0   1768 390293728      0 376356    0    0     0     4 94440 388015  6  6 88  0  0
11  0   1768 390291936      0 376356    0    0     0     0 87514 390214  6  6 88  0  0
13  0   1768 390293568      0 376356    0    0     0     4 89596 383380  6  6 88  0  0
 9  0   1768 390291936      0 376428    0    0     0     0 88420 385226  6  6 88  0  0
 6  0   1768 390288576      0 376436    0    0     0     4 92695 393448  6  6 88  0  0
11  0   1768 390287040      0 376448    0    0     0     0 91232 389053  6  6 88  0  0
13  0   1768 390291360      0 376456    0    0     0    20 93722 397364  6  6 88  0  0
 8  0   1768 390288640      0 376532    0    0     0     0 94034 394975  6  6 88  0  0
 9  0   1768 390285344      0 376540    0    0     0    12 91640 377668  6  6 88  0  0
 6  0   1768 390282880      0 376548    0    0     0    24 92224 378938  6  6 88  0  0
10  0   1768 390281280      0 376552    0    0     0     8 91648 387186  6  6 88  0  0
procs -----------memory---------- ---swap-- -----io---- -system-- ------cpu-----
 r  b   swpd   free   buff  cache   si   so    bi    bo   in   cs us sy id wa st
12  0   1768 390279008      0 376560    0    0     0     0 91127 381741  6  6 88  0  0
 6  0   1768 390284352      0 376564    0    0     0     4 88290 392556  6  6 88  0  0
13  0   1768 390283584      0 376576    0    0     0     0 93532 386870  6  6 88  0  0
 6  0   1768 390283552      0 376580    0    0     0     8 92998 388954  6  6 88  0  0
 6  0   1768 390282944      0 376588    0    0     0     8 92466 391836  6  6 88  0  0
10  0   1768 390283552      0 376592    0    0     0     0 91344 396355  6  6 88  0  0
 5  0   1768 390283200      0 376676    0    0     0     0 90992 383957  6  5 88  0  0
13  0   1768 390278112      0 376684    0    0     0   308 94746 395897  6  6 88  0  0
10  0   1768 390278272      0 376688    0    0     0     0 90939 395337  6  6 88  0  0
12  0   1768 390279360      0 376696    0    0     4     4 88448 380044  6  6 88  0  0
12  0   1768 390278208      0 376704    0    0     0     8 93310 390575  6  6 88  0  0
11  0   1768 390279616      0 376712    0    0     0   200 94468 396528  6  6 88  0  0
10  0   1768 390281024      0 376716    0    0     0     0 90878 383408  6  6 88  0  0
 9  0   1768 390277152      0 376724    0    0     0     4 91781 384143  6  6 88  0  0
12  0   1768 390267136      0 376724    0    0     0     0 85633 353134  6  5 89  0  0
10  0   1768 390263968      0 376724    0    0     0    20 92575 385438  6  6 88  0  0
 9  0   1768 390264096      0 376800    0    0     0     0 93723 387299  6  6 88  0  0
 8  0   1768 390262240      0 376800    0    0     0     8 90783 388294  6  6 88  0  0
 7  0   1768 390265120      0 376800    0    0     0     0 87964 396033  6  6 88  0  0
 7  0   1768 390262528      0 376800    0    0     0     4 92237 381062  6  6 88  0  0
 8  0   1768 390263200      0 376800    0    0     0     0 89646 386439  6  6 88  0  0
procs -----------memory---------- ---swap-- -----io---- -system-- ------cpu-----
 r  b   swpd   free   buff  cache   si   so    bi    bo   in   cs us sy id wa st
13  0   1768 390262336      0 376800    0    0     0     4 91102 382816  6  6 88  0  0
 8  0   1768 390258592      0 376800    0    0     0     0 93133 388205  6  6 88  0  0
12  0   1768 390258336      0 376868    0    0     0     8 94825 388401  6  6 88  0  0
 6  0   1768 390256672      0 376876    0    0     0     0 91397 386482  6  6 88  0  0
10  0   1768 390257184      0 376884    0    0     0    16 89400 384830  6  6 88  0  0
13  0   1768 390256128      0 377412    0    0     0     0 90475 386897  6  6 88  0  0
10  0   1768 390260544      0 377420    0    0     0    16 93789 388135  6  6 88  0  0
 0  0   1768 390258496      0 377676    0    0    88    16 23439 90711  2  1 96  0  0
 0  0   1768 390289984      0 377552    0    0    36     0  365  454  0  0 100  0  0
 0  0   1768 390289984      0 377560    0    0     0     0  188  271  0  0 100  0  0
 0  0   1768 390291520      0 377564    0    0     0     4  227  262  0  0 100  0  0
 0  0   1768 390291904      0 377572    0    0     0     0  236  350  0  0 100  0  0
 0  0   1768 390292160      0 377576    0    0     0     8  211  312  0  0 100  0  0
 0  0   1768 390292704      0 377524    0    0     0     0  160  227  0  0 100  0  0
 0  0   1768 390292704      0 377528    0    0     0     8  149  208  0  0 100  0  0
 0  0   1768 390292704      0 377612    0    0     0     0  535  499  0  0 100  0  0
 0  0   1768 390292960      0 377620    0    0     0     4  199  294  0  0 100  0  0
 0  0   1768 390292960      0 377624    0    0     0     4  194  260  0  0 100  0  0
 0  0   1768 390292960      0 377632    0    0     0     4  181  228  0  0 100  0  0
 0  0   1768 390292960      0 377636    0    0     0     0  194  330  0  0 100  0  0
 0  0   1768 390293216      0 377644    0    0     0     4  190  230  0  0 100  0  0
procs -----------memory---------- ---swap-- -----io---- -system-- ------cpu-----
 r  b   swpd   free   buff  cache   si   so    bi    bo   in   cs us sy id wa st
 0  0   1768 390293216      0 377644    0    0     0     0  165  225  0  0 100  0  0
 0  0   1768 390293472      0 377652    0    0     0   200  192  237  0  0 100  0  0
 0  0   1768 390293216      0 377656    0    0     0     0  218  347  0  0 100  0  0
 0  0   1768 390293728      0 377664    0    0     0     4  169  220  0  0 100  0  0
 0  0   1768 390294208      0 377736    0    0     0    24  416  322  0  0 100  0  0
 0  0   1768 390294464      0 377736    0    0     0     0  131  202  0  0 100  0  0
 0  0   1768 390294464      0 377736    0    0     0   752  207  351  0  0 100  0  0
 0  0   1768 390294464      0 377736    0    0     0     8  178  220  0  0 100  0  0
 0  0   1768 390294464      0 377736    0    0     0     0  169  218  0  0 100  0  0
 0  0   1768 390294464      0 377736    0    0     0     4  180  227  0  0 100  0  0
 0  0   1768 390294720      0 377736    0    0     0     8  247  351  0  0 100  0  0
 0  0   1768 390294720      0 377736    0    0     0     0  160  212  0  0 100  0  0
 0  0   1768 390294720      0 377736    0    0     0     0  142  204  0  0 100  0  0
 0  0   1768 390294976      0 377736    0    0     0     4  159  212  0  0 100  0  0
 0  0   1768 390295008      0 377884    0    0     0     0  487  506  0  0 100  0  0
 0  0   1768 390295264      0 377892    0    0     0    36  148  217  0  0 100  0  0
 0  0   1768 390295264      0 377900    0    0     0    12  221  266  0  0 100  0  0
 3  0   1768 390282336      0 377908    0    0     0     8 1329 2116  1  0 99  0  0
 1  0   1768 390291936      0 378200    0    0   288     0 3383 4627  3  0 96  0  0
 0  0   1768 390237024      0 378408    0    0     8   368 2870 2635  3  0 97  0  0
 7  0   1768 390236096      0 378516    0    0     0     0  882 1250  1  0 99  0  0
procs -----------memory---------- ---swap-- -----io---- -system-- ------cpu-----
 r  b   swpd   free   buff  cache   si   so    bi    bo   in   cs us sy id wa st
 9  0   1768 390210880      0 378520    0    0     0     4 59189 230117  9  4 87  0  0
10  0   1768 390207424      0 378528    0    0     0     0 88642 353093  8  6 86  0  0
 9  0   1768 390207136      0 378532    0    0     0     8 92085 382445  7  6 87  0  0
10  0   1768 390205888      0 378620    0    0     0     0 92474 386229  6  6 88  0  0
 7  0   1768 390204384      0 378624    0    0     0     4 87101 384598  6  6 88  0  0
 3  0   1768 390203232      0 378636    0    0     0     0 95748 389606  6  6 88  0  0
 9  0   1768 390198080      0 378648    0    0     0     8 93088 388122  6  6 88  0  0
 5  0   1768 390203232      0 378652    0    0     0     8 89780 382922  6  6 88  0  0
11  0   1768 390200768      0 378660    0    0     0     0 89809 386267  6  6 88  0  0
 6  0   1768 390200064      0 378664    0    0     0     0 91343 386730  6  6 88  0  0
 6  0   1768 390197632      0 378672    0    0     0   204 90106 384774  6  6 88  0  0
 9  0   1768 390198976      0 378680    0    0     0     0 93623 395190  6  6 88  0  0
 6  0   1768 390196192      0 378688    0    0     0     4 93834 389376  6  6 88  0  0
 1  0   1768 390194368      0 378764    0    0     0     0 93912 391256  6  6 88  0  0
 7  0   1768 390194304      0 378772    0    0     0    20 92994 393368  6  6 88  0  0
 5  0   1768 390189472      0 378780    0    0     0     0 92703 380635  6  6 88  0  0
11  0   1768 390190080      0 378784    0    0     0     4 91662 384240  6  6 88  0  0
 5  0   1768 390188032      0 378792    0    0     0     0 90082 379920  6  6 88  0  0
10  0   1768 390189984      0 378796    0    0     0     4 93304 385052  6  6 88  0  0
 6  0   1768 390187008      0 378808    0    0     0     0 91136 382261  6  6 88  0  0
11  0   1768 390184256      0 378812    0    0     0     8 94615 386103  6  6 88  0  0
procs -----------memory---------- ---swap-- -----io---- -system-- ------cpu-----
 r  b   swpd   free   buff  cache   si   so    bi    bo   in   cs us sy id wa st
10  0   1768 390186272      0 378820    0    0     0     0 94882 392945  6  6 88  0  0
 9  0   1768 390183936      0 378828    0    0     0     4 93117 394763  6  6 88  0  0
 8  0   1768 390185888      0 379356    0    0     0     0 93733 389940  6  6 88  0  0
11  0   1768 390184032      0 379364    0    0     0   152 88282 390579  6  6 88  0  0
13  0   1768 390182304      0 379368    0    0     0    28 91863 384865  6  6 88  0  0
10  0   1768 390184576      0 379376    0    0     0   756 97251 394013  6  6 88  0  0
 7  0   1768 390182304      0 379384    0    0     0     0 93260 384862  6  6 88  0  0
12  0   1768 390178592      0 379392    0    0     0     4 91261 387129  6  6 88  0  0
10  0   1768 390182432      0 379396    0    0     0   196 88604 392289  6  6 88  0  0
 8  0   1768 390182688      0 379404    0    0     0     4 86497 398032  6  6 88  0  0
 9  0   1768 390178336      0 379412    0    0     0     8 92463 378136  6  6 88  0  0
 9  0   1768 390177568      0 379416    0    0     0     0 92319 390646  6  6 88  0  0
13  0   1768 390181472      0 379500    0    0     0     0 92700 384785  6  6 88  0  0
 9  0   1768 390178368      0 379508    0    0     4   116 94437 386201  6  6 88  0  0
 6  0   1768 390175680      0 379520    0    0     0     0 90948 378165  6  6 88  0  0
 2  0   1768 390175232      0 379712    0    0     0     4  879 1006  1  0 99  0  0
 0  0   1768 390176320      0 379548    0    0     0     0  695  807  0  0 100  0  0
 0  0   1768 390219392      0 379416    0    0     0     8  764  699  0  0 100  0  0
 0  0   1768 390219680      0 379452    0    0    36     0  603  521  0  0 100  0  0
