procs -----------memory---------- ---swap-- -----io---- -system-- ------cpu-----
 r  b   swpd   free   buff  cache   si   so    bi    bo   in   cs us sy id wa st
 1  0   1768 391017952      0 283420    0    0     2     1    0    0  0  0 100  0  0
 0  0   1768 390964800      0 327140    0    0 44128     0 3644 3612  0  0 100  0  0
 1  0   1768 390956096      0 327200    0    0    68   792 6547 3938  0  1 99  0  0
 3  0   1768 390946496      0 368728    0    0 41048     4 6952 5327  1  0 98  0  0
 0  1   1768 390924832      0 386264    0    0 19832    12 4999 7069  3  0 96  0  0
 2  0   1768 390837376      0 398064    0    0 13936    32 4232 5668  2  0 97  0  0
 0  0   1768 390816480      0 400444    0    0  2188     4 1382 1029  1  0 99  0  0
21  0   1768 390602848      0 409800    0    0  9132   592 12167 58811  4  2 94  0  0
32  0   1768 390560960      0 410104    0    0   440     4 23641 122200  6  4 90  0  0
36  0   1768 390534816      0 410424    0    0     0    44 22159 122256  5  4 90  0  0
23  0   1768 390535648      0 410600    0    0   168     4 21554 131092  4  4 91  0  0
19  0   1768 390535040      0 410652    0    0   108    48 21937 128127  4  4 91  0  0
38  0   1768 390537120      0 410780    0    0   124   448 22361 130010  5  4 91  0  0
29  0   1768 390539616      0 411096    0    0   128    36 22070 128960  5  4 91  0  0
43  0   1768 390543520      0 411100    0    0     0     8 22097 129426  4  4 91  0  0
31  0   1768 390547712      0 411108    0    0     0     0 21959 131312  4  4 92  0  0
36  0   1768 390553088      0 411116    0    0     0     4 21672 127844  4  4 92  0  0
24  0   1768 390556672      0 411120    0    0     0    40 22361 130954  4  4 92  0  0
33  0   1768 390562016      0 411132    0    0     0     4 21647 128027  4  4 92  0  0
27  0   1768 390568832      0 411136    0    0     0     8 22438 130614  4  4 92  0  0
35  0   1768 390573184      0 411144    0    0     0     0 21643 127890  4  4 92  0  0
procs -----------memory---------- ---swap-- -----io---- -system-- ------cpu-----
 r  b   swpd   free   buff  cache   si   so    bi    bo   in   cs us sy id wa st
32  0   1768 390575552      0 411148    0    0     0     0 22093 129903  4  4 92  0  0
35  0   1768 390578432      0 411156    0    0     0     4 20959 126993  4  4 92  0  0
30  0   1768 390579488      0 411220    0    0    60    40 21328 127016  4  4 92  0  0
 1  0   1768 390575488      0 411304    0    0     0     4 21883 126560  4  4 92  0  0
33  0   1768 390576032      0 411312    0    0     0     0 22394 130166  4  4 92  0  0
36  0   1768 390577088      0 411320    0    0     0     4 21548 126556  4  4 92  0  0
31  0   1768 390577408      0 411328    0    0     0     0 21654 126479  4  4 92  0  0
40  0   1768 390578752      0 411332    0    0     4    16 22368 127006  4  4 92  0  0
32  0   1768 390577312      0 411412    0    0     0    44 22615 129526  4  4 92  0  0
16  0   1768 390578112      0 411416    0    0     4   728 22351 127856  4  4 92  0  0
36  0   1768 390579232      0 411424    0    0     0     0 21585 126252  4  4 92  0  0
31  0   1768 390582112      0 411432    0    0     4     8 21860 127010  4  4 92  0  0
13  0   1768 390585952      0 411436    0    0     0     4 22020 129275  4  4 92  0  0
17  0   1768 390593664      0 411448    0    0     0     4 22161 126430  4  4 92  0  0
 1  0   1768 390595776      0 411452    0    0     0    40 21643 127152  4  4 92  0  0
 1  0   1768 390596320      0 411460    0    0     0     4 21833 128373  4  4 92  0  0
30  0   1768 390598176      0 411464    0    0     0     8 21716 127610  4  4 92  0  0
32  0   1768 390605696      0 411472    0    0     0     0 21673 127458  4  4 92  0  0
27  0   1768 390611872      0 411552    0    0    64   304 21782 127209  4  4 92  0  0
28  0   1768 390613696      0 411560    0    0     0     4 21563 126837  4  4 92  0  0
32  0   1768 390614912      0 411568    0    0     0     0 22089 129571  4  4 92  0  0
procs -----------memory---------- ---swap-- -----io---- -system-- ------cpu-----
 r  b   swpd   free   buff  cache   si   so    bi    bo   in   cs us sy id wa st
33  0   1768 390617216      0 411576    0    0     0    32 21538 126844  4  4 92  0  0
42  0   1768 390623360      0 411592    0    0     0   424 21559 126756  4  4 92  0  0
22  0   1768 390632544      0 411596    0    0     0     8 21277 127068  4  4 92  0  0
39  0   1768 390638784      0 411604    0    0     0     0 21666 126772  4  4 92  0  0
 1  0   1768 390636160      0 411584    0    0     0     8 22358 127784  4  4 92  0  0
12  0   1768 390645536      0 411592    0    0     0     0 22360 127369  4  4 92  0  0
 1  0   1768 390646464      0 411600    0    0     0     8 22195 127038  4  4 92  0  0
27  0   1768 390647936      0 411604    0    0     0     0 22663 126544  4  4 92  0  0
37  0   1768 390649696      0 411612    0    0     0     4 22006 127139  4  4 92  0  0
32  0   1768 390650304      0 411620    0    0     0     0 22529 127856  4  4 92  0  0
17  0   1768 390651136      0 411628    0    0     0     4 21911 126525  4  4 92  0  0
36  0   1768 390650560      0 411632    0    0     0     0 22305 127859  4  4 92  0  0
14  0   1768 390653280      0 411640    0    0     0     4 22272 127998  4  4 92  0  0
31  0   1768 390658048      0 411724    0    0     0     0 22886 130360  4  4 92  0  0
31  0   1768 390661888      0 411728    0    0     0     8 21873 127290  4  4 92  0  0
35  0   1768 390659520      0 411736    0    0     0     0 22049 127337  4  4 92  0  0
28  0   1768 390663424      0 411740    0    0     0     4 22220 127345  4  4 92  0  0
29  0   1768 390679104      0 412488    0    0     0     0 23278 128966  4  4 91  0  0
32  0   1768 390676160      0 412492    0    0     0     4 22364 127247  4  4 92  0  0
14  0   1768 390669664      0 412500    0    0     0     8 22869 128349  4  4 92  0  0
42  0   1768 390671360      0 412504    0    0     0     0 22460 127664  4  4 92  0  0
procs -----------memory---------- ---swap-- -----io---- -system-- ------cpu-----
 r  b   swpd   free   buff  cache   si   so    bi    bo   in   cs us sy id wa st
40  0   1768 390670976      0 412512    0    0     0     0 22618 130543  4  4 92  0  0
26  0   1768 390672864      0 412520    0    0     0     4 22422 127798  4  4 92  0  0
37  0   1768 390668672      0 412524    0    0     0     0 22463 128005  4  4 92  0  0
24  0   1768 390673536      0 412532    0    0     0     4 22549 128630  4  4 92  0  0
37  0   1768 390668864      0 412540    0    0     0   200 22407 128377  4  4 92  0  0
31  0   1768 390677152      0 412552    0    0    20     8 22330 128708  4  4 92  0  0
 1  0   1768 390677952      0 412628    0    0     0     0 23046 129112  4  4 92  0  0
13  0   1768 390673696      0 412636    0    0     0   792 22268 127996  4  4 92  0  0
29  0   1768 390675872      0 412644    0    0     0     0 22247 128026  4  4 92  0  0
30  0   1768 390680288      0 412648    0    0     0   168 22053 127097  4  4 92  0  0
38  0   1768 390678400      0 412656    0    0     0    28 22583 129958  4  4 92  0  0
24  0   1768 390686208      0 412660    0    0     0     4 22146 127435  4  4 92  0  0
22  0   1768 390685056      0 412672    0    0     0     0 22297 127526  4  4 92  0  0
40  0   1768 390684160      0 412676    0    0     0     4 21973 127690  4  4 92  0  0
28  0   1768 390681536      0 412684    0    0     0     0 22149 128808  4  4 92  0  0
30  0   1768 390680576      0 412688    0    0     0     4 21668 127503  4  4 92  0  0
39  0   1768 390682496      0 412772    0    0     0    92 22302 128249  4  4 92  0  0
42  0   1768 390687616      0 412780    0    0     0     4 21671 126895  4  4 92  0  0
32  0   1768 390684320      0 412784    0    0     0     0 22305 128983  4  4 92  0  0
31  0   1768 390683008      0 412792    0    0     0     4 21963 128253  4  4 92  0  0
28  0   1768 390686400      0 412800    0    0     0     0 22412 127836  4  4 92  0  0
procs -----------memory---------- ---swap-- -----io---- -system-- ------cpu-----
 r  b   swpd   free   buff  cache   si   so    bi    bo   in   cs us sy id wa st
19  0   1768 390683712      0 412808    0    0     0     4 22793 127921  4  4 92  0  0
37  0   1768 390685632      0 412812    0    0     0     8 22881 128369  4  4 92  0  0
43  0   1768 390684512      0 412824    0    0     0     0 22323 127723  4  4 92  0  0
 1  0   1768 390685472      0 412836    0    0     0     0 21517 127382  4  4 92  0  0
16  0   1768 390684608      0 412840    0    0     0     8 21975 129919  4  4 92  0  0
39  0   1768 390682528      0 412924    0    0     0     0 22340 129045  4  4 92  0  0
13  0   1768 390689952      0 412928    0    0     0     8 21869 128552  4  4 92  0  0
34  0   1768 390694496      0 412940    0    0     0     0 21443 127226  4  4 92  0  0
29  0   1768 390694848      0 412944    0    0     0     8 21618 127554  4  4 92  0  0
36  0   1768 390693152      0 412952    0    0     0     0 21669 127845  4  4 92  0  0
28  0   1768 390696864      0 412956    0    0     0     4 22758 128117  4  4 92  0  0
36  0   1768 390695424      0 412964    0    0     0     0 22766 128432  4  4 92  0  0
38  0   1768 390699040      0 412972    0    0     0     8 22569 128272  4  4 92  0  0
 1  0   1768 390697536      0 412976    0    0     0     0 22484 127945  4  4 92  0  0
41  0   1768 390696128      0 412984    0    0     0   208 22294 127392  4  4 92  0  0
32  0   1768 390693280      0 413064    0    0     0     0 22151 127615  4  4 92  0  0
32  0   1768 390698944      0 413072    0    0     0    16 22366 127487  4  4 92  0  0
44  0   1768 390697024      0 413076    0    0     0     0 22780 128509  4  4 92  0  0
36  0   1768 390699104      0 413084    0    0     0    12 22531 130483  4  4 92  0  0
37  0   1768 390706176      0 413092    0    0     0    52 22235 127937  4  4 92  0  0
18  0   1768 390702880      0 413096    0    0     0     4 22103 128097  4  4 92  0  0
procs -----------memory---------- ---swap-- -----io---- -system-- ------cpu-----
 r  b   swpd   free   buff  cache   si   so    bi    bo   in   cs us sy id wa st
33  0   1768 390699008      0 413104    0    0     0     0 21890 128170  4  4 92  0  0
36  0   1768 390694400      0 413108    0    0     0     4 21740 127587  4  4 92  0  0
25  0   1768 390690176      0 413120    0    0     0     0 21694 127848  4  4 92  0  0
19  0   1768 390692960      0 413124    0    0     0     4 21651 127936  4  4 92  0  0
46  0   1768 390689280      0 413208    0    0     0     0 21725 127079  4  4 92  0  0
32  0   1768 390690528      0 413212    0    0     0     8 21537 127434  4  4 92  0  0
44  0   1768 390686400      0 413220    0    0     0   308 21558 126329  4  4 92  0  0
30  0   1768 390685536      0 413228    0    0     0     4 22194 127711  4  4 92  0  0
36  0   1768 390682592      0 413232    0    0     0     0 21702 128004  4  4 92  0  0
24  0   1768 390684192      0 413240    0    0     0     4 21673 127409  4  4 92  0  0
34  0   1768 390683232      0 413248    0    0     0     0 21375 127703  4  4 92  0  0
35  0   1768 390681856      0 413256    0    0     0     8 21532 127194  4  4 92  0  0
30  0   1768 390680000      0 413260    0    0     0     0 21574 127274  4  4 92  0  0
30  0   1768 390680704      0 413268    0    0     0     4 21500 127266  4  4 92  0  0
38  0   1768 390679936      0 413312    0    0     0     0 22535 128018  4  4 92  0  0
32  0   1768 390680672      0 413316    0    0     0     4 21599 127500  4  4 92  0  0
33  0   1768 390679744      0 413324    0    0     0     8 21591 127552  4  4 92  0  0
 1  0   1768 390678624      0 413328    0    0     0     0 22017 129500  4  4 92  0  0
31  0   1768 390679136      0 413340    0    0     0     0 21453 125539  4  4 92  0  0
15  0   1768 390642048      0 434476    0    0 25372    36 23922 132686  4  4 91  0  0
 2  0   1768 390614016      0 438484    0    0  3872     0 24861 129126  5  4 90  0  0
procs -----------memory---------- ---swap-- -----io---- -system-- ------cpu-----
 r  b   swpd   free   buff  cache   si   so    bi    bo   in   cs us sy id wa st
40  0   1768 390597792      0 440184    0    0  1732    12 24062 127317  5  4 91  0  0
32  0   1768 390603936      0 440192    0    0     0     8 22909 128042  4  4 92  0  0
33  0   1768 390604640      0 440824    0    0     0     0 22749 127271  4  4 92  0  0
35  0   1768 390603648      0 440908    0    0     0   292 23583 129120  4  4 92  0  0
28  0   1768 390605856      0 440916    0    0     0   200 23282 128111  4  4 92  0  0
34  0   1768 390606208      0 440924    0    0     0    12 22642 128042  4  4 92  0  0
33  0   1768 390605760      0 440936    0    0     0    12 22920 128340  4  4 92  0  0
 0  0   1768 390600832      0 441168    0    0    72    28 10993 57323  3  2 95  0  0
 0  0   1768 390735136      0 441012    0    0    36    24  391  447  0  0 100  0  0
 0  0   1768 390735392      0 441020    0    0     0     0  143  190  0  0 100  0  0
 0  0   1768 390736160      0 441024    0    0     0     8  154  187  0  0 100  0  0
 0  0   1768 390736160      0 441032    0    0     0     0  204  307  0  0 100  0  0
 0  0   1768 390736672      0 441036    0    0     0     8  156  195  0  0 100  0  0
 0  0   1768 390737088      0 441120    0    0     0     0  469  302  0  0 100  0  0
 0  0   1768 390737600      0 441124    0    0     0     8  164  180  0  0 100  0  0
 0  0   1768 390738080      0 441132    0    0     0     0  184  296  0  0 100  0  0
 0  0   1768 390738592      0 441140    0    0     0     4  173  218  0  0 100  0  0
 0  0   1768 390738592      0 441144    0    0     0     0  163  190  0  0 100  0  0
 0  0   1768 390739104      0 441152    0    0     0     4  174  198  0  0 100  0  0
 0  0   1768 390739616      0 441156    0    0     0     4  201  304  0  0 100  0  0
 0  0   1768 390739872      0 441164    0    0     0     0  130  162  0  0 100  0  0
procs -----------memory---------- ---swap-- -----io---- -system-- ------cpu-----
 r  b   swpd   free   buff  cache   si   so    bi    bo   in   cs us sy id wa st
 0  0   1768 390739872      0 441172    0    0     0     0  118  158  0  0 100  0  0
 0  0   1768 390740128      0 441180    0    0     0     4  156  166  0  0 100  0  0
 0  0   1768 390740640      0 441264    0    0     0     0  479  405  0  0 100  0  0
 0  0   1768 390741888      0 441272    0    0     0     4  153  188  0  0 100  0  0
 0  0   1768 390742400      0 441280    0    0     0     0  131  170  0  0 100  0  0
 0  0   1768 390743168      0 441284    0    0     0   764  154  190  0  0 100  0  0
 0  0   1768 390743168      0 441292    0    0     0     0  185  294  0  0 100  0  0
 0  0   1768 390743648      0 441296    0    0     0     4  170  181  0  0 100  0  0
 0  0   1768 390743648      0 441308    0    0     0     8  137  173  0  0 100  0  0
 0  0   1768 390745248      0 441312    0    0     0     4  206  206  0  0 100  0  0
 0  0   1768 390745504      0 441320    0    0     0     0  177  292  0  0 100  0  0
 0  0   1768 390746272      0 441328    0    0     0     8  116  168  0  0 100  0  0
 0  0   1768 390746592      0 441404    0    0     0     0  444  299  0  0 100  0  0
 0  0   1768 390746592      0 441412    0    0     0     4  134  170  0  0 100  0  0
 0  0   1768 390746848      0 441416    0    0     0   204  338  386  0  0 100  0  0
 0  0   1768 390747616      0 441424    0    0     0     4  130  173  0  0 100  0  0
 0  0   1768 390750176      0 441432    0    0     0   252  384  411  0  0 100  0  0
 1  0   1768 390729760      0 441440    0    0     0    16  663 1057  0  0 100  0  0
 2  0   1768 390708896      0 442108    0    0  1004     0 3536 4882  3  0 96  0  0
 3  0   1768 390622464      0 442656    0    0     0     4 3117 3216  3  0 97  0  0
 0  0   1768 390618432      0 442664    0    0    12   360  440  411  0  0 100  0  0
procs -----------memory---------- ---swap-- -----io---- -system-- ------cpu-----
 r  b   swpd   free   buff  cache   si   so    bi    bo   in   cs us sy id wa st
29  0   1768 390615552      0 442772    0    0     0     4 17464 90244  5  3 91  0  0
31  0   1768 390613568      0 442852    0    0     0     4 23265 119057  6  4 90  0  0
38  0   1768 390616448      0 442856    0    0     0     4 22357 124927  5  4 91  0  0
30  0   1768 390622176      0 442868    0    0     0     0 21425 126772  4  4 92  0  0
39  0   1768 390620224      0 442872    0    0     0     8 21568 126615  4  4 91  0  0
17  0   1768 390621120      0 442884    0    0     0     0 21794 126802  4  4 92  0  0
15  0   1768 390621504      0 442892    0    0     0     8 23005 125887  4  4 91  0  0
34  0   1768 390619968      0 442896    0    0     0     0 23241 127646  4  4 92  0  0
38  0   1768 390617568      0 442904    0    0     0     8 22510 128003  4  4 92  0  0
35  0   1768 390619456      0 442912    0    0     0     0 22359 127546  4  4 92  0  0
19  0   1768 390620320      0 442920    0    0     0     8 22215 127315  4  4 92  0  0
27  0   1768 390636160      0 443452    0    0     0     0 22235 126970  4  4 92  0  0
27  0   1768 390630720      0 443460    0    0     0     4 22374 127413  4  4 92  0  0
41  0   1768 390637984      0 443464    0    0     0     0 21770 127328  4  4 92  0  0
18  0   1768 390633376      0 443472    0    0     0     8 22732 128487  4  4 92  0  0
34  0   1768 390635424      0 443480    0    0     0     0 22757 128802  4  4 92  0  0
34  0   1768 390640640      0 443484    0    0     0     4 22543 127684  4  4 92  0  0
20  0   1768 390636480      0 443492    0    0     0     0 22500 128213  4  4 92  0  0
21  0   1768 390637344      0 443496    0    0     0     4 22875 128532  4  4 92  0  0
27  0   1768 390641728      0 443508    0    0     0     8 22793 128748  4  4 92  0  0
22  0   1768 390641504      0 443512    0    0     0     0 21710 128260  4  4 92  0  0
procs -----------memory---------- ---swap-- -----io---- -system-- ------cpu-----
 r  b   swpd   free   buff  cache   si   so    bi    bo   in   cs us sy id wa st
23  0   1768 390640736      0 443592    0    0     0     0 22027 128899  4  4 92  0  0
18  0   1768 390639904      0 443600    0    0     0     4 21765 128439  4  4 92  0  0
44  0   1768 390637984      0 443604    0    0     0     0 22255 128811  4  4 92  0  0
39  0   1768 390639744      0 443612    0    0     0   204 21482 128207  4  4 92  0  0
26  0   1768 390638080      0 443616    0    0     0   940 22040 128939  4  4 92  0  0
15  0   1768 390637728      0 443624    0    0     0    28 22764 128595  4  4 92  0  0
23  0   1768 390636288      0 443632    0    0     0     0 22403 128956  4  4 92  0  0
25  0   1768 390637184      0 443640    0    0     0     4 22350 128467  4  4 92  0  0
49  0   1768 390638016      0 443644    0    0     0     0 22616 128758  4  4 92  0  0
12  0   1768 390636832      0 443652    0    0    12   308 22341 128953  4  4 92  0  0
39  0   1768 390636800      0 443740    0    0     0     0 22218 128251  4  4 92  0  0
30  0   1768 390630912      0 443744    0    0     0     8 21827 126550  4  4 92  0  0
39  0   1768 390631872      0 443752    0    0     0     0 21494 126720  4  4 92  0  0
34  0   1768 390632832      0 443756    0    0     0     4 21122 126617  4  4 92  0  0
29  0   1768 390628608      0 443768    0    0     0     0 20776 126527  4  4 92  0  0
 0  0   1768 390623424      0 443968    0    0    16     4 5563 28607  2  1 97  0  0
 0  0   1768 390622912      0 443812    0    0     0     0  575  909  0  0 100  0  0
 0  0   1768 390641856      0 443688    0    0     0     8  593  541  0  0 100  0  0
 0  0   1768 390642368      0 443692    0    0     0     0  503  426  0  0 100  0  0
