procs -----------memory---------- ---swap-- -----io---- -system-- ------cpu-----
 r  b   swpd   free   buff  cache   si   so    bi    bo   in   cs us sy id wa st
 1  0   1768 390847520      0 294076    0    0     2     1    0    0  0  0 100  0  0
 0  0   1768 390819904      0 340048    0    0 43944     0 3622 3969  0  0 99  0  0
 2  0   1768 390823456      0 340048    0    0    84   888 6467 4149  0  1 99  0  0
 3  0   1768 390820320      0 341976    0    0  1900    56 6915 4868  2  0 98  0  0
 1  0   1768 390869248      0 358464    0    0 18640    44 4625 6987  3  0 97  0  0
 3  0   1768 390810048      0 368548    0    0 12160    32 4062 4981  3  0 97  0  0
 0  0   1768 390805792      0 369192    0    0   528     4  630  524  0  0 100  0  0
 9  0   1768 390736352      0 373868    0    0  3584     4 6627 10962  5  0 95  0  0
 8  0   1768 390637664      0 373904    0    0    20   468 10539 27614  7  1 93  0  0
 8  0   1768 390491520      0 374036    0    0     0    44 13800 54209  7  1 92  0  0
 8  0   1768 390414048      0 374044    0    0     8     4 20866 94625  8  1 91  0  0
 7  0   1768 390407968      0 374176    0    0    24    44 21049 100795  8  1 91  0  0
 6  0   1768 390404032      0 374228    0    0    52     4 22221 116202  6  2 92  0  0
 8  0   1768 390373696      0 374280    0    0    52     4 21453 107279  6  1 92  0  0
 7  0   1768 390382016      0 374280    0    0     0     8 27194 137160  6  2 92  0  0
 8  0   1768 390394848      0 374280    0    0     0     0 28681 144946  6  2 92  0  0
 8  0   1768 390409632      0 374280    0    0     0     4 38174 179132  6  2 91  0  0
 9  0   1768 390417504      0 374280    0    0     0    40 49436 193172  6  4 91  0  0
 8  0   1768 390416960      0 374360    0    0     0     4 49829 212696  6  4 90  0  0
 9  0   1768 390420096      0 374364    0    0     0     0 56216 229153  6  4 90  0  0
 8  0   1768 390408128      0 374372    0    0     0     8 69591 296939  6  5 89  0  0
procs -----------memory---------- ---swap-- -----io---- -system-- ------cpu-----
 r  b   swpd   free   buff  cache   si   so    bi    bo   in   cs us sy id wa st
10  0   1768 390402432      0 374448    0    0     0     0 78933 338925  6  5 88  0  0
10  0   1768 390408544      0 374456    0    0     0     4 81688 350542  6  5 89  0  0
 6  0   1768 390413888      0 374460    0    0     0    40 80179 356683  6  6 89  0  0
 9  0   1768 390422816      0 374468    0    0     0     4 78577 355762  6  5 89  0  0
 8  0   1768 390426560      0 374476    0    0     0     0 82981 356385  6  6 88  0  0
 9  0   1768 390426816      0 374484    0    0     0     4 84832 360904  6  5 89  0  0
10  0   1768 390426112      0 374492    0    0     8    16 80508 361105  6  6 89  0  0
10  0   1768 390428704      0 374496    0    0    36    36 79913 350803  6  5 89  0  0
 8  0   1768 390425344      0 374504    0    0     0    44 80256 349333  6  6 89  0  0
10  0   1768 390432256      0 374508    0    0     0     4 80040 356335  6  5 89  0  0
 5  0   1768 390427104      0 374588    0    0     0     8 82815 351368  6  6 89  0  0
 9  0   1768 390421600      0 374596    0    0     8   724 82624 349308  6  5 89  0  0
 8  0   1768 390421792      0 374600    0    0     0   404 80867 349913  6  6 89  0  0
 7  0   1768 390421984      0 374612    0    0     0   372 81016 354138  6  6 88  0  0
 8  0   1768 390424160      0 374616    0    0     0    40 84326 353025  6  6 89  0  0
11  0   1768 390420864      0 374560    0    0     0     4 85987 350130  6  6 89  0  0
11  0   1768 390422112      0 374564    0    0     0     0 84386 363640  6  6 89  0  0
 8  0   1768 390420352      0 374572    0    0    36   316 83742 351877  6  6 89  0  0
 6  0   1768 390422912      0 374576    0    0     0     0 81683 349424  6  6 89  0  0
 9  0   1768 390423488      0 374584    0    0     0     4 77988 357872  6  5 89  0  0
10  0   1768 390418176      0 374672    0    0     0    44 82278 351483  6  5 89  0  0
procs -----------memory---------- ---swap-- -----io---- -system-- ------cpu-----
 r  b   swpd   free   buff  cache   si   so    bi    bo   in   cs us sy id wa st
 7  0   1768 390419776      0 374676    0    0     0     4 86023 355355  6  6 89  0  0
10  0   1768 390418624      0 374692    0    0     0     0 85272 358476  6  6 89  0  0
 6  0   1768 390417504      0 374696    0    0     0     8 85796 352387  6  6 89  0  0
 9  0   1768 390420544      0 374704    0    0     0     0 84377 355156  6  6 89  0  0
 8  0   1768 390416928      0 374708    0    0     0     4 85895 362639  6  6 89  0  0
10  0   1768 390420768      0 374716    0    0     0     0 83704 352642  6  6 89  0  0
11  0   1768 390421152      0 374728    0    0     0     8 83539 351616  6  6 89  0  0
 6  0   1768 390422304      0 374732    0    0     0     4 86806 353649  6  6 89  0  0
11  0   1768 390419456      0 374740    0    0     0     0 88584 376155  6  6 88  0  0
10  0   1768 390416192      0 374820    0    0     0     0 88964 375345  6  6 88  0  0
10  0   1768 390418720      0 374828    0    0     0     8 88973 370758  6  5 89  0  0
 6  0   1768 390413472      0 374832    0    0     0     0 88791 371098  6  5 88  0  0
12  0   1768 390415168      0 374840    0    0     0     4 83694 385456  6  5 89  0  0
 6  0   1768 390418912      0 374848    0    0     0     8 95572 375689  6  6 88  0  0
 6  0   1768 390417184      0 374852    0    0     0     0 88989 376967  6  6 88  0  0
 9  0   1768 390413248      0 374860    0    0     0     0 89084 375544  6  6 89  0  0
 5  0   1768 390411072      0 374864    0    0     0     4 88331 368985  6  5 89  0  0
 8  0   1768 390408928      0 374876    0    0     0    12 90709 379366  6  6 88  0  0
 6  0   1768 390408768      0 374880    0    0     0     4 92004 382343  6  6 88  0  0
 8  0   1768 390407552      0 375516    0    0    20     0 92932 378199  6  6 88  0  0
11  0   1768 390406048      0 375488    0    0     0     8 93390 376414  6  6 88  0  0
procs -----------memory---------- ---swap-- -----io---- -system-- ------cpu-----
 r  b   swpd   free   buff  cache   si   so    bi    bo   in   cs us sy id wa st
 7  0   1768 390403328      0 375496    0    0     0    68 94041 379850  6  6 88  0  0
 9  0   1768 390403808      0 375472    0    0     0   108 91947 382952  6  6 88  0  0
13  0   1768 390403488      0 375476    0    0     0     0 97187 389357  6  6 88  0  0
 6  0   1768 390400160      0 375420    0    0     0     4 94946 379735  6  6 88  0  0
 8  0   1768 390399040      0 375428    0    0     0     0 93796 379098  6  6 88  0  0
 7  0   1768 390395520      0 375440    0    0    20     8 93628 385986  6  6 88  0  0
 8  0   1768 390397536      0 375444    0    0     0    12 93441 381872  6  6 88  0  0
 9  0   1768 390397024      0 375452    0    0     0     4 95727 390709  6  6 88  0  0
 9  0   1768 390394400      0 375532    0    0     0     0 94564 382931  6  6 88  0  0
 8  0   1768 390392896      0 375536    0    0     0   884 90126 388269  6  6 88  0  0
10  0   1768 390392320      0 375544    0    0     0     4 94953 398456  6  6 88  0  0
 8  0   1768 390389600      0 375548    0    0     0     0 93671 384969  6  6 88  0  0
 6  0   1768 390389120      0 375560    0    0     0     0 87196 381869  6  6 88  0  0
 8  0   1768 390386720      0 375564    0    0     0     4 98021 391834  6  6 88  0  0
 8  0   1768 390385760      0 375572    0    0     0     0 89673 393988  6  6 88  0  0
 7  0   1768 390383712      0 375576    0    0     0     4 92386 378230  6  6 88  0  0
12  0   1768 390381760      0 375584    0    0     0     0 91511 388845  6  6 88  0  0
 7  0   1768 390379648      0 375592    0    0     0     8 91699 379858  6  6 88  0  0
10  0   1768 390381760      0 375668    0    0     0     0 92547 389124  6  6 88  0  0
10  0   1768 390377952      0 375676    0    0     0     8 92271 384790  6  6 88  0  0
 6  0   1768 390379680      0 375684    0    0     0     0 95173 388100  6  6 88  0  0
procs -----------memory---------- ---swap-- -----io---- -system-- ------cpu-----
 r  b   swpd   free   buff  cache   si   so    bi    bo   in   cs us sy id wa st
 8  0   1768 390381184      0 375692    0    0     0     4 92883 386586  6  6 88  0  0
13  0   1768 390378688      0 375696    0    0     0     0 95279 387710  6  6 88  0  0
 7  0   1768 390382848      0 375708    0    0     0     8 94761 386578  6  6 88  0  0
13  0   1768 390376992      0 375716    0    0     0     0 86970 375372  6  5 89  0  0
10  0   1768 390371808      0 375720    0    0     0     4 94633 390861  6  6 88  0  0
 9  0   1768 390371872      0 375728    0    0     0    12 95605 388514  6  6 88  0  0
 8  0   1768 390373312      0 375732    0    0     0     8 91994 382615  6  6 88  0  0
12  0   1768 390377888      0 375820    0    0     0     8 89484 388710  6  6 88  0  0
11  0   1768 390375296      0 375824    0    0     0   228 88634 389969  6  6 88  0  0
 8  0   1768 390379040      0 376040    0    0   244   180 91323 385260  6  6 89  0  0
 6  0   1768 390377824      0 376044    0    0     0    16 91359 387760  6  6 88  0  0
 9  0   1768 390376064      0 376052    0    0     0     0 93034 390768  6  6 88  0  0
10  0   1768 390375616      0 376060    0    0     0     4 86721 388601  6  6 88  0  0
 7  0   1768 390374528      0 376064    0    0     0     4 86276 378873  6  6 88  0  0
 9  0   1768 390371424      0 376072    0    0     0     4 94116 386229  6  6 88  0  0
 6  0   1768 390373792      0 376084    0    0     0    12 94537 392197  6  6 88  0  0
 8  0   1768 390372416      0 376092    0    0     0     8 89868 383914  6  6 88  0  0
 9  0   1768 390372928      0 376172    0    0     0     0 91053 393100  6  6 88  0  0
11  0   1768 390372448      0 376180    0    0     0     4 91503 379792  6  6 88  0  0
 6  0   1768 390371840      0 376188    0    0     0     0 93775 377123  6  6 88  0  0
10  0   1768 390370944      0 376192    0    0     0   208 91490 392287  6  6 88  0  0
procs -----------memory---------- ---swap-- -----io---- -system-- ------cpu-----
 r  b   swpd   free   buff  cache   si   so    bi    bo   in   cs us sy id wa st
 8  0   1768 390371520      0 376200    0    0     0     0 93537 384534  6  6 88  0  0
12  0   1768 390366976      0 376204    0    0     0     4 95376 386652  6  6 88  0  0
 9  0   1768 390370240      0 376216    0    0     0     0 96604 392340  6  6 88  0  0
10  0   1768 390369632      0 376220    0    0     0     4 90538 382894  6  6 88  0  0
 8  0   1768 390365792      0 376228    0    0     0     0 93068 383363  6  6 88  0  0
10  0   1768 390364096      0 376232    0    0     0     8 89217 388201  6  6 88  0  0
10  0   1768 390360928      0 376312    0    0     0     0 94311 387148  6  6 88  0  0
 9  0   1768 390356832      0 376320    0    0     0     4 89491 388244  6  6 88  0  0
 1  0   1768 390357888      0 376324    0    0     0     8 93064 382789  6  6 88  0  0
12  0   1768 390354144      0 376332    0    0     0     4 96063 388555  6  6 88  0  0
10  0   1768 390356000      0 376340    0    0     0     8 91931 391011  6  6 88  0  0
10  0   1768 390353152      0 376348    0    0     0     0 90812 390484  6  6 88  0  0
 9  0   1768 390355808      0 376348    0    0     0     0 89609 375986  6  6 88  0  0
 9  0   1768 390355488      0 376348    0    0     0     4 91929 383246  6  6 88  0  0
 9  0   1768 390347328      0 376348    0    0     0     0 84749 353103  6  5 89  0  0
11  0   1768 390346944      0 376348    0    0     0    20 85810 384229  6  6 88  0  0
 9  0   1768 390361632      0 376888    0    0     0     0 93092 379550  6  6 88  0  0
 1  0   1768 390360128      0 376888    0    0     0     4 93665 389581  6  6 88  0  0
 4  0   1768 390357376      0 376936    0    0     0     0 90924 389058  6  6 88  0  0
12  0   1768 390357632      0 376940    0    0     0    72 91601 393533  6  6 88  0  0
 8  0   1768 390355712      0 376948    0    0     0    24 91602 385229  6  6 88  0  0
procs -----------memory---------- ---swap-- -----io---- -system-- ------cpu-----
 r  b   swpd   free   buff  cache   si   so    bi    bo   in   cs us sy id wa st
10  0   1768 390355360      0 376952    0    0     0     4 89738 396391  6  6 88  0  0
 7  0   1768 390356288      0 376960    0    0     0     0 92107 389716  6  6 88  0  0
 7  0   1768 390354848      0 376968    0    0     0     8 95890 386283  6  6 88  0  0
10  0   1768 390355104      0 376976    0    0     0     0 90306 384477  6  6 88  0  0
10  0   1768 390354080      0 376984    0    0     0    16 90240 377077  6  6 88  0  0
 8  0   1768 390355168      0 377064    0    0     0     0 94114 386990  6  6 88  0  0
 9  0   1768 390351136      0 377072    0    0     0     8 92915 384597  6  6 88  0  0
 0  0   1768 390348128      0 377300    0    0    76   720 22396 91857  3  1 96  0  0
 0  0   1768 390512960      0 377080    0    0    36     8  357  484  0  0 100  0  0
 0  0   1768 390513280      0 377088    0    0     0   204  270  410  0  0 100  0  0
 0  0   1768 390513280      0 377092    0    0     0     4  176  250  0  0 100  0  0
 0  0   1768 390513280      0 377100    0    0     0     0  160  230  0  0 100  0  0
 0  0   1768 390513280      0 377104    0    0     0     8  179  249  0  0 100  0  0
 0  0   1768 390514144      0 377116    0    0     0     8  236  354  0  0 100  0  0
 0  0   1768 390514144      0 377120    0    0     0     0  141  214  0  0 100  0  0
 0  0   1768 390514432      0 377204    0    0     0     0  467  312  0  0 100  0  0
 0  0   1768 390514432      0 377212    0    0     0     4  197  298  0  0 100  0  0
 0  0   1768 390515168      0 377216    0    0     0     0  236  374  0  0 100  0  0
 0  0   1768 390515424      0 377224    0    0     0     4  150  230  0  0 100  0  0
 0  0   1768 390515200      0 377228    0    0     0     0  162  228  0  0 100  0  0
 0  0   1768 390515200      0 377236    0    0     0     4  184  248  0  0 100  0  0
procs -----------memory---------- ---swap-- -----io---- -system-- ------cpu-----
 r  b   swpd   free   buff  cache   si   so    bi    bo   in   cs us sy id wa st
 0  0   1768 390515456      0 377244    0    0     0     0  225  346  0  0 100  0  0
 0  0   1768 390515456      0 377252    0    0     0     4  166  227  0  0 100  0  0
 0  0   1768 390521728      0 377256    0    0     0     0  185  228  0  0 100  0  0
 0  0   1768 390521728      0 377264    0    0     0     4  168  224  0  0 100  0  0
 0  0   1768 390522240      0 377348    0    0     0    16  532  517  0  0 100  0  0
 0  0   1768 390522240      0 377352    0    0     0     8  161  218  0  0 100  0  0
 0  0   1768 390523392      0 377360    0    0     0     0  163  226  0  0 100  0  0
 0  0   1768 390523392      0 377364    0    0     0   108  205  259  0  0 100  0  0
 0  0   1768 390524416      0 377376    0    0     0     8  244  373  0  0 100  0  0
 0  0   1768 390525216      0 377380    0    0     0     4  195  245  0  0 100  0  0
 0  0   1768 390525216      0 377388    0    0     0     8  171  218  0  0 100  0  0
 0  0   1768 390525216      0 377396    0    0     0     0  152  214  0  0 100  0  0
 0  0   1768 390525216      0 377400    0    0     0     0  235  353  0  0 100  0  0
 0  0   1768 390525216      0 377408    0    0     0     4  181  222  0  0 100  0  0
 0  0   1768 390524960      0 377484    0    0     0     0  512  379  0  0 100  0  0
 0  0   1768 390525216      0 377492    0    0     0     4  185  232  0  0 100  0  0
 0  0   1768 390525216      0 377500    0    0     0     8  288  394  0  0 100  0  0
 3  0   1768 390484928      0 377508    0    0     0     0 1244 2049  1  0 99  0  0
 4  0   1768 390453952      0 377800    0    0   288     0 3436 4552  3  0 96  0  0
 2  0   1768 390404352      0 378008    0    0    24   372 3026 3011  3  0 97  0  0
 4  0   1768 390385184      0 378116    0    0     0   196  644  923  0  0 100  0  0
procs -----------memory---------- ---swap-- -----io---- -system-- ------cpu-----
 r  b   swpd   free   buff  cache   si   so    bi    bo   in   cs us sy id wa st
11  0   1768 390351136      0 378120    0    0     0     4 59497 232866  9  4 87  0  0
10  0   1768 390348480      0 378128    0    0     0     0 91065 366374  8  6 86  0  0
 9  0   1768 390348096      0 378132    0    0     0     8 92433 379606  7  6 87  0  0
 9  0   1768 390347744      0 378224    0    0     0     0 93144 379587  6  6 88  0  0
 9  0   1768 390342432      0 378232    0    0     0     4 92822 389108  6  6 88  0  0
12  0   1768 390340576      0 378244    0    0     0     0 92878 379008  6  6 88  0  0
10  0   1768 390334272      0 378252    0    0     0   312 89982 378886  6  6 88  0  0
10  0   1768 390335136      0 378256    0    0     0     0 89085 380098  6  6 88  0  0
 9  0   1768 390335808      0 378264    0    0     0     8 87407 380108  6  6 88  0  0
 9  0   1768 390337792      0 378268    0    0     0     0 92351 378309  6  6 88  0  0
 8  0   1768 390340960      0 378276    0    0     0     4 90727 379218  6  6 88  0  0
 9  0   1768 390340608      0 378284    0    0     0     0 93952 386852  6  6 88  0  0
 8  0   1768 390344192      0 378292    0    0     0     4 93916 381329  6  6 88  0  0
 9  0   1768 390346016      0 378820    0    0     0    24 87046 381601  6  6 88  0  0
10  0   1768 390343488      0 378828    0    0     0     0 86436 386335  6  6 88  0  0
10  0   1768 390351328      0 378836    0    0     0     0 87099 380754  6  6 88  0  0
10  0   1768 390346208      0 378840    0    0     0   156 91746 387120  6  6 88  0  0
 8  0   1768 390347264      0 378848    0    0     0    28 90834 386143  6  6 88  0  0
 7  0   1768 390346848      0 378852    0    0     0     4 85272 380441  6  6 88  0  0
 8  0   1768 390350368      0 378864    0    0     0     0 91340 383276  6  6 88  0  0
 8  0   1768 390344896      0 378868    0    0     0     8 89755 378714  6  6 88  0  0
procs -----------memory---------- ---swap-- -----io---- -system-- ------cpu-----
 r  b   swpd   free   buff  cache   si   so    bi    bo   in   cs us sy id wa st
 7  0   1768 390346944      0 378876    0    0     0     0 91803 387127  6  6 88  0  0
10  0   1768 390344288      0 378884    0    0     0     4 86436 376494  6  6 89  0  0
12  0   1768 390343104      0 378960    0    0     0     0 92885 386750  6  6 88  0  0
10  0   1768 390339712      0 378968    0    0     0     4 87106 374941  6  6 88  0  0
12  0   1768 390337504      0 378972    0    0     0     0 93476 384697  6  6 88  0  0
 7  0   1768 390337312      0 378980    0    0     0     4 92561 385007  6  6 88  0  0
 7  0   1768 390336448      0 378988    0    0     0    56 91519 381878  6  6 88  0  0
 9  0   1768 390334080      0 378996    0    0     0     4 90357 384899  6  6 88  0  0
11  0   1768 390334720      0 379000    0    0     8   196 88819 383286  6  6 88  0  0
 9  0   1768 390335168      0 379008    0    0     0   208 90349 379527  6  6 88  0  0
 9  0   1768 390337856      0 379016    0    0     0     8 87128 382104  6  6 88  0  0
11  0   1768 390338784      0 379020    0    0     0     0 88668 387896  6  6 88  0  0
 7  0   1768 390337408      0 379104    0    0     0     0 92791 379553  6  6 88  0  0
 6  0   1768 390334272      0 379112    0    0     0   116 91790 383439  6  6 88  0  0
 9  0   1768 390335104      0 379124    0    0     0     0 89726 378473  6  6 88  0  0
 0  0   1768 390334080      0 379380    0    0     0     4 4495 14002  1  0 99  0  0
 0  0   1768 390334112      0 379224    0    0     0     8  810  770  1  0 99  0  0
 0  0   1768 390338400      0 379068    0    0     4     0  719  664  0  0 100  0  0
 0  0   1768 390337088      0 379072    0    0    36     0  720  651  0  0 100  0  0
