[INFO] Scanning for projects...
[INFO] 
[INFO] ------------------------< org.acme:springboot3 >------------------------
[INFO] Building springboot3 1.0
[INFO]   from pom.xml
[INFO] --------------------------------[ jar ]---------------------------------
[INFO] 
[INFO] --- clean:3.4.1:clean (default-clean) @ springboot3 ---
[INFO] Deleting /home/jenkins/spring-quarkus-perf-comparison/spring-quarkus-perf-comparison/springboot3/target
[INFO] 
[INFO] >>> native:0.10.6:compile (default-cli) > package @ springboot3 >>>
[INFO] 
[INFO] --- properties:1.3.0:set-system-properties (default) @ springboot3 ---
[INFO] Set 1 system property
[INFO] 
[INFO] --- native:0.10.6:add-reachability-metadata (add-reachability-metadata) @ springboot3 ---
[INFO] Downloaded GraalVM reachability metadata repository from file:/home/jenkins/.m2/repository/org/graalvm/buildtools/graalvm-reachability-metadata/0.10.6/graalvm-reachability-metadata-0.10.6-repository.zip
[INFO] [graalvm reachability metadata repository for ch.qos.logback:logback-classic:1.5.32]: Configuration directory not found. Trying latest version.
[INFO] [graalvm reachability metadata repository for ch.qos.logback:logback-classic:1.5.32]: Configuration directory is ch.qos.logback/logback-classic/1.4.9
[INFO] [graalvm reachability metadata repository for com.zaxxer:HikariCP:6.3.3]: Configuration directory not found. Trying latest version.
[INFO] [graalvm reachability metadata repository for com.zaxxer:HikariCP:6.3.3]: Configuration directory is com.zaxxer/HikariCP/5.0.1
[INFO] [graalvm reachability metadata repository for org.hibernate.orm:hibernate-core:6.6.49.Final]: Configuration directory not found. Trying latest version.
[INFO] [graalvm reachability metadata repository for org.hibernate.orm:hibernate-core:6.6.49.Final]: Configuration directory is org.hibernate.orm/hibernate-core/6.6.0.Final
[INFO] [graalvm reachability metadata repository for org.glassfish.jaxb:jaxb-runtime:4.0.6]: Configuration directory not found. Trying latest version.
[INFO] [graalvm reachability metadata repository for org.glassfish.jaxb:jaxb-runtime:4.0.6]: Configuration directory is org.glassfish.jaxb/jaxb-runtime/3.0.2
[INFO] [graalvm reachability metadata repository for com.fasterxml.jackson.core:jackson-databind:2.21.2]: Configuration directory not found. Trying latest version.
[INFO] [graalvm reachability metadata repository for com.fasterxml.jackson.core:jackson-databind:2.21.2]: Configuration directory is com.fasterxml.jackson.core/jackson-databind/2.15.2
[INFO] [graalvm reachability metadata repository for org.apache.tomcat.embed:tomcat-embed-core:10.1.54]: Configuration directory not found. Trying latest version.
[INFO] [graalvm reachability metadata repository for org.apache.tomcat.embed:tomcat-embed-core:10.1.54]: Configuration directory is org.apache.tomcat.embed/tomcat-embed-core/10.0.20
[INFO] [graalvm reachability metadata repository for org.hibernate.validator:hibernate-validator:8.0.3.Final]: Configuration directory not found. Trying latest version.
[INFO] [graalvm reachability metadata repository for org.hibernate.validator:hibernate-validator:8.0.3.Final]: Configuration directory is org.hibernate.validator/hibernate-validator/7.0.4.Final
[INFO] [graalvm reachability metadata repository for org.hibernate.validator:hibernate-validator:8.0.3.Final]: Configuration directory not found. Trying latest version.
[INFO] [graalvm reachability metadata repository for org.hibernate.validator:hibernate-validator:8.0.3.Final]: Latest version not found!
[INFO] [graalvm reachability metadata repository for org.hibernate.validator:hibernate-validator:8.0.3.Final]: missing.
[INFO] [graalvm reachability metadata repository for org.hdrhistogram:HdrHistogram:2.2.2]: Configuration directory not found. Trying latest version.
[INFO] [graalvm reachability metadata repository for org.hdrhistogram:HdrHistogram:2.2.2]: Configuration directory is org.hdrhistogram/HdrHistogram/2.1.12
[INFO] [graalvm reachability metadata repository for org.postgresql:postgresql:42.7.10]: Configuration directory not found. Trying latest version.
[INFO] [graalvm reachability metadata repository for org.postgresql:postgresql:42.7.10]: Configuration directory is org.postgresql/postgresql/42.7.3
[INFO] [graalvm reachability metadata repository for javax.cache:cache-api:1.1.1]: Configuration directory is javax.cache/cache-api/1.1.1
[INFO] [graalvm reachability metadata repository for org.jboss.logging:jboss-logging:3.6.3.Final]: Configuration directory not found. Trying latest version.
[INFO] [graalvm reachability metadata repository for org.jboss.logging:jboss-logging:3.6.3.Final]: Configuration directory is org.jboss.logging/jboss-logging/3.5.0.Final
[INFO] [graalvm reachability metadata repository for com.github.ben-manes.caffeine:caffeine:3.2.3]: Configuration directory not found. Trying latest version.
[INFO] [graalvm reachability metadata repository for com.github.ben-manes.caffeine:caffeine:3.2.3]: Configuration directory is com.github.ben-manes.caffeine/caffeine/3.1.2
[INFO] [graalvm reachability metadata repository for io.opentelemetry:opentelemetry-exporter-logging:1.59.0]: Configuration directory not found. Trying latest version.
[INFO] [graalvm reachability metadata repository for io.opentelemetry:opentelemetry-exporter-logging:1.59.0]: Latest version not found!
[INFO] [graalvm reachability metadata repository for io.opentelemetry:opentelemetry-exporter-logging:1.59.0]: missing.
[INFO] [graalvm reachability metadata repository for io.opentelemetry:opentelemetry-exporter-otlp:1.59.0]: Configuration directory not found. Trying latest version.
[INFO] [graalvm reachability metadata repository for io.opentelemetry:opentelemetry-exporter-otlp:1.59.0]: Latest version not found!
[INFO] [graalvm reachability metadata repository for io.opentelemetry:opentelemetry-exporter-otlp:1.59.0]: missing.
[INFO] [graalvm reachability metadata repository for io.opentelemetry:opentelemetry-sdk-trace:1.59.0]: Configuration directory not found. Trying latest version.
[INFO] [graalvm reachability metadata repository for io.opentelemetry:opentelemetry-sdk-trace:1.59.0]: Latest version not found!
[INFO] [graalvm reachability metadata repository for io.opentelemetry:opentelemetry-sdk-trace:1.59.0]: missing.
[INFO] [graalvm reachability metadata repository for io.opentelemetry:opentelemetry-sdk-metrics:1.59.0]: Configuration directory not found. Trying latest version.
[INFO] [graalvm reachability metadata repository for io.opentelemetry:opentelemetry-sdk-metrics:1.59.0]: Latest version not found!
[INFO] [graalvm reachability metadata repository for io.opentelemetry:opentelemetry-sdk-metrics:1.59.0]: missing.
[INFO] [graalvm reachability metadata repository for org.jetbrains.kotlin:kotlin-stdlib:1.9.25]: Configuration directory not found. Trying latest version.
[INFO] [graalvm reachability metadata repository for org.jetbrains.kotlin:kotlin-stdlib:1.9.25]: Configuration directory is org.jetbrains.kotlin/kotlin-stdlib/1.7.10
[INFO] 
[INFO] --- resources:3.3.1:resources (default-resources) @ springboot3 ---
[INFO] Copying 1 resource from src/main/resources to target/classes
[INFO] Copying 1 resource from src/main/resources to target/classes
[INFO] 
[INFO] --- compiler:3.14.1:compile (default-compile) @ springboot3 ---
[INFO] Recompiling the module because of changed source code.
[INFO] Compiling 20 source files with javac [debug parameters release 21] to target/classes
[INFO] 
[INFO] --- hibernate-enhance:6.6.49.Final:enhance (enhance) @ springboot3 ---
[WARNING] Skipping Hibernate bytecode enhancement plugin execution since no feature is enabled
[INFO] 
[INFO] --- resources:3.3.1:testResources (default-testResources) @ springboot3 ---
[INFO] Copying 1 resource from src/test/resources to target/test-classes
[INFO] 
[INFO] --- compiler:3.14.1:testCompile (default-testCompile) @ springboot3 ---
[INFO] Recompiling the module because of changed dependency.
[INFO] Compiling 5 source files with javac [debug parameters release 21] to target/test-classes
[INFO] 
[INFO] --- surefire:3.5.5:test (default-test) @ springboot3 ---
[WARNING]  Parameter 'systemProperties' is deprecated: Use systemPropertyVariables instead.
[INFO] Tests are skipped.
[INFO] 
[INFO] --- spring-boot:3.5.14:process-aot (process-aot) @ springboot3 ---

  .   ____          _            __ _ _
 /\\ / ___'_ __ _ _(_)_ __  __ _ \ \ \ \
( ( )\___ | '_ | '_| | '_ \/ _` | \ \ \ \
 \\/  ___)| |_)| | | | | || (_| |  ) ) ) )
  '  |____| .__|_| |_|_| |_\__, | / / / /
 =========|_|==============|___/=/_/_/_/

 :: Spring Boot ::               (v3.5.14)

2026-06-02T12:54:31.117-04:00  INFO 1774246 --- [springboot3] [           main] org.acme.SpringBoot3Application          : Starting SpringBoot3Application using Java 25.0.3 with PID 1774246 (/home/jenkins/spring-quarkus-perf-comparison/spring-quarkus-perf-comparison/springboot3/target/classes started by jenkins in /home/jenkins/spring-quarkus-perf-comparison/spring-quarkus-perf-comparison/springboot3)
2026-06-02T12:54:31.133-04:00  INFO 1774246 --- [springboot3] [           main] org.acme.SpringBoot3Application          : No active profile set, falling back to 1 default profile: "default"
2026-06-02T12:54:32.271-04:00  INFO 1774246 --- [springboot3] [           main] .s.d.r.c.RepositoryConfigurationDelegate : Bootstrapping Spring Data JPA repositories in DEFAULT mode.
2026-06-02T12:54:32.332-04:00  INFO 1774246 --- [springboot3] [           main] .s.d.r.c.RepositoryConfigurationDelegate : Finished Spring Data repository scanning in 49 ms. Found 1 JPA repository interface.
[INFO] 
[INFO] --- jar:3.4.2:jar (default-jar) @ springboot3 ---
[INFO] Building jar: /home/jenkins/spring-quarkus-perf-comparison/spring-quarkus-perf-comparison/springboot3/target/springboot3.jar
[INFO] 
[INFO] --- spring-boot:3.5.14:repackage (repackage) @ springboot3 ---
[INFO] Replacing main artifact /home/jenkins/spring-quarkus-perf-comparison/spring-quarkus-perf-comparison/springboot3/target/springboot3.jar with repackaged archive, adding nested dependencies in BOOT-INF/.
[INFO] The original artifact has been renamed to /home/jenkins/spring-quarkus-perf-comparison/spring-quarkus-perf-comparison/springboot3/target/springboot3.jar.original
[INFO] 
[INFO] <<< native:0.10.6:compile (default-cli) < package @ springboot3 <<<
[INFO] 
[INFO] 
[INFO] --- native:0.10.6:compile (default-cli) @ springboot3 ---
[INFO] Found GraalVM installation from GRAALVM_HOME variable.
[INFO] [graalvm reachability metadata repository for ch.qos.logback:logback-classic:1.5.32]: Configuration directory not found. Trying latest version.
[INFO] [graalvm reachability metadata repository for ch.qos.logback:logback-classic:1.5.32]: Configuration directory is ch.qos.logback/logback-classic/1.4.9
[INFO] [graalvm reachability metadata repository for com.zaxxer:HikariCP:6.3.3]: Configuration directory not found. Trying latest version.
[INFO] [graalvm reachability metadata repository for com.zaxxer:HikariCP:6.3.3]: Configuration directory is com.zaxxer/HikariCP/5.0.1
[INFO] [graalvm reachability metadata repository for org.hibernate.orm:hibernate-core:6.6.49.Final]: Configuration directory not found. Trying latest version.
[INFO] [graalvm reachability metadata repository for org.hibernate.orm:hibernate-core:6.6.49.Final]: Configuration directory is org.hibernate.orm/hibernate-core/6.6.0.Final
[INFO] [graalvm reachability metadata repository for org.glassfish.jaxb:jaxb-runtime:4.0.6]: Configuration directory not found. Trying latest version.
[INFO] [graalvm reachability metadata repository for org.glassfish.jaxb:jaxb-runtime:4.0.6]: Configuration directory is org.glassfish.jaxb/jaxb-runtime/3.0.2
[INFO] [graalvm reachability metadata repository for com.fasterxml.jackson.core:jackson-databind:2.21.2]: Configuration directory not found. Trying latest version.
[INFO] [graalvm reachability metadata repository for com.fasterxml.jackson.core:jackson-databind:2.21.2]: Configuration directory is com.fasterxml.jackson.core/jackson-databind/2.15.2
[INFO] [graalvm reachability metadata repository for org.apache.tomcat.embed:tomcat-embed-core:10.1.54]: Configuration directory not found. Trying latest version.
[INFO] [graalvm reachability metadata repository for org.apache.tomcat.embed:tomcat-embed-core:10.1.54]: Configuration directory is org.apache.tomcat.embed/tomcat-embed-core/10.0.20
[INFO] [graalvm reachability metadata repository for org.hibernate.validator:hibernate-validator:8.0.3.Final]: Configuration directory not found. Trying latest version.
[INFO] [graalvm reachability metadata repository for org.hibernate.validator:hibernate-validator:8.0.3.Final]: Configuration directory is org.hibernate.validator/hibernate-validator/7.0.4.Final
[INFO] [graalvm reachability metadata repository for org.hibernate.validator:hibernate-validator:8.0.3.Final]: Configuration directory not found. Trying latest version.
[INFO] [graalvm reachability metadata repository for org.hibernate.validator:hibernate-validator:8.0.3.Final]: Latest version not found!
[INFO] [graalvm reachability metadata repository for org.hibernate.validator:hibernate-validator:8.0.3.Final]: missing.
[INFO] [graalvm reachability metadata repository for org.hdrhistogram:HdrHistogram:2.2.2]: Configuration directory not found. Trying latest version.
[INFO] [graalvm reachability metadata repository for org.hdrhistogram:HdrHistogram:2.2.2]: Configuration directory is org.hdrhistogram/HdrHistogram/2.1.12
[INFO] [graalvm reachability metadata repository for org.postgresql:postgresql:42.7.10]: Configuration directory not found. Trying latest version.
[INFO] [graalvm reachability metadata repository for org.postgresql:postgresql:42.7.10]: Configuration directory is org.postgresql/postgresql/42.7.3
[INFO] [graalvm reachability metadata repository for javax.cache:cache-api:1.1.1]: Configuration directory is javax.cache/cache-api/1.1.1
[INFO] [graalvm reachability metadata repository for org.jboss.logging:jboss-logging:3.6.3.Final]: Configuration directory not found. Trying latest version.
[INFO] [graalvm reachability metadata repository for org.jboss.logging:jboss-logging:3.6.3.Final]: Configuration directory is org.jboss.logging/jboss-logging/3.5.0.Final
[INFO] [graalvm reachability metadata repository for com.github.ben-manes.caffeine:caffeine:3.2.3]: Configuration directory not found. Trying latest version.
[INFO] [graalvm reachability metadata repository for com.github.ben-manes.caffeine:caffeine:3.2.3]: Configuration directory is com.github.ben-manes.caffeine/caffeine/3.1.2
[INFO] [graalvm reachability metadata repository for io.opentelemetry:opentelemetry-exporter-logging:1.59.0]: Configuration directory not found. Trying latest version.
[INFO] [graalvm reachability metadata repository for io.opentelemetry:opentelemetry-exporter-logging:1.59.0]: Latest version not found!
[INFO] [graalvm reachability metadata repository for io.opentelemetry:opentelemetry-exporter-logging:1.59.0]: missing.
[INFO] [graalvm reachability metadata repository for io.opentelemetry:opentelemetry-exporter-otlp:1.59.0]: Configuration directory not found. Trying latest version.
[INFO] [graalvm reachability metadata repository for io.opentelemetry:opentelemetry-exporter-otlp:1.59.0]: Latest version not found!
[INFO] [graalvm reachability metadata repository for io.opentelemetry:opentelemetry-exporter-otlp:1.59.0]: missing.
[INFO] [graalvm reachability metadata repository for io.opentelemetry:opentelemetry-sdk-trace:1.59.0]: Configuration directory not found. Trying latest version.
[INFO] [graalvm reachability metadata repository for io.opentelemetry:opentelemetry-sdk-trace:1.59.0]: Latest version not found!
[INFO] [graalvm reachability metadata repository for io.opentelemetry:opentelemetry-sdk-trace:1.59.0]: missing.
[INFO] [graalvm reachability metadata repository for io.opentelemetry:opentelemetry-sdk-metrics:1.59.0]: Configuration directory not found. Trying latest version.
[INFO] [graalvm reachability metadata repository for io.opentelemetry:opentelemetry-sdk-metrics:1.59.0]: Latest version not found!
[INFO] [graalvm reachability metadata repository for io.opentelemetry:opentelemetry-sdk-metrics:1.59.0]: missing.
[WARNING] Properties file at 'jar:file:///home/jenkins/.m2/repository/com/squareup/okhttp3/okhttp-jvm/5.3.2/okhttp-jvm-5.3.2.jar!/META-INF/native-image/okhttp/okhttp/native-image.properties' does not match the recommended 'META-INF/native-image/com.squareup.okhttp3/okhttp-jvm/native-image.properties' layout.
[INFO] [graalvm reachability metadata repository for org.jetbrains.kotlin:kotlin-stdlib:1.9.25]: Configuration directory not found. Trying latest version.
[INFO] [graalvm reachability metadata repository for org.jetbrains.kotlin:kotlin-stdlib:1.9.25]: Configuration directory is org.jetbrains.kotlin/kotlin-stdlib/1.7.10
[INFO] Executing: /home/jenkins/.sdkman/candidates/java/25.0.2-graalce/bin/native-image -cp /home/jenkins/spring-quarkus-perf-comparison/spring-quarkus-perf-comparison/springboot3/target/classes:/home/jenkins/.m2/repository/org/springframework/boot/spring-boot-starter-data-jpa/3.5.14/spring-boot-starter-data-jpa-3.5.14.jar:/home/jenkins/.m2/repository/org/springframework/boot/spring-boot-starter/3.5.14/spring-boot-starter-3.5.14.jar:/home/jenkins/.m2/repository/org/springframework/boot/spring-boot/3.5.14/spring-boot-3.5.14.jar:/home/jenkins/.m2/repository/org/springframework/boot/spring-boot-starter-logging/3.5.14/spring-boot-starter-logging-3.5.14.jar:/home/jenkins/.m2/repository/ch/qos/logback/logback-classic/1.5.32/logback-classic-1.5.32.jar:/home/jenkins/.m2/repository/ch/qos/logback/logback-core/1.5.32/logback-core-1.5.32.jar:/home/jenkins/.m2/repository/org/apache/logging/log4j/log4j-to-slf4j/2.24.3/log4j-to-slf4j-2.24.3.jar:/home/jenkins/.m2/repository/org/apache/logging/log4j/log4j-api/2.24.3/log4j-api-2.24.3.jar:/home/jenkins/.m2/repository/org/slf4j/jul-to-slf4j/2.0.17/jul-to-slf4j-2.0.17.jar:/home/jenkins/.m2/repository/jakarta/annotation/jakarta.annotation-api/2.1.1/jakarta.annotation-api-2.1.1.jar:/home/jenkins/.m2/repository/org/yaml/snakeyaml/2.4/snakeyaml-2.4.jar:/home/jenkins/.m2/repository/org/springframework/boot/spring-boot-starter-jdbc/3.5.14/spring-boot-starter-jdbc-3.5.14.jar:/home/jenkins/.m2/repository/com/zaxxer/HikariCP/6.3.3/HikariCP-6.3.3.jar:/home/jenkins/.m2/repository/org/springframework/spring-jdbc/6.2.18/spring-jdbc-6.2.18.jar:/home/jenkins/.m2/repository/org/hibernate/orm/hibernate-core/6.6.49.Final/hibernate-core-6.6.49.Final.jar:/home/jenkins/.m2/repository/jakarta/persistence/jakarta.persistence-api/3.1.0/jakarta.persistence-api-3.1.0.jar:/home/jenkins/.m2/repository/jakarta/transaction/jakarta.transaction-api/2.0.1/jakarta.transaction-api-2.0.1.jar:/home/jenkins/.m2/repository/org/hibernate/common/hibernate-commons-annotations/7.0.3.Final/hibernate-commons-annotations-7.0.3.Final.jar:/home/jenkins/.m2/repository/io/smallrye/jandex/3.2.0/jandex-3.2.0.jar:/home/jenkins/.m2/repository/com/fasterxml/classmate/1.7.3/classmate-1.7.3.jar:/home/jenkins/.m2/repository/org/glassfish/jaxb/jaxb-runtime/4.0.6/jaxb-runtime-4.0.6.jar:/home/jenkins/.m2/repository/org/glassfish/jaxb/jaxb-core/4.0.6/jaxb-core-4.0.6.jar:/home/jenkins/.m2/repository/org/eclipse/angus/angus-activation/2.0.3/angus-activation-2.0.3.jar:/home/jenkins/.m2/repository/org/glassfish/jaxb/txw2/4.0.6/txw2-4.0.6.jar:/home/jenkins/.m2/repository/com/sun/istack/istack-commons-runtime/4.1.2/istack-commons-runtime-4.1.2.jar:/home/jenkins/.m2/repository/org/antlr/antlr4-runtime/4.13.0/antlr4-runtime-4.13.0.jar:/home/jenkins/.m2/repository/org/springframework/data/spring-data-jpa/3.5.11/spring-data-jpa-3.5.11.jar:/home/jenkins/.m2/repository/org/springframework/data/spring-data-commons/3.5.11/spring-data-commons-3.5.11.jar:/home/jenkins/.m2/repository/org/springframework/spring-orm/6.2.18/spring-orm-6.2.18.jar:/home/jenkins/.m2/repository/org/springframework/spring-context/6.2.18/spring-context-6.2.18.jar:/home/jenkins/.m2/repository/org/springframework/spring-aop/6.2.18/spring-aop-6.2.18.jar:/home/jenkins/.m2/repository/org/springframework/spring-tx/6.2.18/spring-tx-6.2.18.jar:/home/jenkins/.m2/repository/org/springframework/spring-beans/6.2.18/spring-beans-6.2.18.jar:/home/jenkins/.m2/repository/org/slf4j/slf4j-api/2.0.17/slf4j-api-2.0.17.jar:/home/jenkins/.m2/repository/org/springframework/spring-aspects/6.2.18/spring-aspects-6.2.18.jar:/home/jenkins/.m2/repository/org/aspectj/aspectjweaver/1.9.25.1/aspectjweaver-1.9.25.1.jar:/home/jenkins/.m2/repository/org/springframework/boot/spring-boot-starter-web/3.5.14/spring-boot-starter-web-3.5.14.jar:/home/jenkins/.m2/repository/org/springframework/boot/spring-boot-starter-json/3.5.14/spring-boot-starter-json-3.5.14.jar:/home/jenkins/.m2/repository/com/fasterxml/jackson/core/jackson-databind/2.21.2/jackson-databind-2.21.2.jar:/home/jenkins/.m2/repository/com/fasterxml/jackson/datatype/jackson-datatype-jdk8/2.21.2/jackson-datatype-jdk8-2.21.2.jar:/home/jenkins/.m2/repository/com/fasterxml/jackson/datatype/jackson-datatype-jsr310/2.21.2/jackson-datatype-jsr310-2.21.2.jar:/home/jenkins/.m2/repository/com/fasterxml/jackson/module/jackson-module-parameter-names/2.21.2/jackson-module-parameter-names-2.21.2.jar:/home/jenkins/.m2/repository/org/springframework/boot/spring-boot-starter-tomcat/3.5.14/spring-boot-starter-tomcat-3.5.14.jar:/home/jenkins/.m2/repository/org/apache/tomcat/embed/tomcat-embed-core/10.1.54/tomcat-embed-core-10.1.54.jar:/home/jenkins/.m2/repository/org/apache/tomcat/embed/tomcat-embed-websocket/10.1.54/tomcat-embed-websocket-10.1.54.jar:/home/jenkins/.m2/repository/org/springframework/spring-web/6.2.18/spring-web-6.2.18.jar:/home/jenkins/.m2/repository/org/springframework/spring-webmvc/6.2.18/spring-webmvc-6.2.18.jar:/home/jenkins/.m2/repository/org/springframework/spring-expression/6.2.18/spring-expression-6.2.18.jar:/home/jenkins/.m2/repository/org/springframework/boot/spring-boot-starter-validation/3.5.14/spring-boot-starter-validation-3.5.14.jar:/home/jenkins/.m2/repository/org/apache/tomcat/embed/tomcat-embed-el/10.1.54/tomcat-embed-el-10.1.54.jar:/home/jenkins/.m2/repository/org/hibernate/validator/hibernate-validator/8.0.3.Final/hibernate-validator-8.0.3.Final.jar:/home/jenkins/.m2/repository/jakarta/validation/jakarta.validation-api/3.0.2/jakarta.validation-api-3.0.2.jar:/home/jenkins/.m2/repository/org/springframework/boot/spring-boot-starter-actuator/3.5.14/spring-boot-starter-actuator-3.5.14.jar:/home/jenkins/.m2/repository/org/springframework/boot/spring-boot-actuator-autoconfigure/3.5.14/spring-boot-actuator-autoconfigure-3.5.14.jar:/home/jenkins/.m2/repository/org/springframework/boot/spring-boot-actuator/3.5.14/spring-boot-actuator-3.5.14.jar:/home/jenkins/.m2/repository/io/micrometer/micrometer-observation/1.15.11/micrometer-observation-1.15.11.jar:/home/jenkins/.m2/repository/io/micrometer/micrometer-commons/1.15.11/micrometer-commons-1.15.11.jar:/home/jenkins/.m2/repository/io/micrometer/micrometer-jakarta9/1.15.11/micrometer-jakarta9-1.15.11.jar:/home/jenkins/.m2/repository/io/micrometer/micrometer-registry-prometheus/1.15.11/micrometer-registry-prometheus-1.15.11.jar:/home/jenkins/.m2/repository/io/micrometer/micrometer-core/1.15.11/micrometer-core-1.15.11.jar:/home/jenkins/.m2/repository/org/hdrhistogram/HdrHistogram/2.2.2/HdrHistogram-2.2.2.jar:/home/jenkins/.m2/repository/org/latencyutils/LatencyUtils/2.0.3/LatencyUtils-2.0.3.jar:/home/jenkins/.m2/repository/io/prometheus/prometheus-metrics-core/1.3.10/prometheus-metrics-core-1.3.10.jar:/home/jenkins/.m2/repository/io/prometheus/prometheus-metrics-model/1.3.10/prometheus-metrics-model-1.3.10.jar:/home/jenkins/.m2/repository/io/prometheus/prometheus-metrics-config/1.3.10/prometheus-metrics-config-1.3.10.jar:/home/jenkins/.m2/repository/io/prometheus/prometheus-metrics-tracer-common/1.3.10/prometheus-metrics-tracer-common-1.3.10.jar:/home/jenkins/.m2/repository/io/prometheus/prometheus-metrics-exposition-formats/1.3.10/prometheus-metrics-exposition-formats-1.3.10.jar:/home/jenkins/.m2/repository/io/prometheus/prometheus-metrics-exposition-textformats/1.3.10/prometheus-metrics-exposition-textformats-1.3.10.jar:/home/jenkins/.m2/repository/io/micrometer/micrometer-java21/1.15.11/micrometer-java21-1.15.11.jar:/home/jenkins/.m2/repository/org/postgresql/postgresql/42.7.10/postgresql-42.7.10.jar:/home/jenkins/.m2/repository/org/checkerframework/checker-qual/3.52.0/checker-qual-3.52.0.jar:/home/jenkins/.m2/repository/org/hibernate/orm/hibernate-jcache/6.6.49.Final/hibernate-jcache-6.6.49.Final.jar:/home/jenkins/.m2/repository/javax/cache/cache-api/1.1.1/cache-api-1.1.1.jar:/home/jenkins/.m2/repository/org/jboss/logging/jboss-logging/3.6.3.Final/jboss-logging-3.6.3.Final.jar:/home/jenkins/.m2/repository/com/github/ben-manes/caffeine/caffeine/3.2.3/caffeine-3.2.3.jar:/home/jenkins/.m2/repository/org/jspecify/jspecify/1.0.0/jspecify-1.0.0.jar:/home/jenkins/.m2/repository/com/google/errorprone/error_prone_annotations/2.43.0/error_prone_annotations-2.43.0.jar:/home/jenkins/.m2/repository/com/github/ben-manes/caffeine/jcache/3.2.3/jcache-3.2.3.jar:/home/jenkins/.m2/repository/org/osgi/org.osgi.service.component.annotations/1.5.1/org.osgi.service.component.annotations-1.5.1.jar:/home/jenkins/.m2/repository/org/osgi/osgi.annotation/8.1.0/osgi.annotation-8.1.0.jar:/home/jenkins/.m2/repository/org/osgi/org.osgi.namespace.extender/1.0.1/org.osgi.namespace.extender-1.0.1.jar:/home/jenkins/.m2/repository/org/osgi/org.osgi.util.function/1.0.0/org.osgi.util.function-1.0.0.jar:/home/jenkins/.m2/repository/org/osgi/org.osgi.util.promise/1.0.0/org.osgi.util.promise-1.0.0.jar:/home/jenkins/.m2/repository/jakarta/inject/jakarta.inject-api/2.0.1/jakarta.inject-api-2.0.1.jar:/home/jenkins/.m2/repository/com/typesafe/config/1.4.5/config-1.4.5.jar:/home/jenkins/.m2/repository/io/opentelemetry/instrumentation/opentelemetry-spring-boot-starter/2.25.0/opentelemetry-spring-boot-starter-2.25.0.jar:/home/jenkins/.m2/repository/io/opentelemetry/instrumentation/opentelemetry-spring-boot-autoconfigure/2.25.0/opentelemetry-spring-boot-autoconfigure-2.25.0.jar:/home/jenkins/.m2/repository/io/opentelemetry/instrumentation/opentelemetry-instrumentation-api/2.25.0/opentelemetry-instrumentation-api-2.25.0.jar:/home/jenkins/.m2/repository/io/opentelemetry/instrumentation/opentelemetry-instrumentation-api-incubator/2.25.0-alpha/opentelemetry-instrumentation-api-incubator-2.25.0-alpha.jar:/home/jenkins/.m2/repository/javax/validation/validation-api/2.0.1.Final/validation-api-2.0.1.Final.jar:/home/jenkins/.m2/repository/io/opentelemetry/instrumentation/opentelemetry-instrumentation-annotations-support/2.25.0-alpha/opentelemetry-instrumentation-annotations-support-2.25.0-alpha.jar:/home/jenkins/.m2/repository/io/opentelemetry/semconv/opentelemetry-semconv-incubating/1.39.0-alpha/opentelemetry-semconv-incubating-1.39.0-alpha.jar:/home/jenkins/.m2/repository/io/opentelemetry/instrumentation/opentelemetry-kafka-clients-2.6/2.25.0-alpha/opentelemetry-kafka-clients-2.6-2.25.0-alpha.jar:/home/jenkins/.m2/repository/io/opentelemetry/instrumentation/opentelemetry-kafka-clients-common-0.11/2.25.0-alpha/opentelemetry-kafka-clients-common-0.11-2.25.0-alpha.jar:/home/jenkins/.m2/repository/io/opentelemetry/instrumentation/opentelemetry-mongo-3.1/2.25.0-alpha/opentelemetry-mongo-3.1-2.25.0-alpha.jar:/home/jenkins/.m2/repository/io/opentelemetry/instrumentation/opentelemetry-spring-kafka-2.7/2.25.0-alpha/opentelemetry-spring-kafka-2.7-2.25.0-alpha.jar:/home/jenkins/.m2/repository/io/opentelemetry/instrumentation/opentelemetry-spring-web-3.1/2.25.0-alpha/opentelemetry-spring-web-3.1-2.25.0-alpha.jar:/home/jenkins/.m2/repository/io/opentelemetry/instrumentation/opentelemetry-spring-webmvc-5.3/2.25.0-alpha/opentelemetry-spring-webmvc-5.3-2.25.0-alpha.jar:/home/jenkins/.m2/repository/io/opentelemetry/instrumentation/opentelemetry-spring-webflux-5.3/2.25.0-alpha/opentelemetry-spring-webflux-5.3-2.25.0-alpha.jar:/home/jenkins/.m2/repository/io/opentelemetry/instrumentation/opentelemetry-reactor-3.1/2.25.0-alpha/opentelemetry-reactor-3.1-2.25.0-alpha.jar:/home/jenkins/.m2/repository/io/opentelemetry/instrumentation/opentelemetry-micrometer-1.5/2.25.0-alpha/opentelemetry-micrometer-1.5-2.25.0-alpha.jar:/home/jenkins/.m2/repository/io/opentelemetry/instrumentation/opentelemetry-log4j-appender-2.17/2.25.0-alpha/opentelemetry-log4j-appender-2.17-2.25.0-alpha.jar:/home/jenkins/.m2/repository/io/opentelemetry/instrumentation/opentelemetry-log4j-context-data-2.17-autoconfigure/2.25.0-alpha/opentelemetry-log4j-context-data-2.17-autoconfigure-2.25.0-alpha.jar:/home/jenkins/.m2/repository/io/opentelemetry/instrumentation/opentelemetry-logback-appender-1.0/2.25.0-alpha/opentelemetry-logback-appender-1.0-2.25.0-alpha.jar:/home/jenkins/.m2/repository/io/opentelemetry/instrumentation/opentelemetry-logback-mdc-1.0/2.25.0-alpha/opentelemetry-logback-mdc-1.0-2.25.0-alpha.jar:/home/jenkins/.m2/repository/io/opentelemetry/instrumentation/opentelemetry-jdbc/2.25.0-alpha/opentelemetry-jdbc-2.25.0-alpha.jar:/home/jenkins/.m2/repository/io/opentelemetry/instrumentation/opentelemetry-runtime-telemetry-java8/2.25.0-alpha/opentelemetry-runtime-telemetry-java8-2.25.0-alpha.jar:/home/jenkins/.m2/repository/io/opentelemetry/instrumentation/opentelemetry-runtime-telemetry-java17/2.25.0-alpha/opentelemetry-runtime-telemetry-java17-2.25.0-alpha.jar:/home/jenkins/.m2/repository/io/opentelemetry/opentelemetry-sdk-extension-autoconfigure/1.59.0/opentelemetry-sdk-extension-autoconfigure-1.59.0.jar:/home/jenkins/.m2/repository/io/opentelemetry/instrumentation/opentelemetry-sdk-autoconfigure-support/2.25.0-alpha/opentelemetry-sdk-autoconfigure-support-2.25.0-alpha.jar:/home/jenkins/.m2/repository/io/opentelemetry/instrumentation/opentelemetry-declarative-config-bridge/2.25.0-alpha/opentelemetry-declarative-config-bridge-2.25.0-alpha.jar:/home/jenkins/.m2/repository/io/opentelemetry/instrumentation/opentelemetry-spring-webmvc-6.0/2.25.0-alpha/opentelemetry-spring-webmvc-6.0-2.25.0-alpha.jar:/home/jenkins/.m2/repository/io/opentelemetry/instrumentation/opentelemetry-instrumentation-annotations/2.25.0/opentelemetry-instrumentation-annotations-2.25.0.jar:/home/jenkins/.m2/repository/io/opentelemetry/opentelemetry-sdk-extension-autoconfigure-spi/1.59.0/opentelemetry-sdk-extension-autoconfigure-spi-1.59.0.jar:/home/jenkins/.m2/repository/io/opentelemetry/opentelemetry-api/1.59.0/opentelemetry-api-1.59.0.jar:/home/jenkins/.m2/repository/io/opentelemetry/opentelemetry-context/1.59.0/opentelemetry-context-1.59.0.jar:/home/jenkins/.m2/repository/io/opentelemetry/opentelemetry-common/1.59.0/opentelemetry-common-1.59.0.jar:/home/jenkins/.m2/repository/io/opentelemetry/opentelemetry-exporter-logging/1.59.0/opentelemetry-exporter-logging-1.59.0.jar:/home/jenkins/.m2/repository/io/opentelemetry/opentelemetry-exporter-otlp/1.59.0/opentelemetry-exporter-otlp-1.59.0.jar:/home/jenkins/.m2/repository/io/opentelemetry/opentelemetry-sdk-trace/1.59.0/opentelemetry-sdk-trace-1.59.0.jar:/home/jenkins/.m2/repository/io/opentelemetry/opentelemetry-sdk-metrics/1.59.0/opentelemetry-sdk-metrics-1.59.0.jar:/home/jenkins/.m2/repository/io/opentelemetry/opentelemetry-sdk-logs/1.59.0/opentelemetry-sdk-logs-1.59.0.jar:/home/jenkins/.m2/repository/io/opentelemetry/opentelemetry-exporter-otlp-common/1.59.0/opentelemetry-exporter-otlp-common-1.59.0.jar:/home/jenkins/.m2/repository/io/opentelemetry/opentelemetry-exporter-common/1.59.0/opentelemetry-exporter-common-1.59.0.jar:/home/jenkins/.m2/repository/io/opentelemetry/opentelemetry-exporter-sender-okhttp/1.59.0/opentelemetry-exporter-sender-okhttp-1.59.0.jar:/home/jenkins/.m2/repository/io/opentelemetry/opentelemetry-sdk/1.59.0/opentelemetry-sdk-1.59.0.jar:/home/jenkins/.m2/repository/io/opentelemetry/opentelemetry-sdk-common/1.59.0/opentelemetry-sdk-common-1.59.0.jar:/home/jenkins/.m2/repository/io/opentelemetry/instrumentation/opentelemetry-resources/2.25.0-alpha/opentelemetry-resources-2.25.0-alpha.jar:/home/jenkins/.m2/repository/io/opentelemetry/semconv/opentelemetry-semconv/1.39.0/opentelemetry-semconv-1.39.0.jar:/home/jenkins/.m2/repository/io/opentelemetry/opentelemetry-sdk-extension-incubator/1.59.0-alpha/opentelemetry-sdk-extension-incubator-1.59.0-alpha.jar:/home/jenkins/.m2/repository/io/opentelemetry/opentelemetry-api-incubator/1.59.0-alpha/opentelemetry-api-incubator-1.59.0-alpha.jar:/home/jenkins/.m2/repository/com/fasterxml/jackson/core/jackson-annotations/2.21/jackson-annotations-2.21.jar:/home/jenkins/.m2/repository/org/snakeyaml/snakeyaml-engine/2.10/snakeyaml-engine-2.10.jar:/home/jenkins/.m2/repository/com/fasterxml/jackson/dataformat/jackson-dataformat-yaml/2.21.2/jackson-dataformat-yaml-2.21.2.jar:/home/jenkins/.m2/repository/io/opentelemetry/contrib/opentelemetry-azure-resources/1.53.0-alpha/opentelemetry-azure-resources-1.53.0-alpha.jar:/home/jenkins/.m2/repository/com/fasterxml/jackson/core/jackson-core/2.21.2/jackson-core-2.21.2.jar:/home/jenkins/.m2/repository/com/squareup/okhttp3/okhttp-jvm/5.3.2/okhttp-jvm-5.3.2.jar:/home/jenkins/.m2/repository/com/squareup/okio/okio-jvm/3.16.4/okio-jvm-3.16.4.jar:/home/jenkins/.m2/repository/org/jetbrains/kotlin/kotlin-stdlib/1.9.25/kotlin-stdlib-1.9.25.jar:/home/jenkins/.m2/repository/io/opentelemetry/contrib/opentelemetry-aws-resources/1.53.0-alpha/opentelemetry-aws-resources-1.53.0-alpha.jar:/home/jenkins/.m2/repository/io/opentelemetry/contrib/opentelemetry-gcp-resources/1.53.0-alpha/opentelemetry-gcp-resources-1.53.0-alpha.jar:/home/jenkins/.m2/repository/com/google/cloud/opentelemetry/detector-resources-support/0.36.0/detector-resources-support-0.36.0.jar:/home/jenkins/.m2/repository/io/opentelemetry/contrib/opentelemetry-cloudfoundry-resources/1.53.0-alpha/opentelemetry-cloudfoundry-resources-1.53.0-alpha.jar:/home/jenkins/.m2/repository/io/opentelemetry/contrib/opentelemetry-baggage-processor/1.53.0-alpha/opentelemetry-baggage-processor-1.53.0-alpha.jar:/home/jenkins/.m2/repository/io/opentelemetry/contrib/opentelemetry-samplers/1.53.0-alpha/opentelemetry-samplers-1.53.0-alpha.jar:/home/jenkins/.m2/repository/jakarta/xml/bind/jakarta.xml.bind-api/4.0.4/jakarta.xml.bind-api-4.0.4.jar:/home/jenkins/.m2/repository/jakarta/activation/jakarta.activation-api/2.1.4/jakarta.activation-api-2.1.4.jar:/home/jenkins/.m2/repository/org/springframework/spring-core/6.2.18/spring-core-6.2.18.jar:/home/jenkins/.m2/repository/org/springframework/spring-jcl/6.2.18/spring-jcl-6.2.18.jar:/home/jenkins/.m2/repository/net/bytebuddy/byte-buddy/1.17.8/byte-buddy-1.17.8.jar:/home/jenkins/.m2/repository/org/springframework/boot/spring-boot-autoconfigure/3.5.14/spring-boot-autoconfigure-3.5.14.jar:/home/jenkins/.m2/repository/org/jetbrains/annotations/17.0.0/annotations-17.0.0.jar --no-fallback -o /home/jenkins/spring-quarkus-perf-comparison/spring-quarkus-perf-comparison/springboot3/target/springboot3 -H:ConfigurationFileDirectories=/home/jenkins/spring-quarkus-perf-comparison/spring-quarkus-perf-comparison/springboot3/target/graalvm-reachability-metadata/5e97bab756d4c7d62b8958e63c891f3c18296024/org.hdrhistogram/HdrHistogram/2.1.12,/home/jenkins/spring-quarkus-perf-comparison/spring-quarkus-perf-comparison/springboot3/target/graalvm-reachability-metadata/5e97bab756d4c7d62b8958e63c891f3c18296024/org.postgresql/postgresql/42.7.3,/home/jenkins/spring-quarkus-perf-comparison/spring-quarkus-perf-comparison/springboot3/target/graalvm-reachability-metadata/5e97bab756d4c7d62b8958e63c891f3c18296024/ch.qos.logback/logback-classic/1.4.9,/home/jenkins/spring-quarkus-perf-comparison/spring-quarkus-perf-comparison/springboot3/target/graalvm-reachability-metadata/5e97bab756d4c7d62b8958e63c891f3c18296024/org.hibernate.validator/hibernate-validator/7.0.4.Final,/home/jenkins/spring-quarkus-perf-comparison/spring-quarkus-perf-comparison/springboot3/target/graalvm-reachability-metadata/5e97bab756d4c7d62b8958e63c891f3c18296024/com.zaxxer/HikariCP/5.0.1,/home/jenkins/spring-quarkus-perf-comparison/spring-quarkus-perf-comparison/springboot3/target/graalvm-reachability-metadata/5e97bab756d4c7d62b8958e63c891f3c18296024/org.apache.tomcat.embed/tomcat-embed-core/10.0.20,/home/jenkins/spring-quarkus-perf-comparison/spring-quarkus-perf-comparison/springboot3/target/graalvm-reachability-metadata/5e97bab756d4c7d62b8958e63c891f3c18296024/com.github.ben-manes.caffeine/caffeine/3.1.2,/home/jenkins/spring-quarkus-perf-comparison/spring-quarkus-perf-comparison/springboot3/target/graalvm-reachability-metadata/5e97bab756d4c7d62b8958e63c891f3c18296024/com.fasterxml.jackson.core/jackson-databind/2.15.2,/home/jenkins/spring-quarkus-perf-comparison/spring-quarkus-perf-comparison/springboot3/target/graalvm-reachability-metadata/5e97bab756d4c7d62b8958e63c891f3c18296024/org.jboss.logging/jboss-logging/3.5.0.Final,/home/jenkins/spring-quarkus-perf-comparison/spring-quarkus-perf-comparison/springboot3/target/graalvm-reachability-metadata/5e97bab756d4c7d62b8958e63c891f3c18296024/org.jetbrains.kotlin/kotlin-stdlib/1.7.10,/home/jenkins/spring-quarkus-perf-comparison/spring-quarkus-perf-comparison/springboot3/target/graalvm-reachability-metadata/5e97bab756d4c7d62b8958e63c891f3c18296024/org.hibernate.orm/hibernate-core/6.6.0.Final,/home/jenkins/spring-quarkus-perf-comparison/spring-quarkus-perf-comparison/springboot3/target/graalvm-reachability-metadata/5e97bab756d4c7d62b8958e63c891f3c18296024/org.glassfish.jaxb/jaxb-runtime/3.0.2,/home/jenkins/spring-quarkus-perf-comparison/spring-quarkus-perf-comparison/springboot3/target/graalvm-reachability-metadata/5e97bab756d4c7d62b8958e63c891f3c18296024/javax.cache/cache-api/1.1.1,/home/jenkins/spring-quarkus-perf-comparison/spring-quarkus-perf-comparison/springboot3/target/graalvm-reachability-metadata/5e97bab756d4c7d62b8958e63c891f3c18296024/org.hdrhistogram/HdrHistogram/2.1.12,/home/jenkins/spring-quarkus-perf-comparison/spring-quarkus-perf-comparison/springboot3/target/graalvm-reachability-metadata/5e97bab756d4c7d62b8958e63c891f3c18296024/org.postgresql/postgresql/42.7.3,/home/jenkins/spring-quarkus-perf-comparison/spring-quarkus-perf-comparison/springboot3/target/graalvm-reachability-metadata/5e97bab756d4c7d62b8958e63c891f3c18296024/ch.qos.logback/logback-classic/1.4.9,/home/jenkins/spring-quarkus-perf-comparison/spring-quarkus-perf-comparison/springboot3/target/graalvm-reachability-metadata/5e97bab756d4c7d62b8958e63c891f3c18296024/org.hibernate.validator/hibernate-validator/7.0.4.Final,/home/jenkins/spring-quarkus-perf-comparison/spring-quarkus-perf-comparison/springboot3/target/graalvm-reachability-metadata/5e97bab756d4c7d62b8958e63c891f3c18296024/com.zaxxer/HikariCP/5.0.1,/home/jenkins/spring-quarkus-perf-comparison/spring-quarkus-perf-comparison/springboot3/target/graalvm-reachability-metadata/5e97bab756d4c7d62b8958e63c891f3c18296024/org.apache.tomcat.embed/tomcat-embed-core/10.0.20,/home/jenkins/spring-quarkus-perf-comparison/spring-quarkus-perf-comparison/springboot3/target/graalvm-reachability-metadata/5e97bab756d4c7d62b8958e63c891f3c18296024/com.github.ben-manes.caffeine/caffeine/3.1.2,/home/jenkins/spring-quarkus-perf-comparison/spring-quarkus-perf-comparison/springboot3/target/graalvm-reachability-metadata/5e97bab756d4c7d62b8958e63c891f3c18296024/com.fasterxml.jackson.core/jackson-databind/2.15.2,/home/jenkins/spring-quarkus-perf-comparison/spring-quarkus-perf-comparison/springboot3/target/graalvm-reachability-metadata/5e97bab756d4c7d62b8958e63c891f3c18296024/org.jboss.logging/jboss-logging/3.5.0.Final,/home/jenkins/spring-quarkus-perf-comparison/spring-quarkus-perf-comparison/springboot3/target/graalvm-reachability-metadata/5e97bab756d4c7d62b8958e63c891f3c18296024/org.jetbrains.kotlin/kotlin-stdlib/1.7.10,/home/jenkins/spring-quarkus-perf-comparison/spring-quarkus-perf-comparison/springboot3/target/graalvm-reachability-metadata/5e97bab756d4c7d62b8958e63c891f3c18296024/org.hibernate.orm/hibernate-core/6.6.0.Final,/home/jenkins/spring-quarkus-perf-comparison/spring-quarkus-perf-comparison/springboot3/target/graalvm-reachability-metadata/5e97bab756d4c7d62b8958e63c891f3c18296024/org.glassfish.jaxb/jaxb-runtime/3.0.2,/home/jenkins/spring-quarkus-perf-comparison/spring-quarkus-perf-comparison/springboot3/target/graalvm-reachability-metadata/5e97bab756d4c7d62b8958e63c891f3c18296024/javax.cache/cache-api/1.1.1 --enable-monitoring=jfr
Warning: Using a deprecated option --report-unsupported-elements-at-runtime from 'META-INF/native-image/org.acme/springboot3/native-image.properties' in 'file:///home/jenkins/spring-quarkus-perf-comparison/spring-quarkus-perf-comparison/springboot3/target/classes/'. The option is deprecated and will be removed in the future. The use of unsupported elements is always reported at run time.
Warning: Using a deprecated option --install-exit-handlers from 'META-INF/native-image/org.acme/springboot3/native-image.properties' in 'file:///home/jenkins/spring-quarkus-perf-comparison/spring-quarkus-perf-comparison/springboot3/target/classes/'. --install-exit-handlers is enabled by default for executables and it can likely be removed. To use this option for the shared libraries, please use -H:+InstallExitHandlers.
Warning: Using a deprecated option --report-unsupported-elements-at-runtime from 'META-INF/native-image/okhttp/okhttp/native-image.properties' in 'file:///home/jenkins/.m2/repository/com/squareup/okhttp3/okhttp-jvm/5.3.2/okhttp-jvm-5.3.2.jar'. The option is deprecated and will be removed in the future. The use of unsupported elements is always reported at run time.
Warning: The option '-H:ServiceLoaderFeatureExcludeServices=org.hibernate.bytecode.spi.BytecodeProvider' is experimental and must be enabled via '-H:+UnlockExperimentalVMOptions' in the future.
Warning: Please re-evaluate whether any experimental option is required, and either remove or unlock it. The build output lists all active experimental options, including where they come from and possible alternatives. If you think an experimental option should be considered as stable, please file an issue.
Warning: Option 'DynamicProxyConfigurationResources' is deprecated and might be removed in a future release: This can be caused by a proxy-config.json file in your META-INF directory. Consider including proxy configuration in the reflection section of reachability-metadata.md instead.. Please refer to the GraalVM release notes.
Warning: Option 'DynamicProxyConfigurationResources' is deprecated and might be removed in a future release: This can be caused by a proxy-config.json file in your META-INF directory. Consider including proxy configuration in the reflection section of reachability-metadata.md instead.. Please refer to the GraalVM release notes.
Warning: Option 'DynamicProxyConfigurationResources' is deprecated and might be removed in a future release: This can be caused by a proxy-config.json file in your META-INF directory. Consider including proxy configuration in the reflection section of reachability-metadata.md instead.. Please refer to the GraalVM release notes.
Warning: Option 'DynamicProxyConfigurationResources' is deprecated and might be removed in a future release: This can be caused by a proxy-config.json file in your META-INF directory. Consider including proxy configuration in the reflection section of reachability-metadata.md instead.. Please refer to the GraalVM release notes.
========================================================================================================================
GraalVM Native Image: Generating 'springboot3' (executable)...
========================================================================================================================
For detailed information and explanations on the build output, visit:
https://github.com/oracle/graal/blob/master/docs/reference-manual/native-image/BuildOutput.md
------------------------------------------------------------------------------------------------------------------------
[1/8] Initializing...                                                                                   (12.0s @ 0.86GB)
 Java version: 25.0.2+10, vendor version: GraalVM CE 25.0.2+10.1
 Graal compiler: optimization level: 2, target machine: x86-64-v3
 C compiler: gcc (redhat, x86_64, 11.5.0)
 Garbage collector: Serial GC (max heap size: 80% of RAM)
 4 user-specific feature(s):
 - com.oracle.svm.thirdparty.gson.GsonFeature
 - okhttp3.internal.graal.OkHttpFeature
 - org.eclipse.angus.activation.nativeimage.AngusActivationFeature
 - org.springframework.aot.nativex.feature.PreComputeFieldFeature
------------------------------------------------------------------------------------------------------------------------
 1 experimental option(s) unlocked:
 - '-H:ServiceLoaderFeatureExcludeServices' (origin(s): 'META-INF/native-image/org.springframework/spring-orm/native-image.properties' in 'file:///home/jenkins/.m2/repository/org/springframework/spring-orm/6.2.18/spring-orm-6.2.18.jar')
------------------------------------------------------------------------------------------------------------------------
Build resources:
 - 28.45GB of memory (7.0% of system memory, using available memory)
 - 4 thread(s) (100.0% of 4 available processor(s), determined at start)
[2/8] Performing analysis...  [******]                                                                 (115.4s @ 4.22GB)
   41,416 types,  59,418 fields, and 196,479 methods found reachable
   13,383 types,   2,534 fields, and  15,125 methods registered for reflection
       65 types,      69 fields, and      57 methods registered for JNI access
        0 downcalls and 0 upcalls registered for foreign access
        5 native libraries: dl, m, pthread, rt, z
[3/8] Building universe...                                                                              (20.6s @ 4.63GB)
[4/8] Parsing methods...      [***]                                                                     (11.1s @ 5.10GB)
[5/8] Inlining methods...     [***]                                                                      (8.4s @ 5.57GB)
[6/8] Compiling methods...    [**********]                                                             (114.6s @ 3.53GB)
[7/8] Laying out methods...   [*****]                                                                   (23.6s @ 4.70GB)
[8/8] Creating image...       [****]                                                                    (17.9s @ 3.46GB)
  91.37MB (47.38%) for code area:   130,533 compilation units
  89.98MB (46.66%) for image heap:  822,277 objects and 571 resources
  11.49MB ( 5.96%) for other data
 192.85MB in total image size, 181.71MB in total file size
------------------------------------------------------------------------------------------------------------------------
Top 10 origins of code area:                                Top 10 object types in image heap:
  16.30MB java.base                                           25.67MB byte[] for code metadata
  15.72MB hibernate-core-6.6.49.Final.jar                     16.75MB byte[] for java.lang.String
   4.64MB tomcat-embed-core-10.1.54.jar                        8.61MB com.oracle.svm.core.hub.DynamicHubCompanion
   4.10MB java.xml                                             8.19MB java.lang.String
   4.06MB java.desktop                                         6.50MB java.lang.Class
   3.35MB jdk.proxy4                                           4.63MB char[]
   2.73MB svm.jar (Native Image)                               1.65MB java.lang.String[]
   2.57MB spring-data-jpa-3.5.11.jar                           1.61MB byte[] for reflection metadata
   1.98MB postgresql-42.7.10.jar                               1.50MB c.o.svm.core.hub.DynamicHub$ReflectionMetadata
   1.89MB spring-boot-3.5.14.jar                               1.30MB byte[] for general heap data
  31.98MB for 222 more packages                               13.58MB for 7461 more object types
------------------------------------------------------------------------------------------------------------------------
Recommendations:
 FUTR: Use '--future-defaults=all' to prepare for future releases.
 AWT:  Use the tracing agent to collect metadata for AWT.
 HEAP: Set max heap for improved and more predictable memory usage.
 CPU:  Enable more CPU features with '-march=native' for improved performance.
------------------------------------------------------------------------------------------------------------------------
                       26.2s (7.9% of total time) in 892 GCs | Peak RSS: 6.88GB | CPU load: 3.47
------------------------------------------------------------------------------------------------------------------------
Build artifacts:
 /home/jenkins/spring-quarkus-perf-comparison/spring-quarkus-perf-comparison/springboot3/target/libawt.so (jdk_library)
 /home/jenkins/spring-quarkus-perf-comparison/spring-quarkus-perf-comparison/springboot3/target/libawt_headless.so (jdk_library)
 /home/jenkins/spring-quarkus-perf-comparison/spring-quarkus-perf-comparison/springboot3/target/libawt_xawt.so (jdk_library)
 /home/jenkins/spring-quarkus-perf-comparison/spring-quarkus-perf-comparison/springboot3/target/libfontmanager.so (jdk_library)
 /home/jenkins/spring-quarkus-perf-comparison/spring-quarkus-perf-comparison/springboot3/target/libjava.so (jdk_library_shim)
 /home/jenkins/spring-quarkus-perf-comparison/spring-quarkus-perf-comparison/springboot3/target/libjavajpeg.so (jdk_library)
 /home/jenkins/spring-quarkus-perf-comparison/spring-quarkus-perf-comparison/springboot3/target/libjvm.so (jdk_library_shim)
 /home/jenkins/spring-quarkus-perf-comparison/spring-quarkus-perf-comparison/springboot3/target/liblcms.so (jdk_library)
 /home/jenkins/spring-quarkus-perf-comparison/spring-quarkus-perf-comparison/springboot3/target/libmanagement_ext.so (jdk_library)
 /home/jenkins/spring-quarkus-perf-comparison/spring-quarkus-perf-comparison/springboot3/target/springboot3 (executable)
========================================================================================================================
Finished generating 'springboot3' in 5m 29s.
[INFO] 
[INFO] --- properties:1.3.0:set-system-properties (default) @ springboot3 ---
[INFO] Set 1 system property
[INFO] 
[INFO] --- native:0.10.6:add-reachability-metadata (add-reachability-metadata) @ springboot3 ---
[INFO] [graalvm reachability metadata repository for ch.qos.logback:logback-classic:1.5.32]: Configuration directory not found. Trying latest version.
[INFO] [graalvm reachability metadata repository for ch.qos.logback:logback-classic:1.5.32]: Configuration directory is ch.qos.logback/logback-classic/1.4.9
[INFO] [graalvm reachability metadata repository for com.zaxxer:HikariCP:6.3.3]: Configuration directory not found. Trying latest version.
[INFO] [graalvm reachability metadata repository for com.zaxxer:HikariCP:6.3.3]: Configuration directory is com.zaxxer/HikariCP/5.0.1
[INFO] [graalvm reachability metadata repository for org.hibernate.orm:hibernate-core:6.6.49.Final]: Configuration directory not found. Trying latest version.
[INFO] [graalvm reachability metadata repository for org.hibernate.orm:hibernate-core:6.6.49.Final]: Configuration directory is org.hibernate.orm/hibernate-core/6.6.0.Final
[INFO] [graalvm reachability metadata repository for org.glassfish.jaxb:jaxb-runtime:4.0.6]: Configuration directory not found. Trying latest version.
[INFO] [graalvm reachability metadata repository for org.glassfish.jaxb:jaxb-runtime:4.0.6]: Configuration directory is org.glassfish.jaxb/jaxb-runtime/3.0.2
[INFO] [graalvm reachability metadata repository for com.fasterxml.jackson.core:jackson-databind:2.21.2]: Configuration directory not found. Trying latest version.
[INFO] [graalvm reachability metadata repository for com.fasterxml.jackson.core:jackson-databind:2.21.2]: Configuration directory is com.fasterxml.jackson.core/jackson-databind/2.15.2
[INFO] [graalvm reachability metadata repository for org.apache.tomcat.embed:tomcat-embed-core:10.1.54]: Configuration directory not found. Trying latest version.
[INFO] [graalvm reachability metadata repository for org.apache.tomcat.embed:tomcat-embed-core:10.1.54]: Configuration directory is org.apache.tomcat.embed/tomcat-embed-core/10.0.20
[INFO] [graalvm reachability metadata repository for org.hibernate.validator:hibernate-validator:8.0.3.Final]: Configuration directory not found. Trying latest version.
[INFO] [graalvm reachability metadata repository for org.hibernate.validator:hibernate-validator:8.0.3.Final]: Configuration directory is org.hibernate.validator/hibernate-validator/7.0.4.Final
[INFO] [graalvm reachability metadata repository for org.hibernate.validator:hibernate-validator:8.0.3.Final]: Configuration directory not found. Trying latest version.
[INFO] [graalvm reachability metadata repository for org.hibernate.validator:hibernate-validator:8.0.3.Final]: Latest version not found!
[INFO] [graalvm reachability metadata repository for org.hibernate.validator:hibernate-validator:8.0.3.Final]: missing.
[INFO] [graalvm reachability metadata repository for org.hdrhistogram:HdrHistogram:2.2.2]: Configuration directory not found. Trying latest version.
[INFO] [graalvm reachability metadata repository for org.hdrhistogram:HdrHistogram:2.2.2]: Configuration directory is org.hdrhistogram/HdrHistogram/2.1.12
[INFO] [graalvm reachability metadata repository for org.postgresql:postgresql:42.7.10]: Configuration directory not found. Trying latest version.
[INFO] [graalvm reachability metadata repository for org.postgresql:postgresql:42.7.10]: Configuration directory is org.postgresql/postgresql/42.7.3
[INFO] [graalvm reachability metadata repository for javax.cache:cache-api:1.1.1]: Configuration directory is javax.cache/cache-api/1.1.1
[INFO] [graalvm reachability metadata repository for org.jboss.logging:jboss-logging:3.6.3.Final]: Configuration directory not found. Trying latest version.
[INFO] [graalvm reachability metadata repository for org.jboss.logging:jboss-logging:3.6.3.Final]: Configuration directory is org.jboss.logging/jboss-logging/3.5.0.Final
[INFO] [graalvm reachability metadata repository for com.github.ben-manes.caffeine:caffeine:3.2.3]: Configuration directory not found. Trying latest version.
[INFO] [graalvm reachability metadata repository for com.github.ben-manes.caffeine:caffeine:3.2.3]: Configuration directory is com.github.ben-manes.caffeine/caffeine/3.1.2
[INFO] [graalvm reachability metadata repository for io.opentelemetry:opentelemetry-exporter-logging:1.59.0]: Configuration directory not found. Trying latest version.
[INFO] [graalvm reachability metadata repository for io.opentelemetry:opentelemetry-exporter-logging:1.59.0]: Latest version not found!
[INFO] [graalvm reachability metadata repository for io.opentelemetry:opentelemetry-exporter-logging:1.59.0]: missing.
[INFO] [graalvm reachability metadata repository for io.opentelemetry:opentelemetry-exporter-otlp:1.59.0]: Configuration directory not found. Trying latest version.
[INFO] [graalvm reachability metadata repository for io.opentelemetry:opentelemetry-exporter-otlp:1.59.0]: Latest version not found!
[INFO] [graalvm reachability metadata repository for io.opentelemetry:opentelemetry-exporter-otlp:1.59.0]: missing.
[INFO] [graalvm reachability metadata repository for io.opentelemetry:opentelemetry-sdk-trace:1.59.0]: Configuration directory not found. Trying latest version.
[INFO] [graalvm reachability metadata repository for io.opentelemetry:opentelemetry-sdk-trace:1.59.0]: Latest version not found!
[INFO] [graalvm reachability metadata repository for io.opentelemetry:opentelemetry-sdk-trace:1.59.0]: missing.
[INFO] [graalvm reachability metadata repository for io.opentelemetry:opentelemetry-sdk-metrics:1.59.0]: Configuration directory not found. Trying latest version.
[INFO] [graalvm reachability metadata repository for io.opentelemetry:opentelemetry-sdk-metrics:1.59.0]: Latest version not found!
[INFO] [graalvm reachability metadata repository for io.opentelemetry:opentelemetry-sdk-metrics:1.59.0]: missing.
[INFO] [graalvm reachability metadata repository for org.jetbrains.kotlin:kotlin-stdlib:1.9.25]: Configuration directory not found. Trying latest version.
[INFO] [graalvm reachability metadata repository for org.jetbrains.kotlin:kotlin-stdlib:1.9.25]: Configuration directory is org.jetbrains.kotlin/kotlin-stdlib/1.7.10
[INFO] 
[INFO] --- resources:3.3.1:resources (default-resources) @ springboot3 ---
[INFO] Copying 1 resource from src/main/resources to target/classes
[INFO] Copying 1 resource from src/main/resources to target/classes
[INFO] 
[INFO] --- compiler:3.14.1:compile (default-compile) @ springboot3 ---
[INFO] Nothing to compile - all classes are up to date.
[INFO] 
[INFO] --- hibernate-enhance:6.6.49.Final:enhance (enhance) @ springboot3 ---
[WARNING] Skipping Hibernate bytecode enhancement plugin execution since no feature is enabled
[INFO] 
[INFO] --- resources:3.3.1:testResources (default-testResources) @ springboot3 ---
[INFO] Copying 1 resource from src/test/resources to target/test-classes
[INFO] 
[INFO] --- compiler:3.14.1:testCompile (default-testCompile) @ springboot3 ---
[INFO] Recompiling the module because of changed dependency.
[INFO] Compiling 5 source files with javac [debug parameters release 21] to target/test-classes
[INFO] 
[INFO] --- surefire:3.5.5:test (default-test) @ springboot3 ---
[WARNING]  Parameter 'systemProperties' is deprecated: Use systemPropertyVariables instead.
[INFO] Tests are skipped.
[INFO] 
[INFO] --- spring-boot:3.5.14:process-aot (process-aot) @ springboot3 ---

  .   ____          _            __ _ _
 /\\ / ___'_ __ _ _(_)_ __  __ _ \ \ \ \
( ( )\___ | '_ | '_| | '_ \/ _` | \ \ \ \
 \\/  ___)| |_)| | | | | || (_| |  ) ) ) )
  '  |____| .__|_| |_|_| |_\__, | / / / /
 =========|_|==============|___/=/_/_/_/

 :: Spring Boot ::               (v3.5.14)

2026-06-02T13:00:11.951-04:00  INFO 1775324 --- [springboot3] [           main] org.acme.SpringBoot3Application          : Starting SpringBoot3Application using Java 25.0.3 with PID 1775324 (/home/jenkins/spring-quarkus-perf-comparison/spring-quarkus-perf-comparison/springboot3/target/classes started by jenkins in /home/jenkins/spring-quarkus-perf-comparison/spring-quarkus-perf-comparison/springboot3)
2026-06-02T13:00:11.963-04:00  INFO 1775324 --- [springboot3] [           main] org.acme.SpringBoot3Application          : No active profile set, falling back to 1 default profile: "default"
2026-06-02T13:00:13.014-04:00  INFO 1775324 --- [springboot3] [           main] .s.d.r.c.RepositoryConfigurationDelegate : Bootstrapping Spring Data JPA repositories in DEFAULT mode.
2026-06-02T13:00:13.072-04:00  INFO 1775324 --- [springboot3] [           main] .s.d.r.c.RepositoryConfigurationDelegate : Finished Spring Data repository scanning in 47 ms. Found 1 JPA repository interface.
[INFO] 
[INFO] --- jar:3.4.2:jar (default-jar) @ springboot3 ---
[INFO] Building jar: /home/jenkins/spring-quarkus-perf-comparison/spring-quarkus-perf-comparison/springboot3/target/springboot3.jar
[INFO] 
[INFO] --- spring-boot:3.5.14:repackage (repackage) @ springboot3 ---
[INFO] Replacing main artifact /home/jenkins/spring-quarkus-perf-comparison/spring-quarkus-perf-comparison/springboot3/target/springboot3.jar with repackaged archive, adding nested dependencies in BOOT-INF/.
[INFO] The original artifact has been renamed to /home/jenkins/spring-quarkus-perf-comparison/spring-quarkus-perf-comparison/springboot3/target/springboot3.jar.original
[INFO] ------------------------------------------------------------------------
[INFO] BUILD SUCCESS
[INFO] ------------------------------------------------------------------------
[INFO] Total time:  05:51 min
[INFO] Finished at: 2026-06-02T13:00:17-04:00
[INFO] ------------------------------------------------------------------------
