[INFO] Scanning for projects...
[INFO] 
[INFO] ------------------------< org.acme:springboot3 >------------------------
[INFO] Building springboot3 1.0
[INFO]   from pom.xml
[INFO] --------------------------------[ jar ]---------------------------------
[INFO] 
[INFO] --- clean:3.4.1:clean (default-clean) @ springboot3 ---
[INFO] Deleting /home/jenkins/spring-quarkus-perf-comparison/spring-quarkus-perf-comparison/springboot3/target
[INFO] 
[INFO] --- properties:1.3.0:set-system-properties (default) @ springboot3 ---
[INFO] Set 1 system property
[INFO] 
[INFO] --- resources:3.3.1:resources (default-resources) @ springboot3 ---
[INFO] Copying 1 resource from src/main/resources to target/classes
[INFO] Copying 1 resource from src/main/resources to target/classes
[INFO] 
[INFO] --- compiler:3.14.1:compile (default-compile) @ springboot3 ---
[INFO] Recompiling the module because of changed source code.
[INFO] Compiling 20 source files with javac [debug parameters release 21] to target/classes
[INFO] 
[INFO] --- hibernate-enhance:6.6.49.Final:enhance (enhance) @ springboot3 ---
[WARNING] Skipping Hibernate bytecode enhancement plugin execution since no feature is enabled
[INFO] 
[INFO] --- resources:3.3.1:testResources (default-testResources) @ springboot3 ---
[INFO] Copying 1 resource from src/test/resources to target/test-classes
[INFO] 
[INFO] --- compiler:3.14.1:testCompile (default-testCompile) @ springboot3 ---
[INFO] Recompiling the module because of changed dependency.
[INFO] Compiling 5 source files with javac [debug parameters release 21] to target/test-classes
[INFO] 
[INFO] --- surefire:3.5.5:test (default-test) @ springboot3 ---
[WARNING]  Parameter 'systemProperties' is deprecated: Use systemPropertyVariables instead.
[INFO] Tests are skipped.
[INFO] 
[INFO] --- jar:3.4.2:jar (default-jar) @ springboot3 ---
[INFO] Building jar: /home/jenkins/spring-quarkus-perf-comparison/spring-quarkus-perf-comparison/springboot3/target/springboot3.jar
[INFO] 
[INFO] --- spring-boot:3.5.14:repackage (repackage) @ springboot3 ---
[INFO] Replacing main artifact /home/jenkins/spring-quarkus-perf-comparison/spring-quarkus-perf-comparison/springboot3/target/springboot3.jar with repackaged archive, adding nested dependencies in BOOT-INF/.
[INFO] The original artifact has been renamed to /home/jenkins/spring-quarkus-perf-comparison/spring-quarkus-perf-comparison/springboot3/target/springboot3.jar.original
[INFO] ------------------------------------------------------------------------
[INFO] BUILD SUCCESS
[INFO] ------------------------------------------------------------------------
[INFO] Total time:  4.509 s
[INFO] Finished at: 2026-06-02T12:50:40-04:00
[INFO] ------------------------------------------------------------------------

  .   ____          _            __ _ _
 /\\ / ___'_ __ _ _(_)_ __  __ _ \ \ \ \
( ( )\___ | '_ | '_| | '_ \/ _` | \ \ \ \
 \\/  ___)| |_)| | | | | || (_| |  ) ) ) )
  '  |____| .__|_| |_|_| |_\__, | / / / /
 =========|_|==============|___/=/_/_/_/

 :: Spring Boot ::               (v3.5.14)

2026-06-02T12:50:42.360-04:00  INFO 1767282 --- [springboot3] [           main] org.acme.SpringBoot3Application          : Starting SpringBoot3Application v1.0 using Java 25.0.3 with PID 1767282 (/home/jenkins/spring-quarkus-perf-comparison/spring-quarkus-perf-comparison/springboot3/target/springboot3.jar started by jenkins in /home/jenkins/spring-quarkus-perf-comparison/spring-quarkus-perf-comparison/springboot3)
2026-06-02T12:50:42.380-04:00  INFO 1767282 --- [springboot3] [           main] org.acme.SpringBoot3Application          : No active profile set, falling back to 1 default profile: "default"
2026-06-02T12:50:43.696-04:00  INFO 1767282 --- [springboot3] [           main] .s.d.r.c.RepositoryConfigurationDelegate : Bootstrapping Spring Data JPA repositories in DEFAULT mode.
2026-06-02T12:50:43.764-04:00  INFO 1767282 --- [springboot3] [           main] .s.d.r.c.RepositoryConfigurationDelegate : Finished Spring Data repository scanning in 54 ms. Found 1 JPA repository interface.
2026-06-02T12:50:44.670-04:00  INFO 1767282 --- [springboot3] [           main] o.s.b.w.embedded.tomcat.TomcatWebServer  : Tomcat initialized with port 8080 (http)
2026-06-02T12:50:44.689-04:00  INFO 1767282 --- [springboot3] [           main] o.apache.catalina.core.StandardService   : Starting service [Tomcat]
2026-06-02T12:50:44.689-04:00  INFO 1767282 --- [springboot3] [           main] o.apache.catalina.core.StandardEngine    : Starting Servlet engine: [Apache Tomcat/10.1.54]
2026-06-02T12:50:44.722-04:00  INFO 1767282 --- [springboot3] [           main] o.a.c.c.C.[Tomcat].[localhost].[/]       : Initializing Spring embedded WebApplicationContext
2026-06-02T12:50:44.723-04:00  INFO 1767282 --- [springboot3] [           main] w.s.c.ServletWebServerApplicationContext : Root WebApplicationContext: initialization completed in 2279 ms
2026-06-02T12:50:45.330-04:00  INFO 1767282 --- [springboot3] [           main] i.o.i.s.a.OpenTelemetryAutoConfiguration : OpenTelemetry Spring Boot starter (2.25.0) has been started
2026-06-02T12:50:45.843-04:00  INFO 1767282 --- [springboot3] [           main] com.zaxxer.hikari.HikariDataSource       : HikariPool-1 - Starting...
2026-06-02T12:50:45.974-04:00  INFO 1767282 --- [springboot3] [           main] com.zaxxer.hikari.pool.HikariPool        : HikariPool-1 - Added connection org.postgresql.jdbc.PgConnection@248b6226
2026-06-02T12:50:45.976-04:00  INFO 1767282 --- [springboot3] [           main] com.zaxxer.hikari.HikariDataSource       : HikariPool-1 - Start completed.
2026-06-02T12:50:46.055-04:00  INFO 1767282 --- [springboot3] [           main] o.hibernate.jpa.internal.util.LogHelper  : HHH000204: Processing PersistenceUnitInfo [name: default]
2026-06-02T12:50:46.115-04:00  INFO 1767282 --- [springboot3] [           main] org.hibernate.Version                    : HHH000412: Hibernate ORM core version 6.6.49.Final
2026-06-02T12:50:46.155-04:00  INFO 1767282 --- [springboot3] [           main] o.h.c.internal.RegionFactoryInitiator    : HHH000025: Second-level cache region factory [org.hibernate.cache.jcache.internal.JCacheRegionFactory]
2026-06-02T12:50:46.564-04:00  INFO 1767282 --- [springboot3] [           main] o.s.o.j.p.SpringPersistenceUnitInfo      : No LoadTimeWeaver setup: ignoring JPA class transformer
2026-06-02T12:50:46.666-04:00  INFO 1767282 --- [springboot3] [           main] org.hibernate.orm.connections.pooling    : HHH10001005: Database info:
	Database JDBC URL [Connecting through datasource 'io.opentelemetry.instrumentation.spring.autoconfigure.internal.instrumentation.jdbc.DataSourcePostProcessor$DataSource$$Wrapper: 0 interfaces []; 0 advisors []; targetSource [SingletonTargetSource for target object [com.zaxxer.hikari.HikariDataSource@67d45e57]]; proxyTargetClass=false; optimize=false; opaque=false; exposeProxy=false; frozen=false']
	Database driver: undefined/unknown
	Database version: 17.9
	Autocommit mode: undefined/unknown
	Isolation level: undefined/unknown
	Minimum pool size: undefined/unknown
	Maximum pool size: undefined/unknown
2026-06-02T12:50:47.793-04:00  INFO 1767282 --- [springboot3] [           main] o.h.e.t.j.p.i.JtaPlatformInitiator       : HHH000489: No JTA platform available (set 'hibernate.transaction.jta.platform' to enable JTA platform integration)
2026-06-02T12:50:47.797-04:00  INFO 1767282 --- [springboot3] [           main] j.LocalContainerEntityManagerFactoryBean : Initialized JPA EntityManagerFactory for persistence unit 'default'
2026-06-02T12:50:49.112-04:00  INFO 1767282 --- [springboot3] [           main] o.s.b.a.e.web.EndpointLinksResolver      : Exposing 2 endpoints beneath base path '/actuator'
[8.275s][warning][aot] Preload Warning: Verification failed for org.springframework.transaction.reactive.TransactionalOperator
[8.281s][warning][aot] Preload Warning: Verification failed for org.springframework.boot.http.client.HttpComponentsClientHttpRequestFactoryBuilder
[8.293s][warning][aot] Preload Warning: Verification failed for org.springframework.core.ReactiveAdapterRegistry$ReactorAdapter
[8.368s][warning][aot] Preload Warning: Verification failed for org.hibernate.type.format.jackson.JacksonXmlFormatMapper
[8.368s][warning][aot] Preload Warning: Verification failed for org.hibernate.type.format.jakartajson.JsonBJsonFormatMapper
[8.399s][warning][aot] Preload Warning: Verification failed for org.springframework.transaction.interceptor.TransactionAspectSupport$ReactiveTransactionSupport
[8.415s][warning][aot] Preload Warning: Verification failed for org.springframework.boot.actuate.autoconfigure.observation.web.client.WebClientObservationConfiguration
[8.424s][warning][aot] Preload Warning: Verification failed for org.springframework.boot.autoconfigure.cache.RedisCacheConfiguration
[8.424s][warning][aot] Preload Warning: Verification failed for org.springframework.boot.autoconfigure.cache.InfinispanCacheConfiguration
[8.438s][warning][aot] Preload Warning: Verification failed for org.springframework.http.codec.multipart.DefaultPartHttpMessageReader
[8.456s][warning][aot] Preload Warning: Verification failed for io.micrometer.core.instrument.binder.logging.Log4j2Metrics
[8.502s][warning][aot] Preload Warning: Verification failed for org.springframework.boot.logging.log4j2.Log4J2LoggingSystem
[8.569s][warning][aot] Preload Warning: Verification failed for org.springframework.web.servlet.view.freemarker.FreeMarkerView
[8.679s][warning][aot] Skipping jdk/internal/event/Event: JFR event class
[8.679s][warning][aot] Skipping jdk/jfr/Event: JFR event class
[8.679s][warning][aot] Skipping jdk/internal/event/FileReadEvent: JFR event class
[8.679s][warning][aot] Skipping jdk/internal/event/FileWriteEvent: JFR event class
[8.680s][warning][aot] Skipping io/micrometer/core/instrument/binder/logging/Log4j2Metrics: Failed verification
[8.680s][warning][aot] Skipping jdk/internal/event/SecurityProviderServiceEvent: JFR event class
[8.680s][warning][aot] Skipping jdk/internal/event/VirtualThreadEndEvent: JFR event class
[8.680s][warning][aot] Skipping jdk/internal/event/VirtualThreadStartEvent: JFR event class
[8.680s][warning][aot] Skipping jdk/internal/event/VirtualThreadSubmitFailedEvent: Has been redefined
[8.680s][warning][aot] Skipping jdk/internal/event/ExceptionStatisticsEvent: JFR event class
[8.680s][warning][aot] Skipping jdk/jfr/events/MethodTimingEvent: JFR event class
[8.680s][warning][aot] Skipping jdk/jfr/events/InitialSecurityPropertyEvent: JFR event class
[8.680s][warning][aot] Skipping jdk/jfr/events/DirectBufferStatisticsEvent: JFR event class
[8.681s][warning][aot] Skipping jdk/proxy1/$Proxy10: Unsupported location
[8.681s][warning][aot] Skipping jdk/jfr/events/AbstractJDKEvent: JFR event class
[8.681s][warning][aot] Skipping jdk/internal/event/ErrorThrownEvent: JFR event class
[8.681s][warning][aot] Skipping jdk/internal/event/ExceptionThrownEvent: JFR event class
[8.681s][warning][aot] Skipping jdk/internal/event/X509ValidationEvent: JFR event class
[8.681s][warning][aot] Skipping jdk/jfr/events/MethodTraceEvent: JFR event class
[8.681s][warning][aot] Skipping jdk/internal/event/TLSHandshakeEvent: JFR event class
[8.681s][warning][aot] Skipping jdk/internal/event/ProcessStartEvent: JFR event class
[8.681s][warning][aot] Skipping jdk/internal/event/X509CertificateEvent: JFR event class
[8.682s][warning][aot] Skipping jdk/jfr/events/ContainerConfigurationEvent: JFR event class
[8.682s][warning][aot] Skipping jdk/jfr/events/ContainerCPUUsageEvent: JFR event class
[8.682s][warning][aot] Skipping jdk/jfr/events/ContainerCPUThrottlingEvent: JFR event class
[8.682s][warning][aot] Skipping jdk/jfr/events/ContainerIOUsageEvent: JFR event class
[8.682s][warning][aot] Skipping jdk/jfr/events/ContainerMemoryUsageEvent: JFR event class
[8.682s][warning][aot] Skipping com/sun/proxy/jdk/proxy1/$Proxy187: Unsupported location
[8.682s][warning][aot] Skipping jdk/proxy1/$Proxy184: Unsupported location
[8.682s][warning][aot] Skipping jdk/proxy1/$Proxy185: Unsupported location
[8.682s][warning][aot] Skipping jdk/proxy1/$Proxy186: Unsupported location
[8.682s][warning][aot] Skipping jdk/proxy1/$Proxy191: Unsupported location
[8.682s][warning][aot] Skipping jdk/proxy1/$Proxy189: Unsupported location
[8.682s][warning][aot] Skipping jdk/proxy1/$Proxy190: Unsupported location
[8.682s][warning][aot] Skipping com/sun/proxy/jdk/proxy1/$Proxy188: Unsupported location
[8.682s][warning][aot] Skipping jdk/proxy1/$Proxy179: Unsupported location
[8.682s][warning][aot] Skipping com/sun/proxy/jdk/proxy1/$Proxy180: Unsupported location
[8.682s][warning][aot] Skipping jdk/proxy1/$Proxy182: Unsupported location
[8.682s][warning][aot] Skipping jdk/proxy1/$Proxy181: Unsupported location
[8.682s][warning][aot] Skipping jdk/proxy1/$Proxy183: Unsupported location
[8.683s][warning][aot] Skipping jdk/internal/event/ThreadSleepEvent: JFR event class
[8.683s][warning][aot] Skipping org/springframework/core/ReactiveAdapterRegistry$ReactorAdapter: Failed verification
[8.684s][warning][aot] Skipping com/sun/proxy/jdk/proxy1/$Proxy23: Unsupported location
[8.684s][warning][aot] Skipping com/sun/proxy/jdk/proxy1/$Proxy132: Unsupported location
[8.684s][warning][aot] Skipping jdk/proxy1/$Proxy8: Unsupported location
[8.684s][warning][aot] Skipping org/springframework/transaction/interceptor/TransactionAspectSupport$ReactiveTransactionSupport: Failed verification
[8.685s][warning][aot] Skipping jdk/internal/event/FileForceEvent: JFR event class
[8.685s][warning][aot] Skipping jdk/proxy1/$Proxy177: Unsupported location
[8.685s][warning][aot] Skipping jdk/proxy1/$Proxy178: Unsupported location
[8.685s][warning][aot] Skipping jdk/proxy1/$Proxy176: Unsupported location
[8.686s][warning][aot] Skipping org/springframework/boot/logging/log4j2/Log4J2LoggingSystem: Failed verification
[8.687s][warning][aot] Skipping org/springframework/boot/autoconfigure/cache/InfinispanCacheConfiguration: Failed verification
[8.687s][warning][aot] Skipping org/springframework/boot/autoconfigure/cache/RedisCacheConfiguration: Failed verification
[8.688s][warning][aot] Skipping org/hibernate/type/format/jakartajson/JsonBJsonFormatMapper: Failed verification
[8.688s][warning][aot] Skipping org/hibernate/type/format/jackson/JacksonXmlFormatMapper: Failed verification
[8.689s][warning][aot] Skipping jdk/internal/event/DeserializationEvent: JFR event class
[8.689s][warning][aot] Skipping jdk/jfr/events/AbstractBufferStatisticsEvent: JFR event class
[8.689s][warning][aot] Skipping org/springframework/http/codec/multipart/DefaultPartHttpMessageReader: Failed verification
[8.689s][warning][aot] Skipping jdk/jfr/events/AbstractPeriodicEvent: JFR event class
[8.689s][warning][aot] Skipping jdk/proxy1/$Proxy0: Unsupported location
[8.689s][warning][aot] Skipping jdk/proxy1/$Proxy1: Unsupported location
[8.690s][warning][aot] Skipping org/springframework/boot/http/client/HttpComponentsClientHttpRequestFactoryBuilder: Failed verification
[8.690s][warning][aot] Skipping jdk/proxy1/$Proxy20: Unsupported location
[8.690s][warning][aot] Skipping org/springframework/transaction/reactive/TransactionalOperator: Failed verification
[8.690s][warning][aot] Skipping jdk/proxy1/$Proxy159: Unsupported location
[8.690s][warning][aot] Skipping jdk/proxy1/$Proxy172: Unsupported location
[8.690s][warning][aot] Skipping jdk/proxy1/$Proxy4: Unsupported location
[8.690s][warning][aot] Skipping jdk/proxy1/$Proxy3: Unsupported location
[8.691s][warning][aot] Skipping jdk/internal/event/SerializationMisdeclarationEvent: JFR event class
[8.691s][warning][aot] Skipping jdk/proxy1/$Proxy175: Unsupported location
[8.691s][warning][aot] Skipping jdk/proxy1/$Proxy173: Unsupported location
[8.691s][warning][aot] Skipping jdk/proxy1/$Proxy174: Unsupported location
[8.691s][warning][aot] Skipping jdk/internal/event/SocketReadEvent: JFR event class
[8.691s][warning][aot] Skipping jdk/internal/event/SocketWriteEvent: JFR event class
[8.691s][warning][aot] Skipping jdk/proxy3/$Proxy97: Unsupported location
[8.691s][warning][aot] Skipping org/springframework/boot/actuate/autoconfigure/observation/web/client/WebClientObservationConfiguration: Failed verification
[8.692s][warning][aot] Skipping jdk/internal/event/SecurityPropertyModificationEvent: JFR event class
[8.692s][warning][aot] Skipping jdk/jfr/events/ActiveSettingEvent: JFR event class
[8.692s][warning][aot] Skipping org/springframework/web/servlet/view/freemarker/FreeMarkerView: Failed verification
[8.692s][warning][aot] Skipping jdk/jfr/events/ActiveRecordingEvent: JFR event class
Temporary AOTConfiguration recorded: /home/jenkins/spring-quarkus-perf-comparison/spring-quarkus-perf-comparison/springboot3/target/app.aot.config
Launching child process /home/jenkins/.sdkman/candidates/java/25.0.3-tem/bin/java to assemble AOT cache /home/jenkins/spring-quarkus-perf-comparison/spring-quarkus-perf-comparison/springboot3/target/app.aot using configuration /home/jenkins/spring-quarkus-perf-comparison/spring-quarkus-perf-comparison/springboot3/target/app.aot.config
Reading AOTConfiguration /home/jenkins/spring-quarkus-perf-comparison/spring-quarkus-perf-comparison/springboot3/target/app.aot.config and writing AOTCache /home/jenkins/spring-quarkus-perf-comparison/spring-quarkus-perf-comparison/springboot3/target/app.aot
AOTCache creation is complete: /home/jenkins/spring-quarkus-perf-comparison/spring-quarkus-perf-comparison/springboot3/target/app.aot 118644736 bytes
Removed temporary AOT configuration file /home/jenkins/spring-quarkus-perf-comparison/spring-quarkus-perf-comparison/springboot3/target/app.aot.config
