[0.001s][warning][os] NUMA support disabled: The process memory and cpu node configuration does not match
WARNING: A terminally deprecated method in sun.misc.Unsafe has been called
WARNING: sun.misc.Unsafe::allocateMemory has been called by io.netty.util.internal.PlatformDependent0$2 (file:/home/jenkins/.m2/repository/io/netty/netty-common/4.1.125.Final/netty-common-4.1.125.Final.jar)
WARNING: Please consider reporting this to the maintainers of class io.netty.util.internal.PlatformDependent0$2
WARNING: sun.misc.Unsafe::allocateMemory will be removed in a future release
Loaded benchmark template load-test-fixed-threads-read-all with these parameters (with defaults): 
[1mNAME                    DEFAULT    CURRENT (CONTEXT)[0m
PATH                    /fruits    (not set)        
PORT                    8080       (not set)        
THREADS                 2          (not set)        
LOAD_REQUEST_TIMEOUT    30s        (not set)        
PROTOCOL                http       (not set)        
HOST                    localhost  (not set)        
WARMUP_DURATION         2m         (not set)        
WARMUP_REQUEST_TIMEOUT  2m         (not set)        
CONNECTIONS             100        (not set)        
HIDE_WARMUP_PHASE       false      (not set)        
LOAD_MAX_DURATION       1m         (not set)        
LOAD_DURATION           30s        (not set)        
WARMUP_PAUSE_DURATION   30s        (not set)        
WARMUP_MAX_DURATION     4m         (not set)        
Uploading...
... done.
Started run 0000
Monitoring run 0000, benchmark load-test-fixed-threads-read-all
quarkus3-leyden-0
WARNING: A restricted method in java.lang.System has been called
WARNING: java.lang.System::loadLibrary has been called by io.netty.util.internal.NativeLibraryUtil in an unnamed module (file:/home/jenkins/.m2/repository/io/netty/netty-common/4.1.125.Final/netty-common-4.1.125.Final.jar)
WARNING: Use --enable-native-access=ALL-UNNAMED to avoid a warning for callers in this module
WARNING: Restricted methods will be blocked in a future release unless native access is enabled

Started:    2026/06/02 14:05:12.122
Terminated: 2026/06/02 14:08:12.146
Run statistics persisted in the local filesystem
[2KTotal stats from run 0000
[1mPHASE     METRIC        THROUGHPUT     REQUESTS  MEAN      STD_DEV   MAX       p50      p90       p99       p99.9      p99.99     TIMEOUTS  ERRORS  BLOCKED  2xx      3xx  4xx  5xx  CACHE[0m
warmup    getAllFruits  8495.67 req/s   1019693  11.76 ms  15.01 ms   1.05 s   7.86 ms  25.30 ms  63.18 ms  128.45 ms  385.88 ms         0       0     0 ns  1019693    0    0    0      0[0m
loadTest  getAllFruits   13.82k req/s    414679   7.23 ms   5.38 ms  97.52 ms  6.03 ms  14.22 ms  25.56 ms   37.49 ms   58.46 ms         0       0     0 ns   414679    0    0    0      0[0m
Report written to /home/jenkins/spring-quarkus-perf-comparison/logs/hyperfoil/quarkus3-leyden-0/0000.html
