[0.002s][warning][os] NUMA support disabled: The process memory and cpu node configuration does not match
WARNING: A terminally deprecated method in sun.misc.Unsafe has been called
WARNING: sun.misc.Unsafe::allocateMemory has been called by io.netty.util.internal.PlatformDependent0$2 (file:/home/jenkins/.m2/repository/io/netty/netty-common/4.1.125.Final/netty-common-4.1.125.Final.jar)
WARNING: Please consider reporting this to the maintainers of class io.netty.util.internal.PlatformDependent0$2
WARNING: sun.misc.Unsafe::allocateMemory will be removed in a future release
Loaded benchmark template load-test-fixed-threads-read-all with these parameters (with defaults): 
[1mNAME                    DEFAULT    CURRENT (CONTEXT)[0m
PATH                    /fruits    (not set)        
PORT                    8080       (not set)        
THREADS                 2          (not set)        
LOAD_REQUEST_TIMEOUT    30s        (not set)        
PROTOCOL                http       (not set)        
HOST                    localhost  (not set)        
WARMUP_DURATION         2m         (not set)        
WARMUP_REQUEST_TIMEOUT  2m         (not set)        
CONNECTIONS             100        (not set)        
HIDE_WARMUP_PHASE       false      (not set)        
LOAD_MAX_DURATION       1m         (not set)        
LOAD_DURATION           30s        (not set)        
WARMUP_PAUSE_DURATION   30s        (not set)        
WARMUP_MAX_DURATION     4m         (not set)        
Uploading...
... done.
Started run 0000
Monitoring run 0000, benchmark load-test-fixed-threads-read-all
quarkus3-virtual-leyden-1
WARNING: A restricted method in java.lang.System has been called
WARNING: java.lang.System::loadLibrary has been called by io.netty.util.internal.NativeLibraryUtil in an unnamed module (file:/home/jenkins/.m2/repository/io/netty/netty-common/4.1.125.Final/netty-common-4.1.125.Final.jar)
WARNING: Use --enable-native-access=ALL-UNNAMED to avoid a warning for callers in this module
WARNING: Restricted methods will be blocked in a future release unless native access is enabled

Started:    2026/06/02 14:48:29.307
Terminated: 2026/06/02 14:51:29.325
Run statistics persisted in the local filesystem
[2KTotal stats from run 0000
[1mPHASE     METRIC        THROUGHPUT    REQUESTS  MEAN     STD_DEV  MAX        p50      p90       p99       p99.9     p99.99     TIMEOUTS  ERRORS  BLOCKED  2xx      3xx  4xx  5xx  CACHE[0m
warmup    getAllFruits  12.87k req/s   1545235  7.76 ms  6.65 ms  562.04 ms  7.63 ms  10.42 ms  24.90 ms  67.63 ms  256.90 ms         0       0     0 ns  1545235    0    0    0      0[0m
loadTest  getAllFruits  14.24k req/s    427187  7.02 ms  2.45 ms   31.20 ms  7.57 ms   9.44 ms  12.98 ms  16.91 ms   29.36 ms         0       0     0 ns   427187    0    0    0      0[0m
Report written to /home/jenkins/spring-quarkus-perf-comparison/logs/hyperfoil/quarkus3-virtual-leyden-1/0000.html
