[0.018s][warning][os] NUMA support disabled: The process memory and cpu node configuration does not match

  .   ____          _            __ _ _
 /\\ / ___'_ __ _ _(_)_ __  __ _ \ \ \ \
( ( )\___ | '_ | '_| | '_ \/ _` | \ \ \ \
 \\/  ___)| |_)| | | | | || (_| |  ) ) ) )
  '  |____| .__|_| |_|_| |_\__, | / / / /
 =========|_|==============|___/=/_/_/_/

 :: Spring Boot ::                (v4.0.6)

2026-06-02T16:54:56.073-04:00  INFO 1930415 --- [springboot4] [           main] [                                                 ] org.acme.SpringBoot4Application          : Starting SpringBoot4Application v1.0 using Java 25.0.3 with PID 1930415 (/home/jenkins/spring-quarkus-perf-comparison/spring-quarkus-perf-comparison/builds/spring4-jvm/springboot4.jar started by jenkins in /home/jenkins/spring-quarkus-perf-comparison/spring-quarkus-perf-comparison/springboot4)
2026-06-02T16:54:56.079-04:00  INFO 1930415 --- [springboot4] [           main] [                                                 ] org.acme.SpringBoot4Application          : No active profile set, falling back to 1 default profile: "default"
2026-06-02T16:54:57.296-04:00  INFO 1930415 --- [springboot4] [           main] [                                                 ] .s.d.r.c.RepositoryConfigurationDelegate : Bootstrapping Spring Data JPA repositories in DEFAULT mode.
2026-06-02T16:54:57.363-04:00  INFO 1930415 --- [springboot4] [           main] [                                                 ] .s.d.r.c.RepositoryConfigurationDelegate : Finished Spring Data repository scanning in 56 ms. Found 1 JPA repository interface.
2026-06-02T16:54:58.482-04:00  INFO 1930415 --- [springboot4] [           main] [                                                 ] o.s.boot.tomcat.TomcatWebServer          : Tomcat initialized with port 8080 (http)
2026-06-02T16:54:58.499-04:00  INFO 1930415 --- [springboot4] [           main] [                                                 ] o.apache.catalina.core.StandardService   : Starting service [Tomcat]
2026-06-02T16:54:58.500-04:00  INFO 1930415 --- [springboot4] [           main] [                                                 ] o.apache.catalina.core.StandardEngine    : Starting Servlet engine: [Apache Tomcat/11.0.21]
2026-06-02T16:54:58.530-04:00  INFO 1930415 --- [springboot4] [           main] [                                                 ] b.w.c.s.WebApplicationContextInitializer : Root WebApplicationContext: initialization completed in 2366 ms
2026-06-02T16:54:59.101-04:00  INFO 1930415 --- [springboot4] [           main] [                                                 ] i.m.c.instrument.push.PushMeterRegistry  : Publishing metrics for OtlpMeterRegistry every 1m to http://localhost:4318/v1/metrics with resource attributes {service.name=springboot4}
2026-06-02T16:54:59.935-04:00  INFO 1930415 --- [springboot4] [           main] [                                                 ] com.zaxxer.hikari.HikariDataSource       : HikariPool-1 - Starting...
2026-06-02T16:55:00.077-04:00  INFO 1930415 --- [springboot4] [           main] [                                                 ] com.zaxxer.hikari.pool.HikariPool        : HikariPool-1 - Added connection org.postgresql.jdbc.PgConnection@2697c156
2026-06-02T16:55:00.079-04:00  INFO 1930415 --- [springboot4] [           main] [                                                 ] com.zaxxer.hikari.HikariDataSource       : HikariPool-1 - Start completed.
2026-06-02T16:55:00.134-04:00  INFO 1930415 --- [springboot4] [           main] [                                                 ] org.hibernate.orm.jpa                    : HHH008540: Processing PersistenceUnitInfo [name: default]
2026-06-02T16:55:00.250-04:00  INFO 1930415 --- [springboot4] [           main] [                                                 ] org.hibernate.orm.core                   : HHH000001: Hibernate ORM core version 7.2.12.Final
2026-06-02T16:55:00.290-04:00  INFO 1930415 --- [springboot4] [           main] [                                                 ] org.hibernate.orm.cache                  : HHH90001028: Second-level cache region factory [org.hibernate.cache.jcache.internal.JCacheRegionFactory]
2026-06-02T16:55:01.093-04:00  INFO 1930415 --- [springboot4] [           main] [                                                 ] o.s.o.j.p.SpringPersistenceUnitInfo      : No LoadTimeWeaver setup: ignoring JPA class transformer
2026-06-02T16:55:01.240-04:00  INFO 1930415 --- [springboot4] [           main] [                                                 ] org.hibernate.orm.connections.pooling    : HHH10001005: Database info:
	Database JDBC URL [jdbc:postgresql://localhost:5432/fruits]
	Database driver: PostgreSQL JDBC Driver
	Database dialect: PostgreSQLDialect
	Database version: 17.9
	Default catalog/schema: fruits/public
	Autocommit mode: undefined/unknown
	Isolation level: READ_COMMITTED [default READ_COMMITTED]
	JDBC fetch size: none
	Pool: DataSourceConnectionProvider
	Minimum pool size: undefined/unknown
	Maximum pool size: undefined/unknown
2026-06-02T16:55:02.616-04:00  INFO 1930415 --- [springboot4] [           main] [                                                 ] org.hibernate.orm.core                   : HHH000489: No JTA platform available (set 'hibernate.transaction.jta.platform' to enable JTA platform integration)
2026-06-02T16:55:02.626-04:00  INFO 1930415 --- [springboot4] [           main] [                                                 ] j.LocalContainerEntityManagerFactoryBean : Initialized JPA EntityManagerFactory for persistence unit 'default'
2026-06-02T16:55:02.799-04:00  INFO 1930415 --- [springboot4] [           main] [                                                 ] o.s.d.j.r.query.QueryEnhancerFactories   : Hibernate is in classpath; If applicable, HQL parser will be used.
2026-06-02T16:55:04.264-04:00  INFO 1930415 --- [springboot4] [           main] [                                                 ] o.s.b.a.e.web.EndpointLinksResolver      : Exposing 2 endpoints beneath base path '/actuator'
2026-06-02T16:55:04.388-04:00  INFO 1930415 --- [springboot4] [           main] [                                                 ] o.s.boot.tomcat.TomcatWebServer          : Tomcat started on port 8080 (http) with context path '/'
2026-06-02T16:55:04.408-04:00  INFO 1930415 --- [springboot4] [           main] [                                                 ] org.acme.SpringBoot4Application          : Started SpringBoot4Application in 9.165 seconds (process running for 9.971)
2026-06-02T16:55:04.444-04:00  INFO 1930415 --- [springboot4] [nio-8080-exec-1] [                                                 ] o.a.c.c.C.[Tomcat].[localhost].[/]       : Initializing Spring DispatcherServlet 'dispatcherServlet'
2026-06-02T16:55:04.444-04:00  INFO 1930415 --- [springboot4] [nio-8080-exec-1] [                                                 ] o.s.web.servlet.DispatcherServlet        : Initializing Servlet 'dispatcherServlet'
2026-06-02T16:55:04.446-04:00  INFO 1930415 --- [springboot4] [nio-8080-exec-1] [                                                 ] o.s.web.servlet.DispatcherServlet        : Completed initialization in 1 ms
WARNING: A terminally deprecated method in sun.misc.Unsafe has been called
WARNING: sun.misc.Unsafe::arrayBaseOffset has been called by com.google.protobuf.UnsafeUtil$MemoryAccessor (jar:nested:/home/jenkins/spring-quarkus-perf-comparison/spring-quarkus-perf-comparison/builds/spring4-jvm/springboot4.jar/!BOOT-INF/lib/protobuf-java-4.32.0.jar!/)
WARNING: Please consider reporting this to the maintainers of class com.google.protobuf.UnsafeUtil$MemoryAccessor
WARNING: sun.misc.Unsafe::arrayBaseOffset will be removed in a future release
2026-06-02T16:55:05.077-04:00  INFO 1930415 --- [springboot4] [ionShutdownHook] [                                                 ] o.s.boot.tomcat.GracefulShutdown         : Commencing graceful shutdown. Waiting for active requests to complete
2026-06-02T16:55:05.080-04:00  INFO 1930415 --- [springboot4] [tomcat-shutdown] [                                                 ] o.s.boot.tomcat.GracefulShutdown         : Graceful shutdown complete
2026-06-02T16:55:05.085-04:00  INFO 1930415 --- [springboot4] [ionShutdownHook] [                                                 ] j.LocalContainerEntityManagerFactoryBean : Closing JPA EntityManagerFactory for persistence unit 'default'
2026-06-02T16:55:05.089-04:00  INFO 1930415 --- [springboot4] [ionShutdownHook] [                                                 ] com.zaxxer.hikari.HikariDataSource       : HikariPool-1 - Shutdown initiated...
2026-06-02T16:55:05.095-04:00  INFO 1930415 --- [springboot4] [ionShutdownHook] [                                                 ] com.zaxxer.hikari.HikariDataSource       : HikariPool-1 - Shutdown completed.
