[0.018s][warning][os] NUMA support disabled: The process memory and cpu node configuration does not match

  .   ____          _            __ _ _
 /\\ / ___'_ __ _ _(_)_ __  __ _ \ \ \ \
( ( )\___ | '_ | '_| | '_ \/ _` | \ \ \ \
 \\/  ___)| |_)| | | | | || (_| |  ) ) ) )
  '  |____| .__|_| |_|_| |_\__, | / / / /
 =========|_|==============|___/=/_/_/_/

 :: Spring Boot ::                (v4.0.6)

2026-06-02T17:55:30.039-04:00  INFO 1974274 --- [springboot4] [           main] [                                                 ] org.acme.SpringBoot4Application          : Starting SpringBoot4Application v1.0 using Java 25.0.3 with PID 1974274 (/home/jenkins/spring-quarkus-perf-comparison/spring-quarkus-perf-comparison/springboot4/target/springboot4.jar started by jenkins in /home/jenkins/spring-quarkus-perf-comparison/spring-quarkus-perf-comparison/springboot4)
2026-06-02T17:55:30.044-04:00  INFO 1974274 --- [springboot4] [           main] [                                                 ] org.acme.SpringBoot4Application          : No active profile set, falling back to 1 default profile: "default"
2026-06-02T17:55:30.914-04:00  INFO 1974274 --- [springboot4] [           main] [                                                 ] .s.d.r.c.RepositoryConfigurationDelegate : Bootstrapping Spring Data JPA repositories in DEFAULT mode.
2026-06-02T17:55:30.971-04:00  INFO 1974274 --- [springboot4] [           main] [                                                 ] .s.d.r.c.RepositoryConfigurationDelegate : Finished Spring Data repository scanning in 47 ms. Found 1 JPA repository interface.
2026-06-02T17:55:31.719-04:00  INFO 1974274 --- [springboot4] [           main] [                                                 ] o.s.boot.tomcat.TomcatWebServer          : Tomcat initialized with port 8080 (http)
2026-06-02T17:55:31.729-04:00  INFO 1974274 --- [springboot4] [           main] [                                                 ] o.apache.catalina.core.StandardService   : Starting service [Tomcat]
2026-06-02T17:55:31.730-04:00  INFO 1974274 --- [springboot4] [           main] [                                                 ] o.apache.catalina.core.StandardEngine    : Starting Servlet engine: [Apache Tomcat/11.0.21]
2026-06-02T17:55:31.754-04:00  INFO 1974274 --- [springboot4] [           main] [                                                 ] b.w.c.s.WebApplicationContextInitializer : Root WebApplicationContext: initialization completed in 1627 ms
2026-06-02T17:55:32.190-04:00  INFO 1974274 --- [springboot4] [           main] [                                                 ] i.m.c.instrument.push.PushMeterRegistry  : Publishing metrics for OtlpMeterRegistry every 1m to http://localhost:4318/v1/metrics with resource attributes {service.name=springboot4}
2026-06-02T17:55:32.763-04:00  INFO 1974274 --- [springboot4] [           main] [                                                 ] com.zaxxer.hikari.HikariDataSource       : HikariPool-1 - Starting...
2026-06-02T17:55:32.877-04:00  INFO 1974274 --- [springboot4] [           main] [                                                 ] com.zaxxer.hikari.pool.HikariPool        : HikariPool-1 - Added connection org.postgresql.jdbc.PgConnection@7dd3981e
2026-06-02T17:55:32.878-04:00  INFO 1974274 --- [springboot4] [           main] [                                                 ] com.zaxxer.hikari.HikariDataSource       : HikariPool-1 - Start completed.
2026-06-02T17:55:32.914-04:00  INFO 1974274 --- [springboot4] [           main] [                                                 ] org.hibernate.orm.jpa                    : HHH008540: Processing PersistenceUnitInfo [name: default]
2026-06-02T17:55:32.991-04:00  INFO 1974274 --- [springboot4] [           main] [                                                 ] org.hibernate.orm.core                   : HHH000001: Hibernate ORM core version 7.2.12.Final
2026-06-02T17:55:33.032-04:00  INFO 1974274 --- [springboot4] [           main] [                                                 ] org.hibernate.orm.cache                  : HHH90001028: Second-level cache region factory [org.hibernate.cache.jcache.internal.JCacheRegionFactory]
2026-06-02T17:55:33.622-04:00  INFO 1974274 --- [springboot4] [           main] [                                                 ] o.s.o.j.p.SpringPersistenceUnitInfo      : No LoadTimeWeaver setup: ignoring JPA class transformer
2026-06-02T17:55:33.710-04:00  INFO 1974274 --- [springboot4] [           main] [                                                 ] org.hibernate.orm.connections.pooling    : HHH10001005: Database info:
	Database JDBC URL [jdbc:postgresql://localhost:5432/fruits]
	Database driver: PostgreSQL JDBC Driver
	Database dialect: PostgreSQLDialect
	Database version: 17.9
	Default catalog/schema: fruits/public
	Autocommit mode: undefined/unknown
	Isolation level: READ_COMMITTED [default READ_COMMITTED]
	JDBC fetch size: none
	Pool: DataSourceConnectionProvider
	Minimum pool size: undefined/unknown
	Maximum pool size: undefined/unknown
2026-06-02T17:55:34.671-04:00  INFO 1974274 --- [springboot4] [           main] [                                                 ] org.hibernate.orm.core                   : HHH000489: No JTA platform available (set 'hibernate.transaction.jta.platform' to enable JTA platform integration)
2026-06-02T17:55:34.679-04:00  INFO 1974274 --- [springboot4] [           main] [                                                 ] j.LocalContainerEntityManagerFactoryBean : Initialized JPA EntityManagerFactory for persistence unit 'default'
2026-06-02T17:55:34.810-04:00  INFO 1974274 --- [springboot4] [           main] [                                                 ] o.s.d.j.r.query.QueryEnhancerFactories   : Hibernate is in classpath; If applicable, HQL parser will be used.
2026-06-02T17:55:35.819-04:00  INFO 1974274 --- [springboot4] [           main] [                                                 ] o.s.b.a.e.web.EndpointLinksResolver      : Exposing 2 endpoints beneath base path '/actuator'
2026-06-02T17:55:35.925-04:00  INFO 1974274 --- [springboot4] [           main] [                                                 ] o.s.boot.tomcat.TomcatWebServer          : Tomcat started on port 8080 (http) with context path '/'
2026-06-02T17:55:35.938-04:00  INFO 1974274 --- [springboot4] [           main] [                                                 ] org.acme.SpringBoot4Application          : Started SpringBoot4Application in 6.44 seconds (process running for 7.291)
2026-06-02T17:55:35.979-04:00  INFO 1974274 --- [springboot4] [omcat-handler-0] [                                                 ] o.a.c.c.C.[Tomcat].[localhost].[/]       : Initializing Spring DispatcherServlet 'dispatcherServlet'
2026-06-02T17:55:35.980-04:00  INFO 1974274 --- [springboot4] [omcat-handler-0] [                                                 ] o.s.web.servlet.DispatcherServlet        : Initializing Servlet 'dispatcherServlet'
2026-06-02T17:55:35.981-04:00  INFO 1974274 --- [springboot4] [omcat-handler-0] [                                                 ] o.s.web.servlet.DispatcherServlet        : Completed initialization in 1 ms
WARNING: A terminally deprecated method in sun.misc.Unsafe has been called
WARNING: sun.misc.Unsafe::arrayBaseOffset has been called by com.google.protobuf.UnsafeUtil$MemoryAccessor (jar:nested:/home/jenkins/spring-quarkus-perf-comparison/spring-quarkus-perf-comparison/springboot4/target/springboot4.jar/!BOOT-INF/lib/protobuf-java-4.32.0.jar!/)
WARNING: Please consider reporting this to the maintainers of class com.google.protobuf.UnsafeUtil$MemoryAccessor
WARNING: sun.misc.Unsafe::arrayBaseOffset will be removed in a future release
2026-06-02T17:55:36.594-04:00  INFO 1974274 --- [springboot4] [ionShutdownHook] [                                                 ] o.s.boot.tomcat.GracefulShutdown         : Commencing graceful shutdown. Waiting for active requests to complete
2026-06-02T17:55:36.598-04:00  INFO 1974274 --- [springboot4] [tomcat-shutdown] [                                                 ] o.s.boot.tomcat.GracefulShutdown         : Graceful shutdown complete
2026-06-02T17:55:36.603-04:00  INFO 1974274 --- [springboot4] [ionShutdownHook] [                                                 ] j.LocalContainerEntityManagerFactoryBean : Closing JPA EntityManagerFactory for persistence unit 'default'
2026-06-02T17:55:36.607-04:00  INFO 1974274 --- [springboot4] [ionShutdownHook] [                                                 ] com.zaxxer.hikari.HikariDataSource       : HikariPool-1 - Shutdown initiated...
2026-06-02T17:55:36.612-04:00  INFO 1974274 --- [springboot4] [ionShutdownHook] [                                                 ] com.zaxxer.hikari.HikariDataSource       : HikariPool-1 - Shutdown completed.
