16:34:37,708 |-INFO in ch.qos.logback.classic.LoggerContext[default] - Found logback-core version ?
16:34:37,709 |-INFO in ch.qos.logback.classic.LoggerContext[default] - Found logback-classic version ?
16:34:37,709 |-WARN in ch.qos.logback.classic.LoggerContext[default] - Versions of logback-classic and ? are different or unknown.
16:34:37,722 |-INFO in ch.qos.logback.classic.util.ContextInitializer@2825fc81 - Here is a list of configurators discovered as a service, by rank: 
16:34:37,722 |-INFO in ch.qos.logback.classic.util.ContextInitializer@2825fc81 -   org.springframework.boot.logging.logback.RootLogLevelConfigurator
16:34:37,722 |-INFO in ch.qos.logback.classic.util.ContextInitializer@2825fc81 - They will be invoked in order until ExecutionStatus.DO_NOT_INVOKE_NEXT_IF_ANY is returned.
16:34:37,722 |-INFO in ch.qos.logback.classic.util.ContextInitializer@2825fc81 - Constructed configurator of type class org.springframework.boot.logging.logback.RootLogLevelConfigurator
16:34:37,724 |-INFO in ch.qos.logback.classic.util.ContextInitializer@2825fc81 - org.springframework.boot.logging.logback.RootLogLevelConfigurator.configure() call lasted 1 milliseconds. ExecutionStatus=INVOKE_NEXT_IF_ANY
16:34:37,724 |-INFO in ch.qos.logback.classic.util.ContextInitializer@2825fc81 - Trying to configure with ch.qos.logback.classic.util.DefaultJoranConfigurator
16:34:37,727 |-INFO in ch.qos.logback.classic.util.ContextInitializer@2825fc81 - Constructed configurator of type class ch.qos.logback.classic.util.DefaultJoranConfigurator
16:34:37,727 |-INFO in ch.qos.logback.classic.LoggerContext[default] - Could NOT find resource [logback-test.xml]
16:34:37,727 |-INFO in ch.qos.logback.classic.LoggerContext[default] - Could NOT find resource [logback.xml]
16:34:37,727 |-INFO in ch.qos.logback.classic.util.ContextInitializer@2825fc81 - ch.qos.logback.classic.util.DefaultJoranConfigurator.configure() call lasted 0 milliseconds. ExecutionStatus=INVOKE_NEXT_IF_ANY
16:34:37,727 |-INFO in ch.qos.logback.classic.util.ContextInitializer@2825fc81 - Trying to configure with ch.qos.logback.classic.BasicConfigurator
16:34:37,730 |-INFO in ch.qos.logback.classic.util.ContextInitializer@2825fc81 - Constructed configurator of type class ch.qos.logback.classic.BasicConfigurator
16:34:37,730 |-INFO in ch.qos.logback.classic.BasicConfigurator@7160ec8e - Setting up default configuration.
16:34:37,738 |-INFO in ch.qos.logback.core.ConsoleAppender[console] - NOTE: Writing to the console can be slow. Try to avoid logging to the 
16:34:37,738 |-INFO in ch.qos.logback.core.ConsoleAppender[console] - console in production environments, especially in high volume systems.
16:34:37,738 |-INFO in ch.qos.logback.core.ConsoleAppender[console] - See also https://logback.qos.ch/codes.html#slowConsole
16:34:37,738 |-INFO in ch.qos.logback.classic.util.ContextInitializer@2825fc81 - ch.qos.logback.classic.BasicConfigurator.configure() call lasted 8 milliseconds. ExecutionStatus=NEUTRAL

16:34:37,709 |-WARN in ch.qos.logback.classic.LoggerContext[default] - Versions of logback-classic and ? are different or unknown.
16:34:37,709 |-WARN in ch.qos.logback.classic.LoggerContext[default] - Versions of logback-classic and ? are different or unknown.

  .   ____          _            __ _ _
 /\\ / ___'_ __ _ _(_)_ __  __ _ \ \ \ \
( ( )\___ | '_ | '_| | '_ \/ _` | \ \ \ \
 \\/  ___)| |_)| | | | | || (_| |  ) ) ) )
  '  |____| .__|_| |_|_| |_\__, | / / / /
 =========|_|==============|___/=/_/_/_/

 :: Spring Boot ::               (v3.5.14)

2026-06-02T16:34:37.962-04:00  INFO 1916293 --- [springboot3] [           main] org.acme.SpringBoot3Application          : Starting AOT-processed SpringBoot3Application using Java 25.0.2 with PID 1916293 (/home/jenkins/spring-quarkus-perf-comparison/spring-quarkus-perf-comparison/builds/spring3-native/springboot3 started by jenkins in /home/jenkins/spring-quarkus-perf-comparison/spring-quarkus-perf-comparison/springboot3)
2026-06-02T16:34:37.963-04:00  INFO 1916293 --- [springboot3] [           main] org.acme.SpringBoot3Application          : No active profile set, falling back to 1 default profile: "default"
2026-06-02T16:34:38.094-04:00  INFO 1916293 --- [springboot3] [           main] o.s.b.w.embedded.tomcat.TomcatWebServer  : Tomcat initialized with port 8080 (http)
2026-06-02T16:34:38.103-04:00  INFO 1916293 --- [springboot3] [           main] o.apache.catalina.core.StandardService   : Starting service [Tomcat]
2026-06-02T16:34:38.103-04:00  INFO 1916293 --- [springboot3] [           main] o.apache.catalina.core.StandardEngine    : Starting Servlet engine: [Apache Tomcat/10.1.54]
2026-06-02T16:34:38.124-04:00  INFO 1916293 --- [springboot3] [           main] o.a.c.c.C.[Tomcat].[localhost].[/]       : Initializing Spring embedded WebApplicationContext
2026-06-02T16:34:38.124-04:00  INFO 1916293 --- [springboot3] [           main] w.s.c.ServletWebServerApplicationContext : Root WebApplicationContext: initialization completed in 160 ms
2026-06-02T16:34:38.208-04:00  INFO 1916293 --- [springboot3] [           main] i.o.i.s.a.OpenTelemetryAutoConfiguration : OpenTelemetry Spring Boot starter (2.25.0) has been started
2026-06-02T16:34:38.259-04:00  INFO 1916293 --- [springboot3] [           main] com.zaxxer.hikari.HikariDataSource       : HikariPool-1 - Starting...
2026-06-02T16:34:38.294-04:00  INFO 1916293 --- [springboot3] [           main] com.zaxxer.hikari.pool.HikariPool        : HikariPool-1 - Added connection org.postgresql.jdbc.PgConnection@3a374a61
2026-06-02T16:34:38.294-04:00  INFO 1916293 --- [springboot3] [           main] com.zaxxer.hikari.HikariDataSource       : HikariPool-1 - Start completed.
2026-06-02T16:34:38.299-04:00  INFO 1916293 --- [springboot3] [           main] o.hibernate.jpa.internal.util.LogHelper  : HHH000204: Processing PersistenceUnitInfo [name: default]
2026-06-02T16:34:38.315-04:00  INFO 1916293 --- [springboot3] [           main] org.hibernate.Version                    : HHH000412: Hibernate ORM core version 6.6.49.Final
2026-06-02T16:34:38.329-04:00  INFO 1916293 --- [springboot3] [           main] o.h.c.internal.RegionFactoryInitiator    : HHH000025: Second-level cache region factory [org.hibernate.cache.jcache.internal.JCacheRegionFactory]
2026-06-02T16:34:38.376-04:00  INFO 1916293 --- [springboot3] [           main] org.hibernate.orm.connections.pooling    : HHH10001005: Database info:
	Database JDBC URL [Connecting through datasource 'io.opentelemetry.instrumentation.spring.autoconfigure.internal.instrumentation.jdbc.DataSourcePostProcessor$DataSource$$Wrapper: 0 interfaces []; 0 advisors []; targetSource [SingletonTargetSource for target object [com.zaxxer.hikari.HikariDataSource@6506eff4]]; proxyTargetClass=false; optimize=false; opaque=false; exposeProxy=false; frozen=false']
	Database driver: undefined/unknown
	Database version: 17.9
	Autocommit mode: undefined/unknown
	Isolation level: undefined/unknown
	Minimum pool size: undefined/unknown
	Maximum pool size: undefined/unknown
2026-06-02T16:34:38.425-04:00  WARN 1916293 --- [springboot3] [           main] org.hibernate.mapping.RootClass          : HHH000038: Composite-id class does not override equals(): org.acme.domain.StoreFruitPriceId
2026-06-02T16:34:38.425-04:00  WARN 1916293 --- [springboot3] [           main] org.hibernate.mapping.RootClass          : HHH000039: Composite-id class does not override hashCode(): org.acme.domain.StoreFruitPriceId
2026-06-02T16:34:38.458-04:00  INFO 1916293 --- [springboot3] [           main] o.h.e.t.j.p.i.JtaPlatformInitiator       : HHH000489: No JTA platform available (set 'hibernate.transaction.jta.platform' to enable JTA platform integration)
2026-06-02T16:34:38.459-04:00  INFO 1916293 --- [springboot3] [           main] j.LocalContainerEntityManagerFactoryBean : Initialized JPA EntityManagerFactory for persistence unit 'default'
2026-06-02T16:34:38.673-04:00  WARN 1916293 --- [springboot3] [           main] i.m.c.i.binder.jvm.JvmGcMetrics          : GC notifications will not be available because no GarbageCollectorMXBean of the JVM provides any. GCs=[young generation scavenger, complete scavenger]
2026-06-02T16:34:38.782-04:00  INFO 1916293 --- [springboot3] [           main] o.s.b.a.e.web.EndpointLinksResolver      : Exposing 2 endpoints beneath base path '/actuator'
2026-06-02T16:34:38.794-04:00  INFO 1916293 --- [springboot3] [           main] o.s.b.w.embedded.tomcat.TomcatWebServer  : Tomcat started on port 8080 (http) with context path '/'
2026-06-02T16:34:38.795-04:00  INFO 1916293 --- [springboot3] [           main] org.acme.SpringBoot3Application          : Started SpringBoot3Application in 0.973 seconds (process running for 1.25)
2026-06-02T16:34:38.800-04:00  INFO 1916293 --- [springboot3] [nio-8080-exec-1] o.a.c.c.C.[Tomcat].[localhost].[/]       : Initializing Spring DispatcherServlet 'dispatcherServlet'
2026-06-02T16:34:38.800-04:00  INFO 1916293 --- [springboot3] [nio-8080-exec-1] o.s.web.servlet.DispatcherServlet        : Initializing Servlet 'dispatcherServlet'
2026-06-02T16:34:38.800-04:00  INFO 1916293 --- [springboot3] [nio-8080-exec-1] o.s.web.servlet.DispatcherServlet        : Completed initialization in 0 ms
2026-06-02T16:34:38.827-04:00  INFO 1916293 --- [springboot3] [ionShutdownHook] o.s.b.w.e.tomcat.GracefulShutdown        : Commencing graceful shutdown. Waiting for active requests to complete
2026-06-02T16:34:38.829-04:00  INFO 1916293 --- [springboot3] [tomcat-shutdown] o.s.b.w.e.tomcat.GracefulShutdown        : Graceful shutdown complete
2026-06-02T16:34:38.847-04:00  INFO 1916293 --- [springboot3] [ionShutdownHook] j.LocalContainerEntityManagerFactoryBean : Closing JPA EntityManagerFactory for persistence unit 'default'
2026-06-02T16:34:38.848-04:00  INFO 1916293 --- [springboot3] [ionShutdownHook] com.zaxxer.hikari.HikariDataSource       : HikariPool-1 - Shutdown initiated...
2026-06-02T16:34:38.867-04:00  INFO 1916293 --- [springboot3] [ionShutdownHook] com.zaxxer.hikari.HikariDataSource       : HikariPool-1 - Shutdown completed.
