procs -----------memory---------- ---swap-- -----io---- -system-- ------cpu-----
 r  b   swpd   free   buff  cache   si   so    bi    bo   in   cs us sy id wa st
 4  0   3976 390806272      0 910392    0    0     2     2    0    0  0  0 100  0  0
 4  0   3976 390753440      0 931420    0    0  4676     0 12961 8084  6  1 94  0  0
 4  0   3976 390699872      0 951468    0    0  6728     0 13701 7834  5  1 93  0  0
 3  0   3976 390654720      0 960672    0    0  9716  1064 7318 5610  5  0 95  0  0
 2  0   3976 390502752      0 1034204    0    0  8532    24 7466 5936  5  0 95  0  0
 2  0   3976 390441536      0 1039856    0    0  5580    32 4536 4249  3  0 96  0  0
 3  0   3976 390426368      0 1043868    0    0  3676    28 4589 3655  5  0 95  0  0
 3  0   3976 390385056      0 1053024    0    0  9008    12 5738 4406  5  0 95  0  0
 1  0   3976 390348256      0 1061216    0    0 10504 56304 13865 11637  6  1 93  0  0
 2  0   3976 390262176      0 1077800    0    0 13808     0 5427 6998  3  0 96  0  0
 3  0   3976 390163712      0 1084104    0    0  6004    44 4564 4622  3  0 97  0  0
 2  0   3976 390157856      0 1084412    0    0   300    44 1404 1930  0  0 99  0  0
39  0   3976 390049952      0 1090408    0    0  5536     4 7300 19974  6  0 93  0  0
86  0   3976 390024384      0 1090952    0    0   160 50728 7873 27436  7  0 93  0  0
92  0   3976 390005664      0 1090996    0    0     0    52 8505 77850  6  1 93  0  0
88  0   3976 389884416      0 1092288    0    0   984    28 7856 13295  7  0 93  0  0
87  0   3976 389886880      0 1092344    0    0     0   140 7685 14753  7  0 93  0  0
46  0   3976 389882784      0 1092392    0    0     0    40 8423 13314  7  1 92  0  0
69  0   3976 389882016      0 1093244    0    0   808    32 8357 13265  7  1 93  0  0
81  0   3976 389882784      0 1093520    0    0    80   284 8248 13518  6  1 93  0  0
51  0   3976 389800384      0 1093856    0    0    16    48 8669 24928  7  1 93  0  0
procs -----------memory---------- ---swap-- -----io---- -system-- ------cpu-----
 r  b   swpd   free   buff  cache   si   so    bi    bo   in   cs us sy id wa st
64  0   3976 389796832      0 1093996    0    0     0     0 8344 14357  6  1 93  0  0
70  0   3976 389789248      0 1094616    0    0   560   156 9069 15955  6  1 93  0  0
73  0   3976 389789120      0 1094660    0    0     0    40 8423 15037  6  1 93  0  0
67  0   3976 389786624      0 1094808    0    0     0     4 8962 15142  6  1 93  0  0
65  0   3976 389786816      0 1095180    0    0   244    80 8614 15985  6  1 93  0  0
66  0   3976 389788768      0 1095452    0    0   272    52 8736 15686  6  1 93  0  0
76  0   3976 389746976      0 1096180    0    0   204     0 9329 16852  6  1 93  0  0
61  0   3976 389748000      0 1096664    0    0   328   204 8985 16914  6  1 93  0  0
69  0   3976 389743104      0 1097092    0    0    36    44 9687 18209  6  1 93  0  0
67  0   3976 389743424      0 1097240    0    0     0   748 9258 17925  6  1 93  0  0
65  0   3976 389738368      0 1097452    0    0     0    16 9291 18833  6  1 93  0  0
65  0   3976 389737024      0 1098352    0    0   344    48 9391 19136  6  1 93  0  0
62  0   3976 389736576      0 1098488    0    0     0     8 9481 19521  6  1 93  0  0
67  0   3976 389718848      0 1099820    0    0   428    16 10363 30511  7  1 93  0  0
77  0   3976 389727072      0 1100112    0    0    84    48 9603 20221  6  1 93  0  0
81  0   3976 389741440      0 1101288    0    0    96     4 12014 57532  7  1 93  0  0
79  0   3976 389739456      0 1101668    0    0   172     8 10265 28271  6  1 93  0  0
66  0   3976 389746400      0 1102124    0    0     0    72 9990 20962  6  1 93  0  0
67  0   3976 389796800      0 1102340    0    0    36   172 9971 23119  6  1 93  0  0
60  0   3976 389796480      0 1102548    0    0     4    60 9600 51467  6  1 93  0  0
64  0   3976 389796192      0 1103748    0    0   988     8 9833 38145  6  1 93  0  0
procs -----------memory---------- ---swap-- -----io---- -system-- ------cpu-----
 r  b   swpd   free   buff  cache   si   so    bi    bo   in   cs us sy id wa st
 6  0   3976 389801024      0 1105116    0    0   324    12 9915 35506  7  1 93  0  0
69  0   3976 389753632      0 1105656    0    0     0    24 9819 21958  6  1 93  0  0
56  0   3976 389757120      0 1105868    0    0     4   308 10023 73858  6  1 93  0  0
63  0   3976 389759680      0 1106076    0    0     0     8 9430 60665  6  1 93  0  0
62  0   3976 389762080      0 1106284    0    0     0     0 9905 63932  6  1 93  0  0
65  0   3976 389772000      0 1106788    0    0   304    12 10318 32666  6  1 93  0  0
64  0   3976 389760960      0 1107312    0    0    68   300 9923 24698  6  1 93  0  0
67  0   3976 389694912      0 1107948    0    0    64  9172 10151 25481  6  1 93  0  0
51  0   3976 389672576      0 1108672    0    0   204     0 9637 25444  6  1 93  0  0
85  0   3976 389668000      0 1108876    0    0     0     8 9907 27010  6  1 93  0  0
66  0   3976 389665024      0 1110376    0    0    24     4 10167 27607  6  1 93  0  0
53  0   3976 389628160      0 1111288    0    0   132     8 9772 27378  6  1 93  0  0
53  0   3976 389626240      0 1111672    0    0   232     4 9514 28747  6  1 93  0  0
64  0   3976 389617504      0 1112512    0    0   356     8 10597 29791  7  1 92  0  0
64  0   3976 389620992      0 1112724    0    0     0    12 9544 29852  6  1 93  0  0
66  0   3976 389620288      0 1113252    0    0    16     8 10192 31732  6  1 93  0  0
68  0   3976 389620320      0 1113460    0    0     0     0 9685 34181  6  1 93  0  0
65  0   3976 389619488      0 1114056    0    0    16    24 10838 35925  6  1 92  0  0
63  0   3976 389618016      0 1114608    0    0     0   804 10695 37014  6  1 93  0  0
81  0   3976 389619456      0 1115112    0    0     0    24 10872 44747  6  1 92  0  0
43  0   3976 389623648      0 1116664    0    0     0   252 11253 41589  7  1 92  0  0
procs -----------memory---------- ---swap-- -----io---- -system-- ------cpu-----
 r  b   swpd   free   buff  cache   si   so    bi    bo   in   cs us sy id wa st
67  0   3976 389713856      0 1117068    0    0     0     8 11639 93684  6  1 93  0  0
74  0   3976 389676832      0 1117768    0    0     0     0 12953 230384  6  1 92  0  0
77  0   3976 389687872      0 1118044    0    0    20  9816 15210 235299  6  1 93  0  0
70  0   3976 389688384      0 1118312    0    0     0    12 12697 81629  6  1 93  0  0
80  0   3976 389683616      0 1118960    0    0    64   220 13855 114588  6  1 92  0  0
49  0   3976 389683520      0 1119228    0    0     0     8 12295 177292  6  1 93  0  0
47  0   3976 389671200      0 1120460    0    0     0   280 13024 317015  6  1 92  0  0
50  0   3976 389659712      0 1120672    0    0     0     0 12407 117391  6  1 93  0  0
30  0   3976 389652384      0 1121280    0    0     0   720 11751 103725  6  1 92  0  0
68  0   3976 389568000      0 1123980    0    0   112     8 13069 313987  6  2 92  0  0
57  0   3976 389534976      0 1124608    0    0    16    16 16075 436640  6  2 93  0  0
83  0   3976 389534336      0 1125200    0    0    16     0 12340 420643  6  1 93  0  0
56  1   3976 389524032      0 1125796    0    0     0  3064 12828 110145  6  1 92  0  0
60  0   3976 389517632      0 1126188    0    0   124  4864 10402 37893  6  1 93  0  0
63  0   3976 389517376      0 1126404    0    0     0     8 11113 51131  6  1 93  0  0
71  0   3976 389516384      0 1126672    0    0     0     4 12768 105047  6  1 93  0  0
60  0   3976 389539584      0 1127016    0    0    16   136 12955 79330  6  1 92  0  0
45  0   3976 389468832      0 1128304    0    0     4   296 13547 276996  6  2 92  0  0
77  0   3976 389468864      0 1128568    0    0     0    12 12046 89783  6  1 93  0  0
40  0   3976 389503168      0 1130624    0    0    16     4 17030 275349  6  1 92  0  0
88  0   3976 389532800      0 1131024    0    0   128    12 16022 280106  6  2 93  0  0
procs -----------memory---------- ---swap-- -----io---- -system-- ------cpu-----
 r  b   swpd   free   buff  cache   si   so    bi    bo   in   cs us sy id wa st
66  0   3976 389546944      0 1131700    0    0    64     4 14039 379508  6  2 93  0  0
76  0   3976 389544000      0 1131980    0    0    80    20 11395 50116  6  1 93  0  0
77  0   3976 389543168      0 1133036    0    0    72     0 13361 100165  7  1 92  0  0
46  0   3976 389542880      0 1133348    0    0     0     0 12025 52227  6  1 93  0  0
68  0   3976 389580192      0 1133748    0    0    64     8 12749 69405  6  1 93  0  0
64  0   3976 389577440      0 1134408    0    0     0     0 11714 55162  7  1 92  0  0
48  0   3976 389529824      0 1135140    0    0   128    32 12759 347196  6  2 93  0  0
28  0   3976 389459872      0 1136492    0    0    32 10812 12707 223245  7  1 92  0  0
72  0   3976 389436736      0 1139236    0    0   128     8 11589 47474  7  1 92  0  0
78  0   3976 389415168      0 1136320    0    0     0   256 15153 165603  8  1 91  0  0
75  0   3976 389420576      0 1136600    0    0     0     0 11201 86049  6  1 93  0  0
73  0   3976 389420544      0 1136868    0    0     0     8 11359 60193  6  1 93  0  0
87  0   3976 389419072      0 1137144    0    0     0     4 11384 202023  6  1 93  0  0
52  0   3976 389417344      0 1137416    0    0     0     0 12725 240359  6  1 92  0  0
79  0   3976 389408288      0 1138080    0    0    16     0 14014 434980  6  2 92  0  0
72  0   3976 389393856      0 1139080    0    0     0   208 11857 51116  7  1 92  0  0
79  0   3976 389394048      0 1139716    0    0    16    12 13748 204043  6  1 92  0  0
64  0   3976 389492128      0 1140312    0    0    16   260 14393 126019  6  1 92  0  0
67  0   3976 389503040      0 1142632    0    0     0    68 11855 134758  6  1 92  0  0
59  0   3976 389565280      0 1143008    0    0     0     0 12572 216962  6  1 93  0  0
65  0   3976 389565600      0 1143284    0    0     0     0 14222 119706  6  1 93  0  0
procs -----------memory---------- ---swap-- -----io---- -system-- ------cpu-----
 r  b   swpd   free   buff  cache   si   so    bi    bo   in   cs us sy id wa st
10  0   3976 389595840      0 1143916    0    0     0    16 12030 240205  6  1 92  0  0
75  0   3976 389548480      0 1144540    0    0    16     0 11612 99810  6  1 92  0  0
52  0   3976 389498656      0 1145480    0    0    16 13940 13662 411532  6  2 92  0  0
49  0   3976 389504704      0 1145872    0    0   128    12 19404 530459  5  2 93  0  0
80  0   3976 389509376      0 1146220    0    0     0    92 12486 115736  6  1 92  0  0
77  0   3976 389530688      0 1146492    0    0     0   360 13103 135330  6  1 93  0  0
69  0   3976 389532160      0 1146768    0    0     0     8 14025 477221  6  2 93  0  0
86  0   3976 389535488      0 1149160    0    0    84  2412 13926 528418  6  2 92  0  0
48  0   3976 389487936      0 1150136    0    0    16     0 13455 232548  6  1 92  0  0
59  0   3976 389469312      0 1128416    0    0    16     4 13504 544926  6  2 92  0  0
24  0   3976 389467904      0 1129036    0    0     0     8 14929 478765  6  2 92  0  0
67  0   3976 389463136      0 1129696    0    0    60     0 12132 255356  6  1 92  0  0
68  0   3976 389468736      0 1129968    0    0     0     8 14466 527528  6  2 93  0  0
83  0   3976 389467008      0 1130644    0    0    16     0 14299 429843  6  2 93  0  0
65  0   3976 389468384      0 1130976    0    0     0     8 12996 182596  6  1 93  0  0
65  0   3976 389449536      0 1131612    0    0     0     4 12675 189331  6  1 92  0  0
82  0   3976 389449312      0 1131952    0    0     0    16 12034 64330  6  1 93  0  0
13  0   3976 389424608      0 1133924    0    0     0   804 11939 63518  7  1 92  0  0
43  0   3976 389437024      0 1134868    0    0    16    64 13316 235074  6  1 92  0  0
75  0   3976 389438304      0 1135204    0    0     0     8 18840 594041  5  2 93  0  0
72  0   3976 389438144      0 1135480    0    0     0   248 13132 220686  6  1 93  0  0
procs -----------memory---------- ---swap-- -----io---- -system-- ------cpu-----
 r  b   swpd   free   buff  cache   si   so    bi    bo   in   cs us sy id wa st
62  0   3976 389435168      0 1136444    0    0    16    12 13598 259859  6  2 92  0  0
61  0   3976 389431360      0 1136720    0    0    16     0 15175 328709  6  2 93  0  0
72  0   3976 389431360      0 1137392    0    0     0 13692 14399 326463  6  2 92  0  0
18  0   3976 389430880      0 1138208    0    0     0     0 12338 180080  6  1 92  0  0
73  0   3976 389431136      0 1138884    0    0     0     8 14827 249810  6  2 92  0  0
49  0   3976 389431904      0 1139224    0    0     0    12 11874 155647  6  1 93  0  0
 2  0   3976 389424608      0 1141808    0    0    76   264 5857 54989  4  0 95  0  0
 2  0   3976 389408992      0 1142840    0    0   104     8 4186 2350  4  0 96  0  0
 2  0   3976 389415488      0 1142888    0    0     0     0 3322 2155  3  0 97  0  0
 2  0   3976 389416000      0 1142944    0    0     0     0 3461 2265  3  0 97  0  0
 2  0   3976 389415904      0 1142988    0    0     0    12 3285 1993  3  0 97  0  0
 2  0   3976 389433984      0 1143404    0    0    16     4 4486 2641  4  0 96  0  0
 3  0   3976 389426912      0 1143524    0    0     0     4 3476 2220  3  0 97  0  0
 2  0   3976 389422400      0 1144624    0    0    16    12 4994 2383  4  0 96  0  0
 2  0   3976 389422400      0 1144668    0    0     0   576 3357 1978  3  0 97  0  0
 2  0   3976 389422656      0 1144724    0    0     0     0 3320 2039  3  0 97  0  0
 2  0   3976 389423680      0 1145816    0    0     0     4 3802 2707  3  0 96  0  0
 2  0   3976 389423456      0 1145864    0    0     0     0 3368 2194  3  0 97  0  0
 2  0   3976 389424640      0 1145920    0    0     0  9004 3404 2260  3  0 97  0  0
 2  0   3976 389423616      0 1145964    0    0     0     0 3439 2100  3  0 97  0  0
 2  0   3976 389413312      0 1146016    0    0     0     0 3457 2223  3  0 97  0  0
procs -----------memory---------- ---swap-- -----io---- -system-- ------cpu-----
 r  b   swpd   free   buff  cache   si   so    bi    bo   in   cs us sy id wa st
 0  0   3976 389419616      0 1146072    0    0     0     0 2097 2407  1  0 99  0  0
 0  0   3976 389424928      0 1146124    0    0     0     0 1037 1806  0  0 100  0  0
 0  0   3976 389425216      0 1146144    0    0     0     0 1220 1826  0  0 100  0  0
 0  0   3976 389425728      0 1146196    0    0     0     4 1021 1781  0  0 100  0  0
 0  0   3976 389426240      0 1146244    0    0     0    16 1118 2060  0  0 100  0  0
 0  0   3976 389426752      0 1146296    0    0     0     0 1225 2109  0  0 100  0  0
 0  0   3976 389427264      0 1146344    0    0     0  1480 1101 1942  0  0 100  0  0
 0  0   3976 389428032      0 1146400    0    0     0    60 1147 1996  0  0 100  0  0
 0  0   3976 389428288      0 1146448    0    0     0     0 1154 2051  0  0 100  0  0
 0  0   3976 389428320      0 1146496    0    0   100   260 1192 1970  0  0 100  0  0
 0  0   3976 389441408      0 1146708    0    0    60     0 1850 2463  0  0 100  0  0
 0  0   3976 389442176      0 1146760    0    0     0     0 1048 1857  0  0 100  0  0
 0  0   3976 389442752      0 1146876    0    0     0    36 1437 2005  0  0 100  0  0
 0  0   3976 389443520      0 1146924    0    0     0     0 1070 1909  0  0 100  0  0
 0  0   3976 389444032      0 1146976    0    0     0    12 1013 1826  0  0 100  0  0
42  0   3976 389412160      0 1147032    0    0     0     4 12540 490748  6  2 93  0  0
15  0   3976 389433344      0 1144032    0    0     0    60 17705 559081  7  2 90  0  0
47  0   3976 389432896      0 1144508    0    0     0   256 15756 414767  6  2 92  0  0
21  0   3976 389429632      0 1144912    0    0     0  4732 13290 265035  6  2 92  0  0
29  0   3976 389433344      0 1145312    0    0     0     8 12292 81880  7  2 92  0  0
62  0   3976 389443392      0 1145916    0    0   144    20 13284 239330  6  2 92  0  0
procs -----------memory---------- ---swap-- -----io---- -system-- ------cpu-----
 r  b   swpd   free   buff  cache   si   so    bi    bo   in   cs us sy id wa st
67  0   3976 389596064      0 1146372    0    0    16    16 15721 248756  6  2 92  0  0
83  0   3976 389568960      0 1147280    0    0     4     4 17058 515325  6  3 91  0  0
37  0   3976 389547840      0 1147880    0    0     8  2376 15096 159226  7  2 91  0  0
26  0   3976 389544832      0 1148416    0    0     0     0 13907 189233  7  2 91  0  0
15  0   3976 389477664      0 1151560    0    0   248   212 15547 280744  7  2 90  0  0
20  0   3976 389418432      0 1152584    0    0     0     0 13858 95652  7  2 91  0  0
15  0   3976 389417824      0 1153800    0    0    72    16 13931 80787  7  2 91  0  0
32  0   3976 389412224      0 1154392    0    0     0     0 16498 348557  6  2 91  0  0
22  0   3976 389384128      0 1156076    0    0   116     8 17866 561036  7  3 91  0  0
29  0   3976 389379744      0 1156612    0    0     0     0 14247 82935  7  2 91  0  0
62  0   3976 389316448      0 1157784    0    0    88     8 17168 404373  7  2 91  0  0
74  0   3976 389308672      0 1158444    0    0     0     0 17137 296210  6  2 91  0  0
77  0   3976 389303584      0 1159044    0    0     0 13452 16594 104797  7  2 91  0  0
65  0   3976 389304192      0 1159704    0    0     0     0 19396 223828  6  2 91  0  0
20  0   3976 389315776      0 1160348    0    0   112    16 16117 107255  7  2 91  0  0
23  0   3976 389317920      0 1167116    0    0    32   792 16457 81152  7  2 90  0  0
67  0   3976 389317984      0 1169392    0    0     0     8 18831 269880  7  2 90  0  0
20  0   3976 389305440      0 1170056    0    0     0    64 16165 299771  6  2 91  0  0
56  0   3976 389345888      0 1170588    0    0     0    12 15931 245564  6  2 91  0  0
35  0   3976 389377888      0 1171276    0    0     0     0 15605 224072  7  2 91  0  0
20  0   3976 389435008      0 1172432    0    0    16   248 15480 83302  7  2 91  0  0
procs -----------memory---------- ---swap-- -----io---- -system-- ------cpu-----
 r  b   swpd   free   buff  cache   si   so    bi    bo   in   cs us sy id wa st
35  0   3976 389387744      0 1173624    0    0     0     8 15297 510287  6  3 91  0  0
55  0   3976 389385056      0 1174592    0    0     0     0 16226 135532  7  2 91  0  0
13  0   3976 389382112      0 1175184    0    0     0     8 14426 173697  6  2 91  0  0
 1  0   3976 389305216      0 1178788    0    0   296    16 5415 14636  3  1 96  0  0
 3  0   3976 389488864      0 1184132    0    0   748     4 3373 2407  1  0 98  0  0
