procs -----------memory---------- ---swap-- -----io---- -system-- ------cpu-----
 r  b   swpd   free   buff  cache   si   so    bi    bo   in   cs us sy id wa st
 2  0   3976 390621408      0 986204    0    0     2     2    0    0  0  0 100  0  0
 1  0   3976 390609248      0 986944    0    0   108     0 8467 5441  1  1 99  0  0
 1  0   3976 390600288      0 987044    0    0   128     0 9540 5494  0  1 99  0  0
 5  0   3976 390494816      0 1006392    0    0 19532  1024 9206 7926  2  1 97  0  0
 2  0   3976 390479392      0 1025420    0    0 21236    40 8127 9375  3  0 96  0  0
 3  0   3976 390368352      0 1036084    0    0 10252    60 4809 5520  3  0 97  0  0
 0  0   3976 390314816      0 1039008    0    0  2800   100 2967 3309  2  0 98  0  0
41  0   3976 390162816      0 1081156    0    0  2472    20 6493 7359  4  0 96  0  0
30  0   3976 390075616      0 1108204    0    0  1576 78516 8565 9192  7  0 92  0  0
11  0   3976 389992288      0 1135956    0    0   252    60 8983 11190  7  0 92  0  0
16  0   3976 389971360      0 1113220    0    0  4568    92 7822 15486  7  1 93  0  0
20  0   3976 389916800      0 1130220    0    0   544    44 10145 19780  8  1 91  0  0
19  0   3976 389888064      0 1130564    0    0   128    16 9728 24242  7  1 92  0  0
24  0   3976 389848928      0 1130888    0    0   184    52 9768 28412  7  1 92  0  0
17  0   3976 389744672      0 1131844    0    0   588   324 10258 33340  7  1 92  0  0
33  0   3976 389647168      0 1132480    0    0    72    56 10319 36873  6  1 93  0  0
33  0   3976 389634048      0 1133064    0    0    20   140 10186 36845  6  1 93  0  0
29  0   3976 389638560      0 1133236    0    0     0   112 9934 36710  6  1 93  0  0
39  0   3976 389605568      0 1133888    0    0     0    80 10138 37286  6  1 92  0  0
19  0   3976 389606208      0 1134164    0    0   100     0 9764 37577  6  1 93  0  0
27  0   3976 389602368      0 1135240    0    0    64     8 10097 37761  6  1 93  0  0
procs -----------memory---------- ---swap-- -----io---- -system-- ------cpu-----
 r  b   swpd   free   buff  cache   si   so    bi    bo   in   cs us sy id wa st
25  0   3976 389604288      0 1135488    0    0     0    52 10895 38151  6  1 93  0  0
16  0   3976 389606784      0 1135960    0    0    64     8 10913 38405  7  1 92  0  0
29  0   3976 389593152      0 1141848    0    0  5644    40 10904 38208  6  1 93  0  0
15  0   3976 389596576      0 1142244    0    0    64    12 10355 39277  6  1 93  0  0
25  0   3976 389674464      0 1142972    0    0   476    68 10865 39056  6  1 92  0  0
32  0   3976 389677600      0 1143316    0    0     0     0 10394 39401  6  1 93  0  0
37  0   3976 389636736      0 1144168    0    0   300   316 10655 39336  7  1 92  0  0
39  0   3976 389640000      0 1144264    0    0    64    76 10122 39486  7  1 92  0  0
27  0   3976 389564224      0 1145216    0    0    92    92 10497 39183  7  1 92  0  0
23  0   3976 389504448      0 1148532    0    0   252    36 11850 38950  7  1 92  0  0
19  0   3976 389506400      0 1149208    0    0     0    52 11425 40061  7  1 92  0  0
32  0   3976 389500416      0 1149824    0    0   324     8 11200 40373  6  1 92  0  0
31  0   3976 389498464      0 1150936    0    0   104    52 10877 40429  7  1 92  0  0
33  0   3976 389493344      0 1151180    0    0     0 45652 10857 40653  6  1 92  0  0
35  0   3976 389496672      0 1151644    0    0   128   416 10662 41111  6  1 93  0  0
20  0   3976 389484032      0 1152316    0    0     0   792 10847 40758  7  1 92  0  0
15  0   3976 389484704      0 1153112    0    0   144   124 11106 40840  7  1 92  0  0
26  0   3976 389474336      0 1154008    0    0   196     0 11886 41375  7  1 92  0  0
22  0   3976 389471968      0 1154296    0    0    36   556 10394 39795  6  1 93  0  0
35  0   3976 389465024      0 1157388    0    0     0    12 11655 40262  7  1 92  0  0
27  0   3976 389465120      0 1158064    0    0     0     0 11234 40505  7  1 92  0  0
procs -----------memory---------- ---swap-- -----io---- -system-- ------cpu-----
 r  b   swpd   free   buff  cache   si   so    bi    bo   in   cs us sy id wa st
44  0   3976 389469120      0 1160312    0    0    20    28 11252 41593  7  1 92  0  0
28  0   3976 389471552      0 1161288    0    0     0     0 10703 40742  6  1 93  0  0
15  0   3976 389479680      0 1161640    0    0     0     4 10757 41261  6  1 93  0  0
33  0   3976 389480800      0 1162180    0    0   288     0 11525 42610  6  1 92  0  0
22  0   3976 389517120      0 1162840    0    0     0     8 12414 41885  7  1 92  0  0
28  0   3976 389479936      0 1163596    0    0    96     0 11342 42197  7  1 92  0  0
23  0   3976 389482656      0 1163840    0    0     4   592 11270 42205  6  1 93  0  0
38  0   3976 389481184      0 1164232    0    0     0    16 11475 42381  6  1 93  0  0
21  0   3976 389467584      0 1167112    0    0     0     4 11711 42058  7  1 92  0  0
41  0   3976 389459264      0 1168060    0    0     0     8 12112 41605  7  1 92  0  0
40  0   3976 389457312      0 1168836    0    0     0     0 12045 42682  7  1 92  0  0
17  0   3976 389457056      0 1169440    0    0     0     0 11851 43170  7  1 92  0  0
30  0   3976 389449504      0 1170064    0    0     0    28 11521 43277  7  1 92  0  0
22  0   3976 389450688      0 1170888    0    0   536     0 11860 43491  6  1 93  0  0
27  0   3976 389433152      0 1171132    0    0     0     8 11714 43317  6  1 93  0  0
34  0   3976 389425472      0 1171860    0    0    16    72 13591 51583  7  1 92  0  0
27  0   3976 389428480      0 1172136    0    0    24     0 13282 56231  6  1 92  0  0
23  0   3976 389479008      0 1172556    0    0    36   592 14608 62476  7  2 92  0  0
21  0   3976 389534528      0 1175500    0    0     0    24 15554 66194  7  2 92  0  0
27  0   3976 389535936      0 1175980    0    0    12     0 15567 69450  6  2 92  0  0
14  0   3976 389574240      0 1176476    0    0     0     0 16501 69271  7  2 92  0  0
procs -----------memory---------- ---swap-- -----io---- -system-- ------cpu-----
 r  b   swpd   free   buff  cache   si   so    bi    bo   in   cs us sy id wa st
29  0   3976 389462784      0 1177704    0    0     0     8 16826 70691  7  2 91  0  0
31  0   3976 389268416      0 1178912    0    0    76     0 16966 75078  7  2 91  0  0
31  0   3976 389266912      0 1179300    0    0     0   296 16954 80308  6  2 92  0  0
26  0   3976 389266304      0 1180232    0    0    20    32 17113 81243  7  2 91  0  0
22  0   3976 389259136      0 1181516    0    0     4   804 17986 99803  7  2 91  0  0
13  0   3976 389271488      0 1182584    0    0   100   324 18738 84800  7  2 91  0  0
25  0   3976 389286144      0 1183048    0    0     0     0 18221 86157  6  2 91  0  0
15  0   3976 389221120      0 1187572    0    0    68  5096 18957 87886  7  2 91  0  0
15  0   3976 389222240      0 1188476    0    0     0     0 18924 87467  7  2 91  0  0
16  0   3976 389271776      0 1189156    0    0     0    20 19466 94779  7  2 91  0  0
23  0   3976 389399488      0 1189684    0    0     0     8 19679 94088  7  2 91  0  0
20  0   3976 389339872      0 1190744    0    0     0     0 20600 91961  7  2 91  0  0
19  0   3976 389245984      0 1191912    0    0   108  1672 20064 97054  7  2 91  0  0
 5  0   3976 389244512      0 1192636    0    0   184     0 19806 95032  7  2 91  0  0
19  0   3976 389210944      0 1193716    0    0     0    80 20483 100734  8  2 90  0  0
28  0   3976 389208192      0 1194916    0    0     0    20 20000 100313  7  2 90  0  0
19  0   3976 389205152      0 1196524    0    0     0     8 21264 102262  7  2 90  0  0
20  0   3976 389207456      0 1202180    0    0   208  4572 24008 101746  8  3 89  0  0
21  0   3976 389140320      0 1203480    0    0    40     4 23127 102413  9  3 89  0  0
16  0   3976 389101440      0 1198212    0    0     0     0 23045 108872  8  3 89  0  0
32  0   3976 389079072      0 1198964    0    0     0     0 21728 115781  7  3 90  0  0
procs -----------memory---------- ---swap-- -----io---- -system-- ------cpu-----
 r  b   swpd   free   buff  cache   si   so    bi    bo   in   cs us sy id wa st
20  0   3976 388965568      0 1200096    0    0     0    28 23197 115122  7  3 90  0  0
33  1   3976 388961888      0 1201280    0    0   280 15516 21440 115483  7  3 90  0  0
30  0   3976 388982400      0 1202172    0    0     0 23792 21502 114132  7  3 90  0  0
14  0   3976 389011584      0 1204016    0    0     0     0 24165 114796  8  3 89  0  0
15  0   3976 388969568      0 1205288    0    0     0    84 21753 115508  7  3 90  0  0
24  0   3976 389009120      0 1206740    0    0    64     0 22389 114755  7  3 90  0  0
30  0   3976 389015520      0 1211996    0    0     0   508 21465 115268  7  3 90  0  0
25  0   3976 389038176      0 1213436    0    0     0    16 21574 115649  7  3 90  0  0
36  0   3976 389167072      0 1214420    0    0    64     8 22005 117069  7  3 90  0  0
26  0   3976 389213920      0 1215304    0    0     0     0 21614 116290  7  3 90  0  0
35  0   3976 389219232      0 1216196    0    0     0     8 21748 116426  7  3 90  0  0
36  0   3976 389217696      0 1217020    0    0     4     0 22150 115344  7  3 90  0  0
30  0   3976 389203136      0 1218628    0    0     0   124 22042 116006  8  3 89  0  0
31  0   3976 389176192      0 1220132    0    0     0   632 21643 116731  7  3 90  0  0
27  0   3976 389176320      0 1221004    0    0    88   284 21200 116260  7  3 90  0  0
27  0   3976 389157408      0 1222492    0    0     0   248 21255 110087  8  3 90  0  0
28  0   3976 388938016      0 1230184    0    0   200    20 22337 111418  9  3 89  0  0
34  0   3976 388934208      0 1232072    0    0  1140 31896 21768 117022  7  3 90  0  0
23  0   3976 388939040      0 1233924    0    0    12     8 22883 116248  7  3 90  0  0
29  0   3976 389063136      0 1234828    0    0     0     0 21669 116783  7  3 90  0  0
32  0   3976 389079008      0 1236260    0    0     0     8 22205 115844  8  3 90  0  0
procs -----------memory---------- ---swap-- -----io---- -system-- ------cpu-----
 r  b   swpd   free   buff  cache   si   so    bi    bo   in   cs us sy id wa st
28  0   3976 389032000      0 1237608    0    0     0     0 21333 116185  7  3 90  0  0
23  0   3976 389030016      0 1238424    0    0     0     8 21117 116256  7  3 90  0  0
14  0   3976 389038368      0 1239988    0    0     0   560 22666 115419  8  3 89  0  0
32  0   3976 389038176      0 1240840    0    0     0     4 21275 115295  7  3 90  0  0
35  0   3976 389021472      0 1241768    0    0     0     8 21289 116339  7  3 90  0  0
25  0   3976 389097472      0 1246836    0    0     0     4 23664 116937  8  3 89  0  0
25  0   3976 389082944      0 1247756    0    0     0     8 21988 114564  7  3 90  0  0
35  0   3976 389051008      0 1250176    0    0     4     0 24146 111305  8  3 89  0  0
22  0   3976 389129536      0 1251352    0    0     0     0 21992 115929  7  3 90  0  0
19  0   3976 389164608      0 1252136    0    0     0    12 20750 116132  7  3 90  0  0
24  0   3976 389164416      0 1252916    0    0     0     0 21033 116720  7  3 90  0  0
25  0   3976 389173056      0 1253768    0    0     0    12 21540 115809  7  3 90  0  0
30  0   3976 389168192      0 1254584    0    0     0     0 21105 116715  7  3 90  0  0
31  0   3976 389123968      0 1256060    0    0     0    80 21356 115874  7  3 90  0  0
19  0   3976 389078784      0 1256816    0    0    20     0 20748 108298  7  3 90  0  0
15  0   3976 389080352      0 1262864    0    0     0     8 20760 101013  8  2 90  0  0
24  0   3976 389027360      0 1264732    0    0     0   464 23621 116324  7  3 90  0  0
29  0   3976 389023328      0 1266128    0    0     0 34880 21684 115655  8  3 89  0  0
15  0   3976 389018816      0 1268128    0    0     4     4 21582 116387  7  3 90  0  0
27  0   3976 389105888      0 1268944    0    0     0     0 21493 115686  7  3 90  0  0
36  0   3976 389167296      0 1269832    0    0     0     8 21055 115660  7  3 90  0  0
procs -----------memory---------- ---swap-- -----io---- -system-- ------cpu-----
 r  b   swpd   free   buff  cache   si   so    bi    bo   in   cs us sy id wa st
25  0   3976 389171296      0 1270648    0    0     0    12 21176 116333  7  3 90  0  0
 3  0   3976 389169920      0 1271704    0    0   168   680 13383 70283  4  2 94  0  0
 0  0   3976 389169856      0 1272428    0    0     0   260 1358 2216  0  0 100  0  0
 0  0   3976 389165600      0 1273028    0    0     0   204 1505 2100  1  0 99  0  0
 0  0   3976 389118976      0 1274560    0    0     0   252 2032 2105  1  0 99  0  0
 0  0   3976 389118752      0 1274204    0    0    64    12  987 1761  0  0 100  0  0
 0  0   3976 388999424      0 1275520    0    0     0     8 4068 2838  1  0 99  0  0
 0  0   3976 388989632      0 1276144    0    0     4     4 2171 2052  0  0 99  0  0
 0  0   3976 389008416      0 1276884    0    0     0     0 2397 2058  0  0 99  0  0
 0  0   3976 389009184      0 1277244    0    0     0     0 1188 1870  0  0 100  0  0
 0  0   3976 389009696      0 1277244    0    0     0     0 1120 1948  0  0 100  0  0
 1  0   3976 389010592      0 1277316    0    0     0     0 1275 2140  0  0 100  0  0
 0  0   3976 389011872      0 1277348    0    0     0    76 1127 1933  0  0 100  0  0
 0  0   3976 389013152      0 1277396    0    0     0     0 1067 1826  0  0 100  0  0
 0  0   3976 389013920      0 1278820    0    0     0     4 1196 1871  0  0 100  0  0
 0  0   3976 389012544      0 1278820    0    0     0     0 1369 1964  0  0 100  0  0
 1  0   3976 389015008      0 1278968    0    0     0     0 1604 2484  0  0 100  0  0
 0  0   3976 389015616      0 1279004    0    0     0     0 1116 1929  0  0 100  0  0
 0  0   3976 389016640      0 1279008    0    0     0     4 1156 1952  0  0 100  0  0
 0  0   3976 389017184      0 1279084    0    0     0     0 1261 2284  0  0 100  0  0
 0  0   3976 389017952      0 1279084    0    0     0     0 1014 1781  0  0 100  0  0
procs -----------memory---------- ---swap-- -----io---- -system-- ------cpu-----
 r  b   swpd   free   buff  cache   si   so    bi    bo   in   cs us sy id wa st
 0  0   3976 389018944      0 1279160    0    0     0    76 1197 1998  0  0 100  0  0
 1  0   3976 389020224      0 1279200    0    0     0     0 1023 1832  0  0 100  0  0
 0  0   3976 389020992      0 1279200    0    0     0     0 1147 1967  0  0 100  0  0
 2  0   3976 389065856      0 1279280    0    0     0     4 4115 2153  2  0 98  0  0
 1  0   3976 389033760      0 1279412    0    0    96   444 2595 2095  2  0 98  0  0
 0  0   3976 388937280      0 1270416    0    0     0     0 2097 2176  1  0 99  0  0
 0  0   3976 388938080      0 1270492    0    0     0    64 1060 1933  0  0 100  0  0
 0  0   3976 388939360      0 1270528    0    0     0  3484 1045 1823  0  0 100  0  0
 0  0   3976 388939584      0 1270532    0    0     0     0 1034 1845  0  0 100  0  0
 0  0   3976 388941120      0 1270608    0    0     0    60 1101 1900  0  0 100  0  0
19  0   3976 388927616      0 1270644    0    0     0   296 9093 45474  3  1 96  0  0
27  0   3976 388927200      0 1270648    0    0     0    68 20922 113358  7  3 90  0  0
33  0   3976 388928032      0 1270972    0    0     0     0 20916 111986  7  3 91  0  0
16  0   3976 388968896      0 1272072    0    0     0   252 21115 113479  7  3 90  0  0
24  0   3976 389049312      0 1272968    0    0     0   452 22180 114557  7  3 90  0  0
23  0   3976 389135136      0 1274824    0    0     0    24 21707 114594  7  3 90  0  0
18  0   3976 389147072      0 1275680    0    0     0     8 21047 114548  7  3 90  0  0
26  0   3976 389147744      0 1276464    0    0     0  8372 21784 115245  7  3 90  0  0
21  0   3976 389131264      0 1277748    0    0     0     8 22010 115836  7  3 90  0  0
38  0   3976 389079136      0 1278644    0    0     0     0 21304 114790  7  3 90  0  0
29  0   3976 389062656      0 1279460    0    0    28   556 21438 114726  7  3 90  0  0
procs -----------memory---------- ---swap-- -----io---- -system-- ------cpu-----
 r  b   swpd   free   buff  cache   si   so    bi    bo   in   cs us sy id wa st
31  0   3976 389101120      0 1280388    0    0     0     4 21028 114796  7  3 90  0  0
19  0   3976 389050976      0 1281900    0    0     0  2656 22672 115085  8  3 89  0  0
21  0   3976 389015392      0 1288988    0    0     4     0 22322 114345  8  3 89  0  0
27  0   3976 389068384      0 1289884    0    0     0     0 22049 115437  7  3 90  0  0
32  0   3976 389056640      0 1291444    0    0   132     8 23329 116721  7  3 90  0  0
24  0   3976 389056000      0 1292192    0    0     0     0 21271 115565  7  3 90  0  0
27  0   3976 389104800      0 1293084    0    0     0    16 21245 115578  7  3 90  0  0
33  0   3976 389111872      0 1294396    0    0     0     0 23100 116478  7  3 90  0  0
18  0   3976 389005600      0 1296264    0    0     0     0 22124 115388  8  3 89  0  0
24  0   3976 388977056      0 1297712    0    0     0     0 22340 116447  7  3 90  0  0
32  0   3976 388957792      0 1299244    0    0     0    80 21814 115382  8  3 90  0  0
22  0   3976 388955456      0 1300060    0    0     0 35900 21862 116391  7  3 90  0  0
30  0   3976 388924576      0 1304828    0    0     0    12 22878 116458  8  3 89  0  0
39  0   3976 388941152      0 1306860    0    0    28     0 24379 116000  8  3 90  0  0
33  0   3976 388977952      0 1307672    0    0     0    20 22502 116904  7  3 90  0  0
19  0   3976 389043552      0 1308748    0    0     0   476 21916 110987  7  3 90  0  0
21  0   3976 389066944      0 1309492    0    0     0  7548 21339 116267  7  3 90  0  0
37  0   3976 389035392      0 1311040    0    0     0     8 22477 116048  8  3 89  0  0
32  0   3976 389034304      0 1311884    0    0   128    12 21587 116885  7  3 90  0  0
 2  0   3976 389011104      0 1313344    0    0   132   464 16243 70394  6  2 92  0  0
 0  0   3976 389139840      0 1317960    0    0   992     0 2856 3124  2  0 98  0  0
procs -----------memory---------- ---swap-- -----io---- -system-- ------cpu-----
 r  b   swpd   free   buff  cache   si   so    bi    bo   in   cs us sy id wa st
 0  0   3976 389138912      0 1318684    0    0     0     8 1162 1927  0  0 100  0  0
