procs -----------memory---------- ---swap-- -----io---- -system-- ------cpu-----
 r  b   swpd   free   buff  cache   si   so    bi    bo   in   cs us sy id wa st
 6  0   3976 390471168      0 1032192    0    0     2     2    0    0  0  0 100  0  0
 6  0   3976 390351424      0 1103800    0    0  6888     0 15319 12143  6  1 93  0  0
 4  2   3976 390297600      0 1115656    0    0 11776 18492 14706 11800  5  1 93  0  0
 4  0   3976 390223424      0 1129076    0    0 12904 29248 8187 7462  5  0 95  0  0
 3  0   3976 390199776      0 1135924    0    0  6848    28 5511 5990  5  0 95  0  0
 5  0   3976 390145472      0 1156228    0    0 20308    32 7635 8198  5  0 94  0  0
 5  0   3976 390116448      0 1171900    0    0 17700     4 13241 10700  7  1 92  0  0
 2  0   3976 389989440      0 1190756    0    0 18788    36 5349 6557  3  0 96  0  0
 1  0   3976 389919040      0 1195096    0    0  4140 50100 4014 4087  3  0 97  0  0
 6  0   3976 389890272      0 1195940    0    0   712     0 1406 2373  1  0 99  0  0
 7  0   3976 389856576      0 1198520    0    0  2340    44 8385 16325  6  0 94  0  0
 8  0   3976 389820224      0 1202212    0    0  3648   600 8303 11956  7  0 93  0  0
 8  0   3976 389788896      0 1202488    0    0   212    40 9154 16075  7  1 93  0  0
 9  0   3976 389758272      0 1203172    0    0   628    64 10766 20733  7  1 92  0  0
 7  0   3976 389740160      0 1203368    0    0    88     0 14379 30541  8  1 91  0  0
 8  0   3976 389720928      0 1204052    0    0   420     0 12755 30188  7  1 92  0  0
 6  0   3976 389712704      0 1204248    0    0     0    56 12499 33031  7  1 92  0  0
 6  0   3976 389619872      0 1205000    0    0   220    96 13010 36423  7  1 92  0  0
 6  0   3976 389608320      0 1205724    0    0   200     4 13385 36255  6  1 93  0  0
 7  0   3976 389576640      0 1206004    0    0     0    96 13326 33743  6  1 93  0  0
 9  0   3976 389548864      0 1206816    0    0     0   476 12362 34523  7  1 92  0  0
procs -----------memory---------- ---swap-- -----io---- -system-- ------cpu-----
 r  b   swpd   free   buff  cache   si   so    bi    bo   in   cs us sy id wa st
 6  0   3976 389525184      0 1207948    0    0    96     8 12012 32067  7  1 92  0  0
 6  0   3976 389526176      0 1208716    0    0   576    52 13331 40744  6  1 93  0  0
 6  0   3976 389545088      0 1208900    0    0   156   100 13499 45416  6  1 93  0  0
 6  0   3976 389570944      0 1209380    0    0    16    56 13587 44940  7  1 92  0  0
 8  0   3976 389574336      0 1210072    0    0   408    16 14562 47051  7  1 92  0  0
 7  0   3976 389575552      0 1210668    0    0   244     8 14350 52076  6  1 92  0  0
 8  0   3976 389489088      0 1211332    0    0    80     0 15164 51162  7  1 92  0  0
 7  0   3976 389492352      0 1211716    0    0     8  5584 16342 66503  6  1 92  0  0
10  0   3976 389438816      0 1212420    0    0   244    92 17003 62677  7  1 92  0  0
 7  0   3976 389437792      0 1213420    0    0     0    52 18477 76926  7  2 92  0  0
 7  0   3976 389443392      0 1215944    0    0    80    56 18382 76195  7  2 91  0  0
 5  0   3976 389447072      0 1216904    0    0   520    24 19228 83710  7  2 92  0  0
 5  0   3976 389437696      0 1218208    0    0    16     0 23784 100135  7  2 91  0  0
 5  0   3976 389345888      0 1219200    0    0    44  7076 20670 104476  7  2 91  0  0
10  0   3976 389304032      0 1220308    0    0     0   100 19779 97484  7  2 91  0  0
 4  0   3976 389283872      0 1221672    0    0     0   284 20450 102017  7  2 91  0  0
 6  0   3976 389307584      0 1222380    0    0    16    16 20610 102976  7  2 91  0  0
 5  0   3976 389211200      0 1223964    0    0    16     4 21492 97719  8  2 90  0  0
 5  0   3976 389212256      0 1224684    0    0   104   372 20128 93773  7  2 91  0  0
 4  0   3976 389231744      0 1225332    0    0     0     0 20741 99891  7  2 91  0  0
 7  0   3976 389247424      0 1226544    0    0   504     8 20909 103483  8  2 90  0  0
procs -----------memory---------- ---swap-- -----io---- -system-- ------cpu-----
 r  b   swpd   free   buff  cache   si   so    bi    bo   in   cs us sy id wa st
 7  0   3976 389236960      0 1231528    0    0     0     8 20061 100926  7  2 91  0  0
 4  0   3976 389235936      0 1232272    0    0     0    24 19423 96791  7  2 91  0  0
 4  0   3976 389192576      0 1233776    0    0   268 16164 20383 96015  7  2 90  0  0
 5  0   3976 389177312      0 1237556    0    0   104     0 21148 98000  7  2 90  0  0
 4  0   3976 389142560      0 1238864    0    0     0     8 20185 100090  7  2 91  0  0
 6  0   3976 389142752      0 1239512    0    0     0     8 19804 104514  7  2 91  0  0
 8  0   3976 389104704      0 1240912    0    0   132     8 20261 93477  7  2 90  0  0
 6  0   3976 389088576      0 1242692    0    0     4   284 20247 105985  7  2 91  0  0
 4  0   3976 389076160      0 1243304    0    0    16   900 19755 97551  7  2 91  0  0
 6  0   3976 389110688      0 1244580    0    0     0     0 22791 101295  8  2 90  0  0
 6  0   3976 389113248      0 1250868    0    0   192     4 20847 103283  7  2 91  0  0
 5  0   3976 389092064      0 1252120    0    0    16    12 20930 102585  7  2 91  0  0
 5  0   3976 389141696      0 1252768    0    0     0     0 21460 99356  7  2 91  0  0
 4  0   3976 389206720      0 1253792    0    0   380 19260 20559 102717  7  2 91  0  0
 6  0   3976 389242240      0 1254572    0    0   148     0 20374 102426  7  2 91  0  0
 5  0   3976 389246208      0 1255216    0    0     0     0 19333 102583  7  2 91  0  0
 6  0   3976 389243520      0 1255856    0    0     0     8 19662 101145  7  2 91  0  0
 6  0   3976 389246784      0 1256500    0    0     0    20 19947 101766  7  2 91  0  0
 7  0   3976 389163840      0 1257672    0    0     0   256 19852 104251  7  2 90  0  0
 9  0   3976 389099168      0 1258616    0    0    16    16 19675 100885  8  2 90  0  0
 7  0   3976 389063200      0 1264228    0    0   128   268 20905 106168  7  2 91  0  0
procs -----------memory---------- ---swap-- -----io---- -system-- ------cpu-----
 r  b   swpd   free   buff  cache   si   so    bi    bo   in   cs us sy id wa st
 5  0   3976 389063968      0 1264880    0    0     0     0 20043 102059  6  2 91  0  0
 6  0   3976 389099904      0 1265720    0    0   164     8 20199 102365  7  2 91  0  0
 8  0   3976 389106112      0 1266804    0    0     0     4 21368 101209  7  2 91  0  0
 6  0   3976 389142688      0 1268176    0    0    72   208 20843 102170  7  2 91  0  0
 4  0   3976 389112640      0 1268820    0    0    16   272 20977 99915  7  2 91  0  0
 4  0   3976 389114464      0 1269984    0    0    44     0 20083 102209  7  2 91  0  0
 4  0   3976 389045536      0 1271196    0    0   116     8 20251 106921  7  2 91  0  0
 4  0   3976 389037536      0 1272548    0    0    16    24 19304 99327  7  2 91  0  0
10  0   3976 389018144      0 1273796    0    0     0 19988 19899 102383  8  2 90  0  0
 7  0   3976 388979648      0 1280484    0    0     0    12 20780 100464  7  2 90  0  0
 6  0   3976 388969344      0 1281240    0    0   104     0 19345 99886  7  2 91  0  0
 8  0   3976 388974336      0 1282580    0    0   284    24 20448 101867  7  2 91  0  0
 5  0   3976 388971712      0 1285028    0    0  1080     0 20446 101283  7  2 91  0  0
 8  0   3976 388966528      0 1285672    0    0     4   756 19626 107700  6  2 91  0  0
 5  0   3976 388960864      0 1286736    0    0    16    12 20647 96395  7  2 91  0  0
 9  0   3976 388988256      0 1287624    0    0   260     0 20247 101517  7  2 91  0  0
 9  0   3976 389031104      0 1288852    0    0     0   184 22131 101619  7  2 91  0  0
 7  0   3976 389019520      0 1289500    0    0     0   388 20235 104740  7  2 91  0  0
12  0   3976 389068480      0 1290144    0    0     0     0 22942 99962  7  2 90  0  0
 7  0   3976 389036384      0 1295480    0    0   208 23564 24474 102390  9  2 89  0  0
 6  0   3976 388996544      0 1296388    0    0   168     8 20564 100961  8  2 89  0  0
procs -----------memory---------- ---swap-- -----io---- -system-- ------cpu-----
 r  b   swpd   free   buff  cache   si   so    bi    bo   in   cs us sy id wa st
 7  0   3976 388782432      0 1288408    0    0     0     0 20767 98533  9  2 89  0  0
 4  0   3976 388855776      0 1289512    0    0    80    20 21586 106147  7  2 91  0  0
 4  0   3976 388874784      0 1290232    0    0    64     0 20629 98400  7  2 91  0  0
 5  0   3976 388930880      0 1292072    0    0    16     0 21854 99949  8  2 90  0  0
 4  0   3976 388928864      0 1292780    0    0     0     8 20105 106009  7  2 91  0  0
 5  0   3976 388896704      0 1294656    0    0    16     8 20202 100540  8  2 90  0  0
 5  0   3976 388892800      0 1295296    0    0     0   276 19380 99615  7  2 91  0  0
 6  0   3976 388870720      0 1297120    0    0     0     0 20068 102328  8  2 90  0  0
 6  0   3976 388875040      0 1302708    0    0     0 31384 20463 103893  7  2 91  0  0
 8  0   3976 388873984      0 1304412    0    0   616     8 20502 72786  6  2 92  0  0
 7  0   3976 388827968      0 1305000    0    0     0   248 21001 101954  7  2 91  0  0
 7  0   3976 388827328      0 1306704    0    0    16    12 19290 98993  7  2 91  0  0
 4  0   3976 388866688      0 1307968    0    0     0     0 20331 103581  7  2 91  0  0
 5  0   3976 388999872      0 1308612    0    0     0  4540 21548 100073  7  2 91  0  0
 5  0   3976 389005728      0 1309256    0    0     0   464 19838 104080  7  2 91  0  0
 5  0   3976 389006752      0 1309972    0    0     0     0 20382 97147  7  2 91  0  0
 5  0   3976 389021856      0 1310616    0    0    16    32 19950 95995  7  2 91  0  0
 7  0   3976 388997440      0 1311840    0    0   120     4 22182 94531  8  2 90  0  0
 4  0   3976 388994144      0 1317320    0    0    16     4 20323 101172  7  2 91  0  0
 5  0   3976 388993184      0 1318124    0    0    88     0 19753 101958  7  2 91  0  0
 9  0   3976 389016960      0 1318760    0    0     0     8 19225 102035  7  2 91  0  0
procs -----------memory---------- ---swap-- -----io---- -system-- ------cpu-----
 r  b   swpd   free   buff  cache   si   so    bi    bo   in   cs us sy id wa st
 6  0   3976 389032960      0 1320468    0    0     0     0 21400 103786  8  2 90  0  0
 4  0   3976 389018080      0 1321048    0    0     0     0 20156 106621  7  2 91  0  0
 4  0   3976 389017088      0 1321696    0    0     0    12 19387 102578  7  2 91  0  0
 5  0   3976 388984576      0 1322336    0    0     0     0 20615 104952  7  2 91  0  0
 5  0   3976 388865344      0 1324580    0    0     0    24 21152 102155  8  2 90  0  0
 6  0   3976 388841216      0 1326268    0    0     0   420 20250 97808  7  2 90  0  0
 8  0   3976 388776928      0 1326924    0    0     0     0 20793 104820  7  2 91  0  0
 4  1   3976 388758464      0 1333216    0    0    16  4020 21973 98713  8  2 90  0  0
 6  0   3976 388847328      0 1333884    0    0     0 26752 21905 108839  7  2 91  0  0
 6  0   3976 388889664      0 1335104    0    0    64     0 19807 102608  7  2 91  0  0
 7  0   3976 388888768      0 1336956    0    0    80     0 21032 104990  7  2 90  0  0
 8  0   3976 388893632      0 1337980    0    0    16   724 20557 103386  7  2 91  0  0
 7  0   3976 388894400      0 1338620    0    0     0     0 20460 103337  7  2 91  0  0
 6  0   3976 388924000      0 1339272    0    0     0     0 18766 100486  7  2 91  0  0
 6  0   3976 388945280      0 1322360    0    0    48    16 19577 99084  7  2 91  0  0
 7  0   3976 388952416      0 1322904    0    0     0     0 20402 105267  7  2 91  0  0
 8  0   3976 388954656      0 1323548    0    0     0    16 19312 99023  7  2 90  0  0
 7  0   3976 388954976      0 1328564    0    0     0   256 20763 105682  7  2 91  0  0
 8  0   3976 388897184      0 1330096    0    0     0     8 20634 103913  8  2 90  0  0
 5  0   3976 388903776      0 1330744    0    0     0     4 20492 105951  7  2 91  0  0
 6  0   3976 388922592      0 1331524    0    0     0   252 20700 102396  7  2 91  0  0
procs -----------memory---------- ---swap-- -----io---- -system-- ------cpu-----
 r  b   swpd   free   buff  cache   si   so    bi    bo   in   cs us sy id wa st
 8  0   3976 388924544      0 1333320    0    0    68     0 20775 107731  8  2 90  0  0
 5  0   3976 388888064      0 1334412    0    0    24     8 21258 103602  7  2 91  0  0
 6  0   3976 388887008      0 1335060    0    0     0 22440 19686 99762  6  2 91  0  0
 1  0   3976 388841760      0 1337084    0    0   200    64 19878 95780  7  2 90  0  0
 1  0   3976 388764768      0 1337796    0    0     0   252 1914 2371  1  0 99  0  0
 1  0   3976 388763840      0 1338720    0    0    16    20 1551 2098  1  0 99  0  0
 0  0   3976 388778400      0 1345268    0    0     0     4 3554 2584  1  0 99  0  0
 0  0   3976 388812704      0 1345296    0    0     0     0 1131 2026  0  0 100  0  0
 1  0   3976 388813120      0 1345436    0    0   108     0 1104 1903  0  0 100  0  0
 0  0   3976 388813888      0 1345540    0    0     0     0 1443 2403  0  0 100  0  0
 0  0   3976 388813920      0 1345628    0    0     0     8 1139 2028  0  0 100  0  0
 0  0   3976 388814912      0 1345664    0    0     0   112 1164 2115  0  0 100  0  0
 0  0   3976 388815168      0 1345692    0    0     0     0 1126 2033  0  0 100  0  0
 0  0   3976 388815680      0 1345728    0    0     0     0 1064 1878  0  0 100  0  0
 0  0   3976 388815904      0 1345756    0    0     0     4 1105 1951  0  0 100  0  0
 1  0   3976 388837760      0 1347204    0    0     0   604 1437 1985  0  0 99  0  0
 0  0   3976 388890016      0 1347836    0    0     0     0 1988 2543  0  0 100  0  0
 0  0   3976 388891072      0 1347864    0    0     0     4  991 1856  0  0 100  0  0
 0  0   3976 388891584      0 1347900    0    0     0 16820 1169 2166  0  0 100  0  0
 0  0   3976 388892864      0 1347996    0    0     0     0 1420 1952  0  0 100  0  0
 0  0   3976 388893376      0 1348040    0    0     0     0 1039 1918  0  0 100  0  0
procs -----------memory---------- ---swap-- -----io---- -system-- ------cpu-----
 r  b   swpd   free   buff  cache   si   so    bi    bo   in   cs us sy id wa st
 0  0   3976 388894400      0 1348068    0    0     0     0 1205 2107  0  0 100  0  0
 0  0   3976 388894912      0 1348104    0    0     0     0 1077 1956  0  0 100  0  0
 0  0   3976 388895680      0 1348132    0    0     0     4 1003 1750  0  0 100  0  0
 0  0   3976 388896960      0 1348172    0    0     0     0 1033 1795  0  0 100  0  0
 2  0   3976 388922240      0 1351268    0    0  3192    32 3153 2389  1  0 99  0  0
 1  0   3976 388941824      0 1351300    0    0     0     0 3204 2408  2  0 98  0  0
 1  0   3976 388909696      0 1351336    0    0     0   256 2630 2355  2  0 98  0  0
 1  0   3976 388824032      0 1342860    0    0     0     0 1174 1967  0  0 100  0  0
 0  0   3976 388824704      0 1342960    0    0     0 16532 1297 1922  0  0 100  0  0
 0  0   3976 388825504      0 1342992    0    0     0   248 1126 1983  0  0 100  0  0
 0  0   3976 388825632      0 1343024    0    0     4   540 1397 2559  0  0 100  0  0
 0  0   3976 388826144      0 1343060    0    0     0     0 1112 1943  0  0 100  0  0
 7  0   3976 388825920      0 1343096    0    0     0     0 2062 5631  0  0 99  0  0
 6  0   3976 388896352      0 1343128    0    0     0   280 21607 99671  7  2 91  0  0
 5  0   3976 389002592      0 1343532    0    0     0   264 20712 100561  7  2 91  0  0
 5  0   3976 389124224      0 1344112    0    0     0    12 20128 102016  7  2 91  0  0
 6  0   3976 389126880      0 1344820    0    0    80     0 19344 99288  7  2 91  0  0
 7  0   3976 389062784      0 1345524    0    0    80     0 19497 102599  7  2 91  0  0
10  0   3976 389048320      0 1347148    0    0     0     0 19892 100926  7  2 91  0  0
 5  0   3976 388987840      0 1348220    0    0     0     8 20192 99469  7  2 91  0  0
 6  0   3976 388972192      0 1348872    0    0     0    16 21484 103193  7  2 91  0  0
procs -----------memory---------- ---swap-- -----io---- -system-- ------cpu-----
 r  b   swpd   free   buff  cache   si   so    bi    bo   in   cs us sy id wa st
10  0   3976 388969792      0 1349512    0    0     0     0 22886 101717  7  2 91  0  0
 5  0   3976 388936544      0 1351108    0    0    16     8 25656 102241  7  2 90  0  0
 5  0   3976 388926688      0 1352188    0    0     0  8128 24258 103833  7  2 91  0  0
 6  0   3976 388868608      0 1352836    0    0     0   364 22952 96484  7  2 90  0  0
 8  0   3976 388866496      0 1357508    0    0   156     0 22920 103806  7  2 91  0  0
 4  0   3976 388897504      0 1358724    0    0    16    16 21229 98021  7  2 91  0  0
 7  0   3976 388937888      0 1359452    0    0     0     0 20840 98968  7  2 91  0  0
 6  0   3976 388955392      0 1360860    0    0     0     8 20565 103359  7  2 91  0  0
 6  0   3976 388937600      0 1361520    0    0     0     0 20272 106238  7  2 91  0  0
 6  0   3976 388934400      0 1362168    0    0     0     0 19967 108446  6  2 91  0  0
 6  0   3976 388918688      0 1363416    0    0    32     8 20299 104078  7  2 91  0  0
 7  0   3976 388917440      0 1364668    0    0     0     4 19827 100520  8  2 90  0  0
11  0   3976 388858400      0 1365920    0    0    32     0 20481 103013  7  2 90  0  0
 9  0   3976 388849888      0 1366624    0    0     0 16364 20231 103964  7  2 90  0  0
 5  0   3976 388845504      0 1372840    0    0     0    12 20188 106803  7  2 91  0  0
 7  0   3976 388870976      0 1374504    0    0     0     8 21372 105533  7  2 91  0  0
 8  0   3976 388805728      0 1375740    0    0     0     0 20500 99552  7  2 91  0  0
 6  0   3976 388856832      0 1376452    0    0     0   256 21844 100719  7  2 91  0  0
 9  0   3976 388827456      0 1377536    0    0    16     0 19736 100719  7  2 91  0  0
 6  0   3976 388774816      0 1378816    0    0    16   272 19496 97862  7  2 91  0  0
 5  0   3976 388760960      0 1379988    0    0     0     0 22479 109086  7  2 90  0  0
procs -----------memory---------- ---swap-- -----io---- -system-- ------cpu-----
 r  b   swpd   free   buff  cache   si   so    bi    bo   in   cs us sy id wa st
 5  0   3976 388756128      0 1380700    0    0     8     0 18803 93885  7  2 91  0  0
 0  0   3976 388958592      0 1384324    0    0   232   208 2950 3428  2  0 98  0  0
 0  0   3976 388956288      0 1388944    0    0   852    68 1950 2213  1  0 99  0  0
