procs -----------memory---------- ---swap-- -----io---- -system-- ------cpu-----
 r  b   swpd   free   buff  cache   si   so    bi    bo   in   cs us sy id wa st
 3  0   3976 390839808      0 913844    0    0     2     2    0    0  0  0 100  0  0
 4  0   3976 390716544      0 984088    0    0  6944     0 15025 10502  6  1 93  0  0
 2  1   3976 390666048      0 990408    0    0  6324     0 12891 7777  5  1 94  0  0
 2  0   3976 390615936      0 1000804    0    0 10772 86560 6943 6777  3  0 96  1  0
 2  0   3976 390539200      0 1009056    0    0  7396    32 5191 6525  3  0 97  0  0
 3  0   3976 390501728      0 1011836    0    0  2768    32 4178 3627  4  0 96  0  0
 5  0   3976 390434816      0 1016888    0    0  5004     4 7192 6783  5  0 94  0  0
 1  0   3976 390388288      0 1036784    0    0 22024    36 13822 11080  5  1 94  0  0
 1  0   3976 390276160      0 1048476    0    0 11572     0 4472 5570  3  0 97  0  0
 0  0   3976 390248064      0 1051696    0    0  2852    28 3166 3465  2  0 98  0  0
34  0   3976 390194688      0 1055620    0    0  1096   208 3358 7712  2  0 97  0  0
34  0   3976 390156864      0 1057572    0    0  1496    44 7074 12925  7  0 93  0  0
91  0   3976 390144736      0 1057616    0    0     0   580 7169 29259  7  0 93  0  0
97  0   3976 390132384      0 1061304    0    0  3648    52 7562 17171  7  0 93  0  0
104  0   3976 390098816      0 1061780    0    0   364     0 7819 14913  7  0 92  0  0
81  0   3976 390092672      0 1062064    0    0   236     0 8257 13432  7  0 92  0  0
90  0   3976 390089248      0 1062340    0    0   112   152 7658 27819  7  0 93  0  0
59  0   3976 390074464      0 1062832    0    0   436    40 7897 14079  6  1 93  0  0
48  0   3976 390060512      0 1062996    0    0     0   120 7974 32819  6  1 93  0  0
70  0   3976 390061216      0 1063040    0    0     0     0 8209 14836  7  1 93  0  0
41  0   3976 389984256      0 1064260    0    0   708     0 8784 15869  7  1 93  0  0
procs -----------memory---------- ---swap-- -----io---- -system-- ------cpu-----
 r  b   swpd   free   buff  cache   si   so    bi    bo   in   cs us sy id wa st
70  0   3976 389971680      0 1064420    0    0     0     0 8504 16436  6  1 93  0  0
27  0   3976 389911456      0 1065368    0    0   532     8 9146 17835  7  1 93  0  0
66  0   3976 389906880      0 1065936    0    0     0    40 9126 18414  6  1 93  0  0
62  0   3976 389915168      0 1066384    0    0     0     4 9304 17288  6  1 93  0  0
73  0   3976 389847104      0 1067196    0    0   380  2296 9277 18365  6  1 93  0  0
59  0   3976 389847008      0 1067444    0    0    88     8 9064 18264  6  1 93  0  0
68  0   3976 389846560      0 1067612    0    0     0    24 9259 18821  6  1 93  0  0
78  0   3976 389814528      0 1068416    0    0   324     8 9283 24502  6  1 93  0  0
67  0   3976 389808448      0 1068988    0    0   168   100 9406 27620  6  1 93  0  0
82  0   3976 389809056      0 1069224    0    0     0  1760 9875 21091  6  1 93  0  0
68  0   3976 389809184      0 1069272    0    0     4   744 9359 21556  6  1 93  0  0
70  0   3976 389778944      0 1070012    0    0   268     0 9940 22357  6  1 93  0  0
66  0   3976 389777056      0 1070956    0    0     0     4 9957 23264  6  1 93  0  0
79  0   3976 389754784      0 1072028    0    0    64     8 11255 35674  6  1 93  0  0
59  0   3976 389760160      0 1072192    0    0     0    40 9763 23005  6  1 93  0  0
70  0   3976 389758144      0 1072416    0    0    64  2884 9400 22530  6  1 93  0  0
66  0   3976 389766272      0 1073344    0    0   452     0 10640 68768  6  1 93  0  0
35  0   3976 389769120      0 1073504    0    0     0     8 9274 37371  6  1 93  0  0
64  0   3976 389788576      0 1074060    0    0    28   652 11586 44915  6  1 93  0  0
65  0   3976 389839392      0 1074300    0    0     0   708 10570 26502  6  1 93  0  0
67  0   3976 389843456      0 1074464    0    0     4  1652 9863 39279  6  1 93  0  0
procs -----------memory---------- ---swap-- -----io---- -system-- ------cpu-----
 r  b   swpd   free   buff  cache   si   so    bi    bo   in   cs us sy id wa st
68  0   3976 389804608      0 1075020    0    0    16    20 10378 52032  6  1 93  0  0
67  0   3976 389791552      0 1076300    0    0   164     4 9884 68300  6  1 93  0  0
66  0   3976 389762624      0 1076676    0    0    52   132 10420 31511  6  1 93  0  0
61  0   3976 389776512      0 1076928    0    0     0     0 9833 45727  6  1 93  0  0
65  0   3976 389764800      0 1077572    0    0   200     0 10258 41445  6  1 93  0  0
66  0   3976 389720736      0 1078596    0    0   232  4020 10088 60790  6  1 92  0  0
57  0   3976 389707648      0 1078764    0    0     0   796 9614 28580  6  1 93  0  0
61  0   3976 389603776      0 1079316    0    0    16    28 10742 30098  6  1 93  0  0
62  0   3976 389602592      0 1079636    0    0     0     0 10202 30054  6  1 93  0  0
56  0   3976 389602592      0 1080520    0    0    96     8 10332 30256  6  1 93  0  0
28  0   3976 389599552      0 1080888    0    0   116     0 10099 40889  6  1 93  0  0
70  0   3976 389617792      0 1082332    0    0     4  3664 11142 43458  7  1 92  0  0
65  0   3976 389633472      0 1082992    0    0    64    20 10617 34161  6  1 92  0  0
68  0   3976 389692992      0 1083764    0    0   300     8 11057 39326  6  1 93  0  0
67  0   3976 389674880      0 1084324    0    0     0     0 10370 35925  6  1 93  0  0
63  0   3976 389718720      0 1084572    0    0     0     0 10898 37800  6  1 93  0  0
52  0   3976 389718688      0 1084764    0    0     0     0 10300 38292  6  1 93  0  0
67  0   3976 389693440      0 1085396    0    0     0  2676 10773 40169  6  1 92  0  0
59  0   3976 389694272      0 1085788    0    0    76    20 11335 42212  6  1 92  0  0
63  0   3976 389696192      0 1086112    0    0     0     8 10855 41801  6  1 93  0  0
67  0   3976 389684576      0 1086692    0    0    32   256 11190 42147  6  1 92  0  0
procs -----------memory---------- ---swap-- -----io---- -system-- ------cpu-----
 r  b   swpd   free   buff  cache   si   so    bi    bo   in   cs us sy id wa st
65  0   3976 389658304      0 1088724    0    0     0    12 11646 42934  7  1 92  0  0
67  0   3976 389657824      0 1088980    0    0     0  4368 11050 43491  6  1 93  0  0
63  0   3976 389599104      0 1090252    0    0    36     4 11980 45499  7  1 92  0  0
60  0   3976 389606912      0 1090944    0    0     0     4 11843 45445  6  1 92  0  0
63  0   3976 389611840      0 1091280    0    0    88   220 12198 46816  6  1 93  0  0
60  0   3976 389622944      0 1091892    0    0     0   252 11696 45778  7  1 92  0  0
 6  0   3976 389580832      0 1092608    0    0     0   132 11750 49172  7  1 92  0  0
62  0   3976 389584832      0 1093392    0    0     0   288 11778 46066  6  1 92  0  0
70  0   3976 389584864      0 1093692    0    0     0     8 11365 46914  6  1 93  0  0
65  0   3976 389547392      0 1093936    0    0     0   712 11759 46899  6  1 92  0  0
61  0   3976 389543840      0 1096668    0    0    16    12 11870 46988  6  1 92  0  0
64  0   3976 389526624      0 1097308    0    0     0     0 11524 46417  6  1 92  0  0
66  0   3976 389525120      0 1097640    0    0    16  9272 11744 47100  6  1 93  0  0
61  0   3976 389523904      0 1097884    0    0     0     0 11654 74470  6  1 93  0  0
63  0   3976 389523936      0 1098216    0    0     0     8 11695 47736  6  1 93  0  0
62  0   3976 389549472      0 1098884    0    0    80    20 12868 47710  7  1 92  0  0
61  0   3976 389548480      0 1099572    0    0    16   796 11551 47732  6  1 93  0  0
66  0   3976 389541696      0 1100244    0    0     0     0 11714 46907  6  1 92  0  0
61  0   3976 389541696      0 1100572    0    0     0     8 11526 47468  6  1 93  0  0
62  0   3976 389541760      0 1100904    0    0     0     4 11629 48493  6  1 93  0  0
61  0   3976 389541312      0 1103480    0    0   128    16 12974 48722  7  1 91  0  0
procs -----------memory---------- ---swap-- -----io---- -system-- ------cpu-----
 r  b   swpd   free   buff  cache   si   so    bi    bo   in   cs us sy id wa st
94  0   3976 389440704      0 1101052    0    0     0    20 12981 76622  8  1 91  0  0
62  0   3976 389440448      0 1101364    0    0    80     8 11936 49053  6  1 93  0  0
69  0   3976 389439936      0 1102172    0    0   160 11036 11920 55649  6  1 92  0  0
61  0   3976 389509504      0 1102780    0    0    16     0 12136 48437  6  1 92  0  0
59  0   3976 389514816      0 1103028    0    0     0     8 11270 48463  6  1 93  0  0
70  0   3976 389513664      0 1103364    0    0     4     0 11400 48647  6  1 93  0  0
65  0   3976 389469856      0 1104024    0    0     0    24 12135 122281  6  1 92  0  0
62  0   3976 389468896      0 1104712    0    0     0    24 11784 49184  6  1 92  0  0
64  0   3976 389457920      0 1105636    0    0   204     0 12124 50110  7  1 92  0  0
63  0   3976 389514304      0 1108724    0    0     0     8 14025 49636  7  1 92  0  0
71  0   3976 389514144      0 1109052    0    0     0   248 11450 48385  6  1 93  0  0
57  0   3976 389515584      0 1109300    0    0    16     0 11589 49105  6  1 93  0  0
66  0   3976 389489440      0 1109992    0    0     0    12 11132 63413  6  1 92  0  0
62  0   3976 389488928      0 1110324    0    0    16     0 11912 48793  6  1 93  0  0
76  0   3976 389487264      0 1110568    0    0     0   212 10987 47410  6  1 93  0  0
63  0   3976 389581600      0 1110964    0    0    64   292 11905 49793  6  1 92  0  0
67  0   3976 389516928      0 1112220    0    0   128   500 12145 53469  7  1 92  0  0
62  0   3976 389518016      0 1112468    0    0     0     8 11483 47507  6  1 92  0  0
85  0   3976 389514496      0 1113160    0    0    16 11028 11751 48531  7  1 92  0  0
97  0   3976 389470144      0 1115964    0    0    16     4 12498 160949  7  1 92  0  0
62  0   3976 389461120      0 1116288    0    0     0     8 11702 58500  6  1 92  0  0
procs -----------memory---------- ---swap-- -----io---- -system-- ------cpu-----
 r  b   swpd   free   buff  cache   si   so    bi    bo   in   cs us sy id wa st
68  0   3976 389442944      0 1116620    0    0     8     8 11580 48797  6  1 93  0  0
62  0   3976 389397856      0 1118512    0    0  1208     8 12025 48228  6  1 92  0  0
75  0   3976 389397952      0 1119164    0    0     0     0 11823 47863  6  1 92  0  0
61  0   3976 389397920      0 1119488    0    0     0    12 11055 46740  6  1 92  0  0
64  0   3976 389398432      0 1119820    0    0     0     0 11640 48539  6  1 93  0  0
60  0   3976 389386304      0 1120492    0    0     0   796 12326 49825  6  1 92  0  0
80  0   3976 389459424      0 1121164    0    0     0     0 11873 48241  6  1 92  0  0
63  0   3976 389467456      0 1121416    0    0     0     0 11986 49656  6  1 93  0  0
61  0   3976 389485984      0 1124028    0    0     0   288 12861 50031  7  1 92  0  0
75  0   3976 389456288      0 1124756    0    0     0     4 12217 49526  6  1 92  0  0
61  0   3976 389454784      0 1125412    0    0    24     8 12611 50699  6  1 92  0  0
66  0   3976 389447744      0 1126428    0    0    32     0 11680 49884  6  1 92  0  0
62  0   3976 389474240      0 1126752    0    0     0 13364 12239 50425  6  1 92  0  0
65  0   3976 389497184      0 1127008    0    0     0     4 11606 48364  6  1 93  0  0
80  0   3976 389492704      0 1113264    0    0     0     0 11766 49446  6  1 92  0  0
68  0   3976 389484960      0 1113668    0    0     0     4 11330 47335  6  1 93  0  0
54  0   3976 389470848      0 1115084    0    0     0    12 12231 147509  7  1 92  0  0
58  0   3976 389478400      0 1115388    0    0    80    68 11787 48707  6  1 92  0  0
60  0   3976 389500320      0 1118316    0    0     0     8 12023 48137  7  1 92  0  0
63  0   3976 389500960      0 1118568    0    0     0     0 11403 47582  6  1 93  0  0
60  0   3976 389568128      0 1118892    0    0     0   264 11802 48550  6  1 92  0  0
procs -----------memory---------- ---swap-- -----io---- -system-- ------cpu-----
 r  b   swpd   free   buff  cache   si   so    bi    bo   in   cs us sy id wa st
69  0   3976 389567360      0 1119140    0    0     0     4 11157 47897  6  1 93  0  0
61  0   3976 389552736      0 1119808    0    0    16     8 11373 47829  6  1 92  0  0
71  0   3976 389515456      0 1120480    0    0     0  8660 11398 48124  6  1 92  0  0
62  0   3976 389483776      0 1121100    0    0    12   220 11694 48962  6  1 92  0  0
 2  0   3976 389470848      0 1122420    0    0    60   252 11094 113319  6  1 93  0  0
 2  0   3976 389465088      0 1122752    0    0     0   372 3491 2085  3  0 97  0  0
 2  0   3976 389464576      0 1122916    0    0     0     8 3549 2271  3  0 97  0  0
 2  0   3976 389462080      0 1125116    0    0     0     4 3663 2387  3  0 96  0  0
 2  0   3976 389461824      0 1125164    0    0     0     0 3322 2068  3  0 97  0  0
 2  0   3976 389426240      0 1125880    0    0    16     0 3879 2489  3  0 96  0  0
 2  0   3976 389426464      0 1125932    0    0     0    12 3479 2099  3  0 97  0  0
 2  0   3976 389430496      0 1126348    0    0     0     0 4072 2953  3  0 96  0  0
 2  0   3976 389482368      0 1126392    0    0     0     4 3403 2152  3  0 97  0  0
 2  0   3976 389483040      0 1126576    0    0   128     0 3373 2101  3  0 97  0  0
 2  0   3976 389475264      0 1127028    0    0     0     0 4062 2307  3  0 96  0  0
 2  0   3976 389474016      0 1127360    0    0     4   792 3516 2150  3  0 97  0  0
 3  0   3976 389473408      0 1127416    0    0     0     0 3682 2675  3  0 97  0  0
 2  0   3976 389472896      0 1128124    0    0     0     4 3414 2153  3  0 97  0  0
 0  0   3976 389472416      0 1128176    0    0     0  7404 3460 2540  3  0 97  0  0
 0  0   3976 389472672      0 1128128    0    0     0     0 1194 2059  0  0 100  0  0
 0  0   3976 389472928      0 1128180    0    0     0     0 1024 1770  0  0 100  0  0
procs -----------memory---------- ---swap-- -----io---- -system-- ------cpu-----
 r  b   swpd   free   buff  cache   si   so    bi    bo   in   cs us sy id wa st
 0  0   3976 389472704      0 1128228    0    0     0     0 1031 1876  0  0 100  0  0
 0  0   3976 389474880      0 1128284    0    0     0     0 1043 1888  0  0 100  0  0
 0  0   3976 389476928      0 1128332    0    0     0     0 1092 1890  0  0 100  0  0
 0  0   3976 389473600      0 1128456    0    0     0     4 1575 1881  0  0 100  0  0
 0  0   3976 389476320      0 1128508    0    0     0    12  944 1731  0  0 100  0  0
 0  0   3976 389476128      0 1128556    0    0     0     0 1144 2057  0  0 100  0  0
 1  0   3976 389508128      0 1128608    0    0     0    64 3638 2435  1  0 99  0  0
 0  0   3976 389474368      0 1124652    0    0     0   692 1882 2034  1  0 99  0  0
 0  0   3976 389474368      0 1124700    0    0     0  7716 1109 1997  0  0 100  0  0
 0  0   3976 389474880      0 1124752    0    0     0     4 1072 1934  0  0 100  0  0
 0  0   3976 389473344      0 1124804    0    0     0   248 1457 2494  0  0 100  0  0
 0  0   3976 389473344      0 1124856    0    0     0     0 1099 1912  0  0 100  0  0
 0  0   3976 389474112      0 1124900    0    0     0     0 1037 1858  0  0 100  0  0
 4  0   3976 389475328      0 1125092    0    0    72     8 4193 52354  2  1 98  0  0
36  0   3976 389475008      0 1125148    0    0     0   848 13791 593038  6  2 92  0  0
70  0   3976 389469312      0 1125308    0    0     0    16 14784 690981  5  2 92  0  0
17  0   3976 389464032      0 1126372    0    0    16     0 14343 390072  6  2 92  0  0
57  0   3976 389578464      0 1126788    0    0     0    60 14457 347085  6  2 92  0  0
55  0   3976 389595616      0 1127280    0    0     0     8 14341 329097  6  2 91  0  0
68  0   3976 389594336      0 1127780    0    0     0  1948 14738 354503  6  2 91  0  0
37  0   3976 389587392      0 1128280    0    0     0    12 15750 363751  6  2 91  0  0
procs -----------memory---------- ---swap-- -----io---- -system-- ------cpu-----
 r  b   swpd   free   buff  cache   si   so    bi    bo   in   cs us sy id wa st
21  0   3976 389586464      0 1128872    0    0   104    16 14939 134790  6  2 91  0  0
19  0   3976 389530400      0 1129944    0    0    16     0 15901 119725  7  2 91  0  0
16  0   3976 389452960      0 1130668    0    0     0     0 16674 416250  6  3 91  0  0
13  0   3976 389392608      0 1131336    0    0     0  4372 15658 100457  7  2 91  0  0
34  0   3976 389336800      0 1132948    0    0   148     0 16097 97945  7  2 90  0  0
15  0   3976 389287136      0 1136792    0    0   128     8 18949 563817  7  3 90  0  0
44  0   3976 389285568      0 1137892    0    0    16     8 16633 176487  7  2 90  0  0
40  0   3976 389276832      0 1139000    0    0    72     8 16303 100466  7  2 91  0  0
33  0   3976 389275392      0 1139668    0    0     0     0 15441 99753  7  2 91  0  0
33  0   3976 389292160      0 1140820    0    0    32 10856 17883 103385  8  2 90  0  0
24  0   3976 389292320      0 1141640    0    0    64     0 17168 452206  6  3 91  0  0
64  0   3976 389289056      0 1142296    0    0     0     8 16440 237657  7  3 91  0  0
57  0   3976 389289408      0 1143540    0    0     0     4 17680 712068  6  3 91  0  0
32  0   3976 389289088      0 1144192    0    0     0     8 16843 844505  5  3 92  0  0
70  0   3976 389161280      0 1145828    0    0     0    16 17895 1147687  6  3 91  0  0
55  0   3976 389153696      0 1152804    0    0     0    12 16751 638472  7  3 90  0  0
47  0   3976 389152992      0 1153216    0    0     0    60 16885 617764  6  3 92  0  0
19  0   3976 389120448      0 1153824    0    0     0     8 14799 196136  7  2 91  0  0
17  0   3976 389119840      0 1154884    0    0    16     4 15368 222458  6  2 91  0  0
27  0   3976 389163104      0 1156028    0    0     0     8 17377 141295  7  2 91  0  0
29  0   3976 389324672      0 1156692    0    0     0   256 17882 99304  7  2 91  0  0
procs -----------memory---------- ---swap-- -----io---- -system-- ------cpu-----
 r  b   swpd   free   buff  cache   si   so    bi    bo   in   cs us sy id wa st
26  0   3976 389262912      0 1158500    0    0    16     0 16430 105044  8  2 90  0  0
 0  0   3976 389247776      0 1160128    0    0     0     8 14501 233570  6  2 92  0  0
 0  0   3976 389440256      0 1163628    0    0   204   272 2999 3331  1  0 98  0  0
 0  0   3976 389383424      0 1165200    0    0   768 22928 1875 2583  0  0 99  0  0
