procs -----------memory---------- ---swap-- -----io---- -system-- ------cpu-----
 r  b   swpd   free   buff  cache   si   so    bi    bo   in   cs us sy id wa st
 1  1   3976 390837312      0 884900    0    0     2     2    0    0  0  0 100  0  0
 1  0   3976 390790848      0 898036    0    0 11916     0 10548 7972  3  1 96  0  0
 2  0   3976 390748064      0 913236    0    0  2172     0 12291 9675  1  1 98  0  0
 3  0   3976 390634624      0 945140    0    0  4872  1056 11060 9571  3  1 96  0  0
 2  0   3976 390599424      0 965824    0    0 18976    36 8461 9329  3  0 96  0  0
 2  0   3976 390518208      0 975220    0    0  9556    32 4547 5123  3  0 97  0  0
 0  0   3976 390478400      0 980976    0    0  1520     4 3254 3342  2  0 98  0  0
 2  0   3976 390352352      0 1004284    0    0  8376    16 6292 10232  4  0 95  0  0
18  0   3976 390205856      0 1006144    0    0  1100 49404 8145 12049  7  1 93  0  0
14  0   3976 390184128      0 1006240    0    0    44    72 6993 9678  7  0 93  0  0
15  3   3976 390118688      0 1060388    0    0  1488    92 10257 15444  7  1 92  0  0
12  0   3976 390072704      0 1075920    0    0  3600   564 10012 16799  8  1 92  0  0
20  0   3976 390038880      0 1076260    0    0   196    20 8916 18789  7  1 92  0  0
29  0   3976 389927616      0 1077408    0    0   732 76044 10324 21450  8  1 91  0  0
15  0   3976 389891712      0 1077584    0    0     0     8 8655 23294  6  1 93  0  0
18  0   3976 389816320      0 1078032    0    0     0    48 9923 30800  7  1 92  0  0
23  0   3976 389805728      0 1078848    0    0   516   156 9935 32860  6  1 93  0  0
13  0   3976 389797952      0 1079072    0    0     0    40 9567 33747  6  1 93  0  0
14  0   3976 389797280      0 1079276    0    0     0    80 10021 35761  6  1 93  0  0
18  0   3976 389800064      0 1079648    0    0    72   380 10028 40083  6  1 93  0  0
15  0   3976 389738144      0 1080484    0    0    96     0 11102 40850  7  1 92  0  0
procs -----------memory---------- ---swap-- -----io---- -system-- ------cpu-----
 r  b   swpd   free   buff  cache   si   so    bi    bo   in   cs us sy id wa st
14  0   3976 389734272      0 1081680    0    0    24   132 11926 40824  7  1 92  0  0
17  0   3976 389724704      0 1082588    0    0   604    24 10763 40751  6  1 92  0  0
13  0   3976 389716128      0 1083000    0    0   128   436 10754 43424  6  1 93  0  0
15  0   3976 389657792      0 1083648    0    0     0    12 11425 44709  6  1 92  0  0
13  0   3976 389655104      0 1084300    0    0   300    72 11783 46840  6  1 92  0  0
16  0   3976 389647520      0 1085152    0    0   160     0 12289 50170  7  1 92  0  0
 9  0   3976 389646080      0 1085520    0    0     0    56 11699 51471  6  1 92  0  0
13  0   3976 389659072      0 1085812    0    0     0     0 12560 54099  6  1 92  0  0
12  0   3976 389662304      0 1086168    0    0     0    84 12265 54658  6  1 92  0  0
20  0   3976 389660288      0 1086932    0    0    28    16 12428 55235  7  1 92  0  0
 8  0   3976 389655712      0 1089528    0    0   128   144 12254 55510  7  1 92  0  0
14  0   3976 389655168      0 1090324    0    0   472     0 12711 57435  6  2 92  0  0
12  0   3976 389588672      0 1091604    0    0   192    60 13126 57937  7  2 92  0  0
25  0   3976 389577952      0 1091960    0    0     0 10848 13231 59518  6  1 92  0  0
17  0   3976 389543648      0 1092460    0    0   128    60 13218 62209  6  2 92  0  0
16  0   3976 389425408      0 1092964    0    0     0     4 13790 61730  6  2 92  0  0
20  0   3976 389416608      0 1094280    0    0   548    52 13853 61761  6  2 92  0  0
20  0   3976 389433536      0 1095464    0    0    24     8 16553 65569  7  2 91  0  0
21  0   3976 389458752      0 1096020    0    0   296   304 14692 65917  6  2 92  0  0
15  0   3976 389443072      0 1096864    0    0     4     8 14928 65658  7  2 92  0  0
12  0   3976 389447040      0 1100264    0    0     4    92 16115 69979  7  2 91  0  0
procs -----------memory---------- ---swap-- -----io---- -system-- ------cpu-----
 r  b   swpd   free   buff  cache   si   so    bi    bo   in   cs us sy id wa st
16  0   3976 389447392      0 1101684    0    0  1004     4 16374 72429  6  2 92  0  0
10  0   3976 389448320      0 1102464    0    0     4     8 16728 72680  7  2 92  0  0
12  0   3976 389457952      0 1103376    0    0     0     4 17577 73489  7  2 91  0  0
18  0   3976 389459488      0 1103904    0    0   104 10984 16686 74108  6  2 92  0  0
18  0   3976 389472608      0 1105348    0    0   472     4 16859 75742  7  2 91  0  0
19  0   3976 389472960      0 1105776    0    0     0     0 16557 74968  6  2 92  0  0
13  0   3976 389474144      0 1106276    0    0     0   684 17799 79090  7  2 91  0  0
14  0   3976 389468864      0 1107216    0    0     0     0 19531 86642  7  2 91  0  0
18  0   3976 389382752      0 1108288    0    0   216     8 20918 88471  7  2 91  0  0
18  0   3976 389357664      0 1112912    0    0     0    80 20104 89533  7  2 90  0  0
15  0   3976 389364544      0 1113540    0    0    60     0 20881 94806  7  2 91  0  0
10  0   3976 389280448      0 1114100    0    0     0   324 19740 91329  7  2 91  0  0
19  0   3976 389279840      0 1115796    0    0    72   784 20604 91896  7  2 91  0  0
 5  0   3976 389280128      0 1116620    0    0   252     0 19411 92267  7  2 91  0  0
14  0   3976 389277504      0 1117328    0    0     0 13872 20113 95696  7  2 91  0  0
14  0   3976 389285024      0 1118936    0    0    76     0 23152 94725  7  2 90  0  0
35  0   3976 389295232      0 1120052    0    0     0     0 22140 102813  7  3 90  0  0
17  0   3976 389295168      0 1120628    0    0     0    32 22090 108005  7  3 91  0  0
33  0   3976 389273344      0 1121904    0    0   152    12 22364 106979  7  3 90  0  0
27  0   3976 389299488      0 1127404    0    0    28    76 22130 103324  7  2 90  0  0
26  0   3976 389298496      0 1128196    0    0     0     0 21786 107369  7  3 91  0  0
procs -----------memory---------- ---swap-- -----io---- -system-- ------cpu-----
 r  b   swpd   free   buff  cache   si   so    bi    bo   in   cs us sy id wa st
23  0   3976 389473120      0 1128972    0    0     0     8 22029 104440  7  2 91  0  0
23  0   3976 389412576      0 1130232    0    0     0     0 23067 109844  7  3 90  0  0
20  0   3976 389338112      0 1131436    0    0     0   280 22733 107326  7  3 90  0  0
21  0   3976 389329024      0 1132912    0    0   108   212 22656 109453  7  3 90  0  0
28  0   3976 389302880      0 1134084    0    0    32 18264 23312 108297  7  3 90  0  0
30  0   3976 389293184      0 1136460    0    0    20   248 23681 111803  8  3 89  0  0
25  0   3976 389271968      0 1137264    0    0     4     8 22689 115066  7  3 90  0  0
 7  0   3976 389271936      0 1137984    0    0     0    12 23100 116090  7  3 90  0  0
23  0   3976 389318048      0 1144204    0    0   364   580 26277 118560  8  3 89  0  0
39  0   3976 389365280      0 1144844    0    0     0    20 24010 119590  7  3 90  0  0
38  0   3976 389365504      0 1146332    0    0     0     8 22979 121395  7  3 90  0  0
22  0   3976 389377408      0 1147284    0    0   100     0 22024 120357  7  3 90  0  0
18  0   3976 389354848      0 1148640    0    0     0     0 22756 119628  8  3 89  0  0
30  0   3976 389343520      0 1150268    0    0     0     8 22719 121914  7  3 90  0  0
19  0   3976 389194208      0 1151816    0    0     0    16 22763 122226  7  3 90  0  0
25  0   3976 389188928      0 1153276    0    0     0 23160 22705 122487  7  3 90  0  0
33  0   3976 389185536      0 1154260    0    0   128   476 22223 121621  7  3 90  0  0
15  0   3976 389189760      0 1155644    0    0     0     8 23216 121326  7  3 90  0  0
32  0   3976 389162720      0 1162768    0    0   128    76 25452 120898  9  3 88  0  0
26  0   3976 389096000      0 1164348    0    0     0   112 24988 121983  9  3 88  0  0
23  0   3976 389096032      0 1165400    0    0   200    92 24377 121112  9  3 88  0  0
procs -----------memory---------- ---swap-- -----io---- -system-- ------cpu-----
 r  b   swpd   free   buff  cache   si   so    bi    bo   in   cs us sy id wa st
34  0   3976 389075232      0 1157684    0    0     0   380 22483 122395  7  3 90  0  0
28  0   3976 389074560      0 1158532    0    0     0     0 22349 121997  7  3 90  0  0
15  0   3976 388983904      0 1160216    0    0     0     8 23174 122893  8  3 89  0  0
29  0   3976 388981408      0 1161220    0    0    80     0 22242 122945  7  3 90  0  0
25  1   3976 389113408      0 1162144    0    0     0  8088 23376 122058  7  3 90  0  0
30  0   3976 389261280      0 1163068    0    0    88 22820 23112 122403  7  3 90  0  0
35  0   3976 389319840      0 1164004    0    0     0    48 23345 122864  7  3 90  0  0
31  0   3976 389286816      0 1170088    0    0    64    76 23955 122395  8  3 89  0  0
31  0   3976 389351392      0 1171016    0    0     0     0 22915 122113  7  3 90  0  0
14  0   3976 389321120      0 1172592    0    0     0     8 23096 122782  8  3 89  0  0
32  0   3976 389184608      0 1174860    0    0     0     0 23860 121709  8  3 89  0  0
17  0   3976 389184256      0 1175788    0    0     0    16 22650 123372  7  3 90  0  0
31  0   3976 389181920      0 1176776    0    0     0    12 22593 122603  7  3 90  0  0
20  0   3976 389161024      0 1178192    0    0     0   252 23172 123201  7  3 90  0  0
37  0   3976 389148928      0 1179708    0    0     0     8 22596 122561  7  3 90  0  0
32  0   3976 389217216      0 1180708    0    0   128   248 23006 122104  7  3 90  0  0
26  0   3976 389153344      0 1182692    0    0     0    12 23059 121308  8  3 89  0  0
20  0   3976 389086944      0 1190388    0    0     0    96 23574 119981  8  3 89  0  0
26  0   3976 389086720      0 1191320    0    0     0     4 22600 122430  7  3 90  0  0
36  0   3976 389162752      0 1192240    0    0     0     8 22917 123149  7  3 90  0  0
29  0   3976 389248480      0 1193092    0    0     0 35044 22562 122528  7  3 90  0  0
procs -----------memory---------- ---swap-- -----io---- -system-- ------cpu-----
 r  b   swpd   free   buff  cache   si   so    bi    bo   in   cs us sy id wa st
23  0   3976 389246464      0 1194488    0    0     0     4 23170 122939  7  3 89  0  0
19  0   3976 389177760      0 1196128    0    0     0     0 22618 122390  7  3 90  0  0
13  0   3976 389166880      0 1197060    0    0     0     8 22817 121797  7  3 90  0  0
33  0   3976 389147104      0 1198680    0    0     0     4 23277 122795  8  3 89  0  0
38  0   3976 389155200      0 1199616    0    0     0   440 22781 123266  7  3 90  0  0
39  0   3976 389174816      0 1200536    0    0     0     8 23124 123571  7  3 90  0  0
26  0   3976 389170432      0 1206448    0    0     0    76 23907 121669  8  3 89  0  0
36  0   3976 389161440      0 1208048    0    0     4     0 23857 124385  8  3 89  0  0
19  0   3976 389181056      0 1208964    0    0     0    64 23479 124397  7  3 90  0  0
35  0   3976 389213120      0 1210364    0    0     0   696 24511 124454  8  3 89  0  0
10  0   3976 389159424      0 1211924    0    0   144     8 23263 123837  7  3 90  0  0
28  0   3976 389149216      0 1213120    0    0   192     0 22591 123187  7  3 90  0  0
33  0   3976 389154688      0 1214068    0    0     0     0 22574 122425  7  3 90  0  0
28  0   3976 389161696      0 1215000    0    0     0     8 23206 122472  7  3 90  0  0
19  0   3976 389146688      0 1216000    0    0   156     0 23654 123647  8  3 89  0  0
21  0   3976 389123072      0 1217708    0    0    72 28308 22319 119014  7  3 90  0  0
22  0   3976 389029696      0 1225488    0    0    64    92 19370 92266  9  2 89  0  0
23  0   3976 389046304      0 1226344    0    0     0     0 23114 110565  7  3 90  0  0
42  0   3976 389064128      0 1227464    0    0     0     8 23722 123773  7  3 90  0  0
35  0   3976 389140224      0 1205860    0    0     0     0 24582 123893  7  3 89  0  0
29  0   3976 389092032      0 1207612    0    0     0     0 23320 122831  8  3 89  0  0
procs -----------memory---------- ---swap-- -----io---- -system-- ------cpu-----
 r  b   swpd   free   buff  cache   si   so    bi    bo   in   cs us sy id wa st
26  0   3976 389079872      0 1209760    0    0     0     4 23315 123839  7  3 90  0  0
 1  0   3976 389109600      0 1210744    0    0    60     8 11845 60071  4  1 95  0  0
 1  0   3976 389078240      0 1212852    0    0     0   260 4530 2266  1  0 98  0  0
 0  0   3976 389032416      0 1213920    0    0     0     0 1642 1937  1  0 99  0  0
 1  0   3976 389032416      0 1213956    0    0     0   248 1110 2052  0  0 100  0  0
 0  0   3976 389032672      0 1217760    0    0     0 30528 1519 2320  0  0 99  0  0
 2  0   3976 389033024      0 1217800    0    0     0    12 1653 2851  0  0 100  0  0
 0  0   3976 389030560      0 1217928    0    0     0    60 1207 2019  0  0 100  0  0
 0  0   3976 389042368      0 1218376    0    0     0     0 1419 2168  0  0 100  0  0
 1  0   3976 389048416      0 1218412    0    0     0     0 1492 2010  0  0 99  0  0
 0  0   3976 389082464      0 1219200    0    0     4     0 1619 2328  0  0 100  0  0
 0  0   3976 389082976      0 1219244    0    0     0     0 1067 1996  0  0 100  0  0
 0  0   3976 389083776      0 1219272    0    0     0     4 1037 1875  0  0 100  0  0
 0  0   3976 389085280      0 1219320    0    0     0     0 1058 1871  0  0 100  0  0
 1  0   3976 389085504      0 1219360    0    0     0     0 1155 2026  0  0 100  0  0
 0  0   3976 389128096      0 1221196    0    0     0   528 1696 2028  0  0 100  0  0
 0  0   3976 389128992      0 1221364    0    0   128     0 1288 2406  0  0 100  0  0
 0  0   3976 389128896      0 1221388    0    0     0     4 1270 1838  0  0 100  0  0
 0  0   3976 389129632      0 1221440    0    0     0   520 1134 2000  0  0 100  0  0
 0  0   3976 389130144      0 1221476    0    0     0     0 1201 2079  0  0 100  0  0
 0  0   3976 389130944      0 1221588    0    0     0     0 1261 1914  0  0 100  0  0
procs -----------memory---------- ---swap-- -----io---- -system-- ------cpu-----
 r  b   swpd   free   buff  cache   si   so    bi    bo   in   cs us sy id wa st
 0  0   3976 389132960      0 1221620    0    0     0  5376 1219 2071  0  0 100  0  0
 0  0   3976 389133696      0 1221668    0    0     0     0 1120 1921  0  0 100  0  0
 0  0   3976 389133472      0 1221692    0    0     0     0 1083 1852  0  0 100  0  0
 1  0   3976 389133728      0 1221736    0    0     0     4 1106 1871  0  0 100  0  0
 1  0   3976 389134912      0 1221776    0    0     0    88 3818 2016  2  0 98  0  0
 1  0   3976 389116000      0 1221812    0    0     0     0 2503 2346  2  0 98  0  0
 0  0   3976 389038144      0 1212676    0    0     0     0 1744 2000  1  0 99  0  0
 0  0   3976 389038144      0 1212708    0    0     0     0 1026 1854  0  0 100  0  0
 0  0   3976 389038144      0 1212752    0    0     0     0 1067 1893  0  0 100  0  0
 0  0   3976 389038976      0 1212856    0    0     0     4 1317 2099  0  0 100  0  0
32  0   3976 389034976      0 1212864    0    0     0     0 12295 61901  4  2 94  0  0
23  0   3976 389034240      0 1212936    0    0     0 16012 22002 118444  7  3 90  0  0
25  0   3976 389038208      0 1213212    0    0     0     0 21920 118173  7  3 90  0  0
25  0   3976 389043808      0 1214084    0    0     0   252 21597 120871  7  3 90  0  0
32  0   3976 389246112      0 1214996    0    0    64   316 25878 122980  7  3 90  0  0
15  0   3976 389246432      0 1215952    0    0     0    24 22633 122850  7  3 90  0  0
31  0   3976 389252928      0 1216996    0    0   116     8 23754 122886  7  3 90  0  0
17  0   3976 389252800      0 1217852    0    0     0    68 23366 122371  7  3 90  0  0
21  0   3976 389038752      0 1220324    0    0     0     8 23991 122964  8  3 89  0  0
24  0   3976 388965056      0 1221252    0    0     0     0 23555 123456  7  3 90  0  0
46  0   3976 388962016      0 1222676    0    0     0     8 23856 123241  7  3 90  0  0
procs -----------memory---------- ---swap-- -----io---- -system-- ------cpu-----
 r  b   swpd   free   buff  cache   si   so    bi    bo   in   cs us sy id wa st
29  0   3976 388960960      0 1223600    0    0     0     4 23145 122528  7  3 90  0  0
19  0   3976 389002464      0 1224528    0    0     0 10828 24041 123487  7  3 90  0  0
43  0   3976 389036160      0 1226028    0    0     0     0 24423 122135  8  3 89  0  0
17  0   3976 389035264      0 1232596    0    0     0    84 23086 121135  8  3 89  0  0
25  0   3976 389122464      0 1233588    0    0    64   448 23849 123231  7  3 90  0  0
28  0   3976 389185760      0 1235116    0    0     0    44 24627 122847  8  3 89  0  0
28  0   3976 389130976      0 1236040    0    0     0   432 23487 123192  7  3 90  0  0
38  0   3976 389091488      0 1237772    0    0   128   200 23974 123793  7  3 90  0  0
36  0   3976 389063840      0 1239452    0    0     0     0 24174 123387  7  3 89  0  0
21  0   3976 389062400      0 1240780    0    0     0     0 24963 123793  8  3 89  0  0
33  0   3976 389033952      0 1242244    0    0     0     8 23537 123309  7  3 90  0  0
39  0   3976 389030976      0 1243100    0    0     0     0 23361 124150  7  3 90  0  0
21  0   3976 388975744      0 1244712    0    0     0 24060 23388 122606  8  3 89  0  0
36  0   3976 388957888      0 1250596    0    0   128    76 23826 123129  8  3 89  0  0
21  0   3976 388975264      0 1252036    0    0     0     0 24185 124251  7  3 89  0  0
44  0   3976 388985760      0 1253644    0    0     0     8 24789 124629  7  3 90  0  0
22  0   3976 389027328      0 1254500    0    0     0     0 24168 124315  7  3 90  0  0
35  0   3976 389061440      0 1255492    0    0     0     8 24374 122581  8  3 89  0  0
38  0   3976 388910656      0 1258228    0    0     0     4 23854 123852  7  3 89  0  0
 4  0   3976 388880512      0 1259884    0    0   308    12 12812 59325  5  2 94  0  0
 1  0   3976 389078592      0 1263244    0    0   748     8 1958 2778  1  0 99  0  0
