procs -----------memory---------- ---swap-- -----io---- -system-- ------cpu-----
 r  b   swpd   free   buff  cache   si   so    bi    bo   in   cs us sy id wa st
 4  0   3976 390867456      0 942016    0    0     2     2    0    0  0  0 100  0  0
 1  0   3976 390843648      0 947800    0    0   628     0 9275 6096  1  1 99  0  0
 2  0   3976 390777696      0 993864    0    0    20  1032 13319 9530  1  1 98  0  0
 4  1   3976 390655712      0 1053736    0    0 41944 10500 10125 8655  2  1 97  0  0
 2  0   3976 390641440      0 1071696    0    0 19900 41116 7727 9173  3  0 96  0  0
 2  0   3976 390530528      0 1085384    0    0 11876    32 5101 5651  3  0 97  0  0
 0  0   3976 390475936      0 1089612    0    0  3292     4 3298 3175  2  0 98  0  0
 2  0   3976 390205952      0 1103448    0    0 13624     8 5628 13546  2  1 97  0  0
37  0   3976 390183648      0 1108240    0    0  4292   812 12192 44973  7  1 91  0  0
15  0   3976 390138720      0 1108828    0    0   440 50160 12040 48844  8  1 91  0  0
17  0   3976 390104768      0 1109356    0    0   172    76 12779 52712  7  1 92  0  0
35  0   3976 390075744      0 1109808    0    0   136    44 12500 53430  6  1 93  0  0
20  0   3976 389974592      0 1111196    0    0   732    12 12966 53966  6  1 93  0  0
29  0   3976 389958720      0 1111812    0    0   136    72 13720 54682  6  1 92  0  0
28  0   3976 389924544      0 1112452    0    0     0     0 13217 55693  6  1 92  0  0
13  0   3976 389913184      0 1112852    0    0     0    56 13345 54027  6  1 92  0  0
18  0   3976 389910208      0 1113280    0    0     0   132 13299 56516  6  1 92  0  0
26  0   3976 389914560      0 1113600    0    0    16    40 12656 54095  6  1 92  0  0
28  0   3976 389919872      0 1115540    0    0     0    12 12938 53645  6  1 92  0  0
15  0   3976 389874752      0 1116400    0    0   224    72 12585 54480  6  1 92  0  0
17  0   3976 389821888      0 1117292    0    0   100     0 12684 53776  6  1 92  0  0
procs -----------memory---------- ---swap-- -----io---- -system-- ------cpu-----
 r  b   swpd   free   buff  cache   si   so    bi    bo   in   cs us sy id wa st
29  0   3976 389821632      0 1117332    0    0     0    48 12225 53647  6  1 93  0  0
21  0   3976 389791488      0 1119720    0    0   664    44 13592 56083  7  2 92  0  0
24  0   3976 389794016      0 1120252    0    0    96   300 12756 53733  6  1 92  0  0
30  0   3976 389782624      0 1120700    0    0    64    64 13225 56015  6  1 92  0  0
17  0   3976 389789056      0 1122264    0    0   300    16 12851 54417  6  1 92  0  0
32  0   3976 389755040      0 1122908    0    0     0     8 12938 55672  7  1 92  0  0
 1  0   3976 389767840      0 1123740    0    0    16    52 12624 54505  7  1 92  0  0
28  0   3976 389880512      0 1127096    0    0    12    28 13099 54360  7  1 92  0  0
30  0   3976 389873056      0 1127496    0    0     0    64 12530 55180  6  1 92  0  0
27  0   3976 389883744      0 1127932    0    0     0     4 12613 55046  6  1 93  0  0
13  0   3976 389887424      0 1128404    0    0    80    52 12637 54201  6  1 93  0  0
25  0   3976 389827488      0 1129036    0    0   348    16 13214 55878  6  1 92  0  0
21  0   3976 389734720      0 1130440    0    0     0    52 12490 54297  7  1 92  0  0
27  0   3976 389720896      0 1130876    0    0     0 17916 13028 56674  6  1 92  0  0
31  0   3976 389717600      0 1132020    0    0     0    40 13239 54736  7  1 92  0  0
16  0   3976 389710464      0 1132452    0    0     8   740 12777 56804  6  1 92  0  0
42  0   3976 389734336      0 1132844    0    0     0    64 12519 54704  6  1 93  0  0
15  0   3976 389707776      0 1137944    0    0   688     8 13684 55233  7  1 92  0  0
26  0   3976 389701824      0 1138256    0    0     0    20 13399 56909  6  1 92  0  0
25  0   3976 389705472      0 1138648    0    0     0     0 12235 54557  6  1 93  0  0
35  0   3976 389751008      0 1139304    0    0     0     8 12898 54929  6  1 92  0  0
procs -----------memory---------- ---swap-- -----io---- -system-- ------cpu-----
 r  b   swpd   free   buff  cache   si   so    bi    bo   in   cs us sy id wa st
28  0   3976 389762816      0 1139764    0    0     0     4 13033 56410  6  1 92  0  0
21  0   3976 389764160      0 1140588    0    0    92    16 12191 54520  6  1 92  0  0
29  0   3976 389691296      0 1141348    0    0     0    24 12586 55028  6  1 92  0  0
14  0   3976 389687552      0 1141868    0    0    68     0 12533 56047  6  1 92  0  0
25  0   3976 389684672      0 1142180    0    0     0     8 12197 55205  6  1 92  0  0
34  0   3976 389653760      0 1142572    0    0     0     0 13249 55604  7  1 92  0  0
27  0   3976 389645408      0 1146420    0    0     0   596 12936 55891  7  1 92  0  0
27  0   3976 389606624      0 1147884    0    0    48    16 13174 54826  7  1 92  0  0
32  0   3976 389608768      0 1148344    0    0     4 17824 11893 54566  6  1 92  0  0
12  0   3976 389622272      0 1149036    0    0    16     4 12670 54885  6  1 92  0  0
29  0   3976 389619392      0 1149504    0    0     0     0 13887 57936  6  1 92  0  0
26  0   3976 389620736      0 1150612    0    0     0   344 13288 54858  7  1 92  0  0
14  0   3976 389621088      0 1151112    0    0   112   960 12650 55410  6  1 92  0  0
 1  0   3976 389624224      0 1151836    0    0   228    12 13599 57680  6  1 92  0  0
19  0   3976 389620864      0 1152152    0    0     0     0 12427 55095  6  1 93  0  0
28  0   3976 389631808      0 1152588    0    0    84     8 13072 56681  6  1 92  0  0
27  0   3976 389641024      0 1156420    0    0   128     4 13217 54908  7  1 92  0  0
27  0   3976 389720480      0 1156732    0    0     0    16 13350 55501  6  1 92  0  0
27  0   3976 389688608      0 1157932    0    0     0     4 12949 55220  7  1 92  0  0
 1  0   3976 389668544      0 1158284    0    0     0    16 12338 55822  6  1 92  0  0
30  0   3976 389632512      0 1159020    0    0     0     8 13139 55227  6  1 92  0  0
procs -----------memory---------- ---swap-- -----io---- -system-- ------cpu-----
 r  b   swpd   free   buff  cache   si   so    bi    bo   in   cs us sy id wa st
17  0   3976 389634560      0 1159408    0    0     0     0 12580 54800  6  1 93  0  0
27  0   3976 389657024      0 1160108    0    0     0    20 13772 55515  7  1 92  0  0
38  0   3976 389658112      0 1161040    0    0     0   260 12642 55116  6  1 92  0  0
26  0   3976 389647712      0 1161452    0    0     0 12620 12127 55293  6  1 92  0  0
20  0   3976 389628864      0 1162324    0    0    52    16 12672 55033  7  1 92  0  0
31  0   3976 389614016      0 1166328    0    0   192   252 14084 54584  7  1 92  0  0
29  0   3976 389614624      0 1166716    0    0     4    20 12689 55243  6  1 92  0  0
35  0   3976 389569504      0 1167432    0    0    32     0 12579 56204  6  1 92  0  0
17  0   3976 389570176      0 1168392    0    0   184     8 12597 54844  6  1 92  0  0
23  0   3976 389568704      0 1169120    0    0    16     4 12949 55396  7  1 92  0  0
30  0   3976 389609472      0 1169928    0    0     0     8 13414 55845  6  1 92  0  0
27  0   3976 389617792      0 1170288    0    0   112    16 12211 54699  6  1 93  0  0
25  0   3976 389610080      0 1170744    0    0     0    20 12237 54511  6  1 92  0  0
38  0   3976 389690432      0 1171168    0    0    36   700 13201 57240  6  1 92  0  0
22  0   3976 389693696      0 1171556    0    0     0     8 12490 54682  6  1 93  0  0
10  0   3976 389570624      0 1175112    0    0   128     8 13036 54266  7  1 91  0  0
35  0   3976 389401056      0 1176420    0    0   104    20 14799 54968  8  1 90  0  0
25  0   3976 389364416      0 1169608    0    0    96   388 15934 55644  8  1 91  0  0
 1  0   3976 389368288      0 1170060    0    0     0     8 12438 54905  6  1 93  0  0
24  0   3976 389370208      0 1170428    0    0     8 18676 12658 55583  6  1 92  0  0
18  0   3976 389378304      0 1170748    0    0     0    64 12706 55437  6  1 93  0  0
procs -----------memory---------- ---swap-- -----io---- -system-- ------cpu-----
 r  b   swpd   free   buff  cache   si   so    bi    bo   in   cs us sy id wa st
 2  0   3976 389365504      0 1171208    0    0     0   340 12560 56139  6  1 92  0  0
17  0   3976 389351936      0 1172156    0    0   304    12 12710 54589  7  1 92  0  0
20  0   3976 389376448      0 1173008    0    0     0     8 12284 54614  7  1 92  0  0
32  0   3976 389416832      0 1173660    0    0     0  4376 12458 55121  6  1 92  0  0
24  0   3976 389449568      0 1177888    0    0     0     8 14723 54197  7  1 92  0  0
31  0   3976 389451936      0 1178276    0    0     0     0 12571 55971  6  1 92  0  0
21  0   3976 389455296      0 1178672    0    0     0     8 12343 55597  6  1 92  0  0
22  0   3976 389483712      0 1179804    0    0    48    24 14760 55458  7  1 92  0  0
32  0   3976 389482528      0 1180916    0    0     0     0 13133 55420  7  1 92  0  0
22  0   3976 389475072      0 1181304    0    0     0     0 12303 56496  6  1 92  0  0
29  0   3976 389457952      0 1182096    0    0     0     8 12794 55026  6  1 92  0  0
15  0   3976 389460608      0 1182552    0    0     0     0 12874 54952  6  1 93  0  0
24  0   3976 389453696      0 1183336    0    0     0    12 13041 55470  7  1 92  0  0
22  0   3976 389458112      0 1184132    0    0     0   308 12977 55251  7  1 92  0  0
21  0   3976 389454592      0 1188008    0    0   136   212 13101 55835  7  1 92  0  0
39  0   3976 389478208      0 1188400    0    0     0   248 12446 55702  6  1 92  0  0
28  0   3976 389509056      0 1188712    0    0     0     8 14055 55346  6  1 92  0  0
17  0   3976 389511968      0 1189568    0    0     0     0 12527 54588  6  1 93  0  0
24  0   3976 389594528      0 1189888    0    0     0     4 13345 57265  6  1 92  0  0
30  0   3976 389602368      0 1190276    0    0     0 20504 12542 55285  6  1 93  0  0
22  0   3976 389614112      0 1190600    0    0     0     0 12350 54647  6  1 92  0  0
procs -----------memory---------- ---swap-- -----io---- -system-- ------cpu-----
 r  b   swpd   free   buff  cache   si   so    bi    bo   in   cs us sy id wa st
14  0   3976 389619680      0 1192212    0    0  1152     0 12669 55467  6  1 92  0  0
35  0   3976 389528064      0 1192976    0    0     0     8 13408 54709  7  1 92  0  0
12  0   3976 389512096      0 1193768    0    0     0     0 12657 55901  6  1 92  0  0
16  0   3976 389458816      0 1197604    0    0     0    16 13148 54907  7  1 92  0  0
23  0   3976 389447552      0 1198484    0    0    68     0 12492 54528  6  1 92  0  0
30  0   3976 389454560      0 1198808    0    0     0    12 12198 54685  6  1 93  0  0
27  0   3976 389454336      0 1199260    0    0     0   396 12140 54848  6  1 93  0  0
25  0   3976 389443072      0 1199992    0    0    16     0 12866 55446  6  1 92  0  0
23  0   3976 389449440      0 1201524    0    0     0    32 13084 55476  7  1 92  0  0
23  0   3976 389485792      0 1201912    0    0     0   356 12948 56425  6  1 92  0  0
35  0   3976 389501440      0 1202364    0    0     0     0 13131 55698  6  1 92  0  0
26  0   3976 389500448      0 1203164    0    0    64     8 12776 55511  6  1 92  0  0
25  0   3976 389501248      0 1203480    0    0     0   276 12898 55825  6  1 92  0  0
21  0   3976 389531328      0 1207164    0    0    44     4 13046 55019  6  1 92  0  0
32  0   3976 389472512      0 1208172    0    0    16     0 12752 56538  7  1 92  0  0
23  0   3976 389471392      0 1209056    0    0     0    12 12401 54883  6  1 92  0  0
33  0   3976 389475840      0 1191484    0    0    16     0 12856 55070  6  1 92  0  0
28  0   3976 389478176      0 1191804    0    0     0     0 12366 55458  6  1 92  0  0
28  0   3976 389482528      0 1192260    0    0     0 19660 12712 55507  6  1 93  0  0
12  0   3976 389471360      0 1192576    0    0    24     0 12742 56139  7  1 92  0  0
34  0   3976 389477984      0 1193384    0    0     0     8 13310 56517  7  1 92  0  0
procs -----------memory---------- ---swap-- -----io---- -system-- ------cpu-----
 r  b   swpd   free   buff  cache   si   so    bi    bo   in   cs us sy id wa st
39  0   3976 389466688      0 1194720    0    0   208     4 12507 54657  6  1 92  0  0
 0  0   3976 389466752      0 1195268    0    0   160     8 9859 41578  5  1 94  0  0
 0  0   3976 389463232      0 1198700    0    0     0   456 1468 2127  1  0 99  0  0
 0  0   3976 389465504      0 1198948    0    0     0     8 1005 1845  0  0 100  0  0
 0  0   3976 389465888      0 1198952    0    0     0   256 1092 1914  0  0 100  0  0
 0  0   3976 389462912      0 1199456    0    0     4     0 1993 2019  1  0 99  0  0
 0  0   3976 389498432      0 1199840    0    0     4    12 1530 2736  0  0 100  0  0
 1  0   3976 389501312      0 1199848    0    0     0     0 1071 1883  0  0 100  0  0
 0  0   3976 389508896      0 1200344    0    0     0     0 1913 1856  0  0 100  0  0
 0  0   3976 389503712      0 1200768    0    0     0     0 1376 2063  0  0 100  0  0
 0  0   3976 389504480      0 1200836    0    0     0     0 1175 1983  0  0 100  0  0
 0  0   3976 389504000      0 1200908    0    0     0     0 1123 2015  0  0 100  0  0
 0  0   3976 389594304      0 1202356    0    0     0     8 2176 2201  0  0 100  0  0
 0  0   3976 389595328      0 1202500    0    0    72 10388 1084 1908  0  0 100  0  0
 0  0   3976 389596064      0 1202504    0    0     0     0 1023 1905  0  0 100  0  0
 0  0   3976 389594848      0 1202572    0    0     0    12 1039 1914  0  0 100  0  0
 0  0   3976 389585024      0 1202848    0    0    16     0 1505 2705  0  0 100  0  0
 0  0   3976 389585536      0 1202924    0    0     0   376 1107 1981  0  0 100  0  0
 0  0   3976 389586304      0 1203024    0    0   100   424 1088 1912  0  0 100  0  0
 0  0   3976 389586336      0 1203164    0    0     0     0 1372 2163  0  0 100  0  0
 0  0   3976 389586592      0 1203164    0    0     0     0 1094 1718  0  0 100  0  0
procs -----------memory---------- ---swap-- -----io---- -system-- ------cpu-----
 r  b   swpd   free   buff  cache   si   so    bi    bo   in   cs us sy id wa st
 0  0   3976 389587136      0 1203236    0    0     0     0 1082 1923  0  0 100  0  0
 1  0   3976 389533504      0 1203236    0    0     0     0 2977 2209  1  0 99  0  0
 0  0   3976 389479008      0 1197156    0    0     0     0 2376 2201  2  0 98  0  0
 0  0   3976 389478784      0 1197156    0    0     0  4608 1087 1952  0  0 100  0  0
 0  0   3976 389480576      0 1197232    0    0     0     0 1392 1969  1  0 99  0  0
 0  0   3976 389482368      0 1197232    0    0     0     0 1420 2199  0  0 100  0  0
 0  0   3976 389482880      0 1197304    0    0     0     0 1021 1909  0  0 100  0  0
 0  0   3976 389483648      0 1197308    0    0     0    60  994 1761  0  0 100  0  0
 0  0   3976 389484416      0 1197444    0    0     0  6636 1161 1750  0  0 100  0  0
 1  0   3976 389488064      0 1197444    0    0     0   780 1159 2009  0  0 100  0  0
20  0   3976 389453600      0 1197516    0    0     0     0 4156 14607  2  0 98  0  0
27  0   3976 389464672      0 1197584    0    0    64     0 12935 54821  6  1 92  0  0
15  0   3976 389466816      0 1197888    0    0     0   252 12458 54430  6  1 93  0  0
 2  0   3976 389431968      0 1198240    0    0     0   196 12845 55838  6  1 92  0  0
16  0   3976 389484960      0 1198988    0    0    16     0 13039 55334  6  1 92  0  0
29  0   3976 389496736      0 1199692    0    0     0   252 12807 54781  6  1 93  0  0
 1  0   3976 389490880      0 1200444    0    0    16    16 13367 56991  6  1 92  0  0
25  0   3976 389499520      0 1200760    0    0     0     4 12613 54953  6  1 93  0  0
27  0   3976 389498944      0 1201356    0    0   128     8 13097 54904  6  1 93  0  0
25  0   3976 389484416      0 1202224    0    0    96  3412 12810 56639  7  1 92  0  0
23  0   3976 389487040      0 1202628    0    0     0     0 12483 54471  6  1 93  0  0
procs -----------memory---------- ---swap-- -----io---- -system-- ------cpu-----
 r  b   swpd   free   buff  cache   si   so    bi    bo   in   cs us sy id wa st
26  0   3976 389534528      0 1204664    0    0     0    12 13451 54548  7  1 92  0  0
29  0   3976 389533856      0 1205444    0    0     0     0 12517 56550  6  1 92  0  0
29  0   3976 389530560      0 1205760    0    0     0     8 12269 54668  6  1 93  0  0
15  0   3976 389467200      0 1206920    0    0     0     0 12584 53782  7  1 92  0  0
21  0   3976 389470080      0 1207888    0    0   236    20 14149 57616  7  1 92  0  0
25  0   3976 389475424      0 1208296    0    0     0    52 12407 54919  6  1 93  0  0
15  0   3976 389486336      0 1208684    0    0     0   788 12244 54771  6  1 93  0  0
22  0   3976 389467136      0 1210008    0    0    64     0 13635 56614  7  1 92  0  0
32  0   3976 389506112      0 1210392    0    0     0  8348 12395 54731  6  1 93  0  0
28  0   3976 389511104      0 1210792    0    0     0     0 12135 54509  6  1 93  0  0
21  0   3976 389538560      0 1214288    0    0     0    12 13104 54338  7  1 92  0  0
22  0   3976 389533312      0 1214688    0    0    16     0 12366 55727  6  1 92  0  0
22  0   3976 389568128      0 1215004    0    0     0    12 13118 54890  6  1 92  0  0
26  0   3976 389589824      0 1215408    0    0     0     0 12708 55467  6  1 92  0  0
20  0   3976 389556448      0 1215724    0    0     0     8 12913 54941  6  1 92  0  0
 2  0   3976 389522720      0 1216980    0    0     0     0 12946 55933  7  1 92  0  0
34  0   3976 389524288      0 1217708    0    0     0     0 12733 54921  6  1 92  0  0
22  0   3976 389523744      0 1218640    0    0     0    72 12717 54742  6  1 92  0  0
18  0   3976 389561664      0 1219032    0    0     0     4 13200 56403  6  1 92  0  0
 2  0   3976 389578144      0 1219724    0    0    32  8596 10963 40627  5  1 94  0  0
 0  0   3976 389718720      0 1225976    0    0   996     8 3540 3769  2  0 97  0  0
procs -----------memory---------- ---swap-- -----io---- -system-- ------cpu-----
 r  b   swpd   free   buff  cache   si   so    bi    bo   in   cs us sy id wa st
 0  0   3976 389710432      0 1226964    0    0    16     0 1490 1812  0  0 100  0  0
