procs -----------memory---------- ---swap-- -----io---- -system-- ------cpu-----
 r  b   swpd   free   buff  cache   si   so    bi    bo   in   cs us sy id wa st
 4  0   3976 390584480      0 1032560    0    0     2     2    0    0  0  0 100  0  0
 1  0   3976 390526240      0 1071500    0    0  1464     0 9438 6754  1  1 98  0  0
 3  0   3976 390484704      0 1099284    0    0   332     0 10785 6409  1  1 98  0  0
 3  0   3976 390410688      0 1140080    0    0 41344 90456 9455 8438  1  1 97  1  0
 1  0   3976 390382688      0 1155544    0    0 17600    44 7362 8308  3  0 96  0  0
 1  0   3976 390273440      0 1168616    0    0 12956    32 4483 5668  3  0 97  0  0
 0  0   3976 390213024      0 1172908    0    0  3852     4 3859 3729  3  0 97  0  0
60  0   3976 390145504      0 1183844    0    0 11012    48 4491 41850  2  0 98  0  0
55  0   3976 390117440      0 1190568    0    0  6156   520 12870 354241  6  1 93  0  0
40  0   3976 390071040      0 1191336    0    0   552 27484 16380 407333  6  1 92  0  0
32  0   3976 390033696      0 1191972    0    0   364    88 17524 174386  7  1 92  0  0
71  0   3976 390005824      0 1193088    0    0   908    52 16678 571341  6  2 93  0  0
68  0   3976 390004224      0 1193620    0    0   448    20 20371 183970  6  1 93  0  0
28  0   3976 389997536      0 1193928    0    0   100    60 20218 297910  5  1 94  0  0
19  0   3976 389902464      0 1194656    0    0   224     0 15984 223286  5  1 93  0  0
60  0   3976 389831360      0 1195276    0    0   168    60 12737 100412  6  1 93  0  0
33  0   3976 389836896      0 1196108    0    0   260   140 14376 381157  5  1 93  0  0
74  0   3976 389822304      0 1196312    0    0     0    76 16697 126953  6  1 93  0  0
74  0   3976 389818528      0 1197708    0    0   108   340 22020 255867  6  1 93  0  0
58  0   3976 389835072      0 1197908    0    0     0     0 12143 391600  5  1 93  0  0
70  0   3976 389824704      0 1198188    0    0     0     8 18138 169326  6  1 93  0  0
procs -----------memory---------- ---swap-- -----io---- -system-- ------cpu-----
 r  b   swpd   free   buff  cache   si   so    bi    bo   in   cs us sy id wa st
29  0   3976 389803776      0 1198708    0    0    92    48 15234 305659  5  1 93  0  0
46  0   3976 389779808      0 1199892    0    0   600     8 14353 386798  5  1 93  0  0
18  0   3976 389776576      0 1200236    0    0    96    40 18626 394093  6  1 93  0  0
33  0   3976 389773024      0 1200480    0    0     0     4 15556 103324  6  1 94  0  0
17  0   3976 389787200      0 1200912    0    0   244    76 12889 197023  5  1 93  0  0
31  0   3976 389777920      0 1201756    0    0     0     0 19070 342125  6  1 93  0  0
45  0   3976 389630112      0 1202576    0    0    16    52 17189 454731  5  2 93  0  0
 1  0   3976 389632672      0 1204240    0    0    16     8 18455 237100  5  1 93  0  0
80  0   3976 389636960      0 1204444    0    0    20    84 17243 197758  5  1 93  0  0
80  0   3976 389626240      0 1204716    0    0     0   300 14691 338322  5  1 93  0  0
66  0   3976 389614592      0 1204928    0    0     0    52 14279 281928  5  1 93  0  0
 4  0   3976 389586080      0 1205784    0    0   428     8 16313 132816  6  1 93  0  0
65  0   3976 389542848      0 1207128    0    0    80    52 16981 298522  5  1 93  0  0
69  0   3976 389466560      0 1207640    0    0    20   196 22276 187227  5  1 93  0  0
66  0   3976 389471360      0 1207916    0    0    68    40 18742 725591  5  2 94  0  0
75  0   3976 389466624      0 1208180    0    0     0    24 19546 230908  5  1 93  0  0
80  0   3976 389465632      0 1208568    0    0   240     0 19275 262364  5  1 94  0  0
29  0   3976 389446624      0 1210168    0    0     0    12 19278 292070  5  1 94  0  0
46  0   3976 389459520      0 1213340    0    0    84   300 13730 325597  5  1 93  0  0
13  0   3976 389509376      0 1213792    0    0    16     0 19237 295236  5  1 93  0  0
59  0   3976 389441760      0 1215120    0    0   112     8 16616 249866  6  1 93  0  0
procs -----------memory---------- ---swap-- -----io---- -system-- ------cpu-----
 r  b   swpd   free   buff  cache   si   so    bi    bo   in   cs us sy id wa st
 2  0   3976 389444832      0 1215324    0    0     0    20 20038 389927  5  1 94  0  0
73  0   3976 389507040      0 1216392    0    0   540     8 16530 337596  5  1 93  0  0
50  0   3976 389521408      0 1216908    0    0    16     0 16349 189667  6  1 93  0  0
20  0   3976 389530048      0 1217120    0    0     0   636 17607 563241  5  2 94  0  0
40  0   3976 389526624      0 1217324    0    0     0     0 14821 357547  5  1 93  0  0
 6  0   3976 389535872      0 1217528    0    0     0     8 12636 402337  5  1 93  0  0
24  0   3976 389547264      0 1219128    0    0     0  1020 13335 247455  6  1 93  0  0
39  0   3976 389588832      0 1219400    0    0     0   876 12513 182930  6  1 93  0  0
64  0   3976 389597984      0 1219604    0    0     0  2284 13025 334075  5  1 94  0  0
 3  0   3976 389606400      0 1219840    0    0     0     8 15520 415688  5  1 94  0  0
76  0   3976 389668736      0 1220460    0    0    96     0 18328 277470  6  1 93  0  0
26  0   3976 389654432      0 1220852    0    0   120    12 16200 398175  5  1 93  0  0
78  0   3976 389630016      0 1221112    0    0    52    20 12588 239571  5  1 93  0  0
 1  0   3976 389601344      0 1194804    0    0   532  1244 13961 153425  6  1 93  0  0
 2  0   3976 389603008      0 1195076    0    0    64     0 14640 184556  5  1 94  0  0
 1  0   3976 389567328      0 1195992    0    0    92     8 16784 199299  6  1 93  0  0
 1  0   3976 389565632      0 1198100    0    0   212     4 17754 326921  6  1 93  0  0
19  0   3976 389556512      0 1198376    0    0     0     8 11787 63882  6  1 94  0  0
83  0   3976 389543168      0 1198964    0    0     0  3684 14183 569773  5  2 93  0  0
58  0   3976 389544128      0 1199172    0    0    20     0 12146 76307  5  1 94  0  0
75  0   3976 389550624      0 1199312    0    0     0   264 22248 277081  5  1 93  0  0
procs -----------memory---------- ---swap-- -----io---- -system-- ------cpu-----
 r  b   swpd   free   buff  cache   si   so    bi    bo   in   cs us sy id wa st
56  0   3976 389565280      0 1200104    0    0   512     0 13631 169461  5  1 93  0  0
32  0   3976 389557536      0 1200316    0    0     0   252 15216 537303  5  1 94  0  0
21  0   3976 389559456      0 1201172    0    0    16  2980 16656 295553  6  1 93  0  0
90  0   3976 389570208      0 1201696    0    0    16     4 12050 164459  6  1 93  0  0
77  0   3976 389606528      0 1201904    0    0     0   220 13445 221001  6  1 93  0  0
19  0   3976 389574560      0 1204396    0    0   148     4 17785 441356  5  1 93  0  0
55  0   3976 389587392      0 1205196    0    0    32     0 14049 241215  6  1 93  0  0
36  0   3976 389603552      0 1205404    0    0     4  2796 14016 206037  5  1 94  0  0
69  0   3976 389596768      0 1206028    0    0    96     8 18764 487065  5  2 93  0  0
80  0   3976 389600320      0 1206228    0    0     0    20 14483 448505  5  1 93  0  0
58  0   3976 389602016      0 1207260    0    0     0     0 18736 452373  5  2 93  0  0
 1  0   3976 389589728      0 1207468    0    0     0     0 16262 304193  5  1 93  0  0
10  0   3976 389601376      0 1207672    0    0     0  3076 11606 421721  5  1 93  0  0
23  0   3976 389586400      0 1207876    0    0     0     0 17709 152659  5  1 94  0  0
20  0   3976 389646336      0 1208080    0    0     0    24 15623 286947  5  1 93  0  0
86  0   3976 389600448      0 1209800    0    0   128   168 17174 1048391  5  2 93  0  0
59  0   3976 389502048      0 1207124    0    0   128  1080 21804 809354  6  2 92  0  0
 1  0   3976 389452256      0 1207612    0    0     0     0 12959 683397  5  2 94  0  0
 2  0   3976 389473280      0 1207808    0    0     0     8 15051 146356  6  1 93  0  0
 1  0   3976 389470272      0 1208616    0    0    16     0 20926 293313  6  1 93  0  0
 1  0   3976 389474816      0 1208832    0    0     0    12 12979 286306  5  1 93  0  0
procs -----------memory---------- ---swap-- -----io---- -system-- ------cpu-----
 r  b   swpd   free   buff  cache   si   so    bi    bo   in   cs us sy id wa st
34  0   3976 389482912      0 1209036    0    0     0    12 14083 125633  5  1 94  0  0
23  0   3976 389456864      0 1209716    0    0   180  1344 19179 335119  5  1 93  0  0
16  0   3976 389473504      0 1210312    0    0    68     8 12664 167422  6  1 93  0  0
50  0   3976 389535136      0 1210548    0    0    16     0 15285 194753  6  1 93  0  0
61  0   3976 389585408      0 1212144    0    0     0     8 15292 216045  6  1 93  0  0
32  0   3976 389615424      0 1212420    0    0     0     0 16254 310032  5  1 94  0  0
15  0   3976 389606720      0 1212952    0    0     0    32 15617 210465  5  1 93  0  0
 2  0   3976 389556640      0 1213160    0    0     0  2512 18483 171402  6  1 93  0  0
69  0   3976 389566496      0 1213708    0    0     0     8 14199 131581  6  1 93  0  0
51  0   3976 389555296      0 1214568    0    0     0     0 15626 197106  6  1 93  0  0
72  0   3976 389565824      0 1214848    0    0    16   248 11499 259640  5  1 94  0  0
82  0   3976 389550560      0 1215372    0    0    16    16 16799 421759  6  1 93  0  0
43  0   3976 389569952      0 1215932    0    0     0  1452 13060 296255  6  1 93  0  0
58  0   3976 389569216      0 1216436    0    0     0     0 14946 271318  5  1 93  0  0
71  0   3976 389532416      0 1218648    0    0    16   220 22048 248882  6  1 93  0  0
43  0   3976 389523456      0 1220472    0    0  1072     0 16909 409134  6  2 93  0  0
61  0   3976 389523200      0 1220672    0    0     0     8 12906 118980  5  1 94  0  0
25  0   3976 389508416      0 1221200    0    0     0  3032 11614 223660  6  1 93  0  0
75  0   3976 389501600      0 1221788    0    0     0    12 14366 327968  5  1 93  0  0
54  0   3976 389490464      0 1221996    0    0     0     0 21095 349797  5  1 93  0  0
 1  0   3976 389495008      0 1222216    0    0    16     8 15822 394538  5  1 94  0  0
procs -----------memory---------- ---swap-- -----io---- -system-- ------cpu-----
 r  b   swpd   free   buff  cache   si   so    bi    bo   in   cs us sy id wa st
30  0   3976 389499328      0 1223128    0    0     0     0 13814 84757  6  1 93  0  0
17  0   3976 389565344      0 1223324    0    0    20  2104 13864 262042  5  1 94  0  0
84  0   3976 389564672      0 1223848    0    0     0     0 20364 281208  5  1 93  0  0
30  0   3976 389543840      0 1225444    0    0     0    16 13889 188798  6  1 93  0  0
72  0   3976 389529728      0 1226368    0    0     0   560 23401 303018  5  1 93  0  0
 1  0   3976 389521600      0 1226576    0    0     0  1408 19831 578994  5  2 94  0  0
32  0   3976 389536192      0 1226784    0    0     0  6660 15147 129813  6  1 93  0  0
39  0   3976 389523648      0 1227020    0    0     0     0 15124 328838  6  1 93  0  0
33  0   3976 389519616      0 1227608    0    0    32     8 16271 159427  6  1 93  0  0
40  0   3976 389528256      0 1228012    0    0   192     4 17585 220484  5  1 93  0  0
29  0   3976 389524224      0 1228552    0    0    16     8 16038 181591  6  1 93  0  0
41  0   3976 389521600      0 1228828    0    0     0  2272 16132 306801  5  1 93  0  0
59  0   3976 389524384      0 1229400    0    0     0     0 16766 269803  5  1 93  0  0
67  0   3976 389527168      0 1231032    0    0     0    12 16915 619243  5  2 93  0  0
50  0   3976 389523968      0 1231372    0    0    64     0 13639 293766  5  1 93  0  0
67  0   3976 389532096      0 1231968    0    0    64     4 17441 139927  6  1 93  0  0
64  0   3976 389541824      0 1232820    0    0     0  1792 16386 291551  6  1 93  0  0
63  0   3976 389538400      0 1233028    0    0    16     0 16677 222733  5  1 94  0  0
50  0   3976 389524864      0 1233336    0    0     0     8 18350 241629  5  1 94  0  0
86  0   3976 389518464      0 1233540    0    0     0     0 14036 135430  6  1 93  0  0
45  0   3976 389516064      0 1234360    0    0    16   264 11365 80689  6  1 93  0  0
procs -----------memory---------- ---swap-- -----io---- -system-- ------cpu-----
 r  b   swpd   free   buff  cache   si   so    bi    bo   in   cs us sy id wa st
19  0   3976 389520128      0 1234568    0    0     0  3172 20382 366946  5  1 94  0  0
 0  0   3976 389579712      0 1235052    0    0   284   332 10827 198366  5  1 94  0  0
 0  0   3976 389585856      0 1237136    0    0     0     4 1599 2114  1  0 99  0  0
 0  0   3976 389587136      0 1237252    0    0     0   196 1239 1895  0  0 100  0  0
 0  0   3976 389536256      0 1237656    0    0    16    56 1311 2072  0  0 100  0  0
 1  0   3976 389536256      0 1238032    0    0     0     0 1071 1748  0  0 100  0  0
 0  0   3976 389537568      0 1238080    0    0     4  3616 1586 2657  0  0 100  0  0
 0  0   3976 389613504      0 1238128    0    0     0     0 1387 2251  0  0 100  0  0
 0  0   3976 389617120      0 1238248    0    0     0     0 1166 2049  0  0 100  0  0
 0  0   3976 389622336      0 1238208    0    0     0     0 1196 2032  0  0 100  0  0
 0  0   3976 389622848      0 1238252    0    0     0     0 1110 1955  0  0 100  0  0
 0  0   3976 389614848      0 1238628    0    0     0  1804 1328 2148  0  0 100  0  0
 0  0   3976 389615104      0 1239332    0    0     0   100 1224 2065  0  0 100  0  0
 0  0   3976 389615392      0 1239448    0    0     0   480 1283 1927  0  0 100  0  0
 0  0   3976 389615680      0 1239492    0    0     0     0 1038 1880  0  0 100  0  0
 0  0   3976 389616704      0 1239548    0    0     0   708 1133 2073  0  0 100  0  0
 0  0   3976 389617216      0 1239592    0    0     0  3108 1503 2705  0  0 100  0  0
 0  0   3976 389617248      0 1239772    0    0   128     0 1040 1881  0  0 100  0  0
 0  0   3976 389582240      0 1240096    0    0     4     4 1207 1853  0  0 100  0  0
 0  0   3976 389582752      0 1240136    0    0     0     0 1092 1906  0  0 100  0  0
 0  0   3976 389587776      0 1240188    0    0     0     0 1589 2012  0  0 100  0  0
procs -----------memory---------- ---swap-- -----io---- -system-- ------cpu-----
 r  b   swpd   free   buff  cache   si   so    bi    bo   in   cs us sy id wa st
 0  0   3976 389588288      0 1240228    0    0     0  1272 1130 1898  0  0 100  0  0
 1  0   3976 389558560      0 1240280    0    0     0     0 1647 2002  1  0 99  0  0
 0  0   3976 389547808      0 1237840    0    0     0     0 2111 2104  1  0 99  0  0
 0  0   3976 389551776      0 1237888    0    0     0   140 1338 2067  0  0 100  0  0
 0  0   3976 389552320      0 1237936    0    0     0   532 1093 1767  0  0 100  0  0
 0  0   3976 389555360      0 1237984    0    0     0  2720 1237 2194  0  0 100  0  0
 0  0   3976 389558176      0 1238028    0    0     0    52  979 1733  0  0 100  0  0
 0  0   3976 389558688      0 1238080    0    0     0   212 1101 2040  0  0 100  0  0
 0  0   3976 389558976      0 1238124    0    0     0     0 1072 1857  0  0 100  0  0
 0  0   3976 389559456      0 1238172    0    0     0     4 1066 1851  0  0 100  0  0
69  0   3976 389571328      0 1238224    0    0     0  1108 3222 21065  1  0 98  0  0
48  0   3976 389572608      0 1238344    0    0    64    24 14818 263913  5  1 93  0  0
55  0   3976 389564128      0 1239016    0    0     0     0 15990 384109  6  1 93  0  0
31  0   3976 389591264      0 1239288    0    0    64     0 17289 339400  5  1 93  0  0
 1  0   3976 389638112      0 1239488    0    0     0     0 12733 412934  5  1 93  0  0
16  0   3976 389635552      0 1239700    0    0     0  2028 18072 96502  6  1 93  0  0
 1  0   3976 389683264      0 1240252    0    0     0     4 15032 456498  5  1 93  0  0
54  0   3976 389699008      0 1240456    0    0     0    12 11176 520990  5  1 93  0  0
66  0   3976 389701568      0 1240972    0    0     0     8 17136 339751  5  1 93  0  0
78  0   3976 389646688      0 1241524    0    0     0     0 16348 173842  6  1 93  0  0
66  0   3976 389642432      0 1241792    0    0    16   556 14802 276739  6  1 93  0  0
procs -----------memory---------- ---swap-- -----io---- -system-- ------cpu-----
 r  b   swpd   free   buff  cache   si   so    bi    bo   in   cs us sy id wa st
57  0   3976 389634368      0 1242744    0    0     0    28 16647 731134  5  2 93  0  0
66  0   3976 389629376      0 1243320    0    0     0   532 13829 191570  6  1 93  0  0
46  0   3976 389639072      0 1243520    0    0     0    16 21798 337635  5  1 94  0  0
55  0   3976 389644864      0 1244068    0    0    16     8 16095 184141  6  1 93  0  0
76  0   3976 389627232      0 1244756    0    0   136     4 20632 254878  6  1 93  0  0
45  0   3976 389622080      0 1245300    0    0    16     8 13564 365458  5  1 93  0  0
30  0   3976 389618368      0 1245508    0    0     0     8 17262 104059  6  1 93  0  0
17  0   3976 389625312      0 1245772    0    0     0     8 15367 467077  5  1 94  0  0
 9  0   3976 389605600      0 1245980    0    0     0     0 15824 237184  5  1 93  0  0
 1  0   3976 389569280      0 1246180    0    0     0    24 16738 216575  6  1 93  0  0
19  0   3976 389568320      0 1248128    0    0     0   364 16862 277858  5  1 93  0  0
 1  0   3976 389565792      0 1248796    0    0    92     8 14154 340623  5  1 93  0  0
 1  0   3976 389578144      0 1249012    0    0     0     4 17735 216628  5  1 93  0  0
19  0   3976 389584960      0 1249308    0    0     0     8 15680 163617  5  1 94  0  0
61  0   3976 389572384      0 1249868    0    0     0   220 16543 338026  6  1 93  0  0
27  0   3976 389563072      0 1250072    0    0     0  6024 15329 84362  5  1 94  0  0
28  0   3976 389554816      0 1250604    0    0    16     0 13890 296615  5  1 93  0  0
61  0   3976 389606272      0 1251144    0    0     0   260 20367 382904  5  1 93  0  0
78  0   3976 389628768      0 1251816    0    0     0     4 20376 293261  5  1 93  0  0
 3  0   3976 389633536      0 1251980    0    0    56     8 19235 585332  5  2 94  0  0
 0  0   3976 389815520      0 1256472    0    0   296    32 2805 3266  1  0 99  0  0
procs -----------memory---------- ---swap-- -----io---- -system-- ------cpu-----
 r  b   swpd   free   buff  cache   si   so    bi    bo   in   cs us sy id wa st
 0  0   3976 389814528      0 1257308    0    0   732     8 1429 1922  0  0 100  0  0
