[INFO] Scanning for projects...
[INFO] 
[INFO] ------------------------< org.acme:springboot3 >------------------------
[INFO] Building springboot3 1.0
[INFO]   from pom.xml
[INFO] --------------------------------[ jar ]---------------------------------
[INFO] 
[INFO] --- clean:3.4.1:clean (default-clean) @ springboot3 ---
[INFO] Deleting /home/hyperfoil/spring-quarkus-perf-comparison/spring-quarkus-perf-comparison/springboot3/target
[INFO] 
[INFO] --- properties:1.2.1:set-system-properties (default) @ springboot3 ---
[INFO] Set 1 system property
[INFO] 
[INFO] --- resources:3.3.1:resources (default-resources) @ springboot3 ---
[INFO] Copying 1 resource from src/main/resources to target/classes
[INFO] Copying 1 resource from src/main/resources to target/classes
[INFO] 
[INFO] --- compiler:3.14.0:compile (default-compile) @ springboot3 ---
[INFO] Recompiling the module because of changed source code.
[INFO] Compiling 8 source files with javac [debug parameters release 21] to target/classes
[INFO] 
[INFO] --- hibernate-enhance:6.6.29.Final:enhance (enhance) @ springboot3 ---
[INFO] Starting Hibernate enhancement for classes on /home/hyperfoil/spring-quarkus-perf-comparison/spring-quarkus-perf-comparison/springboot3/target/classes
[INFO] 
[INFO] --- spring-boot:3.5.6:process-aot (default-cli) @ springboot3 ---

  .   ____          _            __ _ _
 /\\ / ___'_ __ _ _(_)_ __  __ _ \ \ \ \
( ( )\___ | '_ | '_| | '_ \/ _` | \ \ \ \
 \\/  ___)| |_)| | | | | || (_| |  ) ) ) )
  '  |____| .__|_| |_|_| |_\__, | / / / /
 =========|_|==============|___/=/_/_/_/

 :: Spring Boot ::                (v3.5.6)

2025-10-20T12:56:29.528-04:00  INFO 94944 --- [           main] org.acme.SpringBoot3Application          : Starting SpringBoot3Application using Java 25 with PID 94944 (/home/hyperfoil/spring-quarkus-perf-comparison/spring-quarkus-perf-comparison/springboot3/target/classes started by hyperfoil in /home/hyperfoil/spring-quarkus-perf-comparison/spring-quarkus-perf-comparison/springboot3)
2025-10-20T12:56:29.530-04:00  INFO 94944 --- [           main] org.acme.SpringBoot3Application          : No active profile set, falling back to 1 default profile: "default"
2025-10-20T12:56:30.041-04:00  INFO 94944 --- [           main] .s.d.r.c.RepositoryConfigurationDelegate : Bootstrapping Spring Data JPA repositories in DEFAULT mode.
2025-10-20T12:56:30.076-04:00  INFO 94944 --- [           main] .s.d.r.c.RepositoryConfigurationDelegate : Finished Spring Data repository scanning in 29 ms. Found 1 JPA repository interface.
[INFO] 
[INFO] --- properties:1.2.1:set-system-properties (default) @ springboot3 ---
[INFO] Set 1 system property
[INFO] 
[INFO] --- resources:3.3.1:resources (default-resources) @ springboot3 ---
[INFO] Copying 1 resource from src/main/resources to target/classes
[INFO] Copying 1 resource from src/main/resources to target/classes
[INFO] 
[INFO] --- compiler:3.14.0:compile (default-compile) @ springboot3 ---
[INFO] Nothing to compile - all classes are up to date.
[INFO] 
[INFO] --- hibernate-enhance:6.6.29.Final:enhance (enhance) @ springboot3 ---
[INFO] Starting Hibernate enhancement for classes on /home/hyperfoil/spring-quarkus-perf-comparison/spring-quarkus-perf-comparison/springboot3/target/classes
[INFO] 
[INFO] --- resources:3.3.1:testResources (default-testResources) @ springboot3 ---
[INFO] Copying 1 resource from src/test/resources to target/test-classes
[INFO] 
[INFO] --- compiler:3.14.0:testCompile (default-testCompile) @ springboot3 ---
[INFO] Recompiling the module because of changed dependency.
[INFO] Compiling 5 source files with javac [debug parameters release 21] to target/test-classes
[INFO] 
[INFO] --- surefire:3.5.4:test (default-test) @ springboot3 ---
[WARNING]  Parameter 'systemProperties' is deprecated: Use systemPropertyVariables instead.
[INFO] Tests are skipped.
[INFO] 
[INFO] --- jar:3.4.2:jar (default-jar) @ springboot3 ---
[INFO] Building jar: /home/hyperfoil/spring-quarkus-perf-comparison/spring-quarkus-perf-comparison/springboot3/target/springboot3.jar
[INFO] 
[INFO] --- spring-boot:3.5.6:repackage (repackage) @ springboot3 ---
[INFO] Replacing main artifact /home/hyperfoil/spring-quarkus-perf-comparison/spring-quarkus-perf-comparison/springboot3/target/springboot3.jar with repackaged archive, adding nested dependencies in BOOT-INF/.
[INFO] The original artifact has been renamed to /home/hyperfoil/spring-quarkus-perf-comparison/spring-quarkus-perf-comparison/springboot3/target/springboot3.jar.original
[INFO] ------------------------------------------------------------------------
[INFO] BUILD SUCCESS
[INFO] ------------------------------------------------------------------------
[INFO] Total time:  5.473 s
[INFO] Finished at: 2025-10-20T12:56:32-04:00
[INFO] ------------------------------------------------------------------------
