13:45:40,065 INFO  (vert.x-eventloop-thread-0) [i.h.c.ControllerVerticle] Starting in directory /home/jenkins/spring-quarkus-perf-comparison/logs/hyperfoil/quarkus3-jvm-0...
13:45:40,233 INFO  (vert.x-eventloop-thread-0) [i.h.c.ControllerServer] Hyperfoil controller listening on http://127.0.0.1:32993
13:45:40,887 INFO  (vert.x-worker-thread-3) [i.h.c.u.PersistenceUtil] Stored benchmark 'load-test-fixed-threads-read-all' in /home/jenkins/spring-quarkus-perf-comparison/logs/hyperfoil/quarkus3-jvm-0/benchmark/load-test-fixed-threads-read-all.yaml
13:45:41,028 INFO  (vert.x-eventloop-thread-0) [i.h.c.u.PersistenceUtil] Stored benchmark 'load-test-fixed-threads-read-all' in /home/jenkins/spring-quarkus-perf-comparison/logs/hyperfoil/quarkus3-jvm-0/run/0000/load-test-fixed-threads-read-all.yaml
13:45:42,039 INFO  (vert.x-eventloop-thread-0) [i.h.c.ControllerVerticle] Starting benchmark load-test-fixed-threads-read-all - run 0000
13:45:42,040 INFO  (vert.x-eventloop-thread-2) [i.h.c.AgentVerticle] 4f51bf08-6d84-4ad5-bd5a-2d5718a003c8 Got reply from controller.
13:45:42,041 INFO  (vert.x-eventloop-thread-2) [i.h.c.AgentVerticle] Initializing agent
13:45:42,068 INFO  (vert.x-eventloop-thread-2) [i.h.h.c.HttpClientPoolImpl] Allocating 100 connections (max 100, buffer 0) in 2 executors to http://localhost:8080
13:45:42,192 INFO  (vert.x-eventloop-thread-2) [i.h.c.i.SimulationRunner] GC execution took 96 ms
13:45:42,192 INFO  (vert.x-eventloop-thread-2) [i.h.c.i.SimulationRunner] Overall GC run took 96 ms
13:45:42,197 INFO  (vert.x-eventloop-thread-2) [i.h.c.i.SimulationRunner] Simulation initialization took 123 ms
13:45:42,254 INFO  (vert.x-eventloop-thread-0) [i.h.c.ControllerPhase] 0000 warmup changing status NOT_STARTED to STARTING
13:45:42,261 INFO  (vert.x-eventloop-thread-0) [i.h.c.ControllerPhase] 0000 warmup changing status STARTING to RUNNING
13:47:42,254 INFO  (vert.x-eventloop-thread-0) [i.h.c.ControllerPhase] 0000 warmup changing status RUNNING to FINISHING
13:47:42,257 INFO  (vert.x-eventloop-thread-0) [i.h.c.ControllerPhase] 0000 warmup changing status FINISHING to FINISHED
13:47:42,258 INFO  (vert.x-eventloop-thread-0) [i.h.c.ControllerPhase] 0000 cooldown changing status NOT_STARTED to STARTING
13:47:42,259 INFO  (vert.x-eventloop-thread-0) [i.h.c.ControllerPhase] 0000 cooldown changing status STARTING to RUNNING
13:47:42,264 INFO  (vert.x-eventloop-thread-0) [i.h.c.ControllerVerticle] Run 0000: completing stats for phase warmup
13:47:42,277 INFO  (vert.x-eventloop-thread-0) [i.h.c.ControllerPhase] 0000 warmup changing status FINISHED to TERMINATED
13:48:12,259 INFO  (vert.x-eventloop-thread-0) [i.h.c.ControllerPhase] 0000 cooldown changing status RUNNING to FINISHING
13:48:12,259 INFO  (vert.x-eventloop-thread-0) [i.h.c.ControllerPhase] 0000 cooldown changing status FINISHING to FINISHED
13:48:12,260 INFO  (vert.x-eventloop-thread-0) [i.h.c.ControllerPhase] 0000 cooldown changing status FINISHED to TERMINATING
13:48:12,260 INFO  (vert.x-eventloop-thread-0) [i.h.c.ControllerVerticle] Run 0000: completing stats for phase cooldown
13:48:12,260 INFO  (vert.x-eventloop-thread-0) [i.h.c.ControllerPhase] 0000 cooldown changing status TERMINATING to TERMINATED
13:48:12,260 INFO  (vert.x-eventloop-thread-0) [i.h.c.ControllerPhase] 0000 logStart changing status NOT_STARTED to STARTING
13:48:12,261 INFO  (vert.x-eventloop-thread-0) [i.h.c.ControllerPhase] 0000 logStart changing status STARTING to RUNNING
13:48:12,262 INFO  (epollEventLoopGroup-2-1) [i.h.c.s.LogAction] loadTest started at 2026-06-02T13:48:12.261Z
13:48:12,262 INFO  (vert.x-eventloop-thread-0) [i.h.c.ControllerPhase] 0000 logStart changing status RUNNING to FINISHING
13:48:12,262 INFO  (vert.x-eventloop-thread-0) [i.h.c.ControllerPhase] 0000 logStart changing status FINISHING to FINISHED
13:48:12,262 INFO  (vert.x-eventloop-thread-0) [i.h.c.ControllerVerticle] Run 0000: completing stats for phase logStart
13:48:12,262 INFO  (vert.x-eventloop-thread-0) [i.h.c.ControllerPhase] 0000 logStart changing status FINISHED to TERMINATED
13:48:12,262 INFO  (vert.x-eventloop-thread-0) [i.h.c.ControllerPhase] 0000 loadTest changing status NOT_STARTED to STARTING
13:48:12,264 INFO  (vert.x-eventloop-thread-0) [i.h.c.ControllerPhase] 0000 loadTest changing status STARTING to RUNNING
13:48:42,262 INFO  (vert.x-eventloop-thread-0) [i.h.c.ControllerPhase] 0000 loadTest changing status RUNNING to FINISHING
13:48:42,263 INFO  (vert.x-eventloop-thread-0) [i.h.c.ControllerPhase] 0000 loadTest changing status FINISHING to FINISHED
13:48:42,267 INFO  (vert.x-eventloop-thread-0) [i.h.c.ControllerVerticle] Run 0000: completing stats for phase loadTest
13:48:42,273 INFO  (vert.x-eventloop-thread-0) [i.h.c.ControllerPhase] 0000 loadTest changing status FINISHED to TERMINATED
13:48:42,273 INFO  (vert.x-eventloop-thread-0) [i.h.c.ControllerVerticle] 0000 All phases are terminated.
13:48:42,274 INFO  (vert.x-eventloop-thread-2) [i.h.c.AgentVerticle] Received agent reset
13:48:42,274 INFO  (vert.x-eventloop-thread-0) [i.h.c.ControllerVerticle] Run 0000: completing stats for phase logStart
13:48:42,275 INFO  (vert.x-eventloop-thread-0) [i.h.c.ControllerVerticle] Run 0000: completing stats for phase cooldown
13:48:42,275 INFO  (vert.x-eventloop-thread-0) [i.h.c.ControllerVerticle] Run 0000: completing stats for phase loadTest
13:48:42,275 INFO  (vert.x-eventloop-thread-0) [i.h.c.ControllerVerticle] Run 0000: completing stats for phase warmup
13:48:42,282 INFO  (vert.x-eventloop-thread-0) [i.h.c.ControllerVerticle] Run 0000 completed
13:48:42,389 INFO  (vert.x-eventloop-thread-0) [i.h.c.ControllerVerticle] Successfully persisted run 0000
