[0.019s][warning][os] NUMA support disabled: The process memory and cpu node configuration does not match

  .   ____          _            __ _ _
 /\\ / ___'_ __ _ _(_)_ __  __ _ \ \ \ \
( ( )\___ | '_ | '_| | '_ \/ _` | \ \ \ \
 \\/  ___)| |_)| | | | | || (_| |  ) ) ) )
  '  |____| .__|_| |_|_| |_\__, | / / / /
 =========|_|==============|___/=/_/_/_/

 :: Spring Boot ::               (v3.5.13)

2026-04-17T13:28:29.737-04:00  INFO 943612 --- [springboot3] [           main] org.acme.SpringBoot3Application          : Starting SpringBoot3Application v1.0 using Java 25.0.2 with PID 943612 (/home/jenkins/spring-quarkus-perf-comparison/spring-quarkus-perf-comparison/builds/spring3-jvm/springboot3.jar started by jenkins in /home/jenkins/spring-quarkus-perf-comparison/spring-quarkus-perf-comparison/springboot3)
2026-04-17T13:28:29.758-04:00  INFO 943612 --- [springboot3] [           main] org.acme.SpringBoot3Application          : No active profile set, falling back to 1 default profile: "default"
2026-04-17T13:28:31.214-04:00  INFO 943612 --- [springboot3] [           main] .s.d.r.c.RepositoryConfigurationDelegate : Bootstrapping Spring Data JPA repositories in DEFAULT mode.
2026-04-17T13:28:31.279-04:00  INFO 943612 --- [springboot3] [           main] .s.d.r.c.RepositoryConfigurationDelegate : Finished Spring Data repository scanning in 52 ms. Found 1 JPA repository interface.
2026-04-17T13:28:32.151-04:00  INFO 943612 --- [springboot3] [           main] o.s.b.w.embedded.tomcat.TomcatWebServer  : Tomcat initialized with port 8080 (http)
2026-04-17T13:28:32.170-04:00  INFO 943612 --- [springboot3] [           main] o.apache.catalina.core.StandardService   : Starting service [Tomcat]
2026-04-17T13:28:32.171-04:00  INFO 943612 --- [springboot3] [           main] o.apache.catalina.core.StandardEngine    : Starting Servlet engine: [Apache Tomcat/10.1.53]
2026-04-17T13:28:32.228-04:00  INFO 943612 --- [springboot3] [           main] o.a.c.c.C.[Tomcat].[localhost].[/]       : Initializing Spring embedded WebApplicationContext
2026-04-17T13:28:32.228-04:00  INFO 943612 --- [springboot3] [           main] w.s.c.ServletWebServerApplicationContext : Root WebApplicationContext: initialization completed in 2399 ms
2026-04-17T13:28:32.839-04:00  INFO 943612 --- [springboot3] [           main] i.o.i.s.a.OpenTelemetryAutoConfiguration : OpenTelemetry Spring Boot starter (2.25.0) has been started
2026-04-17T13:28:33.330-04:00  INFO 943612 --- [springboot3] [           main] com.zaxxer.hikari.HikariDataSource       : HikariPool-1 - Starting...
2026-04-17T13:28:33.460-04:00  INFO 943612 --- [springboot3] [           main] com.zaxxer.hikari.pool.HikariPool        : HikariPool-1 - Added connection org.postgresql.jdbc.PgConnection@38c55a8a
2026-04-17T13:28:33.462-04:00  INFO 943612 --- [springboot3] [           main] com.zaxxer.hikari.HikariDataSource       : HikariPool-1 - Start completed.
2026-04-17T13:28:33.525-04:00  INFO 943612 --- [springboot3] [           main] o.hibernate.jpa.internal.util.LogHelper  : HHH000204: Processing PersistenceUnitInfo [name: default]
2026-04-17T13:28:33.599-04:00  INFO 943612 --- [springboot3] [           main] org.hibernate.Version                    : HHH000412: Hibernate ORM core version 6.6.45.Final
2026-04-17T13:28:33.643-04:00  INFO 943612 --- [springboot3] [           main] o.h.c.internal.RegionFactoryInitiator    : HHH000025: Second-level cache region factory [org.hibernate.cache.jcache.internal.JCacheRegionFactory]
2026-04-17T13:28:34.111-04:00  INFO 943612 --- [springboot3] [           main] o.s.o.j.p.SpringPersistenceUnitInfo      : No LoadTimeWeaver setup: ignoring JPA class transformer
2026-04-17T13:28:34.223-04:00  INFO 943612 --- [springboot3] [           main] org.hibernate.orm.connections.pooling    : HHH10001005: Database info:
	Database JDBC URL [Connecting through datasource 'io.opentelemetry.instrumentation.spring.autoconfigure.internal.instrumentation.jdbc.DataSourcePostProcessor$DataSource$$Wrapper: 0 interfaces []; 0 advisors []; targetSource [SingletonTargetSource for target object [com.zaxxer.hikari.HikariDataSource@102af1bb]]; proxyTargetClass=false; optimize=false; opaque=false; exposeProxy=false; frozen=false']
	Database driver: undefined/unknown
	Database version: 17.9
	Autocommit mode: undefined/unknown
	Isolation level: undefined/unknown
	Minimum pool size: undefined/unknown
	Maximum pool size: undefined/unknown
2026-04-17T13:28:35.368-04:00  INFO 943612 --- [springboot3] [           main] o.h.e.t.j.p.i.JtaPlatformInitiator       : HHH000489: No JTA platform available (set 'hibernate.transaction.jta.platform' to enable JTA platform integration)
2026-04-17T13:28:35.371-04:00  INFO 943612 --- [springboot3] [           main] j.LocalContainerEntityManagerFactoryBean : Initialized JPA EntityManagerFactory for persistence unit 'default'
2026-04-17T13:28:36.643-04:00  INFO 943612 --- [springboot3] [           main] o.s.b.a.e.web.EndpointLinksResolver      : Exposing 2 endpoints beneath base path '/actuator'
2026-04-17T13:28:36.730-04:00  INFO 943612 --- [springboot3] [           main] o.s.b.w.embedded.tomcat.TomcatWebServer  : Tomcat started on port 8080 (http) with context path '/'
2026-04-17T13:28:36.756-04:00  INFO 943612 --- [springboot3] [           main] org.acme.SpringBoot3Application          : Started SpringBoot3Application in 7.667 seconds (process running for 8.459)
2026-04-17T13:28:36.797-04:00  INFO 943612 --- [springboot3] [nio-8080-exec-1] o.a.c.c.C.[Tomcat].[localhost].[/]       : Initializing Spring DispatcherServlet 'dispatcherServlet'
2026-04-17T13:28:36.799-04:00  INFO 943612 --- [springboot3] [nio-8080-exec-1] o.s.web.servlet.DispatcherServlet        : Initializing Servlet 'dispatcherServlet'
2026-04-17T13:28:36.800-04:00  INFO 943612 --- [springboot3] [nio-8080-exec-1] o.s.web.servlet.DispatcherServlet        : Completed initialization in 1 ms
2026-04-17T13:28:37.227-04:00  INFO 943612 --- [springboot3] [ionShutdownHook] o.s.b.w.e.tomcat.GracefulShutdown        : Commencing graceful shutdown. Waiting for active requests to complete
2026-04-17T13:28:37.238-04:00  INFO 943612 --- [springboot3] [tomcat-shutdown] o.s.b.w.e.tomcat.GracefulShutdown        : Graceful shutdown complete
2026-04-17T13:28:37.244-04:00  INFO 943612 --- [springboot3] [ionShutdownHook] j.LocalContainerEntityManagerFactoryBean : Closing JPA EntityManagerFactory for persistence unit 'default'
2026-04-17T13:28:37.248-04:00  INFO 943612 --- [springboot3] [ionShutdownHook] com.zaxxer.hikari.HikariDataSource       : HikariPool-1 - Shutdown initiated...
2026-04-17T13:28:37.254-04:00  INFO 943612 --- [springboot3] [ionShutdownHook] com.zaxxer.hikari.HikariDataSource       : HikariPool-1 - Shutdown completed.
