[0.019s][warning][os] NUMA support disabled: The process memory and cpu node configuration does not match

  .   ____          _            __ _ _
 /\\ / ___'_ __ _ _(_)_ __  __ _ \ \ \ \
( ( )\___ | '_ | '_| | '_ \/ _` | \ \ \ \
 \\/  ___)| |_)| | | | | || (_| |  ) ) ) )
  '  |____| .__|_| |_|_| |_\__, | / / / /
 =========|_|==============|___/=/_/_/_/

 :: Spring Boot ::               (v3.5.13)

2026-04-17T13:50:34.139-04:00  INFO 958387 --- [springboot3] [           main] org.acme.SpringBoot3Application          : Starting SpringBoot3Application v1.0 using Java 25.0.2 with PID 958387 (/home/jenkins/spring-quarkus-perf-comparison/spring-quarkus-perf-comparison/springboot3/target/springboot3.jar started by jenkins in /home/jenkins/spring-quarkus-perf-comparison/spring-quarkus-perf-comparison/springboot3)
2026-04-17T13:50:34.155-04:00  INFO 958387 --- [springboot3] [           main] org.acme.SpringBoot3Application          : No active profile set, falling back to 1 default profile: "default"
2026-04-17T13:50:35.314-04:00  INFO 958387 --- [springboot3] [           main] .s.d.r.c.RepositoryConfigurationDelegate : Bootstrapping Spring Data JPA repositories in DEFAULT mode.
2026-04-17T13:50:35.364-04:00  INFO 958387 --- [springboot3] [           main] .s.d.r.c.RepositoryConfigurationDelegate : Finished Spring Data repository scanning in 40 ms. Found 1 JPA repository interface.
2026-04-17T13:50:35.960-04:00  INFO 958387 --- [springboot3] [           main] o.s.b.w.embedded.tomcat.TomcatWebServer  : Tomcat initialized with port 8080 (http)
2026-04-17T13:50:35.971-04:00  INFO 958387 --- [springboot3] [           main] o.apache.catalina.core.StandardService   : Starting service [Tomcat]
2026-04-17T13:50:35.971-04:00  INFO 958387 --- [springboot3] [           main] o.apache.catalina.core.StandardEngine    : Starting Servlet engine: [Apache Tomcat/10.1.53]
2026-04-17T13:50:35.995-04:00  INFO 958387 --- [springboot3] [           main] o.a.c.c.C.[Tomcat].[localhost].[/]       : Initializing Spring embedded WebApplicationContext
2026-04-17T13:50:35.996-04:00  INFO 958387 --- [springboot3] [           main] w.s.c.ServletWebServerApplicationContext : Root WebApplicationContext: initialization completed in 1770 ms
2026-04-17T13:50:36.386-04:00  INFO 958387 --- [springboot3] [           main] i.o.i.s.a.OpenTelemetryAutoConfiguration : OpenTelemetry Spring Boot starter (2.25.0) has been started
2026-04-17T13:50:36.702-04:00  INFO 958387 --- [springboot3] [           main] com.zaxxer.hikari.HikariDataSource       : HikariPool-1 - Starting...
2026-04-17T13:50:36.780-04:00  INFO 958387 --- [springboot3] [           main] com.zaxxer.hikari.pool.HikariPool        : HikariPool-1 - Added connection org.postgresql.jdbc.PgConnection@63485d7
2026-04-17T13:50:36.782-04:00  INFO 958387 --- [springboot3] [           main] com.zaxxer.hikari.HikariDataSource       : HikariPool-1 - Start completed.
2026-04-17T13:50:36.821-04:00  INFO 958387 --- [springboot3] [           main] o.hibernate.jpa.internal.util.LogHelper  : HHH000204: Processing PersistenceUnitInfo [name: default]
2026-04-17T13:50:36.875-04:00  INFO 958387 --- [springboot3] [           main] org.hibernate.Version                    : HHH000412: Hibernate ORM core version 6.6.45.Final
2026-04-17T13:50:36.910-04:00  INFO 958387 --- [springboot3] [           main] o.h.c.internal.RegionFactoryInitiator    : HHH000025: Second-level cache region factory [org.hibernate.cache.jcache.internal.JCacheRegionFactory]
2026-04-17T13:50:37.385-04:00  INFO 958387 --- [springboot3] [           main] o.s.o.j.p.SpringPersistenceUnitInfo      : No LoadTimeWeaver setup: ignoring JPA class transformer
2026-04-17T13:50:37.452-04:00  INFO 958387 --- [springboot3] [           main] org.hibernate.orm.connections.pooling    : HHH10001005: Database info:
	Database JDBC URL [Connecting through datasource 'io.opentelemetry.instrumentation.spring.autoconfigure.internal.instrumentation.jdbc.DataSourcePostProcessor$DataSource$$Wrapper: 0 interfaces []; 0 advisors []; targetSource [SingletonTargetSource for target object [com.zaxxer.hikari.HikariDataSource@125f16b2]]; proxyTargetClass=false; optimize=false; opaque=false; exposeProxy=false; frozen=false']
	Database driver: undefined/unknown
	Database version: 17.9
	Autocommit mode: undefined/unknown
	Isolation level: undefined/unknown
	Minimum pool size: undefined/unknown
	Maximum pool size: undefined/unknown
2026-04-17T13:50:38.198-04:00  INFO 958387 --- [springboot3] [           main] o.h.e.t.j.p.i.JtaPlatformInitiator       : HHH000489: No JTA platform available (set 'hibernate.transaction.jta.platform' to enable JTA platform integration)
2026-04-17T13:50:38.202-04:00  INFO 958387 --- [springboot3] [           main] j.LocalContainerEntityManagerFactoryBean : Initialized JPA EntityManagerFactory for persistence unit 'default'
2026-04-17T13:50:39.040-04:00  INFO 958387 --- [springboot3] [           main] o.s.b.a.e.web.EndpointLinksResolver      : Exposing 2 endpoints beneath base path '/actuator'
2026-04-17T13:50:39.107-04:00  INFO 958387 --- [springboot3] [           main] o.s.b.w.embedded.tomcat.TomcatWebServer  : Tomcat started on port 8080 (http) with context path '/'
2026-04-17T13:50:39.133-04:00  INFO 958387 --- [springboot3] [           main] org.acme.SpringBoot3Application          : Started SpringBoot3Application in 5.429 seconds (process running for 6.226)
2026-04-17T13:50:39.173-04:00  INFO 958387 --- [springboot3] [nio-8080-exec-1] o.a.c.c.C.[Tomcat].[localhost].[/]       : Initializing Spring DispatcherServlet 'dispatcherServlet'
2026-04-17T13:50:39.175-04:00  INFO 958387 --- [springboot3] [nio-8080-exec-1] o.s.web.servlet.DispatcherServlet        : Initializing Servlet 'dispatcherServlet'
2026-04-17T13:50:39.176-04:00  INFO 958387 --- [springboot3] [nio-8080-exec-1] o.s.web.servlet.DispatcherServlet        : Completed initialization in 1 ms
2026-04-17T13:50:39.586-04:00  INFO 958387 --- [springboot3] [ionShutdownHook] o.s.b.w.e.tomcat.GracefulShutdown        : Commencing graceful shutdown. Waiting for active requests to complete
2026-04-17T13:50:39.631-04:00  INFO 958387 --- [springboot3] [tomcat-shutdown] o.s.b.w.e.tomcat.GracefulShutdown        : Graceful shutdown complete
2026-04-17T13:50:39.638-04:00  INFO 958387 --- [springboot3] [ionShutdownHook] j.LocalContainerEntityManagerFactoryBean : Closing JPA EntityManagerFactory for persistence unit 'default'
2026-04-17T13:50:39.642-04:00  INFO 958387 --- [springboot3] [ionShutdownHook] com.zaxxer.hikari.HikariDataSource       : HikariPool-1 - Shutdown initiated...
2026-04-17T13:50:39.653-04:00  INFO 958387 --- [springboot3] [ionShutdownHook] com.zaxxer.hikari.HikariDataSource       : HikariPool-1 - Shutdown completed.
