procs -----------memory---------- ---swap-- -----io---- -system-- ------cpu-----
 r  b   swpd   free   buff  cache   si   so    bi    bo   in   cs us sy id wa st
 5  0   2184 390069632      0 1070272    0    0     2     2    0    0  0  0 100  0  0
 4  1   2184 389968832      0 1090132    0    0 18704     0 14726 11341  7  1 92  0  0
 4  0   2184 389893440      0 1097944    0    0  5792  1020 15411 12293  6  1 93  0  0
 5  0   2184 389808896      0 1119168    0    0 20884  4020 10448 8998  6  0 94  0  0
 5  0   2184 389802368      0 1133096    0    0 15836    40 7240 8293  6  0 94  0  0
 1  0   2184 389712192      0 1149080    0    0 19276    32 7004 7562  4  0 96  0  0
 0  0   2184 389643360      0 1152276    0    0  2880     4 2753 3016  2  0 98  0  0
 7  6   2184 389587680      0 1154928    0    0  2800   592 4949 10807  3  0 97  0  0
 7  0   2184 389547296      0 1157208    0    0   440   952 9428 12773  8  0 92  0  0
 8  0   2184 389527584      0 1157240    0    0     0     0 8592 12958  8  1 91  0  0
 9  0   2184 389474624      0 1161048    0    0  3780    56 11244 18437  9  1 90  0  0
 7  0   2184 389428064      0 1163428    0    0  1012    44 12185 26560  8  1 91  0  0
 6  0   2184 389395328      0 1163680    0    0   116    16 11900 30744  7  1 92  0  0
 8  0   2184 389391456      0 1163972    0    0   144  2480 11711 30875  7  1 92  0  0
 6  0   2184 389369056      0 1164612    0    0   416     0 11763 34972  7  1 92  0  0
 6  0   2184 389294368      0 1165520    0    0   408     0 12572 40572  7  1 92  0  0
 6  0   2184 389252256      0 1165740    0    0     0   108 11356 30688  6  1 93  0  0
 7  0   2184 389242624      0 1166264    0    0    88   304 11813 34434  6  1 93  0  0
 9  0   2184 389155040      0 1167904    0    0    44   996 13401 36665  8  1 91  0  0
 7  0   2184 389133856      0 1168636    0    0   204     0 13519 36997  8  1 91  0  0
 8  0   2184 389119712      0 1170220    0    0   564     8 13732 43464  8  1 91  0  0
procs -----------memory---------- ---swap-- -----io---- -system-- ------cpu-----
 r  b   swpd   free   buff  cache   si   so    bi    bo   in   cs us sy id wa st
 6  0   2184 389061600      0 1172096    0    0    36     0 13488 43072  7  1 91  0  0
 8  0   2184 389062464      0 1172428    0    0   136 44904 12998 46694  6  1 92  0  0
10  0   2184 389075840      0 1173036    0    0   376  2388 15531 59568  7  1 92  0  0
 6  0   2184 389071168      0 1173952    0    0   212     4 13120 49906  7  1 92  0  0
 8  0   2184 389109216      0 1174472    0    0   176    68 15035 61751  7  1 92  0  0
 7  0   2184 389109952      0 1174792    0    0    24    16 15223 66663  6  1 92  0  0
 9  0   2184 389091072      0 1175524    0    0     8  3992 18016 74278  7  2 91  0  0
 7  0   2184 388971040      0 1176324    0    0    60   100 18649 80942  7  2 91  0  0
 6  0   2184 388888352      0 1177512    0    0     0    52 18673 105088  7  2 91  0  0
 6  0   2184 388882944      0 1180460    0    0   480    24 18248 95736  7  2 91  0  0
 5  0   2184 388843808      0 1181540    0    0    68    60 19847 108239  7  2 91  0  0
 6  0   2184 388845184      0 1182096    0    0     0     0 18540 112632  6  2 91  0  0
 5  0   2184 388902944      0 1182772    0    0   120   252 19701 112335  7  2 91  0  0
 7  0   2184 388898720      0 1183412    0    0     0     8 19634 112867  7  2 91  0  0
 5  0   2184 388801824      0 1184856    0    0   124    40 19664 113982  7  2 91  0  0
 5  0   2184 388805504      0 1185492    0    0     0    24 18418 112447  6  2 91  0  0
 6  0   2184 388798752      0 1186136    0    0     0     4 18888 112988  7  2 91  0  0
 6  0   2184 388796128      0 1187324    0    0     8   308 20270 112958  8  2 90  0  0
 6  0   2184 388788480      0 1187876    0    0     0     8 18540 113915  6  2 91  0  0
 5  0   2184 388729280      0 1193804    0    0     0     4 22569 109998  8  2 89  0  0
 4  0   2184 388730816      0 1194448    0    0     0     0 18540 105528  6  2 91  0  0
procs -----------memory---------- ---swap-- -----io---- -system-- ------cpu-----
 r  b   swpd   free   buff  cache   si   so    bi    bo   in   cs us sy id wa st
 5  0   2184 388682784      0 1195636    0    0     0 21500 19486 108521  7  2 91  0  0
 5  0   2184 388681408      0 1196308    0    0   104   144 18058 111496  6  2 92  0  0
 6  0   2184 388715648      0 1196940    0    0     0     8 19269 113811  7  2 91  0  0
 7  0   2184 388668320      0 1199008    0    0   556     0 19570 114268  7  2 90  0  0
 5  0   2184 388649504      0 1199652    0    0     0     8 19393 114493  7  2 91  0  0
 6  0   2184 388602272      0 1201844    0    0     0   324 19410 113280  8  2 90  0  0
 4  0   2184 388602080      0 1201996    0    0    88   584 20935 113092  8  2 90  0  0
 4  0   2184 388604576      0 1202636    0    0     0    16 18642 114554  6  2 91  0  0
 7  0   2184 388560256      0 1208736    0    0   364     4 20950 114294  8  2 90  0  0
 7  0   2184 388561632      0 1209856    0    0     0     0 18925 110684  7  2 91  0  0
 9  0   2184 388639776      0 1210672    0    0   256     8 19420 106665  7  2 91  0  0
 6  0   2184 388763456      0 1211396    0    0    88 20328 21097 109752  7  2 91  0  0
 7  0   2184 388772864      0 1212188    0    0    64    28 20241 113975  7  2 91  0  0
 5  0   2184 388776768      0 1212880    0    0   128     0 19182 114403  6  2 91  0  0
 9  0   2184 388776160      0 1213520    0    0     0     8 18838 114202  7  2 91  0  0
10  0   2184 388768800      0 1214080    0    0     0     0 18884 113886  7  2 91  0  0
14  0   2184 388657472      0 1215304    0    0    64    24 20735 112136  8  2 90  0  0
 4  0   2184 388605152      0 1218016    0    0  1012     4 19849 110985  7  2 91  0  0
 9  0   2184 388598144      0 1223472    0    0     0   324 18312 87623  8  2 90  0  0
 6  0   2184 388592384      0 1224000    0    0    72     0 18436 94991  6  2 92  0  0
 5  0   2184 388591264      0 1224560    0    0    20   256 18973 112422  6  2 91  0  0
procs -----------memory---------- ---swap-- -----io---- -system-- ------cpu-----
 r  b   swpd   free   buff  cache   si   so    bi    bo   in   cs us sy id wa st
 4  0   2184 388599168      0 1225656    0    0     0   128 20025 103375  7  2 91  0  0
 5  0   2184 388736160      0 1226308    0    0     0     0 21912 111934  7  2 91  0  0
 4  0   2184 388610304      0 1227920    0    0    20     0 22099 112328  8  2 90  0  0
 6  0   2184 388608352      0 1228624    0    0    64     4 18719 111661  6  2 91  0  0
 4  0   2184 388546592      0 1230408    0    0     0   220 19074 113279  7  2 90  0  0
 5  0   2184 388509568      0 1231416    0    0     0 20188 19627 105727  8  2 90  0  0
 5  0   2184 388509248      0 1231896    0    0     0    24 18559 111807  6  2 92  0  0
 6  0   2184 388502976      0 1237468    0    0    20    12 19332 113181  8  2 90  0  0
10  0   2184 388501728      0 1238032    0    0     0     0 18696 112879  7  2 91  0  0
 4  0   2184 388503136      0 1238740    0    0    72    28 18881 111088  7  2 91  0  0
 7  0   2184 388502368      0 1239792    0    0     0   344 18283 111338  6  2 91  0  0
 4  0   2184 388551904      0 1240376    0    0     0    12 19079 114535  7  2 91  0  0
 9  0   2184 388653952      0 1241468    0    0     0     0 19499 112934  7  2 91  0  0
 8  0   2184 388519936      0 1243100    0    0     0     0 18679 112084  8  2 90  0  0
 6  0   2184 388516928      0 1244756    0    0     0   152 19393 113608  7  2 90  0  0
 7  0   2184 388569664      0 1245544    0    0     0   592 20401 114200  7  2 91  0  0
 5  0   2184 388562368      0 1246516    0    0     0     0 19509 113959  7  2 91  0  0
 8  0   2184 388453504      0 1253492    0    0   356    12 19863 113268  8  2 89  0  0
 6  0   2184 388456608      0 1254044    0    0     0     0 22842 112637  9  2 89  0  0
 8  0   2184 388468320      0 1254804    0    0   112     0 21258 112903  8  2 89  0  0
 6  0   2184 388370816      0 1246568    0    0   208   128 19599 110373  8  2 89  0  0
procs -----------memory---------- ---swap-- -----io---- -system-- ------cpu-----
 r  b   swpd   free   buff  cache   si   so    bi    bo   in   cs us sy id wa st
10  0   2184 388405504      0 1247716    0    0     0 28888 21212 113559  7  2 90  0  0
 6  0   2184 388411936      0 1248356    0    0     0     0 18921 115024  6  2 91  0  0
 6  0   2184 388413184      0 1248996    0    0     0     8 18587 113532  6  2 91  0  0
 5  0   2184 388537056      0 1249556    0    0     0     0 19934 114570  7  2 91  0  0
 5  0   2184 388520256      0 1251152    0    0     0     8 20061 115331  8  2 90  0  0
 7  0   2184 388524288      0 1251908    0    0   112  4836 19353 113339  7  2 91  0  0
10  0   2184 388463968      0 1257740    0    0    16    16 19062 115455  8  2 90  0  0
 8  0   2184 388428864      0 1258448    0    0    64    16 19080 113572  7  2 91  0  0
 4  0   2184 388447648      0 1259688    0    0     0   288 20457 115476  7  2 91  0  0
 5  0   2184 388516992      0 1260804    0    0     0   384 21190 111656  7  2 91  0  0
 5  0   2184 388584576      0 1261444    0    0     0     0 19772 114122  6  2 91  0  0
 7  0   2184 388579712      0 1262548    0    0     0     8 20007 114343  8  2 90  0  0
 5  0   2184 388532448      0 1263672    0    0     0    16 19380 113933  7  2 91  0  0
 8  0   2184 388546400      0 1264308    0    0     0     8 18509 115335  7  2 91  0  0
 6  0   2184 388542208      0 1265652    0    0     0   204 20187 101335  8  2 91  0  0
 5  0   2184 388537536      0 1266208    0    0     0 21696 18871 115670  6  2 91  0  0
 5  0   2184 388522464      0 1271500    0    0     0     4 19742 114018  8  2 90  0  0
 6  0   2184 388591808      0 1272128    0    0     0     8 19828 113604  7  2 91  0  0
 6  0   2184 388644992      0 1273364    0    0     0    20 20320 112722  7  2 91  0  0
 6  0   2184 388620192      0 1274012    0    0     0   128 18712 114225  6  2 91  0  0
 5  0   2184 388613504      0 1274560    0    0     0    20 19742 112915  7  2 91  0  0
procs -----------memory---------- ---swap-- -----io---- -system-- ------cpu-----
 r  b   swpd   free   buff  cache   si   so    bi    bo   in   cs us sy id wa st
 6  0   2184 388594304      0 1275828    0    0    16     0 19253 114864  7  2 91  0  0
 5  0   2184 388411008      0 1278072    0    0     0     0 19385 113426  8  2 90  0  0
 4  0   2184 388409152      0 1278720    0    0     0    60 18669 115258  6  2 91  0  0
 5  0   2184 388360288      0 1281000    0    0    16   396 20611 115298  8  2 90  0  0
 4  0   2184 388356512      0 1281640    0    0     0     0 19439 112986  7  2 91  0  0
 5  0   2184 388406848      0 1287124    0    0    96 18584 22183 114680  7  2 90  0  0
 5  0   2184 388485728      0 1288204    0    0     0     4 19371 104668  7  2 91  0  0
 6  0   2184 388485760      0 1289304    0    0     0     0 17188 100459  7  2 91  0  0
 6  0   2184 388530496      0 1289956    0    0     0   608 18926 102076  7  2 91  0  0
 4  0   2184 388594048      0 1290512    0    0     0     8 19603 113026  6  2 91  0  0
 5  0   2184 388594784      0 1291084    0    0     0     8 18862 113792  7  2 91  0  0
 6  0   2184 388582272      0 1292320    0    0    16     0 19564 113601  8  2 90  0  0
 5  0   2184 388482432      0 1293332    0    0     0     0 18808 115572  6  2 91  0  0
 8  0   2184 388480192      0 1294532    0    0     0     8 21078 111923  8  2 89  0  0
18  0   2184 388476896      0 1295176    0    0    16     4 18690 113852  6  2 91  0  0
 5  0   2184 388407776      0 1300464    0    0     0    24 19444 104300  8  2 90  0  0
 4  0   2184 388404704      0 1301720    0    0     0 19464 18882 107317  7  2 91  0  0
 5  0   2184 388392384      0 1303220    0    0     0     0 21580 114301  7  2 91  0  0
 4  0   2184 388444992      0 1303776    0    0     0   428 19686 114756  7  2 91  0  0
 5  0   2184 388460672      0 1305036    0    0     0   256 19606 113649  7  2 91  0  0
 6  0   2184 388419840      0 1306508    0    0     0     4 19480 113635  7  2 91  0  0
procs -----------memory---------- ---swap-- -----io---- -system-- ------cpu-----
 r  b   swpd   free   buff  cache   si   so    bi    bo   in   cs us sy id wa st
 4  0   2184 388455680      0 1307004    0    0     0     8 19478 115211  7  2 91  0  0
 7  0   2184 388484896      0 1307680    0    0    64     0 19090 114969  6  2 91  0  0
 6  0   2184 388503104      0 1308444    0    0     0     8 20475 115873  8  2 90  0  0
13  0   2184 388495616      0 1309564    0    0     0     0 20406 113049  7  2 90  0  0
 5  0   2184 388342272      0 1315360    0    0     0   220 19632 114584  8  2 90  0  0
 4  0   2184 388341088      0 1316040    0    0     0     8 18725 108369  6  2 91  0  0
 7  0   2184 388315232      0 1316676    0    0     0     8 18875 106332  7  2 91  0  0
 0  0   2184 388305824      0 1317612    0    0    48   132 13591 67641  6  1 93  0  0
 0  0   2184 388520896      0 1318100    0    0    32    64 1565 2334  0  0 100  0  0
 1  0   2184 388520224      0 1318440    0    0     0    20 2038 2018  1  0 99  0  0
 1  0   2184 388622304      0 1319604    0    0    28     0 3010 2250  1  0 99  0  0
 0  0   2184 388635328      0 1321168    0    0     0 23580 4532 2343  1  0 99  0  0
 0  0   2184 388635712      0 1321308    0    0     0   448 2432 2946  1  0 99  0  0
 0  0   2184 388634496      0 1321548    0    0   244     0 1063 1882  0  0 100  0  0
 0  0   2184 388651456      0 1326240    0    0     0     4 2963 2457  1  0 99  0  0
 0  0   2184 388651712      0 1326260    0    0     0     0  977 1724  0  0 100  0  0
 0  0   2184 388651872      0 1326292    0    0     0     0 1069 1851  0  0 100  0  0
 0  0   2184 388686592      0 1326608    0    0     0   132 1576 2229  0  0 100  0  0
 0  0   2184 388789760      0 1326696    0    0    64     4 1116 1984  0  0 100  0  0
 0  0   2184 388790784      0 1326860    0    0   128     0 1259 2249  0  0 100  0  0
 0  0   2184 388791776      0 1326888    0    0     0     0 1090 1971  0  0 100  0  0
procs -----------memory---------- ---swap-- -----io---- -system-- ------cpu-----
 r  b   swpd   free   buff  cache   si   so    bi    bo   in   cs us sy id wa st
 0  0   2184 388792288      0 1326912    0    0     0  9080 1066 1901  0  0 100  0  0
 0  0   2184 388792128      0 1327056    0    0     0     0 2195 2551  1  0 99  0  0
 0  0   2184 388793152      0 1327068    0    0     0     4 1128 1983  0  0 100  0  0
 1  0   2184 388840384      0 1327248    0    0     0    16 3892 2573  1  0 99  0  0
 1  0   2184 388835840      0 1327272    0    0     0     0 2311 2027  2  0 98  0  0
 1  0   2184 388706304      0 1334860    0    0     0     0 2451 2362  2  0 98  0  0
 0  0   2184 388695712      0 1317800    0    0     0   128 1006 1788  0  0 100  0  0
 0  0   2184 388695712      0 1317824    0    0     0     0  977 1813  0  0 100  0  0
 0  0   2184 388693760      0 1317852    0    0     0   284 1159 2187  0  0 100  0  0
 0  0   2184 388693760      0 1317876    0    0     0   264  980 1788  0  0 100  0  0
 0  0   2184 388693760      0 1317896    0    0     0     0 1018 1816  0  0 100  0  0
 0  0   2184 388693568      0 1318044    0    0     0 16508 2224 2655  1  0 99  0  0
 0  0   2184 388694080      0 1318064    0    0     0     0  983 1776  0  0 100  0  0
 0  0   2184 388694336      0 1318088    0    0     0     0 1154 2111  0  0 100  0  0
 0  0   2184 388687872      0 1321072    0    0  3160   224 2093 2196  0  0 100  0  0
 0  0   2184 388688352      0 1321100    0    0     0     0 1033 1853  0  0 100  0  0
 0  0   2184 388689408      0 1321124    0    0     0  1592 1096 1886  0  0 100  0  0
 0  0   2184 388690432      0 1321148    0    0     0     4  965 1747  0  0 100  0  0
 3  0   2184 388645952      0 1321176    0    0     0    60 4969 6696  3  0 97  0  0
 3  0   2184 388542848      0 1321508    0    0   132   968 9510 7069  3  1 96  0  0
 0  0   2184 388501856      0 1321540    0    0     0   156 3152 3041  2  0 98  0  0
procs -----------memory---------- ---swap-- -----io---- -system-- ------cpu-----
 r  b   swpd   free   buff  cache   si   so    bi    bo   in   cs us sy id wa st
 8  0   2184 388467296      0 1322312    0    0     0   420 9764 24605  4  1 95  0  0
 7  0   2184 388572736      0 1322348    0    0     0     0 24553 99737  8  2 90  0  0
 7  0   2184 388674112      0 1322724    0    0   136     0 24457 115841  8  2 89  0  0
 4  0   2184 388772640      0 1323284    0    0     0    44 20803 114131  7  2 90  0  0
 5  0   2184 388777472      0 1323848    0    0     0     0 20244 112808  7  2 90  0  0
 4  0   2184 388779456      0 1324488    0    0     4   628 19043 111517  7  2 91  0  0
 7  0   2184 388711776      0 1325460    0    0     0  2828 19264 112801  7  2 91  0  0
 9  0   2184 388677088      0 1326020    0    0     0     4 19453 115445  7  2 91  0  0
 9  0   2184 388672192      0 1326664    0    0     0     0 19711 113486  7  2 91  0  0
 6  0   2184 388674880      0 1327224    0    0     0     8 18761 115328  7  2 91  0  0
 9  0   2184 388633312      0 1328000    0    0     0    44 20801 115056  8  2 90  0  0
 8  0   2184 388610624      0 1329244    0    0     0     8 19657 113647  7  2 91  0  0
 4  0   2184 388407360      0 1334252    0    0     0  5044 20218 115018  8  2 90  0  0
 8  0   2184 388339200      0 1334816    0    0     0    12 19270 112762  7  2 91  0  0
 4  0   2184 388327552      0 1336468    0    0     0     8 20884 112815  7  2 90  0  0
 5  0   2184 388327616      0 1337116    0    0     0   176 19035 114826  6  2 91  0  0
 4  0   2184 388351456      0 1337668    0    0     0     8 20216 113894  7  2 91  0  0
 7  0   2184 388388000      0 1338788    0    0     0 11132 19952 114583  7  2 91  0  0
 5  0   2184 388392128      0 1339440    0    0     0   276 19410 114651  6  2 91  0  0
 4  0   2184 388365952      0 1341036    0    0     0   264 19566 114391  7  2 90  0  0
 7  0   2184 388290880      0 1342440    0    0   116     0 19998 114892  8  2 90  0  0
procs -----------memory---------- ---swap-- -----io---- -system-- ------cpu-----
 r  b   swpd   free   buff  cache   si   so    bi    bo   in   cs us sy id wa st
 5  0   2184 388290144      0 1342996    0    0     0    44 20077 113824  7  2 90  0  0
 5  0   2184 388293184      0 1349928    0    0     0    12 19353 110652  7  2 91  0  0
 5  0   2184 388354624      0 1351244    0    0    72     4 20015 114103  7  2 91  0  0
 4  0   2184 388374304      0 1351808    0    0     0   204 18819 113914  6  2 91  0  0
 5  0   2184 388491488      0 1352940    0    0     0   136 20530 115009  7  2 91  0  0
 6  0   2184 388494080      0 1353588    0    0     0     0 20034 115339  7  2 91  0  0
 7  0   2184 388494528      0 1354692    0    0     0    20 18669 113520  6  2 91  0  0
 4  0   2184 388470304      0 1355776    0    0     0 20044 18615 115237  7  2 91  0  0
 7  0   2184 388465600      0 1357020    0    0    16   232 19237 113085  7  2 91  0  0
 5  0   2184 388464704      0 1357848    0    0    68   488 20511 115229  7  2 91  0  0
 7  0   2184 388461312      0 1358412    0    0     0   308 19657 113620  7  2 91  0  0
 9  0   2184 388456352      0 1363736    0    0     0     4 19755 112935  8  2 90  0  0
 4  0   2184 388457472      0 1364400    0    0     0     0 19227 107031  7  2 91  0  0
 5  0   2184 388440736      0 1365552    0    0     0   156 19354 111584  7  2 91  0  0
 5  0   2184 388411680      0 1366756    0    0     0   132 19539 115708  7  2 91  0  0
 2  0   2184 388409440      0 1367872    0    0    32     0 15717 85285  6  2 92  0  0
 1  0   2184 388591808      0 1368860    0    0     0     8 1836 2488  0  0 99  0  0
 1  0   2184 388591808      0 1369236    0    0     0     0 1685 2427  0  0 100  0  0
 1  0   2184 388591584      0 1369292    0    0    36 16912 1506 2271  0  0 100  0  0
