procs -----------memory---------- ---swap-- -----io---- -system-- ------cpu-----
 r  b   swpd   free   buff  cache   si   so    bi    bo   in   cs us sy id wa st
 4  0   2184 390231296      0 1072816    0    0     2     2    0    0  0  0 100  0  0
 4  2   2184 390143648      0 1090308    0    0 16740  7904 14076 11594  5  1 94  0  0
 5  0   2184 390054848      0 1100192    0    0  8484 58832 17405 11741  6  1 92  0  0
 5  0   2184 389966432      0 1122160    0    0 20704     0 10879 9205  7  0 92  0  0
 6  0   2184 389942784      0 1134640    0    0 14244    52 8851 8888  8  0 92  0  0
 0  1   2184 389825632      0 1153316    0    0 19696    32 8328 8854  5  0 94  0  0
 0  0   2184 389774144      0 1157308    0    0  4648     4 3162 3395  2  0 98  0  0
 3  0   2184 389715744      0 1158944    0    0  2036  3052 3780 14887  3  0 97  0  0
79  0   2184 389680384      0 1161048    0    0  1236   720 7531 12681  7  0 93  0  0
59  0   2184 389678624      0 1161092    0    0     0     0 7033 50485  7  0 93  0  0
75  0   2184 389666752      0 1161136    0    0     0   108 7506 19508  7  0 93  0  0
85  0   2184 389618976      0 1161200    0    0    28    44 7696 13383  7  1 92  0  0
72  0   2184 389587904      0 1167124    0    0  4720   856 10576 48331  8  1 91  0  0
66  0   2184 389564352      0 1167692    0    0   440    52 9279 22130  8  1 91  0  0
67  0   2184 389547648      0 1168896    0    0     0     0 9400 17083  8  1 92  0  0
63  0   2184 389548032      0 1169060    0    0     0     8 9152 18024  7  1 93  0  0
63  0   2184 389450784      0 1170248    0    0   764   160 9548 18362  7  1 92  0  0
52  0   2184 389451552      0 1170284    0    0     0  2168 9125 18917  6  1 93  0  0
71  0   2184 389357312      0 1171024    0    0    16    72 9252 25615  6  1 93  0  0
60  0   2184 389352544      0 1171172    0    0     0     0 8908 19176  6  1 93  0  0
24  0   2184 389341984      0 1171772    0    0   428     0 9797 20832  6  1 93  0  0
procs -----------memory---------- ---swap-- -----io---- -system-- ------cpu-----
 r  b   swpd   free   buff  cache   si   so    bi    bo   in   cs us sy id wa st
62  0   2184 389342208      0 1171988    0    0    72     8 9463 202427  6  1 93  0  0
69  0   2184 389354624      0 1158536    0    0    12     0 11661 23376  7  1 92  0  0
63  0   2184 389350848      0 1160520    0    0  1580    48 10107 23423  6  1 93  0  0
68  0   2184 389309472      0 1161388    0    0   132     4 10424 24069  6  1 93  0  0
87  0   2184 389311136      0 1161724    0    0   184    68 9822 23668  6  1 93  0  0
65  0   2184 389312288      0 1161972    0    0     0     8 9446 23193  6  1 93  0  0
84  0   2184 389315424      0 1162264    0    0   100   140 9869 24731  6  1 93  0  0
64  0   2184 389317184      0 1162416    0    0     4    40 9615 38601  6  1 93  0  0
62  0   2184 389315200      0 1162660    0    0     0    44 10160 26133  6  1 93  0  0
67  0   2184 389301184      0 1163080    0    0   424    16 10236 68977  6  1 93  0  0
63  0   2184 389287296      0 1163356    0    0     4    56 10149 80544  6  1 93  0  0
64  0   2184 389293472      0 1164952    0    0     0     8 11282 27395  7  1 92  0  0
67  0   2184 389279488      0 1165408    0    0     0  6328 11237 43675  6  1 93  0  0
58  0   2184 389266400      0 1165960    0    0     0     4 10321 95432  6  1 93  0  0
61  0   2184 389256480      0 1166428    0    0    36    56 10029 60031  6  1 93  0  0
65  0   2184 389251552      0 1166896    0    0    16    12 10016 57108  6  1 93  0  0
70  0   2184 389246848      0 1167128    0    0     0   480 9747 63005  6  1 93  0  0
66  0   2184 389247296      0 1167504    0    0   160   852 9863 29727  6  1 93  0  0
69  0   2184 389220800      0 1168240    0    0     0     8 10097 61450  6  1 93  0  0
63  0   2184 389222464      0 1168556    0    0    64     0 9903 30799  6  1 93  0  0
60  0   2184 389208320      0 1169416    0    0     0    16 10324 31005  7  1 92  0  0
procs -----------memory---------- ---swap-- -----io---- -system-- ------cpu-----
 r  b   swpd   free   buff  cache   si   so    bi    bo   in   cs us sy id wa st
62  0   2184 389209856      0 1171064    0    0     0    16 11089 32760  7  1 92  0  0
64  0   2184 389160352      0 1171944    0    0     0     0 9884 32463  6  1 92  0  0
62  0   2184 389134752      0 1172468    0    0     0  7844 10057 33820  6  1 93  0  0
68  0   2184 389137344      0 1172704    0    0     0     0 9966 34786  6  1 93  0  0
58  0   2184 389135168      0 1172916    0    0     0     8 10053 35778  6  1 93  0  0
63  0   2184 389220032      0 1173592    0    0   488   128 10299 36975  6  1 93  0  0
66  0   2184 389182400      0 1173828    0    0    16   836 10246 38382  6  1 92  0  0
63  0   2184 389180736      0 1174864    0    0   384     8 10036 40198  6  1 93  0  0
60  0   2184 389096768      0 1176120    0    0   324     0 11887 42348  7  1 92  0  0
26  0   2184 389090560      0 1176784    0    0     0     8 11710 41041  7  1 92  0  0
64  0   2184 389090144      0 1181452    0    0    72     4 12997 45082  7  1 91  0  0
61  0   2184 389066304      0 1182156    0    0   396    20 11390 44097  6  1 93  0  0
62  0   2184 389065856      0 1182492    0    0     0     4 11333 45847  6  1 93  0  0
63  0   2184 389061792      0 1182728    0    0     0  5916 11281 62977  6  1 92  0  0
64  0   2184 389006304      0 1183720    0    0     0     0 12137 271081  6  2 92  0  0
72  0   2184 389039968      0 1184040    0    0    68   620 11893 132860  6  1 92  0  0
84  0   2184 389037280      0 1184360    0    0     0    20 11755 77564  6  1 93  0  0
61  0   2184 389039136      0 1184600    0    0     0    16 11551 66209  6  1 92  0  0
57  0   2184 389116448      0 1184916    0    0     0    12 11706 45185  6  1 93  0  0
68  0   2184 389042240      0 1185932    0    0     0     0 12347 41119  7  1 92  0  0
62  0   2184 389042944      0 1188752    0    0    80   352 13162 43416  7  1 91  0  0
procs -----------memory---------- ---swap-- -----io---- -system-- ------cpu-----
 r  b   swpd   free   buff  cache   si   so    bi    bo   in   cs us sy id wa st
62  0   2184 389039328      0 1189432    0    0    20     0 11340 47147  6  1 93  0  0
60  0   2184 389039744      0 1189692    0    0     0     0 11278 47535  6  1 93  0  0
66  0   2184 389040032      0 1190392    0    0     0    24 12719 127785  7  1 92  0  0
78  0   2184 389034624      0 1191084    0    0    80   204 11827 167239  6  1 92  0  0
58  0   2184 389035744      0 1191392    0    0     0   444 11211 53593  6  1 93  0  0
67  0   2184 389026080      0 1191644    0    0     0   452 11262 77632  6  1 92  0  0
59  0   2184 389025056      0 1192348    0    0     0    20 11508 53566  6  1 92  0  0
62  0   2184 389025184      0 1192600    0    0     0     0 11781 117720  6  1 93  0  0
13  0   2184 389007360      0 1192916    0    0     0 10092 11305 87772  6  1 93  0  0
55  0   2184 388915584      0 1196604    0    0    68    24 14150 174568  8  2 91  0  0
62  0   2184 388918208      0 1197288    0    0     0     0 11990 186142  6  1 92  0  0
63  0   2184 388917632      0 1197528    0    0     0    24 11538 141563  6  1 93  0  0
62  0   2184 388841696      0 1198204    0    0    32     0 11500 48896  6  1 92  0  0
61  0   2184 388841152      0 1198452    0    0     0     0 11572 49352  6  1 93  0  0
40  0   2184 388841344      0 1198772    0    0     0   152 11173 167715  6  1 93  0  0
83  0   2184 388840800      0 1199104    0    0    84     4 12046 163117  6  1 93  0  0
68  0   2184 388923456      0 1199776    0    0     8   828 11938 56649  6  1 92  0  0
63  0   2184 388924416      0 1200108    0    0     0     0 11744 158307  6  1 93  0  0
64  0   2184 388885504      0 1201428    0    0     0     8 13824 49480  7  1 92  0  0
78  0   2184 388857536      0 1204592    0    0   172     4 15768 79011  9  1 90  0  0
74  0   2184 388855808      0 1201284    0    0    80    12 12920 50220  7  1 92  0  0
procs -----------memory---------- ---swap-- -----io---- -system-- ------cpu-----
 r  b   swpd   free   buff  cache   si   so    bi    bo   in   cs us sy id wa st
61  0   2184 388857600      0 1201616    0    0    16    12 11522 49626  6  1 93  0  0
64  0   2184 388892800      0 1202248    0    0     0     0 12251 51890  6  1 92  0  0
74  0   2184 388893184      0 1202572    0    0     0     8 11685 67326  6  1 93  0  0
61  0   2184 388895360      0 1202816    0    0     4 16860 11354 65864  6  1 93  0  0
42  0   2184 388989440      0 1203064    0    0     0     8 12248 49937  6  1 92  0  0
75  0   2184 389027072      0 1203376    0    0     0    16 12244 329228  6  2 93  0  0
65  0   2184 389029760      0 1203704    0    0     0    24 11478 49664  6  1 93  0  0
72  0   2184 389054208      0 1204316    0    0     0     8 12841 166083  7  2 92  0  0
61  0   2184 388969056      0 1207388    0    0    16     0 12560 49554  7  2 91  0  0
60  0   2184 388967776      0 1207632    0    0     0     0 11615 275488  6  2 93  0  0
67  0   2184 388952416      0 1208332    0    0     0   256 12045 50809  7  1 92  0  0
60  0   2184 388972480      0 1208932    0    0     4    16 12199 53250  6  1 92  0  0
65  0   2184 388973824      0 1209264    0    0     0    12 10960 49407  6  1 93  0  0
66  0   2184 388961760      0 1209936    0    0   104   264 11826 92091  7  1 92  0  0
 7  0   2184 388961696      0 1210652    0    0     0   600 11732 64209  6  1 92  0  0
85  0   2184 388930976      0 1211660    0    0     0    20 11719 122155  7  1 92  0  0
70  0   2184 388868896      0 1212336    0    0     0     0 12178 77417  6  1 92  0  0
74  0   2184 388868896      0 1212648    0    0     0     8 11756 174392  6  2 93  0  0
71  0   2184 388866976      0 1215248    0    0   104    12 13196 117605  7  1 91  0  0
70  0   2184 388889920      0 1215992    0    0     0     8 12222 62459  6  1 93  0  0
59  0   2184 388892992      0 1216308    0    0     0     8 11636 50818  6  1 92  0  0
procs -----------memory---------- ---swap-- -----io---- -system-- ------cpu-----
 r  b   swpd   free   buff  cache   si   so    bi    bo   in   cs us sy id wa st
72  0   2184 388901152      0 1217384    0    0     0     8 12491 88714  7  2 92  0  0
61  0   2184 388903936      0 1217712    0    0     0     0 11716 51621  6  1 93  0  0
67  0   2184 388907104      0 1217952    0    0     0   136 11590 51362  6  1 93  0  0
75  0   2184 388904384      0 1218272    0    0     0 15240 12096 153951  6  1 93  0  0
78  0   2184 388912896      0 1218592    0    0     0   824 12312 122176  6  2 92  0  0
55  0   2184 388923776      0 1219652    0    0   100     0 12808 54108  7  1 92  0  0
68  0   2184 388922176      0 1220192    0    0   188     8 11689 50962  6  1 92  0  0
62  0   2184 388921184      0 1223400    0    0     0     4 12990 51246  7  2 91  0  0
73  0   2184 389008480      0 1224048    0    0     0     8 13867 73595  6  1 92  0  0
59  0   2184 389043072      0 1224384    0    0     0     4 13148 197154  6  2 92  0  0
57  0   2184 389043264      0 1224692    0    0     0    16 11732 51114  6  1 93  0  0
67  0   2184 389036096      0 1225308    0    0     0     0 11918 157731  6  2 92  0  0
71  0   2184 388945248      0 1226360    0    0     0   608 12319 199145  7  2 92  0  0
62  0   2184 388941056      0 1226696    0    0     0     0 11786 55661  6  1 93  0  0
62  0   2184 388926720      0 1226932    0    0     0     8 11203 48373  6  1 93  0  0
69  0   2184 388875136      0 1227652    0    0     0    16 11827 209785  6  2 92  0  0
61  0   2184 388874528      0 1228260    0    0     0     0 12015 121483  6  1 92  0  0
60  0   2184 388867008      0 1230980    0    0     0    12 13092 315850  7  2 91  0  0
79  0   2184 388859136      0 1231328    0    0   112     4 11625 65061  6  1 93  0  0
57  0   2184 388835648      0 1231576    0    0     0     8 11765 74633  6  1 93  0  0
79  0   2184 388832800      0 1232240    0    0     0   256 13244 65409  7  1 92  0  0
procs -----------memory---------- ---swap-- -----io---- -system-- ------cpu-----
 r  b   swpd   free   buff  cache   si   so    bi    bo   in   cs us sy id wa st
70  0   2184 388812704      0 1232892    0    0     0     4 12248 141375  6  1 92  0  0
77  0   2184 388827232      0 1233620    0    0     0   228 12514 110351  7  1 92  0  0
74  0   2184 388827808      0 1233992    0    0    64   500 12071 237948  6  2 92  0  0
60  0   2184 388828096      0 1234608    0    0     0 15708 11145 67739  6  1 92  0  0
68  0   2184 388830464      0 1234924    0    0     0    16 12106 152606  6  2 93  0  0
57  0   2184 388831296      0 1235160    0    0     0     0 11485 50697  6  1 93  0  0
69  0   2184 388824928      0 1238164    0    0    16    20 13437 53028  7  1 91  0  0
 5  0   2184 388867008      0 1238844    0    0    20     0 11477 148025  7  1 92  0  0
 2  0   2184 389106976      0 1239296    0    0    20     8 4186 2559  4  0 96  0  0
 0  0   2184 389104288      0 1240012    0    0     0    12 4024 2155  3  0 97  0  0
 0  0   2184 389096256      0 1240372    0    0     0     0 1258 1884  0  0 100  0  0
 0  0   2184 389094784      0 1240820    0    0     0   132 1161 1999  0  0 100  0  0
 0  0   2184 389095296      0 1240848    0    0     0     4 1131 2139  0  0 100  0  0
 0  0   2184 389068352      0 1241604    0    0     0     0 2956 2031  1  0 99  0  0
 0  0   2184 389069600      0 1241676    0    0     0     0 1352 2508  0  0 100  0  0
 0  0   2184 389070112      0 1241716    0    0     0   820 1043 1853  0  0 100  0  0
 0  0   2184 389069920      0 1243416    0    0     0     4 2292 2535  1  0 99  0  0
 0  0   2184 389057280      0 1243704    0    0     0     0 1214 2088  0  0 100  0  0
 0  0   2184 389057568      0 1243760    0    0     0     4  944 1716  0  0 100  0  0
 0  0   2184 389058848      0 1243792    0    0     0  9484 1145 2153  0  0 100  0  0
 0  0   2184 389058624      0 1243844    0    0     0     0 1089 1987  0  0 100  0  0
procs -----------memory---------- ---swap-- -----io---- -system-- ------cpu-----
 r  b   swpd   free   buff  cache   si   so    bi    bo   in   cs us sy id wa st
 0  0   2184 389058848      0 1243884    0    0     0   128 1085 1971  0  0 100  0  0
 0  0   2184 389059392      0 1243940    0    0     0     0 1034 1903  0  0 100  0  0
 0  0   2184 389059904      0 1243972    0    0     0     0 1051 1899  0  0 100  0  0
 0  0   2184 389060416      0 1244024    0    0     0    16 1273 2308  0  0 100  0  0
 0  0   2184 389061184      0 1244060    0    0     0     0 1078 1941  0  0 100  0  0
 1  0   2184 389136672      0 1244356    0    0    96     4 5792 2869  2  0 97  0  0
 0  0   2184 389109664      0 1239960    0    0     0     0 1403 1997  1  0 99  0  0
 0  0   2184 389110368      0 1240004    0    0     0     0 1056 1924  0  0 100  0  0
 0  0   2184 389110048      0 1240048    0    0     0     0 1286 2403  0  0 100  0  0
 0  0   2184 389110304      0 1240092    0    0     0    24 1005 1771  0  0 100  0  0
 0  0   2184 389110368      0 1240132    0    0     0   376 1029 1823  0  0 100  0  0
 0  0   2184 389111296      0 1240172    0    0     0   120 1043 1873  0  0 100  0  0
 0  0   2184 389112064      0 1240220    0    0     0   304 1026 1771  0  0 100  0  0
 0  0   2184 389112576      0 1240256    0    0     0     0 1051 1997  0  0 100  0  0
 0  0   2184 389112832      0 1240304    0    0     0  8656 1086 1944  0  0 100  0  0
 0  0   2184 389112480      0 1240464    0    0     0     4 2269 2848  1  0 99  0  0
 0  0   2184 389113504      0 1240500    0    0     0     0 1020 1843  0  0 100  0  0
 0  0   2184 389113984      0 1240552    0    0     0     4 1034 1857  0  0 100  0  0
 2  0   2184 389091456      0 1240584    0    0     0     0 3926 5352  3  0 97  0  0
 1  0   2184 388995584      0 1240684    0    0    20   428 9894 8057  3  1 96  0  0
 0  0   2184 388927776      0 1240960    0    0     0   128 3842 3750  2  0 98  0  0
procs -----------memory---------- ---swap-- -----io---- -system-- ------cpu-----
 r  b   swpd   free   buff  cache   si   so    bi    bo   in   cs us sy id wa st
87  0   2184 388917824      0 1241092    0    0     0     4 3715 60273  2  0 97  0  0
41  0   2184 388906848      0 1241164    0    0     0     0 13097 570630  7  2 91  0  0
56  0   2184 388887744      0 1241336    0    0   136     0 13130 447995  7  2 91  0  0
75  0   2184 388923904      0 1241604    0    0     0   476 13812 296047  7  2 91  0  0
57  0   2184 388922208      0 1242468    0    0     0   840 14155 445547  7  2 91  0  0
58  0   2184 389017216      0 1242800    0    0     0     8 11973 97495  6  1 92  0  0
24  0   2184 389018528      0 1243412    0    0     0     8 12790 237977  6  2 92  0  0
63  0   2184 389014464      0 1243740    0    0     0     8 11461 50239  6  1 92  0  0
74  0   2184 389023328      0 1243980    0    0     0     0 12402 83965  6  1 92  0  0
61  0   2184 389023776      0 1244324    0    0     0  2636 11958 52703  6  1 92  0  0
78  0   2184 389021888      0 1244780    0    0   120    44 11888 52793  6  1 92  0  0
63  0   2184 388963808      0 1245380    0    0     0     0 12212 93895  6  2 92  0  0
72  0   2184 388927328      0 1246024    0    0     0    12 11896 126390  6  1 92  0  0
63  0   2184 388864352      0 1246692    0    0     0    12 11518 50296  7  1 92  0  0
69  0   2184 388828640      0 1249632    0    0     0     8 13069 51951  7  1 91  0  0
66  0   2184 388831552      0 1250304    0    0     0     0 12759 52486  7  1 92  0  0
68  0   2184 388831360      0 1250544    0    0     0    48 11692 52435  6  1 92  0  0
60  0   2184 388850944      0 1250880    0    0     0     8 12143 52817  6  1 92  0  0
85  0   2184 388904608      0 1251216    0    0     0     4 12524 219396  6  2 93  0  0
74  0   2184 388889664      0 1251880    0    0     0   128 12924 265779  6  2 92  0  0
64  0   2184 388889216      0 1252568    0    0     0  8988 12869 144425  6  1 92  0  0
procs -----------memory---------- ---swap-- -----io---- -system-- ------cpu-----
 r  b   swpd   free   buff  cache   si   so    bi    bo   in   cs us sy id wa st
80  0   2184 388849472      0 1253200    0    0     0   484 11675 95653  6  1 92  0  0
66  0   2184 388833824      0 1253896    0    0     0    56 12729 184941  6  2 92  0  0
69  0   2184 388833344      0 1254220    0    0     0     0 12195 190393  6  1 93  0  0
85  0   2184 388830688      0 1257096    0    0     0   216 13128 308092  7  2 92  0  0
67  0   2184 388815808      0 1257428    0    0     0     0 11233 58044  6  1 92  0  0
93  0   2184 388804448      0 1257672    0    0     0     8 12388 132180  6  2 92  0  0
77  0   2184 388804992      0 1257988    0    0     0    44 12201 155258  6  1 93  0  0
62  0   2184 388820416      0 1258716    0    0    16   220 13483 81022  6  1 92  0  0
58  0   2184 388823488      0 1259028    0    0     0   136 12234 54477  6  1 92  0  0
75  0   2184 388928608      0 1259412    0    0     0     4 12393 377010  6  2 92  0  0
75  0   2184 388926368      0 1260092    0    0     0     0 11772 204607  6  2 92  0  0
86  0   2184 388850496      0 1261260    0    0   168     8 12398 68698  7  1 92  0  0
63  0   2184 388783968      0 1262332    0    0     0     0 12177 121107  6  2 92  0  0
66  0   2184 388796672      0 1265136    0    0     0   152 14231 270116  7  2 91  0  0
73  0   2184 388783520      0 1265824    0    0     0     0 12112 129852  6  2 92  0  0
 6  0   2184 388723808      0 1266508    0    0     0 14552 12046 129333  7  1 92  0  0
 1  0   2184 388902144      0 1267420    0    0    16     0 4082 2889  3  0 97  0  0
 0  0   2184 388901632      0 1267620    0    0     0     8 1668 2424  0  0 100  0  0
 0  0   2184 388915264      0 1267688    0    0    36   144 2012 2067  0  0 100  0  0
