procs -----------memory---------- ---swap-- -----io---- -system-- ------cpu-----
 r  b   swpd   free   buff  cache   si   so    bi    bo   in   cs us sy id wa st
 1  0   2184 390613184      0 1061716    0    0     2     2    0    0  0  0 100  0  0
 1  0   2184 390599232      0 1062304    0    0   156 74904 8496 6703  0  1 99  0  0
 1  0   2184 390577792      0 1062340    0    0     0     4 10218 5471  0  1 99  0  0
 3  0   2184 390480256      0 1081188    0    0 18876     8 5371 5692  2  0 98  0  0
 2  0   2184 390459936      0 1094596    0    0 15696    36 4902 7899  3  0 97  0  0
 3  0   2184 390376960      0 1113768    0    0 19848   860 7560 8501  4  0 96  0  0
 0  0   2184 390325088      0 1117040    0    0  2252    12 3390 2897  2  0 97  0  0
 7  0   2184 390208000      0 1119428    0    0  2020   676 6552 9123  5  0 95  0  0
 8  0   2184 390098016      0 1123364    0    0  3968     4 7453 10460  7  0 93  0  0
11  0   2184 389960544      0 1123956    0    0   500     4 8600 16479  7  1 93  0  0
 9  0   2184 389860256      0 1124140    0    0    88  2168 12820 32745  8  1 91  0  0
 9  0   2184 389822080      0 1124660    0    0   320   100 12556 38030  8  1 91  0  0
 6  0   2184 389807904      0 1125152    0    0   120     4 12373 41551  7  1 92  0  0
 7  0   2184 389771296      0 1125812    0    0   340     0 13058 42132  7  1 92  0  0
 9  0   2184 389753856      0 1126116    0    0     0    16 14232 44731  7  1 92  0  0
 7  0   2184 389655616      0 1128584    0    0  1112   520 18446 48096  8  1 91  0  0
 7  0   2184 389566432      0 1129892    0    0     0    52 14011 46226  7  1 92  0  0
 9  0   2184 389534816      0 1130904    0    0   300    48 14559 50825  7  1 92  0  0
10  0   2184 389502624      0 1133452    0    0   368    52 15629 53895  7  1 92  0  0
 8  0   2184 389491552      0 1133888    0    0   128     0 14926 55474  6  1 92  0  0
 8  0   2184 389476704      0 1134684    0    0   372  1392 16497 61644  6  1 92  0  0
procs -----------memory---------- ---swap-- -----io---- -system-- ------cpu-----
 r  b   swpd   free   buff  cache   si   so    bi    bo   in   cs us sy id wa st
 8  0   2184 389475680      0 1135132    0    0     0     0 16783 65414  7  1 92  0  0
 8  0   2184 389563232      0 1135704    0    0    68    64 23009 85524  7  2 92  0  0
 9  0   2184 389589504      0 1137120    0    0   792    40 24981 99928  7  2 92  0  0
 6  0   2184 389524128      0 1138192    0    0    36   108 26467 104944  7  2 91  0  0
 7  0   2184 389385408      0 1140152    0    0   140   404 30135 114172  8  2 90  0  0
 5  0   2184 389328288      0 1140908    0    0     4     8 33475 136439  7  2 91  0  0
13  0   2184 389204608      0 1142860    0    0   224    12 36960 140102  8  3 90  0  0
 7  0   2184 389210784      0 1144056    0    0     4    84 34120 139226  7  2 90  0  0
 7  0   2184 389226240      0 1148740    0    0     0   112 33723 136832  7  2 90  0  0
 7  0   2184 389228960      0 1149900    0    0   316   132 35767 140499  7  2 90  0  0
 8  0   2184 389158048      0 1152180    0    0   124    16 35245 142018  7  3 90  0  0
 7  0   2184 389148288      0 1153128    0    0     0 22728 34223 139564  7  2 90  0  0
 6  0   2184 389136832      0 1154608    0    0   104     0 30131 123036  8  2 90  0  0
 6  0   2184 389095840      0 1156276    0    0     4     0 29776 123765  7  3 90  0  0
 6  0   2184 389111968      0 1160404    0    0   360    48 36020 142889  8  3 90  0  0
 8  0   2184 389153344      0 1162160    0    0    16    56 35419 142798  7  3 90  0  0
 6  0   2184 389149760      0 1163040    0    0     0     8 33902 141019  7  3 90  0  0
 7  0   2184 389153856      0 1164404    0    0   444   324 32990 135979  7  3 90  0  0
 7  0   2184 389162336      0 1172980    0    0    84     4 35566 143564  7  2 90  0  0
 8  0   2184 389257344      0 1173860    0    0     4   604 34239 140149  7  3 91  0  0
 6  0   2184 389218976      0 1176072    0    0     0     0 34401 136650  8  3 90  0  0
procs -----------memory---------- ---swap-- -----io---- -system-- ------cpu-----
 r  b   swpd   free   buff  cache   si   so    bi    bo   in   cs us sy id wa st
11  0   2184 389230272      0 1177616    0    0     4     4 29523 123526  7  3 90  0  0
 4  0   2184 389228832      0 1178508    0    0     0    16 29211 124007  7  2 91  0  0
 8  0   2184 389254432      0 1179448    0    0     0     8 33474 139956  7  3 90  0  0
 6  0   2184 389187392      0 1181296    0    0     0     0 32620 131643  8  3 89  0  0
 7  0   2184 389186240      0 1182232    0    0     0     4 27279 117242  7  3 91  0  0
 5  0   2184 389116704      0 1184408    0    0    80     8 35844 145498  8  3 90  0  0
10  0   2184 388991744      0 1185392    0    0   100 29620 35346 141240  7  3 90  0  0
 9  0   2184 388949984      0 1191240    0    0     0    20 36563 138160  8  3 90  0  0
 6  0   2184 388961344      0 1193040    0    0   316   136 34385 139783  7  2 90  0  0
 6  0   2184 389037984      0 1193988    0    0     0     0 34759 142053  7  3 90  0  0
 7  0   2184 389079968      0 1194876    0    0     0     0 34737 138365  8  3 90  0  0
 6  0   2184 389020096      0 1197552    0    0   360     0 32621 133018  8  3 90  0  0
 9  0   2184 389018368      0 1198440    0    0     0   368 32409 135218  7  2 91  0  0
 7  0   2184 389027200      0 1185976    0    0   132   636 36453 140339  8  3 89  0  0
 2  0   2184 389007680      0 1187380    0    0     0     0 33441 138169  7  3 90  0  0
 6  0   2184 389004416      0 1189124    0    0     0     8 33091 136394  7  2 90  0  0
 8  0   2184 389024704      0 1191016    0    0   164     0 31641 124756  8  2 90  0  0
 6  0   2184 389100288      0 1199692    0    0     0    16 34086 134865  8  2 90  0  0
 6  0   2184 389158528      0 1200564    0    0    24   396 30699 124709  7  2 91  0  0
13  0   2184 389206976      0 1201516    0    0     0     0 35170 141446  7  2 90  0  0
 6  0   2184 389156992      0 1202940    0    0     0    16 35930 147351  7  3 90  0  0
procs -----------memory---------- ---swap-- -----io---- -system-- ------cpu-----
 r  b   swpd   free   buff  cache   si   so    bi    bo   in   cs us sy id wa st
 8  0   2184 389142272      0 1204428    0    0     0     0 33877 134196  8  3 90  0  0
 5  0   2184 389139104      0 1205920    0    0     0     0 28648 121347  7  2 90  0  0
 7  0   2184 389094592      0 1207312    0    0   128   184 36366 144327  8  3 90  0  0
 7  0   2184 389076544      0 1209048    0    0    16     4 33407 138015  7  3 90  0  0
 7  0   2184 389064704      0 1209928    0    0    20   476 34637 143585  7  3 90  0  0
10  0   2184 389043840      0 1211564    0    0   136     0 34559 142123  8  3 90  0  0
 7  0   2184 389030048      0 1216572    0    0     0 47900 30173 124696  7  2 90  0  0
10  0   2184 388977568      0 1218756    0    0     4   260 34508 137933  8  3 90  0  0
 4  0   2184 388941120      0 1221680    0    0     0     0 36427 145606  8  3 90  0  0
13  0   2184 388920064      0 1223324    0    0     0    12 31029 129532  7  3 90  0  0
 4  0   2184 388917664      0 1224276    0    0     0    16 33357 137871  7  3 90  0  0
 6  0   2184 388976128      0 1225220    0    0     0     4 36895 150068  7  3 91  0  0
16  0   2184 389011712      0 1226216    0    0     0     8 36629 144639  8  3 90  0  0
 9  0   2184 389086624      0 1227096    0    0     0     0 36130 146303  7  2 90  0  0
 4  0   2184 388889760      0 1230160    0    0     0     0 34999 139524  8  3 89  0  0
 9  0   2184 388889120      0 1231032    0    0     0    12 35325 145206  7  3 90  0  0
 5  0   2184 388897440      0 1239652    0    0   128     4 40213 141188  8  3 89  0  0
 6  0   2184 388900544      0 1240596    0    0     0   152 34572 139429  9  3 89  0  0
 7  0   2184 388896960      0 1241508    0    0     0     0 37187 150688  8  3 89  0  0
 8  0   2184 388770496      0 1256704    0    0     0     8 32374 130981  9  3 89  0  0
 4  0   2184 388740864      0 1232660    0    0   124     0 35721 141010  8  3 90  0  0
procs -----------memory---------- ---swap-- -----io---- -system-- ------cpu-----
 r  b   swpd   free   buff  cache   si   so    bi    bo   in   cs us sy id wa st
 8  0   2184 388784192      0 1233608    0    0     0   192 33886 139255  7  2 91  0  0
 5  0   2184 388897760      0 1235448    0    0    16 44724 36889 139096  8  3 89  0  0
 6  0   2184 389000768      0 1236400    0    0     0     8 34924 140957  7  3 90  0  0
 7  0   2184 389016928      0 1237284    0    0     0     0 34602 143315  7  3 90  0  0
 7  0   2184 388978176      0 1238604    0    0     0     8 35786 142169  8  3 89  0  0
 8  0   2184 388983104      0 1244996    0    0     0    12 30387 123644  8  2 90  0  0
 6  0   2184 388970336      0 1246792    0    0     0  7500 32716 130972  7  3 90  0  0
13  0   2184 389046976      0 1248732    0    0   988   268 35529 144017  7  3 90  0  0
 7  0   2184 389077952      0 1249612    0    0     0     8 32119 132744  7  2 90  0  0
 7  0   2184 389075424      0 1251364    0    0     0     0 28519 113317  8  2 90  0  0
10  0   2184 388970720      0 1253924    0    0    64     0 36906 145860  8  3 89  0  0
 9  0   2184 388973856      0 1255388    0    0     0     8 30899 125410  8  3 90  0  0
 8  0   2184 389032192      0 1256336    0    0     0     4 31971 134580  7  3 91  0  0
 1  0   2184 389036128      0 1257284    0    0     4     0 34420 142254  7  2 90  0  0
 5  0   2184 389036096      0 1258236    0    0     0   456 34625 141818  7  3 90  0  0
 7  0   2184 389024064      0 1267200    0    0     0    20 35484 141536  7  3 90  0  0
 8  0   2184 389022752      0 1268404    0    0   256 37452 34995 145859  7  3 91  0  0
 4  0   2184 389077696      0 1270244    0    0   176     0 37561 149418  7  3 90  0  0
 7  0   2184 389014400      0 1272532    0    0    16     4 34020 138634  8  3 90  0  0
 7  0   2184 389014112      0 1273416    0    0     0     8 33829 137346  7  3 90  0  0
 7  0   2184 389028768      0 1274360    0    0     0     0 34680 141510  7  3 90  0  0
procs -----------memory---------- ---swap-- -----io---- -system-- ------cpu-----
 r  b   swpd   free   buff  cache   si   so    bi    bo   in   cs us sy id wa st
 5  0   2184 389027744      0 1276140    0    0     0     0 36198 145380  8  3 90  0  0
 6  0   2184 389030208      0 1277084    0    0     0     8 34624 143350  7  3 90  0  0
 9  0   2184 389029344      0 1278492    0    0     0     0 34369 141522  7  3 90  0  0
11  0   2184 389047712      0 1279432    0    0     0    12 34400 140223  7  2 90  0  0
14  0   2184 389048736      0 1284756    0    0     0     4 30892 130245  7  3 90  0  0
11  0   2184 388974848      0 1285728    0    0     0   136 35817 144076  8  3 90  0  0
 6  0   2184 388790336      0 1289124    0    0     0     0 36558 147043  8  3 90  0  0
 8  0   2184 388751008      0 1289908    0    0     0     8 35692 146620  7  3 90  0  0
 6  0   2184 388738272      0 1290980    0    0     0     0 35699 145416  7  3 90  0  0
 9  0   2184 388755904      0 1293120    0    0     0    56 33254 131621  8  3 89  0  0
 5  0   2184 388751968      0 1294928    0    0     0   444 34961 139737  7  3 90  0  0
 8  0   2184 388739360      0 1295880    0    0     0 31944 36107 149710  7  3 91  0  0
 7  0   2184 388740640      0 1296760    0    0     0     0 34277 140562  7  2 90  0  0
14  0   2184 388740224      0 1297664    0    0    20     8 32179 127661  7  2 91  0  0
 7  0   2184 388826432      0 1306080    0    0     0     4 34773 133159  7  2 90  0  0
15  0   2184 388931904      0 1307600    0    0     0   152 36821 144463  7  3 90  0  0
 5  0   2184 389011520      0 1308480    0    0     0   248 34675 142773  7  3 91  0  0
 7  0   2184 389038240      0 1309428    0    0     0     0 31985 133016  7  3 90  0  0
 7  0   2184 388935360      0 1311644    0    0     0    72 34319 138731  8  3 90  0  0
 6  0   2184 388938560      0 1312604    0    0     0     0 33860 140746  7  3 91  0  0
 7  0   2184 388949344      0 1313892    0    0   192     8 34197 137414  8  3 90  0  0
procs -----------memory---------- ---swap-- -----io---- -system-- ------cpu-----
 r  b   swpd   free   buff  cache   si   so    bi    bo   in   cs us sy id wa st
 5  0   2184 388948544      0 1315472    0    0     0     4 35210 144088  7  3 90  0  0
 6  0   2184 388913504      0 1317112    0    0    16     0 35259 143993  7  3 90  0  0
 6  0   2184 388886976      0 1318132    0    0    64     8 35145 142687  7  3 90  0  0
 5  0   2184 388886432      0 1323264    0    0     0   252 34520 142269  7  2 91  0  0
 6  0   2184 388887936      0 1324208    0    0     0   356 36302 143161  8  3 90  0  0
 9  0   2184 388852352      0 1326452    0    0     0     4 34931 140496  8  3 90  0  0
 6  0   2184 388857664      0 1328164    0    0     0 34128 30559 126623  7  3 90  0  0
 0  0   2184 388825184      0 1330804    0    0   112     0 19906 70639  7  1 92  0  0
 0  0   2184 389040288      0 1331528    0    0     4     0 1410 2114  0  0 100  0  0
 0  0   2184 388980384      0 1333288    0    0     0     0 3179 2637  2  0 98  0  0
 0  0   2184 388980640      0 1333828    0    0     0     0 1101 1845  0  0 100  0  0
 0  0   2184 388980640      0 1333856    0    0     0     0 1013 1892  0  0 100  0  0
 3  0   2184 388982336      0 1333880    0    0     4     8 1849 2174  1  0 99  0  0
 0  0   2184 389128000      0 1341488    0    0     0     4 2663 2153  1  0 99  0  0
 0  0   2184 389132128      0 1341508    0    0     0   128 1269 2380  0  0 100  0  0
 0  0   2184 389133152      0 1341532    0    0     0     0 1006 1849  0  0 100  0  0
 0  0   2184 389134432      0 1341560    0    0     0     0  975 1775  0  0 100  0  0
 0  0   2184 389172800      0 1342288    0    0   128     4 1725 2361  0  0 100  0  0
 0  0   2184 389173312      0 1342316    0    0     0     0  924 1652  0  0 100  0  0
 0  0   2184 389168288      0 1342456    0    0     0    60 2327 2842  1  0 99  0  0
 0  0   2184 389170336      0 1342488    0    0     0   400 1039 1879  0  0 100  0  0
procs -----------memory---------- ---swap-- -----io---- -system-- ------cpu-----
 r  b   swpd   free   buff  cache   si   so    bi    bo   in   cs us sy id wa st
 0  0   2184 389171392      0 1342508    0    0     0     0  940 1681  0  0 100  0  0
 1  0   2184 389128672      0 1342832    0    0     0     0 2515 1961  1  0 99  0  0
 1  0   2184 389160192      0 1342848    0    0     0     4 3735 2200  2  0 98  0  0
 1  0   2184 389149920      0 1342876    0    0     0   132 2385 2146  2  0 98  0  0
 0  0   2184 388998752      0 1331020    0    0   144    12 2309 2101  2  0 98  0  0
 0  0   2184 388999264      0 1331048    0    0     0     0  965 1753  0  0 100  0  0
 0  0   2184 389000032      0 1331064    0    0     0 25044 1150 2158  0  0 100  0  0
 0  0   2184 389001056      0 1331096    0    0     0    60 1022 1782  0  0 100  0  0
 0  0   2184 389009664      0 1331696    0    0     0     4 2452 2943  1  0 99  0  0
 0  0   2184 389010880      0 1331720    0    0     0    16  994 1787  0  0 100  0  0
 0  0   2184 389011456      0 1331748    0    0     0     0 1016 1872  0  0 100  0  0
 0  0   2184 389012544      0 1331780    0    0     0 11148 1071 1927  0  0 100  0  0
 0  0   2184 389013056      0 1331800    0    0     0     0 1269 1782  0  0 100  0  0
 0  0   2184 389014464      0 1331824    0    0     0   844 1114 2042  0  0 100  0  0
 3  0   2184 389015456      0 1331852    0    0     0   200 1102 2043  0  0 100  0  0
 0  0   2184 389017216      0 1331876    0    0     0     0  994 1751  0  0 100  0  0
 0  0   2184 389018016      0 1331900    0    0     0     0 1002 1760  0  0 100  0  0
 2  0   2184 388991968      0 1331920    0    0     0     0 1364 2328  0  0 100  0  0
 4  0   2184 388951840      0 1332032    0    0     0     0 7326 7813  4  0 95  0  0
 1  0   2184 388891712      0 1332300    0    0    12   392 8355 6533  3  1 96  0  0
 0  0   2184 388840864      0 1332300    0    0     0     4 2620 2742  1  0 98  0  0
procs -----------memory---------- ---swap-- -----io---- -system-- ------cpu-----
 r  b   swpd   free   buff  cache   si   so    bi    bo   in   cs us sy id wa st
 7  0   2184 388824032      0 1332428    0    0     0     0 11279 34968  5  1 94  0  0
 8  0   2184 388811648      0 1332556    0    0     0     0 25510 92011  8  2 90  0  0
 5  0   2184 388883168      0 1333184    0    0    64   128 34531 131509  9  2 89  0  0
 7  0   2184 389049600      0 1333956    0    0     0   456 35990 140995  7  3 90  0  0
 8  0   2184 389142528      0 1334844    0    0     0     0 28463 117579  8  2 90  0  0
13  0   2184 389111648      0 1335804    0    0     0  2272 34972 140456  8  3 90  0  0
 8  0   2184 389049728      0 1337376    0    0    72     0 33696 139557  7  2 91  0  0
 7  0   2184 388980640      0 1338872    0    0     0   164 34363 138704  8  3 90  0  0
 4  0   2184 388956992      0 1339640    0    0    16   336 33579 140258  7  3 90  0  0
 6  0   2184 388950432      0 1341068    0    0     0    44 35334 143050  7  3 90  0  0
11  0   2184 388926208      0 1342480    0    0     0     8 34748 141318  8  3 90  0  0
 5  0   2184 388882560      0 1347680    0    0     0     4 34530 138395  7  3 90  0  0
 6  0   2184 388853664      0 1348572    0    0     0   140 34092 141887  7  3 91  0  0
 5  0   2184 388821824      0 1349520    0    0     0    12 34804 144262  7  3 90  0  0
 6  0   2184 388820320      0 1350480    0    0     0     0 32716 137430  7  3 91  0  0
13  0   2184 388814272      0 1351968    0    0     0 17840 34696 138269  8  3 90  0  0
 6  0   2184 388815008      0 1354216    0    0    16   252 35153 141436  8  3 90  0  0
12  0   2184 388814304      0 1355436    0    0    68    76 33334 132063  9  3 89  0  0
 9  0   2184 388802816      0 1357908    0    0     0     0 33239 139285  7  3 91  0  0
 6  0   2184 388779264      0 1358796    0    0     0     8 31562 134194  7  3 91  0  0
 7  0   2184 388657536      0 1359824    0    0    64     0 34324 142095  7  3 90  0  0
procs -----------memory---------- ---swap-- -----io---- -system-- ------cpu-----
 r  b   swpd   free   buff  cache   si   so    bi    bo   in   cs us sy id wa st
 8  0   2184 388651136      0 1368312    0    0     0    52 31937 131678  7  2 90  0  0
 6  0   2184 388701472      0 1370048    0    0     0   136 34317 133940  7  3 90  0  0
13  0   2184 388795456      0 1371736    0    0     0     4 33700 132635  7  3 90  0  0
 6  0   2184 388935104      0 1372692    0    0     0   256 34859 144820  7  3 91  0  0
11  0   2184 388947424      0 1374456    0    0     0   204 31214 126028  8  3 90  0  0
 6  0   2184 388956864      0 1375408    0    0     0     0 34794 144997  7  3 91  0  0
10  0   2184 388898304      0 1376952    0    0     0    52 34107 132185  8  3 89  0  0
 7  0   2184 388868672      0 1378692    0    0     0    12 33323 138244  7  3 90  0  0
 8  0   2184 388823424      0 1379652    0    0     0   208 34160 140706  7  3 90  0  0
11  0   2184 388821760      0 1380608    0    0     0     0 34829 144048  7  2 90  0  0
10  0   2184 388827040      0 1386000    0    0    64 40028 32552 131548  8  3 90  0  0
 6  0   2184 388830400      0 1387748    0    0     0   132 36096 146406  7  3 90  0  0
 7  0   2184 388761408      0 1390596    0    0    16    48 35452 141355  8  3 89  0  0
 8  0   2184 388796608      0 1391564    0    0    76   100 33395 140008  7  3 91  0  0
 7  0   2184 388897728      0 1392688    0    0   100    12 30945 120556  7  3 90  0  0
 0  0   2184 388889536      0 1394136    0    0    48     0 21203 76667  5  2 93  0  0
 4  0   2184 389052064      0 1395004    0    0     0   212 2561 3098  1  0 99  0  0
 0  0   2184 389000992      0 1396360    0    0     0   328 2689 2456  1  0 99  0  0
 0  0   2184 389002304      0 1396992    0    0    36     0 1538 2158  0  0 100  0  0
