procs -----------memory---------- ---swap-- -----io---- -system-- ------cpu-----
 r  b   swpd   free   buff  cache   si   so    bi    bo   in   cs us sy id wa st
 5  0   2184 390302752      0 956196    0    0     2     2    0    0  0  0 100  0  0
 4  0   2184 390202880      0 963376    0    0  7092     0 12056 7278  5  1 94  0  0
 5  0   2184 390132352      0 974872    0    0 11696  4768 14025 8357  5  1 94  0  0
 1  0   2184 390042400      0 983432    0    0  8068     0 7234 5342  4  0 96  0  0
 3  0   2184 390010880      0 987036    0    0  3284    36 4527 3860  4  0 96  0  0
 4  0   2184 389955968      0 996604    0    0  9584    32 6853 5131  5  0 94  0  0
 5  1   2184 389935712      0 1003744    0    0  9272    44 8292 9264  6  0 94  0  0
 1  0   2184 389840384      0 1017416    0    0 13316   812 5539 6661  3  0 96  0  0
 0  0   2184 389763648      0 1021544    0    0  6792     0 4133 5019  2  0 97  0  0
 7  0   2184 389749760      0 1022764    0    0  1304     0 2711 4450  1  0 98  0  0
 7  0   2184 389710528      0 1024656    0    0  1532    48 8338 11630  7  0 93  0  0
 9  0   2184 389684096      0 1024672    0    0   436    48 7476 10744  7  0 93  0  0
 9  0   2184 389654176      0 1029024    0    0  3892   188 8610 14774  7  1 92  0  0
 6  0   2184 389612576      0 1029528    0    0   408    16 9147 16330  7  1 92  0  0
 7  0   2184 389583008      0 1029728    0    0   176     0 9700 19290  7  1 92  0  0
 7  0   2184 389559392      0 1029876    0    0     0     0 10454 24256  7  1 93  0  0
 8  0   2184 389530272      0 1030444    0    0   444    56 11975 28607  7  1 92  0  0
 8  0   2184 389456896      0 1032548    0    0   424   940 11918 27561  8  1 91  0  0
 7  0   2184 389431872      0 1032772    0    0    16    12 11478 28764  8  1 91  0  0
 6  0   2184 389398656      0 1034040    0    0     0    52 11417 27574  8  1 91  0  0
 6  0   2184 389394528      0 1035304    0    0  1068    20 12337 32217  6  1 93  0  0
procs -----------memory---------- ---swap-- -----io---- -system-- ------cpu-----
 r  b   swpd   free   buff  cache   si   so    bi    bo   in   cs us sy id wa st
 6  0   2184 389377216      0 1036032    0    0   308     0 10094 28682  6  1 93  0  0
 6  0   2184 389366496      0 1036876    0    0   176 15072 11968 31221  7  1 92  0  0
 7  0   2184 389252000      0 1038436    0    0   428    40 11001 31726  7  1 92  0  0
 7  0   2184 389239488      0 1039008    0    0    72    12 11311 34509  6  1 93  0  0
 7  0   2184 389243776      0 1039588    0    0     0    68 10149 33757  6  1 92  0  0
 8  0   2184 389246848      0 1039944    0    0    92     8 12640 44228  6  1 92  0  0
 6  0   2184 389261728      0 1040508    0    0   168    16 12898 44076  7  1 92  0  0
 7  0   2184 389263552      0 1040748    0    0    28    96 13126 49817  6  1 92  0  0
 7  0   2184 389294464      0 1041052    0    0     0    52 13395 48473  7  1 92  0  0
 7  0   2184 389290848      0 1041656    0    0   340    20 13999 55868  6  1 92  0  0
 7  0   2184 389294016      0 1041964    0    0     0    52 13536 46869  7  1 92  0  0
 7  0   2184 389221344      0 1043960    0    0     4   144 14171 54081  7  1 92  0  0
 8  0   2184 389224256      0 1044620    0    0     0     0 15392 69082  6  1 92  0  0
 6  0   2184 389134528      0 1045676    0    0    96     8 18084 78531  7  2 92  0  0
 5  0   2184 389133824      0 1046308    0    0   256    40 19047 91347  7  2 92  0  0
10  0   2184 389166560      0 1047324    0    0   196   288 23253 114101  7  2 90  0  0
12  0   2184 389107936      0 1047876    0    0    72   360 19974 114826  7  2 91  0  0
 7  0   2184 389105216      0 1048600    0    0    40   332 19956 113744  7  2 91  0  0
 6  0   2184 389090720      0 1050000    0    0     0     0 20375 115182  7  2 90  0  0
 5  0   2184 389089760      0 1050624    0    0     0     0 20168 116912  7  2 91  0  0
 7  0   2184 389089024      0 1051284    0    0     0     0 19331 117383  6  2 91  0  0
procs -----------memory---------- ---swap-- -----io---- -system-- ------cpu-----
 r  b   swpd   free   buff  cache   si   so    bi    bo   in   cs us sy id wa st
 7  0   2184 389019072      0 1055800    0    0   140 18284 22932 116992  8  2 90  0  0
 5  0   2184 389022400      0 1056708    0    0     0   116 20207 117956  7  2 91  0  0
 6  0   2184 388990144      0 1057824    0    0    68     8 19924 117320  7  2 91  0  0
 7  0   2184 388998912      0 1058468    0    0     0     0 19665 114718  7  2 91  0  0
 8  0   2184 388979584      0 1060180    0    0    88     8 22388 115414  7  2 90  0  0
 6  0   2184 388826144      0 1064764    0    0   304     0 21810 116244  8  2 90  0  0
 4  0   2184 388823136      0 1065508    0    0   100    24 19728 116925  7  2 91  0  0
 5  0   2184 388819776      0 1066832    0    0     0     8 20069 118482  7  2 90  0  0
 4  0   2184 388815072      0 1068012    0    0   128     0 20817 118622  7  2 91  0  0
 6  0   2184 388816064      0 1069228    0    0    16     8 19980 115930  7  2 91  0  0
 6  0   2184 388756544      0 1076384    0    0   132   604 20350 115224  8  2 89  0  0
 4  0   2184 388754528      0 1077108    0    0    88     0 19877 119866  7  2 91  0  0
 6  0   2184 388701536      0 1078792    0    0     0    28 21767 117428  7  2 90  0  0
 4  0   2184 388851168      0 1079432    0    0     0     0 20617 118288  6  2 91  0  0
 7  0   2184 388986368      0 1080084    0    0     0     8 22226 119812  7  2 91  0  0
 5  0   2184 388987456      0 1080840    0    0     0     0 20795 118957  7  2 91  0  0
 5  0   2184 388988352      0 1081564    0    0     0 25300 19570 118944  7  2 91  0  0
 5  0   2184 388992672      0 1082188    0    0     0     4 19340 117616  6  2 91  0  0
 5  0   2184 388992192      0 1082764    0    0     0   308 19756 118764  7  2 91  0  0
 7  0   2184 388931136      0 1083404    0    0     0   128 20131 112361  7  2 91  0  0
 5  0   2184 388799168      0 1088860    0    0     0    12 19705 100310  8  2 90  0  0
procs -----------memory---------- ---swap-- -----io---- -system-- ------cpu-----
 r  b   swpd   free   buff  cache   si   so    bi    bo   in   cs us sy id wa st
 7  0   2184 388752736      0 1090672    0    0     0     0 20381 113950  7  2 90  0  0
 7  0   2184 388716448      0 1091644    0    0    20     0 21303 117621  7  2 90  0  0
 6  0   2184 388713696      0 1093408    0    0   124     8 20571 116076  7  2 90  0  0
 7  0   2184 388755584      0 1094688    0    0    16    88 21589 114531  7  2 90  0  0
 4  0   2184 388756000      0 1095652    0    0    64   484 20630 117644  7  2 91  0  0
 5  0   2184 388757056      0 1096308    0    0     0   776 20188 117556  7  2 91  0  0
 5  0   2184 388757696      0 1096868    0    0     0    24 19622 118957  6  2 91  0  0
 7  0   2184 388793280      0 1097656    0    0    64     8 19786 111526  7  2 91  0  0
 4  0   2184 388793984      0 1098300    0    0     0     0 19770 110215  6  2 91  0  0
 5  0   2184 388763616      0 1105216    0    0    48   356 20566 114359  8  2 90  0  0
 4  0   2184 388783200      0 1106320    0    0    28     0 21149 112180  7  2 91  0  0
 5  0   2184 388821760      0 1106956    0    0     0     8 20894 118713  7  2 91  0  0
 7  0   2184 388859360      0 1108592    0    0     0     0 21383 117548  7  2 90  0  0
 7  0   2184 388858464      0 1109292    0    0     0     0 20144 120396  7  2 91  0  0
 9  0   2184 388914656      0 1110012    0    0     0    80 20712 118283  7  2 91  0  0
 8  0   2184 388900640      0 1110732    0    0    80    20 20647 117910  7  2 90  0  0
 7  0   2184 388885504      0 1112372    0    0   440 32848 20114 119050  7  2 91  0  0
 5  0   2184 388765120      0 1113648    0    0     0     0 20623 116439  7  2 90  0  0
 4  0   2184 388765408      0 1114308    0    0     0   128 19149 110237  6  2 91  0  0
 5  0   2184 388682752      0 1119652    0    0   384    12 21002 111993  9  2 89  0  0
 6  0   2184 388680448      0 1120452    0    0   180     4 21859 117227  9  2 89  0  0
procs -----------memory---------- ---swap-- -----io---- -system-- ------cpu-----
 r  b   swpd   free   buff  cache   si   so    bi    bo   in   cs us sy id wa st
 6  0   2184 388611200      0 1121644    0    0   112    12 20853 117432  9  2 89  0  0
 7  0   2184 388458624      0 1113648    0    0     0    16 20223 118630  7  2 90  0  0
 6  0   2184 388456768      0 1115032    0    0   108     8 21206 119106  8  2 90  0  0
 5  0   2184 388488960      0 1116428    0    0    16     0 20945 119052  8  2 90  0  0
 5  0   2184 388491808      0 1117136    0    0     0     0 19416 118431  6  2 91  0  0
 7  0   2184 388500736      0 1118176    0    0     0    24 20127 118383  7  2 91  0  0
 6  0   2184 388501888      0 1118900    0    0     0 28616 19541 119924  6  2 91  0  0
 4  0   2184 388490208      0 1121296    0    0     0     0 21239 118188  8  2 89  0  0
 4  0   2184 388508288      0 1127784    0    0     0   416 20068 118562  7  2 90  0  0
 6  0   2184 388648608      0 1128832    0    0    16     0 20789 117331  7  2 91  0  0
 6  0   2184 388714752      0 1129600    0    0   132     8 20567 119218  7  2 91  0  0
 6  0   2184 388805056      0 1130844    0    0     0     0 20679 118131  7  2 91  0  0
 6  0   2184 388813952      0 1131516    0    0     0    12 20603 119748  7  2 91  0  0
 8  0   2184 388817984      0 1132240    0    0     0   112 20069 120076  7  2 91  0  0
 4  0   2184 388827168      0 1132876    0    0     0   504 20192 116679  7  2 91  0  0
 6  0   2184 388827968      0 1133520    0    0     0   280 19908 119171  7  2 91  0  0
 6  0   2184 388805824      0 1134764    0    0     0     8 20153 119066  7  2 91  0  0
 7  0   2184 388752320      0 1135492    0    0     0     0 19717 119002  6  2 91  0  0
 9  0   2184 388614816      0 1141076    0    0    64   140 20759 117277  8  3 89  0  0
 8  0   2184 388620192      0 1141724    0    0     0     0 21412 117005  7  2 91  0  0
 7  0   2184 388625024      0 1142972    0    0    76     8 19554 112037  7  2 91  0  0
procs -----------memory---------- ---swap-- -----io---- -system-- ------cpu-----
 r  b   swpd   free   buff  cache   si   so    bi    bo   in   cs us sy id wa st
 6  0   2184 388721824      0 1145008    0    0   820     0 21718 120292  7  2 90  0  0
 6  0   2184 388744800      0 1145676    0    0     0     8 20459 121139  7  2 91  0  0
 4  0   2184 388752352      0 1146936    0    0     0     0 21171 119561  7  2 90  0  0
 6  0   2184 388655552      0 1148788    0    0     0     4 20151 118804  8  3 90  0  0
 5  0   2184 388656640      0 1149436    0    0     0   204 20197 120268  6  2 91  0  0
 5  0   2184 388689152      0 1150076    0    0     0 33024 20927 120272  7  2 91  0  0
 6  0   2184 388705664      0 1151320    0    0     0     4 21415 120503  7  2 90  0  0
 6  0   2184 388598848      0 1158368    0    0   128   604 20492 117641  8  2 90  0  0
 5  0   2184 388588832      0 1159024    0    0     0     0 20664 119349  7  2 91  0  0
 6  0   2184 388481344      0 1160208    0    0     0    12 19851 119382  7  2 91  0  0
 4  0   2184 388473600      0 1161440    0    0     0     4 19964 118132  7  2 91  0  0
 8  0   2184 388475168      0 1162208    0    0    64     0 19989 117858  7  2 91  0  0
 6  0   2184 388485568      0 1163584    0    0    72     8 21917 119284  7  2 90  0  0
 8  0   2184 388486592      0 1164228    0    0    16     4 19496 116497  6  2 91  0  0
 4  0   2184 388486464      0 1165332    0    0     0     8 19704 119031  7  2 91  0  0
 5  0   2184 388488928      0 1166388    0    0     0    16 19971 115582  7  2 90  0  0
 7  0   2184 388538592      0 1167864    0    0    64     8 21421 115930  7  2 91  0  0
 6  0   2184 388540064      0 1172324    0    0     0   196 19416 106402  7  2 91  0  0
 5  0   2184 388628416      0 1172944    0    0     0   296 20015 119061  7  2 91  0  0
 5  0   2184 388611648      0 1174820    0    0     0     0 19850 110111  8  2 90  0  0
 5  0   2184 388608352      0 1175472    0    0     8     8 20247 119504  7  2 91  0  0
procs -----------memory---------- ---swap-- -----io---- -system-- ------cpu-----
 r  b   swpd   free   buff  cache   si   so    bi    bo   in   cs us sy id wa st
 6  0   2184 388602176      0 1176068    0    0     0 28052 20452 121489  7  2 91  0  0
 4  0   2184 388667136      0 1176792    0    0     8    12 21354 119403  7  2 90  0  0
 5  0   2184 388669216      0 1177420    0    0     0   348 19744 118105  6  2 91  0  0
 4  0   2184 388701120      0 1177992    0    0     0     8 20612 117282  7  2 91  0  0
 6  0   2184 388701920      0 1178716    0    0     0    24 19659 119324  6  2 91  0  0
 5  0   2184 388704032      0 1179256    0    0     0   256 20437 117928  7  2 91  0  0
 7  0   2184 388578304      0 1186260    0    0    16   140 20335 117024  8  2 89  0  0
 4  0   2184 388592480      0 1187476    0    0     0     8 20424 119402  7  2 91  0  0
 8  0   2184 388595392      0 1188856    0    0   128     0 20445 119163  7  2 90  0  0
 5  0   2184 388593728      0 1189504    0    0   108     0 18392 109000  7  2 91  0  0
 1  0   2184 388798656      0 1191712    0    0    96     8 4006 3295  2  0 97  0  0
 0  0   2184 388836096      0 1192924    0    0     0     0 2976 2311  1  0 99  0  0
 0  0   2184 388782176      0 1193960    0    0     0     4 2620 1981  1  0 99  0  0
 0  0   2184 388783424      0 1193972    0    0     0   200  948 1700  0  0 100  0  0
 0  0   2184 388785728      0 1193920    0    0     0     0 1495 2777  0  0 100  0  0
 0  0   2184 388786048      0 1194288    0    0     0     0 1257 2064  0  0 100  0  0
 0  0   2184 388922368      0 1197688    0    0     0   132 2280 1990  1  0 99  0  0
 0  0   2184 388942688      0 1197724    0    0     0     0 1317 2231  0  0 100  0  0
 0  0   2184 388943200      0 1197736    0    0     0     4 1050 1802  0  0 100  0  0
 0  0   2184 388944224      0 1197776    0    0     0     0 1140 2089  0  0 100  0  0
 1  0   2184 388944032      0 1197844    0    0     0     0 1851 2374  0  0 99  0  0
procs -----------memory---------- ---swap-- -----io---- -system-- ------cpu-----
 r  b   swpd   free   buff  cache   si   so    bi    bo   in   cs us sy id wa st
 0  0   2184 388944384      0 1197956    0    0     0     0 1446 2275  0  0 100  0  0
 0  0   2184 388945536      0 1197984    0    0     0     0  979 1750  0  0 100  0  0
 0  0   2184 388947552      0 1198004    0    0     0     0 1136 2048  0  0 100  0  0
 0  0   2184 388947456      0 1198032    0    0     0     4 1135 2070  0  0 100  0  0
 0  0   2184 388964288      0 1198344    0    0     0    12 1277 1993  0  0 100  0  0
 1  0   2184 388951200      0 1198448    0    0     4 24196 5244 2504  2  0 98  0  0
 1  0   2184 388908576      0 1198496    0    0     0    64 2351 2043  2  0 98  0  0
 0  0   2184 388798688      0 1188712    0    0     0     0 2080 1925  1  0 98  0  0
 0  0   2184 388798208      0 1188720    0    0     0   276 1247 2291  0  0 100  0  0
 1  0   2184 388796896      0 1188760    0    0     0    20 2280 2371  0  0 99  0  0
 1  0   2184 388797120      0 1188904    0    0     0    56 1357 2040  0  0 100  0  0
 0  0   2184 388798080      0 1188940    0    0     0   368 1081 1898  0  0 100  0  0
 0  0   2184 388798080      0 1188956    0    0     0     0 1043 1818  0  0 100  0  0
 0  0   2184 388798560      0 1188964    0    0     0     0 1131 2033  0  0 100  0  0
 0  0   2184 388799296      0 1189004    0    0     0     0 1133 1989  0  0 100  0  0
 0  0   2184 388800256      0 1189032    0    0     0   392 1091 1900  0  0 100  0  0
 0  0   2184 388801696      0 1189036    0    0     0     0 1066 1893  0  0 100  0  0
 0  0   2184 388803808      0 1189084    0    0     0     0  995 1791  0  0 100  0  0
 0  0   2184 388806624      0 1189108    0    0     0     0 1147 2029  0  0 100  0  0
 1  0   2184 388808320      0 1189116    0    0     8   420 1845 2294  0  0 100  0  0
 3  0   2184 388730144      0 1189744    0    0     0     0 3673 4689  3  0 97  0  0
procs -----------memory---------- ---swap-- -----io---- -system-- ------cpu-----
 r  b   swpd   free   buff  cache   si   so    bi    bo   in   cs us sy id wa st
 1  0   2184 388695648      0 1189856    0    0     0     4 9163 7859  3  1 96  0  0
 0  0   2184 388623584      0 1190080    0    0     0     0 4247 4291  3  0 97  0  0
11  0   2184 388602368      0 1190380    0    0   136     0 2646 4857  1  0 99  0  0
 6  0   2184 388582976      0 1190388    0    0     0   196 24890 87595  9  2 89  0  0
 7  0   2184 388580480      0 1190448    0    0     0   592 30041 120207  8  2 89  0  0
10  0   2184 388600288      0 1191212    0    0     0 16948 27547 120888  8  2 89  0  0
 7  0   2184 388780448      0 1191948    0    0     0    44 22561 118720  7  2 90  0  0
 5  0   2184 388861696      0 1192588    0    0     0     0 20899 109257  7  2 91  0  0
 9  0   2184 388865536      0 1193208    0    0     0     8 19972 114091  7  2 91  0  0
 6  0   2184 388865504      0 1194004    0    0     0     0 20036 119035  7  2 90  0  0
 6  0   2184 388856544      0 1194656    0    0    16  1856 19309 119280  7  2 91  0  0
 7  0   2184 388798048      0 1195280    0    0     0     0 19765 117834  8  2 90  0  0
 4  0   2184 388731904      0 1196536    0    0     0    56 19301 119109  7  2 91  0  0
 6  0   2184 388662048      0 1197184    0    0     0    12 20240 119729  7  2 91  0  0
 9  0   2184 388636096      0 1201828    0    0     0   128 20168 117544  8  2 90  0  0
 4  0   2184 388443168      0 1203836    0    0     0     0 20345 120609  7  2 90  0  0
 7  0   2184 388461696      0 1204964    0    0     0    68 21727 118902  7  2 91  0  0
 7  0   2184 388494272      0 1205676    0    0     0    64 20953 118110  7  2 91  0  0
 6  0   2184 388560800      0 1206936    0    0     0   340 21810 112701  7  2 90  0  0
 8  0   2184 388559648      0 1207688    0    0     0   412 19587 113636  7  2 91  0  0
 4  0   2184 388549184      0 1208360    0    0     0 17232 20407 119601  7  2 91  0  0
procs -----------memory---------- ---swap-- -----io---- -system-- ------cpu-----
 r  b   swpd   free   buff  cache   si   so    bi    bo   in   cs us sy id wa st
 6  0   2184 388538560      0 1209444    0    0     0     0 20036 118080  7  2 90  0  0
 5  0   2184 388538464      0 1210588    0    0     0     8 19628 119523  7  2 91  0  0
 8  0   2184 388532416      0 1211256    0    0     0   180 20051 118906  7  2 91  0  0
 4  0   2184 388532896      0 1218252    0    0     0     8 20295 117322  8  2 90  0  0
 6  0   2184 388469888      0 1219488    0    0    16     0 19587 119314  7  2 91  0  0
 5  0   2184 388470368      0 1220132    0    0     0   256 19377 119638  6  2 91  0  0
 8  0   2184 388475616      0 1221260    0    0     0     0 22527 118713  8  2 90  0  0
 7  0   2184 388477152      0 1222920    0    0     0     0 20246 118742  7  2 91  0  0
 6  0   2184 388459584      0 1224044    0    0     0    20 20816 117803  7  2 91  0  0
 6  0   2184 388460576      0 1225492    0    0   244    48 20222 119289  7  2 91  0  0
 5  0   2184 388460832      0 1226168    0    0     0    20 19817 118209  6  2 91  0  0
 5  0   2184 388536352      0 1226700    0    0     0     8 20335 120198  7  2 91  0  0
 5  0   2184 388546592      0 1228044    0    0     0     0 21011 114950  7  2 90  0  0
 5  0   2184 388518368      0 1232256    0    0     4   640 19793 118399  7  2 91  0  0
 4  0   2184 388501504      0 1233392    0    0     0    12 19750 118495  7  2 90  0  0
 4  0   2184 388503264      0 1234072    0    0     0 27840 19642 119446  7  2 91  0  0
 4  0   2184 388498304      0 1235304    0    0    16     4 21277 117956  7  2 91  0  0
 4  0   2184 388499168      0 1236048    0    0     0     0 20384 118912  7  2 91  0  0
 0  0   2184 388496736      0 1236884    0    0    36     0 3114 3676  2  0 98  0  0
 0  0   2184 388764416      0 1237440    0    0   128     8 2176 2484  1  0 99  0  0
 0  0   2184 388738944      0 1238544    0    0     0     0 2307 2471  1  0 99  0  0
