procs -----------memory---------- ---swap-- -----io---- -system-- ------cpu-----
 r  b   swpd   free   buff  cache   si   so    bi    bo   in   cs us sy id wa st
 4  0   2184 389800096      0 1072888    0    0     2     2    0    0  0  0 100  0  0
 6  0   2184 389722208      0 1083232    0    0 10376   992 13371 10620  5  1 94  0  0
 4  1   2184 389634976      0 1098756    0    0 12180  1744 15519 11132  7  1 92  0  0
 7  0   2184 389589312      0 1107784    0    0  6996    12 8880 6928  7  0 93  0  0
 6  0   2184 389515200      0 1127440    0    0 19864    32 7793 7487  7  0 93  0  0
 1  1   2184 389476960      0 1143624    0    0 18000    32 10596 9652  8  0 92  0  0
 3  0   2184 389377728      0 1156728    0    0 12868     4 5774 6083  4  0 95  0  0
 0  0   2184 389304384      0 1166000    0    0  8244  3164 5746 7347  3  0 96  0  0
 5  0   2184 389259712      0 1167540    0    0  1556    12 2897 10175  2  0 98  0  0
40  0   2184 389220928      0 1170024    0    0  2032     0 7066 18903  6  0 93  0  0
84  0   2184 389225088      0 1170504    0    0     0    96 7083 9607  7  1 93  0  0
78  0   2184 389213056      0 1170580    0    0    28    44 7436 15146  7  0 93  0  0
103  0   2184 389204544      0 1172456    0    0   240  5028 8953 12967  8  0 91  0  0
98  0   2184 389190528      0 1176436    0    0  3964    72 9200 13562  9  0 91  0  0
55  0   2184 389141696      0 1176920    0    0   384     0 9146 14993  9  0 91  0  0
82  0   2184 389143968      0 1177468    0    0   500     0 9031 13673  8  1 92  0  0
76  0   2184 389132288      0 1179312    0    0   180   160 9180 14570  8  0 92  0  0
69  0   2184 389018240      0 1180204    0    0   600    40 8817 14648  7  1 93  0  0
62  0   2184 388950464      0 1180620    0    0     0     4 8581 14672  7  1 93  0  0
68  0   2184 388941792      0 1180848    0    0   192    60 8774 15762  6  1 93  0  0
75  0   2184 388931328      0 1181780    0    0   804     0 9507 16032  7  1 93  0  0
procs -----------memory---------- ---swap-- -----io---- -system-- ------cpu-----
 r  b   swpd   free   buff  cache   si   so    bi    bo   in   cs us sy id wa st
63  0   2184 388934304      0 1182308    0    0   120 51664 8942 16010  6  1 93  0  0
70  0   2184 388909760      0 1183752    0    0     8  1316 10614 20831  8  1 91  0  0
73  0   2184 388910656      0 1184304    0    0   260    40 10489 18141  8  1 91  0  0
70  0   2184 388909952      0 1184448    0    0     0    56 10345 18294  8  1 92  0  0
75  0   2184 388910560      0 1184580    0    0     0    24 10515 18912  8  1 92  0  0
60  0   2184 388901760      0 1186260    0    0     0   244 10096 20158  7  1 92  0  0
41  0   2184 388849536      0 1186744    0    0     8  4156 9464 18821  6  1 93  0  0
64  0   2184 388844704      0 1187020    0    0   112    56 9438 19462  6  1 93  0  0
72  0   2184 388831424      0 1187544    0    0   112    52 9775 25205  6  1 93  0  0
68  0   2184 388834016      0 1187744    0    0   360     4 9850 20954  6  1 93  0  0
70  0   2184 388836960      0 1188596    0    0    64    52 9577 27463  7  1 93  0  0
77  0   2184 388819072      0 1189512    0    0     0    24 10856 22856  7  1 92  0  0
84  0   2184 388832608      0 1190336    0    0     0    16 10699 29517  6  1 93  0  0
61  0   2184 388832896      0 1190536    0    0     0     8 9486 20357  6  1 93  0  0
74  0   2184 388845120      0 1191392    0    0    84    40 11841 26407  7  1 93  0  0
63  0   2184 388780768      0 1191820    0    0     0     4 9812 29917  6  1 93  0  0
67  0   2184 388770560      0 1192316    0    0    16   152 10832 36767  6  1 93  0  0
62  0   2184 388772672      0 1192600    0    0   140   340 9849 28285  6  1 93  0  0
70  0   2184 388773248      0 1192764    0    0     0     8 9609 37547  6  1 93  0  0
66  0   2184 388791776      0 1193280    0    0     0     0 10294 31228  6  1 93  0  0
73  0   2184 388815680      0 1193564    0    0    80     8 9834 45934  6  1 93  0  0
procs -----------memory---------- ---swap-- -----io---- -system-- ------cpu-----
 r  b   swpd   free   buff  cache   si   so    bi    bo   in   cs us sy id wa st
63  0   2184 388816064      0 1193876    0    0     0  6704 10559 23710  7  1 92  0  0
60  0   2184 388802208      0 1195832    0    0   284   124 9954 23871  7  1 93  0  0
67  0   2184 388799200      0 1196032    0    0     0     0 10310 22553  6  1 93  0  0
73  0   2184 388765664      0 1196540    0    0     0     0 9671 25192  6  1 93  0  0
65  0   2184 388760896      0 1197332    0    0     0     8 10903 23835  7  1 93  0  0
62  0   2184 388763776      0 1197468    0    0     0   128 10077 24387  6  1 93  0  0
66  0   2184 388763072      0 1197964    0    0   288    16 11627 26678  6  1 93  0  0
63  0   2184 388759104      0 1198276    0    0   112     0 9760 26595  6  1 93  0  0
60  0   2184 388788480      0 1198772    0    0     0    24 10333 27432  6  1 93  0  0
64  0   2184 388745376      0 1199344    0    0    72     0 10199 28267  7  1 92  0  0
71  0   2184 388737952      0 1199980    0    0    84     8 12819 507138  6  2 92  0  0
30  0   2184 388737728      0 1201964    0    0   292     4 13119 334614  6  1 93  0  0
38  0   2184 388731072      0 1202780    0    0     0   820 11663 284529  6  1 93  0  0
60  0   2184 388730624      0 1203048    0    0     0    20 10726 33253  6  1 93  0  0
63  0   2184 388747104      0 1203380    0    0   308   368 10942 35111  6  1 93  0  0
69  0   2184 388752256      0 1204092    0    0   132   620 11274 78739  6  1 93  0  0
71  0   2184 388780544      0 1204528    0    0   380  9040 12631 177378  6  1 93  0  0
66  0   2184 388810880      0 1205080    0    0     0     0 13126 220060  6  1 93  0  0
45  0   2184 388814240      0 1205356    0    0    72     4 11361 262618  6  1 93  0  0
68  0   2184 388802048      0 1205952    0    0     0    24 12254 134460  7  1 92  0  0
75  0   2184 388721824      0 1207360    0    0     0   368 13775 180083  7  1 92  0  0
procs -----------memory---------- ---swap-- -----io---- -system-- ------cpu-----
 r  b   swpd   free   buff  cache   si   so    bi    bo   in   cs us sy id wa st
62  0   2184 388679872      0 1209620    0    0     4    12 11350 180349  6  1 92  0  0
70  0   2184 388679424      0 1209828    0    0     0     0 11264 60351  6  1 93  0  0
68  0   2184 388671968      0 1210384    0    0     0     8 12467 97050  6  1 93  0  0
86  0   2184 388655552      0 1210652    0    0    16   204 11548 122431  6  1 93  0  0
73  0   2184 388655296      0 1211552    0    0     0   896 12210 252972  6  1 92  0  0
67  0   2184 388675552      0 1212076    0    0     0    32 12660 102992  6  1 92  0  0
64  0   2184 388658688      0 1212680    0    0     0     0 12404 110581  6  1 93  0  0
30  0   2184 388658688      0 1212952    0    0     0     0 11927 89291  6  1 93  0  0
39  0   2184 388648640      0 1213472    0    0    16     8 14935 242297  6  1 92  0  0
88  0   2184 388648416      0 1213848    0    0     0     4 14623 239650  6  1 92  0  0
65  0   2184 388637760      0 1215720    0    0     0     4 12273 107718  6  1 93  0  0
71  0   2184 388628032      0 1216628    0    0     4 10136 13486 85950  6  1 92  0  0
73  0   2184 388643136      0 1217172    0    0    16     0 12470 412225  6  1 93  0  0
76  0   2184 388643840      0 1217428    0    0     0     8 12631 121900  6  1 93  0  0
71  0   2184 388647584      0 1217700    0    0     0   128 12389 375174  6  1 93  0  0
57  0   2184 388735584      0 1218228    0    0     0    12 12937 109819  6  1 92  0  0
79  0   2184 388749376      0 1218500    0    0     0    16 14277 239867  6  1 93  0  0
67  0   2184 388749696      0 1218768    0    0    64     0 13947 225113  6  1 93  0  0
74  0   2184 388750080      0 1219360    0    0     0     8 12422 95659  7  1 92  0  0
78  0   2184 388693824      0 1220020    0    0     0     0 12495 222701  7  1 92  0  0
59  0   2184 388532032      0 1222744    0    0   456    12 16553 239881  8  1 91  0  0
procs -----------memory---------- ---swap-- -----io---- -system-- ------cpu-----
 r  b   swpd   free   buff  cache   si   so    bi    bo   in   cs us sy id wa st
75  0   2184 388511360      0 1220528    0    0     0     4 12183 112068  6  1 92  0  0
66  0   2184 388511360      0 1220732    0    0     0   836 12386 141041  6  1 93  0  0
67  0   2184 388511616      0 1220996    0    0     0   140 11685 102657  6  1 93  0  0
64  0   2184 388511872      0 1221268    0    0     0   560 12828 416677  6  1 93  0  0
86  0   2184 388510112      0 1221880    0    0     0     8 12251 512287  6  2 93  0  0
66  0   2184 388520192      0 1222548    0    0   128 13104 11459 41298  6  1 92  0  0
67  0   2184 388523264      0 1223048    0    0     0     8 11109 47315  6  1 93  0  0
56  0   2184 388539456      0 1223716    0    0    80    24 13435 312772  6  1 92  0  0
29  0   2184 388539360      0 1224032    0    0     0     0 10831 75789  7  1 92  0  0
62  0   2184 388538880      0 1225952    0    0     0   256 11986 147104  6  1 93  0  0
67  0   2184 388532608      0 1226156    0    0     0     0 11386 60050  6  1 93  0  0
79  0   2184 388575776      0 1226512    0    0    96     8 11823 76158  6  1 93  0  0
59  0   2184 388528192      0 1227140    0    0    16     4 12145 94657  6  1 92  0  0
58  0   2184 388520736      0 1227740    0    0     0   152 13242 137602  6  1 93  0  0
69  0   2184 388520800      0 1227944    0    0     0   200 12957 391851  6  1 93  0  0
70  0   2184 388521088      0 1228604    0    0    64    28 12719 398742  6  1 93  0  0
67  0   2184 388521184      0 1228904    0    0     0     0 11976 317358  6  1 93  0  0
68  0   2184 388521888      0 1229768    0    0     0     0 12846 98569  7  1 92  0  0
68  0   2184 388505344      0 1230488    0    0     0    12 13977 279478  6  1 92  0  0
84  0   2184 388506112      0 1232424    0    0     4     8 12696 369459  6  1 93  0  0
 7  0   2184 388531648      0 1233788    0    0  1076     8 11460 107255  6  1 93  0  0
procs -----------memory---------- ---swap-- -----io---- -system-- ------cpu-----
 r  b   swpd   free   buff  cache   si   so    bi    bo   in   cs us sy id wa st
60  0   2184 388598912      0 1234000    0    0     0  9980 13704 214813  6  1 93  0  0
56  0   2184 388534368      0 1234948    0    0     0     4 13338 242472  6  1 92  0  0
88  0   2184 388526176      0 1235588    0    0     0   132 13766 273210  6  1 93  0  0
54  0   2184 388519936      0 1235748    0    0     0    12 12717 249851  6  1 93  0  0
69  0   2184 388519424      0 1236056    0    0     0     0 13636 107670  6  1 93  0  0
26  0   2184 388517504      0 1236588    0    0     0     0 12444 131958  6  1 92  0  0
66  0   2184 388517248      0 1236916    0    0    64     8 12725 142969  6  1 92  0  0
70  0   2184 388516032      0 1237308    0    0     0     0 12654 246476  6  1 92  0  0
74  0   2184 388547072      0 1239288    0    0     0    12 13803 460035  6  2 92  0  0
63  0   2184 388547392      0 1239564    0    0     0     4 10529 48396  6  1 93  0  0
86  0   2184 388548672      0 1239760    0    0     0    12 11908 204599  6  1 93  0  0
73  0   2184 388531328      0 1240804    0    0    16  7312 12891 162006  6  1 92  0  0
39  0   2184 388531392      0 1241004    0    0     0   192 10700 42256  6  1 93  0  0
45  0   2184 388459456      0 1241600    0    0     0   472 10943 40826  6  1 93  0  0
61  0   2184 388458336      0 1241868    0    0     0     0 13366 358452  6  2 93  0  0
82  0   2184 388484032      0 1242532    0    0    76    24 14835 281830  6  1 93  0  0
71  0   2184 388478336      0 1243452    0    0     0     0 15616 177080  7  1 92  0  0
31  0   2184 388477568      0 1244580    0    0     0     0 11508 37389  7  1 92  0  0
60  0   2184 388468736      0 1246620    0    0     0    12 11562 144100  6  1 93  0  0
31  0   2184 388492544      0 1247164    0    0     0   248 12434 213243  6  1 92  0  0
74  0   2184 388491584      0 1247432    0    0     0     8 13753 159032  6  1 93  0  0
procs -----------memory---------- ---swap-- -----io---- -system-- ------cpu-----
 r  b   swpd   free   buff  cache   si   so    bi    bo   in   cs us sy id wa st
73  0   2184 388484288      0 1248028    0    0     0  8424 12789 196701  6  1 92  0  0
75  0   2184 388484320      0 1248296    0    0     0   604 11563 173539  6  1 93  0  0
61  0   2184 388486912      0 1248568    0    0     0   260 12909 83673  6  1 93  0  0
66  0   2184 388486208      0 1249092    0    0     0     8 14440 84554  6  1 93  0  0
68  0   2184 388485856      0 1249724    0    0     0    12 12173 79574  6  1 93  0  0
68  0   2184 388529792      0 1250304    0    0     0     0 13535 126906  7  1 92  0  0
69  0   2184 388529664      0 1251012    0    0    16    16 12199 83463  7  1 92  0  0
91  0   2184 388525920      0 1253196    0    0     0     8 12473 138584  7  1 92  0  0
 5  0   2184 388524480      0 1253472    0    0    16     8 12520 128631  6  1 92  0  0
 2  0   2184 388721728      0 1254040    0    0    64    12 4400 3160  4  0 96  0  0
 2  0   2184 388717536      0 1254140    0    0     0     8 3492 2020  3  0 97  0  0
 2  0   2184 388718272      0 1254520    0    0     0   128 3389 1924  3  0 96  0  0
 0  0   2184 388718368      0 1254560    0    0     0     4 1872 1980  1  0 99  0  0
 0  0   2184 388717888      0 1254980    0    0     0     0 1114 1823  0  0 100  0  0
 0  0   2184 388718432      0 1255016    0    0     0     0 1569 2911  0  0 100  0  0
 1  0   2184 388710496      0 1255520    0    0     0  7908 3508 2430  1  0 99  0  0
 0  0   2184 388711296      0 1255644    0    0     0     0 1247 1706  0  0 99  0  0
 0  0   2184 388712320      0 1256948    0    0     0     4 1202 1935  0  0 100  0  0
 0  0   2184 388712576      0 1256992    0    0     0     4 1066 1993  0  0 100  0  0
 0  0   2184 388778112      0 1257320    0    0     0     0 1192 2036  0  0 100  0  0
 0  0   2184 388781152      0 1257368    0    0     0     0  922 1676  0  0 100  0  0
procs -----------memory---------- ---swap-- -----io---- -system-- ------cpu-----
 r  b   swpd   free   buff  cache   si   so    bi    bo   in   cs us sy id wa st
 0  0   2184 388782432      0 1257408    0    0     0   996  993 1742  0  0 100  0  0
 0  0   2184 388783456      0 1257588    0    0   128   384 1023 1829  0  0 100  0  0
 0  0   2184 388784224      0 1257628    0    0     0     0  963 1737  0  0 100  0  0
 0  0   2184 388784544      0 1257672    0    0     0    16 1114 2013  0  0 100  0  0
 1  0   2184 388784544      0 1257748    0    0     0     0 1685 2195  0  0 100  0  0
 0  0   2184 388785152      0 1257876    0    0     0     0 1430 2066  0  0 99  0  0
 1  0   2184 388712736      0 1257948    0    0     0     4 3908 2120  2  0 98  0  0
 0  0   2184 388702400      0 1254664    0    0     0     0 1121 1899  0  0 100  0  0
 0  0   2184 388700896      0 1254916    0    0   212   268 1355 2316  0  0 100  0  0
 0  0   2184 388701152      0 1254964    0    0     0   132 1113 1963  0  0 100  0  0
 0  0   2184 388701408      0 1255004    0    0     0  4536  994 1772  0  0 100  0  0
 0  0   2184 388701408      0 1255052    0    0     0     0  924 1720  0  0 100  0  0
 0  0   2184 388701408      0 1255088    0    0     0    64  933 1682  0  0 100  0  0
 0  0   2184 388701664      0 1255132    0    0     0   196 1097 2056  0  0 100  0  0
 1  0   2184 388701952      0 1255208    0    0     0     0 1765 2085  0  0 100  0  0
 0  0   2184 388704576      0 1255336    0    0     0  2284 1406 1951  0  0 99  0  0
 0  0   2184 388705088      0 1255376    0    0     0     0 1001 1800  0  0 100  0  0
 0  0   2184 388705472      0 1255420    0    0     0     0 1016 1830  0  0 100  0  0
 0  0   2184 388706240      0 1255460    0    0     0     0  981 1810  0  0 100  0  0
 1  0   2184 388622656      0 1255540    0    0     0   436 3227 4456  2  0 98  0  0
 1  0   2184 388586272      0 1255568    0    0     0   128 9803 7884  3  1 96  0  0
procs -----------memory---------- ---swap-- -----io---- -system-- ------cpu-----
 r  b   swpd   free   buff  cache   si   so    bi    bo   in   cs us sy id wa st
 0  0   2184 388511584      0 1255780    0    0    32     4 4161 4007  3  0 97  0  0
35  0   2184 388503968      0 1255932    0    0     0     0 2036 3425  1  0 99  0  0
46  0   2184 388491552      0 1256052    0    0    64     0 14940 690679  7  2 92  0  0
52  0   2184 388480256      0 1256140    0    0     0    12 14525 547608  7  2 91  0  0
69  0   2184 388472320      0 1256368    0    0     0   560 14246 194465  8  1 91  0  0
65  0   2184 388526752      0 1256640    0    0     0    36 13703 240383  7  1 92  0  0
75  0   2184 388529696      0 1256912    0    0     0     8 14506 355933  6  2 92  0  0
 4  0   2184 388605184      0 1257392    0    0    16     8 12722 91956  6  1 92  0  0
59  0   2184 388576992      0 1258032    0    0     0   128 10585 34512  6  1 92  0  0
65  0   2184 388565536      0 1258304    0    0     0   968 12252 340246  6  1 93  0  0
 4  0   2184 388550848      0 1258580    0    0     0  2332 12766 430765  6  2 92  0  0
65  0   2184 388546336      0 1259148    0    0     0    44 12199 88490  6  1 92  0  0
 9  0   2184 388533248      0 1259428    0    0     0    12 13634 322503  6  1 93  0  0
78  0   2184 388526912      0 1259732    0    0     0    16 11950 97751  7  1 92  0  0
66  0   2184 388525760      0 1260568    0    0     0     0 12773 175457  7  1 92  0  0
41  0   2184 388523136      0 1262444    0    0     0     8 11078 87008  7  1 92  0  0
65  0   2184 388523040      0 1262900    0    0   184     0 10528 100050  6  1 93  0  0
71  0   2184 388452544      0 1263660    0    0   128    60 12000 132100  6  1 92  0  0
81  0   2184 388452352      0 1263928    0    0     0   252 12862 143774  6  1 93  0  0
56  0   2184 388418880      0 1264204    0    0     0   612 11187 124516  6  1 93  0  0
76  0   2184 388418688      0 1264844    0    0     0     0 13549 293104  6  1 93  0  0
procs -----------memory---------- ---swap-- -----io---- -system-- ------cpu-----
 r  b   swpd   free   buff  cache   si   so    bi    bo   in   cs us sy id wa st
59  0   2184 388401248      0 1265780    0    0     0  5996 13287 194553  6  1 92  0  0
63  0   2184 388400768      0 1266048    0    0     0   264 12412 167839  6  1 93  0  0
71  0   2184 388399552      0 1267036    0    0    16    48 14195 111525  7  1 92  0  0
59  0   2184 388437952      0 1267392    0    0     0     4 13870 395752  6  2 92  0  0
28  0   2184 388500992      0 1269864    0    0     0    12 13010 72434  7  1 92  0  0
84  0   2184 388458368      0 1270400    0    0     0     0 13205 167118  6  1 92  0  0
81  0   2184 388458944      0 1270668    0    0     0     8 14006 218046  6  1 93  0  0
76  0   2184 388434752      0 1272020    0    0     0     0 13690 237077  6  1 92  0  0
68  0   2184 388434048      0 1272292    0    0     0   188 12623 188871  6  1 93  0  0
61  0   2184 388431840      0 1272600    0    0     0    16 10994 64533  6  1 93  0  0
74  0   2184 388399936      0 1273480    0    0     0     8 13134 164155  7  1 92  0  0
84  0   2184 388413088      0 1273816    0    0    64     0 13006 132827  6  1 93  0  0
79  0   2184 388413600      0 1274196    0    0     0     0 13101 252453  6  1 92  0  0
65  0   2184 388500832      0 1274544    0    0     0   316 13256 198611  7  1 92  0  0
75  0   2184 388466240      0 1276920    0    0     0    60 13918 106964  7  1 92  0  0
71  0   2184 388471744      0 1277536    0    0     0     4 13021 289236  6  1 92  0  0
78  0   2184 388426688      0 1278432    0    0   220 13712 12721 106387  6  1 92  0  0
 2  0   2184 388419616      0 1278904    0    0    32     0 5268 18659  5  0 95  0  0
 1  0   2184 388618432      0 1279000    0    0     0   332 3433 2326  2  0 97  0  0
 0  0   2184 388601856      0 1279752    0    0    16   408 1705 2376  0  0 100  0  0
