procs -----------memory---------- ---swap-- -----io---- -system-- ------cpu-----
 r  b   swpd   free   buff  cache   si   so    bi    bo   in   cs us sy id wa st
 1  0   2184 390589824      0 1064920    0    0     2     2    0    0  0  0 100  0  0
 1  0   2184 390583136      0 1065476    0    0   108 65496 9000 6401  0  1 99  0  0
 2  0   2184 390584192      0 1065508    0    0     0     0 10111 5552  0  1 99  0  0
 2  0   2184 390482528      0 1106652    0    0 41220     8 5599 5685  2  0 98  0  0
 2  0   2184 390453088      0 1120688    0    0 16048    32 4886 7772  3  0 97  0  0
 3  0   2184 390370784      0 1136564    0    0 19988    32 5592 7463  3  0 97  0  0
 0  0   2184 390320160      0 1140336    0    0  3476   720 3110 3354  2  0 98  0  0
 1  0   2184 390210496      0 1146504    0    0  6072    32 5217 63810  3  0 96  0  0
89  0   2184 390176448      0 1150828    0    0  3852     0 14025 353233  6  1 93  0  0
 2  0   2184 390136160      0 1151860    0    0  1116     0 15432 318572  6  1 93  0  0
82  0   2184 390102592      0 1152440    0    0   228    88 17192 493897  6  1 93  0  0
71  0   2184 390091808      0 1152736    0    0   212    52 12717 137577  6  1 93  0  0
31  0   2184 390067776      0 1153564    0    0   448     8 19010 697754  5  2 93  0  0
21  0   2184 390078272      0 1153772    0    0   176    60 14733 345163  6  1 93  0  0
73  0   2184 390069792      0 1154232    0    0   108    16 23325 670781  5  2 93  0  0
64  0   2184 390039936      0 1154748    0    0   328     8 14188 284323  5  1 93  0  0
87  0   2184 389967264      0 1155496    0    0   292   140 14746 291167  6  1 93  0  0
83  0   2184 389943488      0 1156204    0    0   140    48 13551 501459  6  2 93  0  0
62  0   2184 389941056      0 1157828    0    0   416     4 12593 214187  6  1 93  0  0
29  0   2184 389925184      0 1158020    0    0   116    72 13996 655805  5  2 94  0  0
65  0   2184 389902464      0 1159076    0    0   736     0 12434 214257  6  1 93  0  0
procs -----------memory---------- ---swap-- -----io---- -system-- ------cpu-----
 r  b   swpd   free   buff  cache   si   so    bi    bo   in   cs us sy id wa st
90  0   2184 389915680      0 1159256    0    0    16     8 13126 189811  5  1 93  0  0
62  0   2184 389903616      0 1159468    0    0     0     0 17776 352245  5  1 93  0  0
37  0   2184 389905600      0 1161048    0    0   728    48 17185 306289  6  1 93  0  0
 1  0   2184 389795648      0 1161876    0    0     0     4 13378 147743  6  1 93  0  0
34  0   2184 389808768      0 1162384    0    0    16    76 14588 431104  5  1 93  0  0
52  0   2184 389809600      0 1162772    0    0   108     0 14511 333427  5  1 94  0  0
45  0   2184 389822304      0 1162968    0    0    24   340 15429 572468  5  2 94  0  0
30  0   2184 389817632      0 1164928    0    0   252   144 20743 333089  6  1 93  0  0
77  0   2184 389821504      0 1165228    0    0     0   352 18292 404514  5  1 93  0  0
23  0   2184 389834784      0 1165720    0    0   344    64 10479 312163  5  1 93  0  0
 1  0   2184 389827904      0 1165888    0    0    64    16 15046 538044  5  2 93  0  0
30  0   2184 389844544      0 1166148    0    0    16     8 12350 377796  5  1 93  0  0
27  0   2184 389836416      0 1166180    0    0    24   120 12875 130587  6  1 94  0  0
 1  0   2184 389829216      0 1166888    0    0     0     8 19849 309909  5  1 93  0  0
42  0   2184 389865632      0 1167260    0    0   172    40 12938 118949  6  1 93  0  0
76  0   2184 389852160      0 1167936    0    0   152    12 19272 252123  5  1 93  0  0
75  0   2184 389760832      0 1168516    0    0    68     0 12735 110098  6  1 93  0  0
 1  0   2184 389749024      0 1170740    0    0   508   376 16226 148093  6  1 93  0  0
 1  0   2184 389726464      0 1171276    0    0    16     0 19840 270656  5  1 93  0  0
14  0   2184 389725024      0 1171756    0    0     0     8 12325 227554  6  1 93  0  0
22  0   2184 389732928      0 1172256    0    0     0     0 14717 168649  5  1 94  0  0
procs -----------memory---------- ---swap-- -----io---- -system-- ------cpu-----
 r  b   swpd   free   buff  cache   si   so    bi    bo   in   cs us sy id wa st
63  0   2184 389767104      0 1173088    0    0     0    12 17892 228641  6  1 93  0  0
87  0   2184 389762560      0 1173672    0    0     0    16 15661 341243  6  1 93  0  0
23  0   2184 389759200      0 1173936    0    0    68     0 17443 452426  5  1 94  0  0
73  0   2184 389744352      0 1174136    0    0     0     8 16779 109150  5  1 94  0  0
35  0   2184 389743104      0 1174740    0    0     0     0 20214 253044  5  1 93  0  0
75  0   2184 389740672      0 1174944    0    0     0     4 10574 82022  6  1 93  0  0
54  0   2184 389726080      0 1176908    0    0     0  2348 15312 446630  6  1 93  0  0
23  0   2184 389722976      0 1177420    0    0     0    16 13410 101794  6  1 93  0  0
48  0   2184 389719680      0 1177652    0    0    36     8 13241 227033  5  1 93  0  0
40  0   2184 389741056      0 1178528    0    0     0     0 15508 249235  6  1 93  0  0
89  0   2184 389771392      0 1178748    0    0   112     0 14854 125106  6  1 93  0  0
47  0   2184 389768640      0 1179332    0    0   380  1332 15950 289744  5  1 94  0  0
55  0   2184 389859680      0 1179532    0    0     0     4 20574 208121  5  1 93  0  0
59  0   2184 389880320      0 1179728    0    0     0     8 13138 437898  5  1 93  0  0
26  0   2184 389877536      0 1180012    0    0     0    12 16571 324617  5  1 94  0  0
31  0   2184 389830848      0 1180520    0    0    16     0 15751 385668  6  1 93  0  0
34  0   2184 389791328      0 1182668    0    0   184   364 16014 271196  6  1 93  0  0
51  0   2184 389721696      0 1183500    0    0     0  5036 19054 270590  6  1 93  0  0
17  0   2184 389726304      0 1183764    0    0    20     4 15005 433244  6  1 93  0  0
 1  0   2184 389720672      0 1184704    0    0   104    16 15148 303796  5  1 93  0  0
 2  0   2184 389730208      0 1184904    0    0     0   248 16065 232841  5  1 94  0  0
procs -----------memory---------- ---swap-- -----io---- -system-- ------cpu-----
 r  b   swpd   free   buff  cache   si   so    bi    bo   in   cs us sy id wa st
20  0   2184 389724672      0 1185096    0    0     0     8 16876 148280  5  1 93  0  0
55  0   2184 389673824      0 1185684    0    0     0    12 15747 113333  6  1 93  0  0
31  0   2184 389654912      0 1186176    0    0     0     0 14434 397837  5  1 93  0  0
63  0   2184 389664736      0 1186488    0    0   104   212 13401 104236  6  1 94  0  0
95  0   2184 389679648      0 1187004    0    0     0    16 18718 245777  5  1 93  0  0
71  0   2184 389685952      0 1188732    0    0     0    84 15465 303627  5  1 93  0  0
51  0   2184 389668000      0 1189224    0    0     0  3316 16459 324177  6  1 93  0  0
 1  0   2184 389716960      0 1190112    0    0     0     8 13764 611847  5  2 93  0  0
84  0   2184 389717408      0 1190640    0    0     0     0 21402 229632  5  1 93  0  0
74  0   2184 389700512      0 1191220    0    0    80    12 19284 147492  6  1 93  0  0
61  0   2184 389694304      0 1191740    0    0     0    16 17514 302943  5  1 93  0  0
60  0   2184 389681728      0 1191928    0    0     4  3624 15665 466027  5  1 93  0  0
57  0   2184 389686496      0 1192132    0    0     0     0 18413 279808  5  1 94  0  0
35  0   2184 389685504      0 1192344    0    0     0     8 17695 180239  5  1 93  0  0
22  0   2184 389663296      0 1192932    0    0    80     0 23486 247922  5  1 93  0  0
68  0   2184 389635488      0 1194644    0    0   128    16 13352 355192  6  1 92  0  0
34  0   2184 389547424      0 1192008    0    0     0  1716 17155 268641  6  1 92  0  0
88  0   2184 389534944      0 1192600    0    0    84    16 18169 241448  6  1 93  0  0
39  0   2184 389543360      0 1193268    0    0   436     8 15291 372484  5  1 94  0  0
24  0   2184 389550912      0 1193472    0    0     0     0 18283 276440  5  1 94  0  0
74  0   2184 389627072      0 1194052    0    0    80     8 14289 150456  6  1 93  0  0
procs -----------memory---------- ---swap-- -----io---- -system-- ------cpu-----
 r  b   swpd   free   buff  cache   si   so    bi    bo   in   cs us sy id wa st
80  0   2184 389626240      0 1194336    0    0    80  1260 16745 199765  6  1 93  0  0
67  0   2184 389622208      0 1194524    0    0     0    20 20177 250232  5  1 94  0  0
59  0   2184 389634880      0 1194744    0    0     0     0 12874 139844  5  1 94  0  0
49  0   2184 389613472      0 1194948    0    0     0   136 13032 92174  6  1 93  0  0
12  0   2184 389625312      0 1196480    0    0     0    92 16621 229101  6  1 93  0  0
74  0   2184 389616992      0 1197044    0    0     0  2992 28434 303673  5  1 93  0  0
18  0   2184 389576320      0 1198428    0    0   868   712 16199 110133  6  1 93  0  0
 1  0   2184 389575616      0 1198996    0    0     0    24 19583 236683  5  1 93  0  0
30  0   2184 389591872      0 1199196    0    0     0     0 12527 176358  5  1 94  0  0
29  0   2184 389594848      0 1199460    0    0     0   256 17700 303545  5  1 94  0  0
 1  0   2184 389581504      0 1199968    0    0     0  1716 20967 382243  5  1 93  0  0
80  0   2184 389578208      0 1200464    0    0     0     8 13499 396520  5  1 93  0  0
76  0   2184 389582048      0 1200984    0    0     0     4 18715 310911  6  1 93  0  0
52  0   2184 389588864      0 1201172    0    0     0     8 15840 281562  5  1 93  0  0
74  0   2184 389579648      0 1203156    0    0     0     8 14297 144620  6  1 93  0  0
17  0   2184 389571360      0 1203888    0    0   224     0 13599 174978  6  1 93  0  0
20  0   2184 389569216      0 1204460    0    0     0  1636 17660 163617  6  1 93  0  0
62  0   2184 389585888      0 1205084    0    0   112     0 18314 310129  5  1 93  0  0
47  0   2184 389587104      0 1205636    0    0     0    12 13795 313463  5  1 93  0  0
79  0   2184 389574624      0 1206148    0    0     0     0 14281 241317  6  1 93  0  0
 1  0   2184 389572832      0 1206344    0    0     0     8 15978 262959  5  1 93  0  0
procs -----------memory---------- ---swap-- -----io---- -system-- ------cpu-----
 r  b   swpd   free   buff  cache   si   so    bi    bo   in   cs us sy id wa st
20  0   2184 389577024      0 1206544    0    0     0  3148 15729 165124  5  1 93  0  0
84  0   2184 389576096      0 1206820    0    0     0     8 16054 438999  5  1 93  0  0
30  0   2184 389594880      0 1207024    0    0     0    76 12457 352451  5  1 94  0  0
60  0   2184 389551552      0 1209336    0    0    84    16 17678 249651  6  1 93  0  0
72  0   2184 389404704      0 1210184    0    0     0     0 14149 385630  6  1 93  0  0
83  0   2184 389469696      0 1210716    0    0     0  7444 15719 326650  5  1 93  0  0
30  0   2184 389481536      0 1210920    0    0    80     0 17701 523949  5  2 94  0  0
69  0   2184 389472512      0 1211192    0    0     0     8 18448 727996  5  2 93  0  0
27  0   2184 389462976      0 1211396    0    0    24     0 14238 352112  6  1 93  0  0
39  0   2184 389479904      0 1211596    0    0    16    12 14582 807545  5  2 94  0  0
26  0   2184 389568832      0 1211916    0    0   128  1100 12895 259393  5  1 93  0  0
26  0   2184 389579520      0 1197700    0    0     0     0 13784 815955  5  2 93  0  0
11  0   2184 389575328      0 1198256    0    0    48    12 19873 180975  5  1 94  0  0
 1  0   2184 389567168      0 1200160    0    0     0   212 14909 235468  6  1 93  0  0
50  0   2184 389566112      0 1200352    0    0     0     8 13798 322737  5  1 94  0  0
68  0   2184 389561056      0 1200884    0    0    16  2508 16966 367803  6  1 93  0  0
83  0   2184 389575744      0 1201108    0    0     0   716 16700 355571  5  1 94  0  0
93  0   2184 389584800      0 1201312    0    0     0     0 19837 983351  5  2 93  0  0
74  0   2184 389598656      0 1202748    0    0     0    64 19183 414533  6  1 93  0  0
73  0   2184 389592672      0 1203020    0    0    80     8 17081 256603  5  1 94  0  0
27  0   2184 389595712      0 1203220    0    0     0  2680 11619 321252  5  1 93  0  0
procs -----------memory---------- ---swap-- -----io---- -system-- ------cpu-----
 r  b   swpd   free   buff  cache   si   so    bi    bo   in   cs us sy id wa st
47  0   2184 389584288      0 1203744    0    0     0    12 10984 176987  6  1 93  0  0
 1  0   2184 389575776      0 1204148    0    0   244     0 17580 380325  6  1 93  0  0
51  0   2184 389571168      0 1205680    0    0    16    12 15844 493343  5  1 93  0  0
34  0   2184 389592704      0 1206264    0    0     0     0 22097 258524  5  1 93  0  0
 1  0   2184 389556576      0 1206816    0    0     0  3684 19970 428660  5  1 93  0  0
 1  0   2184 389547264      0 1207012    0    0     0     8 17228 283663  5  1 93  0  0
23  0   2184 389544768      0 1207576    0    0    52    12 15482 656999  5  2 93  0  0
 1  0   2184 389555360      0 1208172    0    0   156     8 15351 198449  5  1 94  0  0
 0  0   2184 389775232      0 1208424    0    0     0     0 1785 2136  1  0 99  0  0
 0  0   2184 389780352      0 1209224    0    0     0  1812 1584 2248  0  0 100  0  0
 0  0   2184 389781120      0 1209280    0    0     4     0 1108 1885  0  0 100  0  0
 0  0   2184 389784096      0 1209324    0    0     0     0  974 1663  0  0 100  0  0
 1  0   2184 389816544      0 1210752    0    0     0     8 3353 2395  1  0 99  0  0
 0  0   2184 389710496      0 1208304    0    0     0     0 1937 2091  1  0 99  0  0
 0  1   2184 389710752      0 1208392    0    0     0  2676 1359 2487  0  0 100  0  0
 0  0   2184 389710272      0 1208436    0    0     0   472 1116 1924  0  0 100  0  0
 1  0   2184 389686080      0 1208472    0    0     0     0 1097 1872  0  0 100  0  0
 0  0   2184 389662720      0 1208848    0    0    72     0 1450 2348  0  0 100  0  0
 0  0   2184 389662976      0 1208892    0    0     0     4  982 1753  0  0 100  0  0
 0  0   2184 389663488      0 1208924    0    0     0     0 1013 1794  0  0 100  0  0
 0  0   2184 389666944      0 1208984    0    0     0    16 1324 1955  0  0 100  0  0
procs -----------memory---------- ---swap-- -----io---- -system-- ------cpu-----
 r  b   swpd   free   buff  cache   si   so    bi    bo   in   cs us sy id wa st
 0  0   2184 389669824      0 1209024    0    0     0     0  983 1783  0  0 100  0  0
 0  0   2184 389670560      0 1209176    0    0     0    72 1019 1772  0  0 100  0  0
 0  0   2184 389671840      0 1209276    0    0    64    64 1016 1709  0  0 100  0  0
 0  0   2184 389674400      0 1209320    0    0     0   656 1243 2269  0  0 100  0  0
 0  0   2184 389677440      0 1209484    0    0   128  1716 1031 1881  0  0 100  0  0
 0  0   2184 389678720      0 1209528    0    0     0   704  979 1755  0  0 100  0  0
 0  0   2184 389679040      0 1209568    0    0     0     0 1188 1735  0  0 100  0  0
 0  0   2184 389679808      0 1209656    0    0    64    60 1078 1923  0  0 100  0  0
 0  0   2184 389680320      0 1209708    0    0     0     0 1375 2130  0  0 100  0  0
 0  0   2184 389683840      0 1209764    0    0     0  3252 1121 1926  0  0 100  0  0
 0  0   2184 389686912      0 1209796    0    0     0     0  935 1799  0  0 100  0  0
 0  0   2184 389687680      0 1209852    0    0     0     0 1124 2009  0  0 100  0  0
 0  0   2184 389690240      0 1209888    0    0     0     0  973 1635  0  0 100  0  0
 0  0   2184 389693664      0 1209924    0    0     0     0 1061 1873  0  0 100  0  0
 0  0   2184 389694432      0 1209968    0    0     0  1176  944 1688  0  0 100  0  0
 0  0   2184 389695456      0 1209996    0    0     0     4 1037 1896  0  0 100  0  0
 0  0   2184 389698752      0 1210044    0    0     0     0  918 1674  0  0 100  0  0
 0  0   2184 389699264      0 1210084    0    0     0     0  897 1653  0  0 100  0  0
 3  0   2184 389677120      0 1210152    0    0     0     4 4133 5705  3  0 97  0  0
 2  0   2184 389570592      0 1210264    0    0     4  2972 9815 7615  3  1 96  0  0
 0  0   2184 389529184      0 1210544    0    0     0     4 3819 3396  2  0 97  0  0
procs -----------memory---------- ---swap-- -----io---- -system-- ------cpu-----
 r  b   swpd   free   buff  cache   si   so    bi    bo   in   cs us sy id wa st
24  0   2184 389487616      0 1210684    0    0     0     4 3849 21673  2  0 97  0  0
15  0   2184 389475456      0 1210732    0    0     0     0 22206 242205  6  1 93  0  0
73  0   2184 389467840      0 1210844    0    0    64     0 18829 863769  6  2 92  0  0
37  0   2184 389475744      0 1211052    0    0    16  6492 17166 236033  6  1 92  0  0
41  0   2184 389484608      0 1211328    0    0     0    36 14485 104123  6  1 93  0  0
85  0   2184 389487968      0 1211544    0    0     0     0 13399 88075  6  1 93  0  0
67  0   2184 389464832      0 1211748    0    0     0    16 18367 311866  6  1 93  0  0
18  0   2184 389486528      0 1212312    0    0     0     0 18180 188771  6  1 93  0  0
47  0   2184 389492288      0 1212540    0    0     0   316 13918 357512  5  1 93  0  0
13  0   2184 389485408      0 1212796    0    0     0    52 16537 160538  6  1 93  0  0
 1  0   2184 389525952      0 1213620    0    0     0    12 14876 380491  6  1 93  0  0
31  0   2184 389624896      0 1214136    0    0     0   120 14917 342733  6  1 93  0  0
 9  0   2184 389617856      0 1214660    0    0     0   512 13113 235246  5  1 93  0  0
73  0   2184 389621088      0 1215180    0    0     0   312 17539 266885  5  1 93  0  0
88  0   2184 389605216      0 1215824    0    0    16   708 20678 222780  5  1 93  0  0
40  0   2184 389611104      0 1216376    0    0     0    48 16894 553158  5  1 93  0  0
29  0   2184 389616928      0 1216892    0    0     0     8 17708 388154  6  1 93  0  0
24  0   2184 389637664      0 1217100    0    0     0    64 20097 447620  5  1 93  0  0
14  0   2184 389633728      0 1217316    0    0     0     4 11349 276151  5  1 93  0  0
59  0   2184 389629696      0 1217836    0    0     0     8 13009 194158  6  1 93  0  0
85  0   2184 389694880      0 1219988    0    0     0   252 18618 323703  6  1 93  0  0
procs -----------memory---------- ---swap-- -----io---- -system-- ------cpu-----
 r  b   swpd   free   buff  cache   si   so    bi    bo   in   cs us sy id wa st
16  0   2184 389697440      0 1220188    0    0     0    72 17281 260758  5  1 94  0  0
 1  0   2184 389734592      0 1220420    0    0    28    52 17179 313719  5  1 93  0  0
31  0   2184 389724576      0 1220940    0    0    16     0 15511 90902  6  1 93  0  0
36  0   2184 389741440      0 1221144    0    0     0    28 18776 167986  5  1 94  0  0
33  0   2184 389674400      0 1221720    0    0    16     0 17156 289787  6  1 93  0  0
37  0   2184 389674144      0 1221924    0    0     0     0 15602 152981  5  1 94  0  0
52  0   2184 389665344      0 1222124    0    0     0     8 22826 332211  5  1 93  0  0
67  0   2184 389661728      0 1222676    0    0     0    52 13726 222590  6  1 93  0  0
69  0   2184 389642336      0 1223172    0    0     0   264 18364 247009  6  1 93  0  0
65  0   2184 389563008      0 1224396    0    0    16     8 20532 232721  7  1 92  0  0
39  0   2184 389555712      0 1225048    0    0   128     0 14222 367319  5  1 93  0  0
84  0   2184 389514880      0 1225248    0    0     0     8 16311 235213  5  1 93  0  0
44  0   2184 389523968      0 1225804    0    0     0    48 14185 410462  5  1 94  0  0
47  0   2184 389532544      0 1226024    0    0    24   112 18313 168198  5  1 93  0  0
43  0   2184 389534336      0 1226240    0    0     0     0 16764 136300  5  1 94  0  0
 3  0   2184 389539904      0 1226456    0    0    32    12 13243 637626  5  2 93  0  0
 0  0   2184 389770432      0 1227248    0    0     0     0 2946 2771  1  0 99  0  0
 0  0   2184 389770432      0 1227400    0    0    16     8 1701 2468  0  0 100  0  0
 0  0   2184 389773504      0 1227816    0    0    36   452 1649 2127  0  0 100  0  0
