procs -----------memory---------- ---swap-- -----io---- -system-- ------cpu-----
 r  b   swpd   free   buff  cache   si   so    bi    bo   in   cs us sy id wa st
 4  0   2184 390753440      0 984288    0    0     2     2    0    0  0  0 100  0  0
 3  0   2184 390721376      0 985700    0    0   668 67384 10161 6785  1  1 98  0  0
 2  0   2184 390672160      0 990296    0    0  2896   700 11820 7619  2  1 97  0  0
 2  0   2184 390602112      0 993792    0    0  3032    16 6328 7043  3  0 97  0  0
 1  0   2184 390587136      0 1005672    0    0 14104    36 4689 7560  3  0 97  0  0
 2  0   2184 390498944      0 1021188    0    0 18020    32 5098 6723  3  0 97  0  0
 0  0   2184 390469600      0 1022396    0    0   900   688 2058 2535  1  0 99  0  0
 8  0   2184 390345824      0 1026012    0    0  3712  1768 6693 10468  4  1 95  0  0
 8  0   2184 390269440      0 1026652    0    0   104    12 7507 10334  7  0 93  0  0
 8  0   2184 390118944      0 1030804    0    0  4124     4 8347 14732  7  1 93  0  0
 8  0   2184 390012128      0 1031732    0    0   812    44 10284 20932  7  1 92  0  0
 8  0   2184 389991072      0 1032076    0    0   224    44 9874 23694  8  1 92  0  0
 8  0   2184 389969216      0 1033076    0    0   180   436 12365 31724  8  1 91  0  0
 6  0   2184 389849760      0 1035040    0    0   852    44 11163 31379  8  1 91  0  0
 9  0   2184 389820736      0 1035416    0    0   128    16 12418 39426  6  1 93  0  0
 7  0   2184 389797184      0 1035724    0    0     0     8 12301 41964  7  1 92  0  0
 6  0   2184 389768224      0 1036100    0    0   128    52 14430 46501  7  1 92  0  0
 8  0   2184 389750432      0 1036408    0    0    24  1192 13414 47460  6  1 92  0  0
 8  0   2184 389743296      0 1036680    0    0     0    12 14708 47754  6  1 92  0  0
 7  0   2184 389698688      0 1039364    0    0   252    64 18407 50002  7  1 92  0  0
 8  0   2184 389682048      0 1040068    0    0   388     0 18756 59299  7  1 92  0  0
procs -----------memory---------- ---swap-- -----io---- -system-- ------cpu-----
 r  b   swpd   free   buff  cache   si   so    bi    bo   in   cs us sy id wa st
10  0   2184 389692512      0 1040432    0    0     0     8 19250 65008  7  1 92  0  0
 8  0   2184 389653152      0 1041244    0    0     0  6056 19255 71563  7  2 91  0  0
 7  0   2184 389646944      0 1042224    0    0   236    40 20996 79423  7  2 92  0  0
 8  0   2184 389468992      0 1044028    0    0   184    64 24539 89267  7  2 91  0  0
 6  0   2184 389493184      0 1044660    0    0    16    16 23456 91707  7  2 92  0  0
 8  0   2184 389494976      0 1045400    0    0   112     0 26931 102630  7  2 91  0  0
 7  0   2184 389498560      0 1046092    0    0    12   172 29623 121115  7  3 90  0  0
 5  0   2184 389541792      0 1046912    0    0    64    52 31422 129533  7  2 91  0  0
 7  0   2184 389484992      0 1051672    0    0    96    56 33741 136543  8  2 90  0  0
 5  0   2184 389443840      0 1053412    0    0   408     4 33514 141617  7  3 90  0  0
 6  0   2184 389439680      0 1054360    0    0     0   180 35287 148366  7  2 91  0  0
10  0   2184 389455104      0 1055488    0    0     0   420 37642 152159  8  3 90  0  0
 4  0   2184 389415552      0 1057644    0    0   100 15684 33018 135374  8  3 90  0  0
 8  0   2184 389389536      0 1058676    0    0    92     8 35872 145493  7  3 90  0  0
 8  0   2184 389385088      0 1060292    0    0   148    40 34681 144086  7  3 90  0  0
 7  0   2184 389351168      0 1061824    0    0    28    12 35034 144770  7  3 90  0  0
 6  0   2184 389350144      0 1063712    0    0   124   196 29434 124825  8  2 90  0  0
10  0   2184 389347488      0 1064652    0    0    32   312 34861 143401  7  3 90  0  0
 7  0   2184 389354752      0 1066068    0    0   400     0 33418 135655  8  3 90  0  0
 4  0   2184 389310464      0 1075440    0    0    80     4 37063 148027  8  3 90  0  0
 7  0   2184 389226432      0 1077244    0    0    64     8 36598 144704  7  3 90  0  0
procs -----------memory---------- ---swap-- -----io---- -system-- ------cpu-----
 r  b   swpd   free   buff  cache   si   so    bi    bo   in   cs us sy id wa st
 8  0   2184 389344000      0 1078296    0    0     0     4 34715 139037  7  3 90  0  0
 8  0   2184 389385728      0 1079372    0    0     0 24856 35814 150236  7  3 90  0  0
 6  0   2184 389337408      0 1081112    0    0     0     0 37886 155343  7  3 90  0  0
 5  0   2184 389334528      0 1083900    0    0  1212     8 33330 138516  7  2 91  0  0
 5  0   2184 389276096      0 1085692    0    0     4     0 35597 146539  7  3 90  0  0
 4  0   2184 389285376      0 1086516    0    0     0   128 33643 139919  7  3 90  0  0
 4  0   2184 389323040      0 1087520    0    0     0    16 37389 153611  7  3 90  0  0
 7  0   2184 389325824      0 1092496    0    0     0    20 35899 146435  8  3 90  0  0
11  0   2184 389323904      0 1094364    0    0   216     8 37252 154222  7  3 91  0  0
17  0   2184 389326336      0 1095372    0    0     0     0 36545 149933  8  3 90  0  0
 4  0   2184 389342208      0 1100060    0    0    80     8 37849 150739  8  3 90  0  0
10  0   2184 389263328      0 1088964    0    0   164     0 37787 153506  9  3 89  0  0
 8  0   2184 389229440      0 1090540    0    0     0     4 34955 142683  7  3 90  0  0
 7  0   2184 389231968      0 1091608    0    0    64     8 29711 126109  7  3 90  0  0
 9  0   2184 389228416      0 1093396    0    0     0    12 33704 134608  8  3 89  0  0
 8  0   2184 389238336      0 1095284    0    0    68   608 36538 151542  7  3 90  0  0
17  0   2184 389281568      0 1097000    0    0    16    12 34938 145198  7  3 90  0  0
 8  0   2184 389248224      0 1098008    0    0    48 33740 36679 150032  8  3 90  0  0
10  0   2184 389250464      0 1106396    0    0    12   256 34480 139908  7  2 90  0  0
 9  0   2184 389261376      0 1108600    0    0    44   368 39438 152580  7  3 90  0  0
 8  0   2184 389310208      0 1109824    0    0     0   564 35442 142405  7  3 90  0  0
procs -----------memory---------- ---swap-- -----io---- -system-- ------cpu-----
 r  b   swpd   free   buff  cache   si   so    bi    bo   in   cs us sy id wa st
11  0   2184 389388672      0 1110828    0    0     0     8 32735 133454  7  3 90  0  0
 6  0   2184 389317440      0 1112648    0    0     0     0 37921 151710  8  3 90  0  0
 7  0   2184 389330080      0 1113872    0    0   408     0 33898 135835  8  3 90  0  0
 8  0   2184 389294432      0 1115656    0    0     0   212 33713 140673  7  3 91  0  0
13  0   2184 389223136      0 1117440    0    0     0   240 36996 151887  8  3 90  0  0
14  0   2184 389251360      0 1118452    0    0    20    20 35833 150964  7  3 91  0  0
 7  0   2184 389263392      0 1121372    0    0   192     4 30171 119014  8  3 89  0  0
19  0   2184 389231520      0 1125992    0    0     0     0 33736 141751  7  3 90  0  0
12  0   2184 389232576      0 1127596    0    0     0     8 34302 140045  8  3 90  0  0
 5  0   2184 389232096      0 1128784    0    0    64    44 37052 149448  8  3 90  0  0
 8  0   2184 389233632      0 1129796    0    0     0     8 30925 132014  7  3 91  0  0
 5  0   2184 389263520      0 1130768    0    0     0   272 35720 146842  7  3 90  0  0
 7  0   2184 389226688      0 1132592    0    0    16 35004 34653 140117  7  3 90  0  0
 7  0   2184 389216672      0 1133596    0    0     0     0 34900 148444  7  3 90  0  0
 6  0   2184 389213120      0 1135960    0    0     0   136 36070 147999  8  3 89  0  0
 5  0   2184 389205376      0 1136904    0    0     0     4 35295 147155  7  3 90  0  0
 9  0   2184 389225472      0 1137912    0    0     0    24 36885 151146  8  3 90  0  0
13  0   2184 389094176      0 1147512    0    0   204     4 36860 146944  9  3 88  0  0
10  0   2184 389109888      0 1148448    0    0     0     8 38900 148743  9  3 89  0  0
 7  0   2184 389056000      0 1149512    0    0     0     0 38379 151412 10  3 88  0  0
 8  0   2184 388799808      0 1139200    0    0    80     0 43527 151761  9  3 89  0  0
procs -----------memory---------- ---swap-- -----io---- -system-- ------cpu-----
 r  b   swpd   free   buff  cache   si   so    bi    bo   in   cs us sy id wa st
 9  0   2184 388803488      0 1140216    0    0     0    12 36244 150235  7  3 90  0  0
 6  0   2184 388888640      0 1141204    0    0    48 34408 37183 148593  7  3 90  0  0
 7  0   2184 388946208      0 1142688    0    0     0     4 37744 150077  7  3 90  0  0
 5  0   2184 388954080      0 1144504    0    0     0   128 37449 152449  7  3 90  0  0
 7  0   2184 389076864      0 1145448    0    0     0     4 35221 142454  7  3 90  0  0
 5  0   2184 389032704      0 1152632    0    0     0    24 35561 141679  9  3 88  0  0
 7  0   2184 389040768      0 1153596    0    0     0 11664 35741 147223  7  3 91  0  0
 8  0   2184 388995744      0 1155104    0    0     0   396 36808 144240  8  3 89  0  0
 6  0   2184 388978336      0 1157516    0    0   220   376 37307 151614  7  3 90  0  0
 6  0   2184 388790624      0 1159868    0    0     0     8 36766 151868  7  3 90  0  0
 5  0   2184 388790144      0 1161616    0    0    16     0 37546 150639  7  3 90  0  0
14  0   2184 388804448      0 1162556    0    0     0     0 36649 152074  7  3 90  0  0
10  0   2184 388840256      0 1164388    0    0     0 30252 37840 150817  7  3 90  0  0
 6  0   2184 388846720      0 1165864    0    0     0   136 35515 146562  7  3 90  0  0
 6  0   2184 388854848      0 1166872    0    0     0     0 30505 130657  7  3 91  0  0
 6  0   2184 388872160      0 1168768    0    0   100    20 31026 127785  9  3 89  0  0
11  0   2184 388974208      0 1177284    0    0     0     4 35345 144791  7  3 90  0  0
 5  0   2184 389157312      0 1178356    0    0     0     0 33511 139363  7  3 90  0  0
 5  0   2184 389158368      0 1180780    0    0     0     4 34370 133045  8  3 89  0  0
 7  0   2184 389151616      0 1181788    0    0     0     8 28142 117388  7  3 90  0  0
 9  0   2184 389129504      0 1183372    0    0     0   204 33552 139064  7  3 90  0  0
procs -----------memory---------- ---swap-- -----io---- -system-- ------cpu-----
 r  b   swpd   free   buff  cache   si   so    bi    bo   in   cs us sy id wa st
 7  0   2184 389049920      0 1185512    0    0    72   248 35901 148467  8  3 90  0  0
10  0   2184 389018496      0 1186512    0    0     0     8 31640 134373  7  3 91  0  0
 7  0   2184 389032384      0 1187460    0    0     0   132 34201 141420  7  3 90  0  0
 7  0   2184 389044928      0 1188464    0    0     0    12 34424 143502  7  3 90  0  0
 9  0   2184 389051264      0 1189476    0    0    16     0 32294 131878  8  3 90  0  0
 7  0   2184 389043936      0 1195236    0    0     0     4 33986 143815  7  3 90  0  0
 6  0   2184 389025856      0 1197028    0    0     0 37480 33506 139439  7  3 90  0  0
 6  0   2184 389070752      0 1198572    0    0     0     0 37029 148816  8  3 90  0  0
11  0   2184 389031008      0 1200516    0    0   152     0 31798 128317  8  3 89  0  0
 2  0   2184 388998464      0 1201344    0    0     0     8 33921 142826  7  3 90  0  0
 7  0   2184 388997664      0 1202468    0    0   124     8 31115 135165  7  3 91  0  0
 7  0   2184 389006464      0 1204012    0    0     0     0 36194 145800  8  3 89  0  0
 7  0   2184 389010336      0 1205012    0    0     0   556 35542 147701  7  3 90  0  0
 8  0   2184 388892832      0 1208440    0    0     0     0 34455 139215  9  3 89  0  0
 6  0   2184 388817888      0 1210016    0    0     4     8 35725 148398  8  3 89  0  0
 6  0   2184 388836224      0 1218216    0    0     0    24 30289 121472  7  2 90  0  0
10  0   2184 388851424      0 1219660    0    0     0    48 32747 126976  7  2 91  0  0
 5  0   2184 388854368      0 1221508    0    0     0   408 39906 155204  8  3 90  0  0
11  0   2184 388901920      0 1222384    0    0     0   312 32850 129374  8  3 90  0  0
 6  0   2184 388895488      0 1224924    0    0    16     4 34710 143500  7  3 90  0  0
 7  0   2184 388845472      0 1225872    0    0     0     0 30246 128226  7  3 90  0  0
procs -----------memory---------- ---swap-- -----io---- -system-- ------cpu-----
 r  b   swpd   free   buff  cache   si   so    bi    bo   in   cs us sy id wa st
 6  0   2184 388842304      0 1226880    0    0     0     4 29470 124741  7  3 91  0  0
 7  0   2184 388846624      0 1228420    0    0     4 36816 35767 143441  8  3 90  0  0
 8  0   2184 388869888      0 1229432    0    0     0     0 34574 139891  8  3 89  0  0
 7  0   2184 388808576      0 1236324    0    0     0     4 32645 135006  8  3 89  0  0
 6  0   2184 388807072      0 1237264    0    0     0    20 35233 150241  7  3 91  0  0
 7  0   2184 388823808      0 1238272    0    0     0     0 35758 149341  7  3 90  0  0
 6  0   2184 388968480      0 1239460    0    0   128     8 37428 151266  7  3 90  0  0
 0  0   2184 388967392      0 1240696    0    0    28     8 14463 53339  4  1 95  0  0
 0  0   2184 389244000      0 1242048    0    0     0     0 3715 2337  1  0 99  0  0
 3  0   2184 389163872      0 1242076    0    0     0   200 1469 2044  1  0 99  0  0
 0  0   2184 389144896      0 1243768    0    0     0   248 1674 1850  1  0 99  0  0
 0  0   2184 389145664      0 1243796    0    0     0   128 1027 1815  0  0 100  0  0
 1  0   2184 389146208      0 1243812    0    0     0     4 1280 2171  0  0 100  0  0
 2  0   2184 389119296      0 1245032    0    0    72     4 2061 1799  2  0 98  0  0
 0  0   2184 389164416      0 1252840    0    0     0     4 5273 2565  1  0 99  0  0
 0  0   2184 389165184      0 1252868    0    0     0     0  948 1669  0  0 100  0  0
 0  0   2184 389165440      0 1253008    0    0     0     0 2060 2693  1  0 99  0  0
 0  0   2184 389166272      0 1253028    0    0     0 28140 1174 2127  0  0 100  0  0
 0  0   2184 389166528      0 1253068    0    0     0     4  986 1777  0  0 100  0  0
 0  0   2184 389168352      0 1253088    0    0     0     0  968 1801  0  0 100  0  0
 0  0   2184 389168640      0 1253120    0    0     0     0  999 1808  0  0 100  0  0
procs -----------memory---------- ---swap-- -----io---- -system-- ------cpu-----
 r  b   swpd   free   buff  cache   si   so    bi    bo   in   cs us sy id wa st
 0  0   2184 389169408      0 1253140    0    0     0   128 1046 1815  0  0 100  0  0
 0  0   2184 389170720      0 1253164    0    0     0     0  988 1754  0  0 100  0  0
 1  0   2184 389212256      0 1253232    0    0     0     4 2899 1967  1  0 99  0  0
 1  0   2184 389229536      0 1253260    0    0     0    20 3261 2534  2  0 98  0  0
 1  0   2184 389185952      0 1253288    0    0     0    56 2374 2142  2  0 98  0  0
 0  0   2184 389035520      0 1241556    0    0     0   488 3029 2654  2  0 98  0  0
 0  0   2184 389035264      0 1241580    0    0     0     0 1075 1921  0  0 100  0  0
 0  0   2184 389035776      0 1241604    0    0     0   248 1118 2035  0  0 100  0  0
 0  0   2184 389034784      0 1241628    0    0     0    84 1387 2567  0  0 100  0  0
 1  0   2184 389035520      0 1241648    0    0     0     4 1041 1862  0  0 100  0  0
 0  0   2184 389036288      0 1241676    0    0     0   128 1051 1872  0  0 100  0  0
 0  0   2184 389037312      0 1241700    0    0     0     0 1038 1846  0  0 100  0  0
 0  0   2184 389037888      0 1241720    0    0     0 23432 1055 1924  0  0 100  0  0
 0  0   2184 389038400      0 1241748    0    0     0     0 1023 1879  0  0 100  0  0
 0  0   2184 389039968      0 1241772    0    0     0     0  952 1687  0  0 100  0  0
 0  0   2184 389039264      0 1241916    0    0     0     4 1973 2357  1  0 99  0  0
 0  0   2184 389041376      0 1241940    0    0     0     0 1048 1814  0  0 100  0  0
 2  0   2184 389001888      0 1241996    0    0     0     0 1551 2753  0  0 99  0  0
 4  0   2184 388972096      0 1242032    0    0     0     0 7383 7259  4  0 96  0  0
 2  0   2184 388900352      0 1242224    0    0    12   388 7287 5605  3  0 96  0  0
 0  0   2184 388870752      0 1242320    0    0     0   584 2429 2529  1  0 99  0  0
procs -----------memory---------- ---swap-- -----io---- -system-- ------cpu-----
 r  b   swpd   free   buff  cache   si   so    bi    bo   in   cs us sy id wa st
13  0   2184 388841888      0 1242448    0    0     0     4 12384 39484  6  1 93  0  0
 9  0   2184 388834944      0 1242484    0    0     0     0 24270 84581  8  2 90  0  0
 9  0   2184 388891616      0 1243120    0    0   136   420 27618 98504  9  2 90  0  0
 8  0   2184 389068832      0 1243696    0    0     0    44 29250 111444  7  2 91  0  0
 7  0   2184 389163840      0 1245440    0    0    16     8 38036 147958  8  3 89  0  0
 6  0   2184 389161760      0 1246332    0    0    64    40 29622 124629  7  3 90  0  0
 7  0   2184 389166368      0 1247292    0    0     0  3900 35353 145671  7  3 90  0  0
 4  0   2184 389160160      0 1248304    0    0     0     0 33978 145127  7  3 90  0  0
11  0   2184 389107168      0 1249324    0    0     0     0 36206 151937  7  3 90  0  0
 7  0   2184 389016224      0 1250816    0    0     0   648 34048 142999  7  3 90  0  0
13  0   2184 388994656      0 1251648    0    0     0     0 30983 132040  7  3 90  0  0
 9  0   2184 388988736      0 1256904    0    0     0     8 30673 130776  8  3 90  0  0
 7  0   2184 389001824      0 1257928    0    0     0 10724 36038 150767  7  3 90  0  0
 8  0   2184 388914240      0 1259464    0    0     0    20 34589 145681  7  3 90  0  0
 7  0   2184 388903040      0 1261320    0    0     0   156 35357 143647  8  3 89  0  0
11  0   2184 388871680      0 1262336    0    0     0   348 37410 153136  7  3 90  0  0
 8  0   2184 388839008      0 1264936    0    0     0     0 35996 147223  8  3 89  0  0
10  0   2184 388789088      0 1266072    0    0   128     8 33448 141388  7  3 91  0  0
 9  0   2184 388617408      0 1267848    0    0    16   304 36701 152254  7  3 90  0  0
 5  0   2184 388613888      0 1268864    0    0     0   128 36022 152436  7  3 91  0  0
 5  0   2184 388638688      0 1269812    0    0     0     8 32930 137241  7  3 90  0  0
procs -----------memory---------- ---swap-- -----io---- -system-- ------cpu-----
 r  b   swpd   free   buff  cache   si   so    bi    bo   in   cs us sy id wa st
13  0   2184 388797856      0 1270832    0    0     0    48 38292 148000  8  3 89  0  0
 8  0   2184 388839488      0 1279868    0    0     0     4 29875 124690  7  3 90  0  0
 9  0   2184 388816704      0 1283072    0    0     0 28980 33191 135593  8  3 89  0  0
 8  0   2184 388758528      0 1285876    0    0     0     4 39100 150247  8  3 89  0  0
 6  0   2184 388784704      0 1286888    0    0     0     8 36773 151976  7  3 90  0  0
10  0   2184 388828800      0 1287836    0    0     0     0 31778 132463  7  3 90  0  0
 7  0   2184 388810208      0 1289720    0    0     0    52 32600 138127  7  3 90  0  0
 7  0   2184 388793280      0 1290740    0    0     0   216 36488 151424  7  3 90  0  0
 5  0   2184 388821120      0 1291696    0    0     0   128 35893 152461  7  3 91  0  0
 6  0   2184 388820608      0 1293556    0    0     0   260 38106 152143  8  3 90  0  0
 4  0   2184 388846528      0 1299320    0    0     0     4 38646 157683  7  3 90  0  0
 5  0   2184 388879040      0 1300268    0    0     0     8 38461 156013  7  3 90  0  0
10  0   2184 388908320      0 1301224    0    0     0   148 34413 145067  7  3 90  0  0
 6  0   2184 388842816      0 1303948    0    0     0     0 35862 140890  9  3 89  0  0
 7  0   2184 388828000      0 1305208    0    0   244     0 36577 152107  7  3 90  0  0
 0  0   2184 388821696      0 1306360    0    0    32     4 17231 66958  4  1 94  0  0
 0  0   2184 389018784      0 1307144    0    0     0   204 1578 2310  0  0 100  0  0
 0  0   2184 388995904      0 1308312    0    0     0 31868 3558 2576  1  0 98  0  0
 0  0   2184 388995680      0 1308368    0    0    36   132 1334 1929  0  0 100  0  0
