procs -----------memory---------- ---swap-- -----io---- -system-- ------cpu-----
 r  b   swpd   free   buff  cache   si   so    bi    bo   in   cs us sy id wa st
 1  0   2184 390669120      0 1073012    0    0     2     2    0    0  0  0 100  0  0
 2  0   2184 390657600      0 1073668    0    0   160 43084 8345 5897  0  1 99  0  0
 1  0   2184 390631424      0 1073732    0    0     8  1024 9842 6119  0  1 99  0  0
 2  0   2184 390543584      0 1092388    0    0 18848     4 5321 5692  2  0 98  0  0
 3  0   2184 390536512      0 1105928    0    0 15500    44 4854 8131  3  0 97  0  0
 1  0   2184 390419584      0 1122964    0    0 19632    32 5777 7230  2  0 97  0  0
 1  0   2184 390397792      0 1108832    0    0  2400 12324 3651 3507  2  0 97  0  0
43  0   2184 390258912      0 1111840    0    0  2052    16 6801 7131  5  0 95  0  0
24  0   2184 390193856      0 1112208    0    0    76   536 6971 7517  7  0 93  0  0
15  0   2184 390122016      0 1115808    0    0  3560     4 7034 10220  7  0 93  0  0
16  0   2184 390010048      0 1116440    0    0   544    76 7677 14242  7  1 93  0  0
14  0   2184 389906720      0 1117400    0    0   572  1044 8884 17030  8  1 92  0  0
27  0   2184 389812224      0 1117596    0    0    80    28 8767 20393  7  1 92  0  0
31  0   2184 389805344      0 1118140    0    0   340    48 8613 23748  7  1 93  0  0
20  0   2184 389762688      0 1118400    0    0     8     0 8975 26024  7  1 92  0  0
18  0   2184 389750400      0 1118912    0    0     0     0 9673 29325  7  1 92  0  0
26  0   2184 389748000      0 1119664    0    0     0   488 10917 30896  7  1 92  0  0
30  0   2184 389743776      0 1120380    0    0     0    40 9565 30515  7  1 93  0  0
22  0   2184 389755456      0 1120780    0    0    88    80 9377 30836  6  1 93  0  0
42  0   2184 389697856      0 1121940    0    0     0     0 9482 30956  7  1 93  0  0
38  0   2184 389709696      0 1123212    0    0  1024     8 10215 32016  7  1 92  0  0
procs -----------memory---------- ---swap-- -----io---- -system-- ------cpu-----
 r  b   swpd   free   buff  cache   si   so    bi    bo   in   cs us sy id wa st
20  0   2184 389654976      0 1124412    0    0   292  1104 10232 33052  7  1 92  0  0
41  0   2184 389634368      0 1125276    0    0   188     0 10241 33273  7  1 92  0  0
28  0   2184 389616032      0 1125816    0    0   252    40 9754 33045  6  1 93  0  0
36  0   2184 389611456      0 1126684    0    0   176     4 9741 33179  6  1 93  0  0
35  0   2184 389610848      0 1126940    0    0     0    76 9718 33923  6  1 93  0  0
39  0   2184 389589696      0 1130172    0    0     0     0 10989 34610  7  1 92  0  0
32  0   2184 389541152      0 1131304    0    0   136    16 10181 33565  7  1 92  0  0
21  0   2184 389542560      0 1131620    0    0    16    92 9833 33686  6  1 93  0  0
36  0   2184 389509696      0 1135064    0    0    44   592 10373 33648  7  1 92  0  0
32  0   2184 389492352      0 1135848    0    0   256    20 10211 34657  6  1 93  0  0
27  0   2184 389471136      0 1136168    0    0     0   680 10211 34543  6  1 93  0  0
14  0   2184 389470784      0 1137340    0    0    92     0 11503 34447  7  1 92  0  0
44  0   2184 389471904      0 1137776    0    0   124     8 10008 34733  6  1 93  0  0
35  0   2184 389473408      0 1138032    0    0     0     0 9608 34284  6  1 93  0  0
17  0   2184 389450336      0 1138860    0    0   128    48 9894 33938  7  1 92  0  0
15  0   2184 389450464      0 1139296    0    0    64    16 10893 35472  7  1 92  0  0
29  0   2184 389451744      0 1139608    0    0     0    96 9987 34852  6  1 93  0  0
34  0   2184 389451712      0 1139928    0    0    24   304 9819 35141  6  1 93  0  0
29  0   2184 389484096      0 1143332    0    0   356    12 12235 35146  7  1 92  0  0
23  0   2184 389528032      0 1143624    0    0     0     0 10157 35541  6  1 93  0  0
20  0   2184 389523808      0 1144328    0    0     0   136 10084 35290  7  1 92  0  0
procs -----------memory---------- ---swap-- -----io---- -system-- ------cpu-----
 r  b   swpd   free   buff  cache   si   so    bi    bo   in   cs us sy id wa st
15  0   2184 389521408      0 1144644    0    0     0   344 9853 34949  6  1 93  0  0
22  0   2184 389515552      0 1145408    0    0    76     8 10460 35289  7  1 92  0  0
22  0   2184 389514336      0 1145720    0    0     0     0 9964 35144  6  1 93  0  0
36  0   2184 389436640      0 1146372    0    0     4     8 10145 34987  6  1 92  0  0
31  0   2184 389431936      0 1146936    0    0   128     0 10651 35697  7  1 92  0  0
26  0   2184 389402944      0 1148028    0    0    16     0 10382 35276  7  1 92  0  0
20  0   2184 389402688      0 1148756    0    0    68  1132 9844 34850  6  1 93  0  0
28  0   2184 389398656      0 1151492    0    0     0    28 10585 35225  7  1 92  0  0
41  0   2184 389396832      0 1151840    0    0    88     0 10008 35969  6  1 93  0  0
23  0   2184 389395232      0 1152156    0    0     0   140 9744 35272  6  1 93  0  0
35  0   2184 389402880      0 1152892    0    0    72     0 10165 35898  7  1 92  0  0
11  0   2184 389428416      0 1153412    0    0   216  3124 10068 35409  6  1 93  0  0
25  0   2184 389481728      0 1154112    0    0     0    20 10190 35515  6  1 92  0  0
33  0   2184 389482336      0 1154428    0    0     0     8 9883 35806  6  1 93  0  0
33  0   2184 389420480      0 1155256    0    0     0     0 11034 36673  7  1 92  0  0
30  0   2184 389421600      0 1155596    0    0     0     8 10317 35804  6  1 93  0  0
25  0   2184 389406592      0 1155916    0    0     0  2364 10295 37011  6  1 93  0  0
50  0   2184 389369568      0 1159760    0    0    72   512 10330 35187  7  1 92  0  0
29  0   2184 389368672      0 1160096    0    0    24    28 10435 36910  6  1 93  0  0
33  0   2184 389368320      0 1160416    0    0     0   128 9959 36629  6  1 93  0  0
33  0   2184 389365920      0 1160780    0    0   112     8 10058 35984  6  1 93  0  0
procs -----------memory---------- ---swap-- -----io---- -system-- ------cpu-----
 r  b   swpd   free   buff  cache   si   so    bi    bo   in   cs us sy id wa st
45  0   2184 389361472      0 1161096    0    0     0  6516 10715 36886  6  1 93  0  0
43  0   2184 389356992      0 1161416    0    0    16     8 10477 37315  6  1 93  0  0
27  0   2184 389347616      0 1161724    0    0     0     0 10892 37304  7  1 92  0  0
41  0   2184 389346432      0 1162724    0    0    92    40 11957 37582  7  1 92  0  0
29  0   2184 389308448      0 1163832    0    0    84   220 10991 37039  7  1 92  0  0
49  0   2184 389355424      0 1164656    0    0   136  1236 11591 37737  7  1 92  0  0
23  0   2184 389337888      0 1168036    0    0   116    16 10841 36892  7  1 92  0  0
31  0   2184 389349760      0 1168728    0    0     0     8 10751 37413  7  1 92  0  0
19  0   2184 389348800      0 1169052    0    0     0   208 10685 36946  6  1 93  0  0
16  0   2184 389349440      0 1169360    0    0     0    28 11323 37315  6  1 93  0  0
39  0   2184 389352192      0 1170100    0    0     0  5048 11067 36664  6  1 93  0  0
38  0   2184 389352224      0 1170748    0    0     0    12 10737 37036  7  1 92  0  0
22  0   2184 389350432      0 1171136    0    0     0     0 10958 37023  6  1 93  0  0
35  0   2184 389345888      0 1171608    0    0   104     0 11947 38049  7  1 92  0  0
19  0   2184 389348320      0 1172748    0    0    16     8 10887 36982  7  1 92  0  0
32  0   2184 389399520      0 1173452    0    0     0  2800 11501 41007  7  1 92  0  0
28  0   2184 389385888      0 1176524    0    0   128   600 12817 42863  7  1 91  0  0
25  0   2184 389250112      0 1178196    0    0   904     0 13105 43166  9  1 90  0  0
35  0   2184 389232960      0 1173420    0    0     0   128 12347 45162  7  1 92  0  0
30  0   2184 389247168      0 1174252    0    0    64     8 12996 46267  7  1 92  0  0
33  0   2184 389246624      0 1174676    0    0    80  1248 12256 46903  7  1 92  0  0
procs -----------memory---------- ---swap-- -----io---- -system-- ------cpu-----
 r  b   swpd   free   buff  cache   si   so    bi    bo   in   cs us sy id wa st
35  0   2184 389247008      0 1175596    0    0    64    28 12585 47813  7  1 92  0  0
28  0   2184 389246656      0 1175972    0    0     0     0 12898 49573  6  1 92  0  0
25  0   2184 389251968      0 1177260    0    0   252     8 14225 53863  7  1 92  0  0
20  0   2184 389300896      0 1178092    0    0   124     0 14645 59981  7  2 91  0  0
21  0   2184 389297824      0 1179512    0    0     0   180 15214 63146  7  2 91  0  0
20  0   2184 389284096      0 1182972    0    0    16  2212 15473 67018  7  2 92  0  0
33  0   2184 389265280      0 1183944    0    0     0    16 16307 68512  7  2 92  0  0
20  0   2184 389263520      0 1184640    0    0   128   616 15652 71280  6  2 92  0  0
31  0   2184 389237920      0 1185596    0    0     4     0 16125 70047  7  2 91  0  0
28  0   2184 389242016      0 1186216    0    0     0     8 15528 74614  6  2 92  0  0
21  0   2184 389281664      0 1187200    0    0    16  1904 16597 76063  7  2 91  0  0
24  0   2184 389258240      0 1187828    0    0     0     8 16384 78902  7  2 91  0  0
27  0   2184 389254016      0 1189724    0    0     4     4 17241 74784  8  2 90  0  0
24  0   2184 389252672      0 1190424    0    0    12     0 15896 80974  7  2 92  0  0
21  0   2184 389218688      0 1191708    0    0    72   212 16769 80497  7  2 91  0  0
19  0   2184 389217408      0 1197044    0    0     0 32552 17807 82768  7  2 90  0  0
21  0   2184 389222368      0 1198192    0    0     0     0 17639 82501  7  2 91  0  0
16  0   2184 389222880      0 1199416    0    0     0   136 18420 85709  7  2 91  0  0
17  0   2184 389222752      0 1200180    0    0     0     4 18677 91785  7  2 91  0  0
21  0   2184 389245024      0 1200940    0    0     0     0 18636 89784  7  2 91  0  0
18  0   2184 389209760      0 1202872    0    0   104  5836 19026 90362  8  2 90  0  0
procs -----------memory---------- ---swap-- -----io---- -system-- ------cpu-----
 r  b   swpd   free   buff  cache   si   so    bi    bo   in   cs us sy id wa st
18  0   2184 389207872      0 1204204    0    0     8     0 18303 86310  7  2 91  0  0
16  0   2184 389205888      0 1205016    0    0     0     8 19034 96026  7  2 90  0  0
10  0   2184 389287232      0 1206220    0    0     0     0 20149 96573  7  2 90  0  0
20  0   2184 389295328      0 1207108    0    0    16     4 20341 102435  7  3 90  0  0
26  0   2184 389243936      0 1214712    0    0     0     4 19116 103850  8  3 89  0  0
34  0   2184 389242336      0 1216596    0    0   220   560 20609 105150  7  3 90  0  0
25  0   2184 389253632      0 1218112    0    0     0   132 21313 106187  7  3 90  0  0
34  0   2184 389221920      0 1219568    0    0     4     0 19487 104846  7  3 90  0  0
20  0   2184 389220992      0 1220516    0    0     4     8 19134 104689  7  3 90  0  0
20  0   2184 389249728      0 1221404    0    0     0     4 19196 105604  7  3 90  0  0
35  0   2184 389267744      0 1223044    0    0   712    16 19518 104524  7  3 91  0  0
20  0   2184 389219904      0 1225168    0    0     0     0 20555 104731  8  3 89  0  0
22  0   2184 389167232      0 1226924    0    0     0     0 18940 104707  7  3 90  0  0
13  0   2184 389161216      0 1227872    0    0    20    44 18700 101329  7  3 91  0  0
21  0   2184 389138304      0 1235100    0    0    16 34928 20090 93419  8  2 90  0  0
18  0   2184 389112352      0 1235980    0    0     4    16 22507 105239  7  3 90  0  0
33  0   2184 389137536      0 1238196    0    0     4   136 21256 106289  7  3 90  0  0
33  0   2184 389226624      0 1239204    0    0     0    64 19426 105028  7  3 90  0  0
22  0   2184 389255328      0 1240148    0    0     0     0 19355 104993  7  3 90  0  0
33  0   2184 389235040      0 1241216    0    0    68  2680 19528 105290  7  3 90  0  0
33  0   2184 389140736      0 1243432    0    0   128     0 19558 104788  8  3 89  0  0
procs -----------memory---------- ---swap-- -----io---- -system-- ------cpu-----
 r  b   swpd   free   buff  cache   si   so    bi    bo   in   cs us sy id wa st
27  0   2184 389069376      0 1245356    0    0     0     4 19786 104902  8  3 89  0  0
21  0   2184 389068224      0 1246012    0    0     0     8 19292 104829  7  3 91  0  0
31  0   2184 389032704      0 1248304    0    0     4     0 20510 105906  8  3 89  0  0
32  1   2184 388995712      0 1256064    0    0     0 16892 23676 105468  8  3 89  0  0
35  0   2184 388992416      0 1257852    0    0     0 12688 20099 106254  7  3 90  0  0
27  0   2184 388978784      0 1258864    0    0     0   128 19096 105960  7  3 90  0  0
26  0   2184 389062528      0 1260596    0    0     0    16 20896 104634  7  3 90  0  0
 0  0   2184 389061984      0 1262572    0    0    88     0 12634 50865  6  1 93  0  0
 0  0   2184 389307488      0 1263448    0    0     0     8 1443 2143  0  0 100  0  0
 0  0   2184 389308736      0 1263768    0    0     0  3736 1178 1972  0  0 100  0  0
 0  0   2184 389312096      0 1263912    0    0     0     0 1896 2398  1  0 99  0  0
 0  0   2184 389288928      0 1264284    0    0     0     0 1285 1871  0  0 99  0  0
 0  0   2184 389275136      0 1265100    0    0     0     4 1529 2058  1  0 99  0  0
 1  0   2184 389268608      0 1270444    0    0    96     8 2211 2125  1  0 99  0  0
 2  0   2184 389243392      0 1270508    0    0     0    72 4718 2788  2  0 98  0  0
 1  0   2184 389153696      0 1271388    0    0     0   616 2598 1922  2  0 98  0  0
 0  0   2184 389090560      0 1260896    0    0     0     0 3716 2067  1  0 99  0  0
 0  0   2184 389091328      0 1260920    0    0     0     0 1143 1931  0  0 100  0  0
 0  0   2184 389091840      0 1260964    0    0     0     4 1063 1881  0  0 100  0  0
 0  0   2184 389092608      0 1260996    0    0     0 18120 1070 2019  0  0 100  0  0
 0  0   2184 389094304      0 1261616    0    0     0     0 2062 2319  1  0 99  0  0
procs -----------memory---------- ---swap-- -----io---- -system-- ------cpu-----
 r  b   swpd   free   buff  cache   si   so    bi    bo   in   cs us sy id wa st
 0  0   2184 389095328      0 1261644    0    0     0     0  948 1717  0  0 100  0  0
 0  0   2184 389096064      0 1261676    0    0     0    64 1057 1915  0  0 100  0  0
 0  0   2184 389094432      0 1262032    0    0     0   480 1130 1862  0  0 100  0  0
 0  0   2184 389221056      0 1262072    0    0     0 16220 1413 2431  0  0 100  0  0
 0  0   2184 389221824      0 1262100    0    0     0   596 1027 1848  0  0 100  0  0
 1  0   2184 389220992      0 1262128    0    0     0     0 1211 2030  0  0 100  0  0
 0  0   2184 389221792      0 1262160    0    0     0    64  934 1696  0  0 100  0  0
 0  0   2184 389223552      0 1262192    0    0     0     0 1024 1909  0  0 100  0  0
 0  0   2184 389226368      0 1262224    0    0     0     0 1311 2243  0  0 100  0  0
 0  0   2184 389225632      0 1262372    0    0     0    20 1911 2377  1  0 99  0  0
 0  0   2184 389226624      0 1262404    0    0     0     0  930 1621  0  0 100  0  0
 0  0   2184 389227648      0 1262440    0    0     0     4  925 1664  0  0 100  0  0
 0  0   2184 389228672      0 1262468    0    0     0     0  976 1684  0  0 100  0  0
 0  0   2184 389230720      0 1262400    0    0     0     0 1156 2070  0  0 100  0  0
 0  0   2184 389232224      0 1262428    0    0     0   376 1116 1998  0  0 100  0  0
 0  0   2184 389232768      0 1262460    0    0     0     4  993 1783  0  0 100  0  0
 0  0   2184 389234112      0 1262456    0    0     0     0 1628 2335  0  0 100  0  0
 2  0   2184 389210560      0 1262480    0    0     0     0 1314 2276  0  0 100  0  0
 3  0   2184 389176704      0 1262544    0    0     0   356 6152 7237  4  0 96  0  0
 2  0   2184 389102336      0 1262856    0    0    96   400 8817 6679  4  1 96  0  0
 0  0   2184 389065280      0 1262912    0    0     0     0 2683 2621  1  0 98  0  0
procs -----------memory---------- ---swap-- -----io---- -system-- ------cpu-----
 r  b   swpd   free   buff  cache   si   so    bi    bo   in   cs us sy id wa st
21  0   2184 389062144      0 1263072    0    0     0     4 10019 38649  5  1 94  0  0
31  0   2184 389036832      0 1263212    0    0     0     0 17527 83953  9  2 89  0  0
20  0   2184 389128000      0 1263904    0    0   192   420 19329 91998  8  2 90  0  0
33  0   2184 389217536      0 1264828    0    0     0  1264 19403 98023  7  2 90  0  0
25  0   2184 389244416      0 1265588    0    0     0     0 19839 103332  7  3 91  0  0
16  0   2184 389179104      0 1267048    0    0     0     8 19669 104394  7  3 90  0  0
37  0   2184 389114944      0 1268536    0    0     0     8 19462 101868  7  3 90  0  0
18  0   2184 389058464      0 1270032    0    0     0     0 19994 104993  8  3 90  0  0
15  0   2184 389052288      0 1271168    0    0     0  7296 20210 106584  7  3 90  0  0
36  0   2184 388993696      0 1272636    0    0    16    48 19198 104972  7  3 90  0  0
22  0   2184 388986304      0 1274384    0    0     0     0 19705 104569  8  2 90  0  0
24  0   2184 388984448      0 1280116    0    0     0   140 20706 101870  8  2 90  0  0
39  0   2184 388983296      0 1281072    0    0     0   316 19810 107429  7  2 91  0  0
33  0   2184 389015168      0 1282580    0    0     0   148 19880 104726  8  3 90  0  0
34  0   2184 388978976      0 1284572    0    0     0 15720 19321 105800  7  3 90  0  0
18  0   2184 388947040      0 1285576    0    0     0    56 19678 106365  7  3 90  0  0
35  0   2184 388944896      0 1287356    0    0     0    60 19739 105615  7  3 90  0  0
29  0   2184 388944320      0 1288300    0    0     0     0 20002 107539  7  3 90  0  0
29  0   2184 388960288      0 1289372    0    0     0    12 20229 107697  7  3 90  0  0
38  0   2184 389019840      0 1291192    0    0     0     0 20324 106306  8  3 90  0  0
21  0   2184 389032160      0 1292660    0    0     0     0 20612 104641  7  2 90  0  0
procs -----------memory---------- ---swap-- -----io---- -system-- ------cpu-----
 r  b   swpd   free   buff  cache   si   so    bi    bo   in   cs us sy id wa st
14  0   2184 389036128      0 1301012    0    0     0    60 20674 106398  8  3 89  0  0
22  0   2184 389035840      0 1302396    0    0     0     0 20609 107267  7  3 90  0  0
26  0   2184 389143296      0 1303408    0    0     0   140 20787 107362  7  3 90  0  0
33  0   2184 389178688      0 1304420    0    0     0   252 19881 107322  7  3 90  0  0
33  0   2184 389144416      0 1306172    0    0     0     8 19520 106143  7  3 90  0  0
34  0   2184 389086400      0 1307216    0    0     0     0 19642 106405  7  3 90  0  0
34  0   2184 389085344      0 1308164    0    0     0    44 19293 106779  7  3 91  0  0
36  0   2184 389072000      0 1310088    0    0     0    20 21776 106738  8  3 89  0  0
32  0   2184 389043648      0 1311296    0    0   256   204 19473 106327  7  3 90  0  0
30  0   2184 389041792      0 1312312    0    0     0 28320 19156 106974  7  3 90  0  0
23  0   2184 388936992      0 1318908    0    0    16    12 21822 105672  9  3 88  0  0
31  0   2184 388836224      0 1320704    0    0     0     0 22597 105938  9  3 88  0  0
24  0   2184 388740576      0 1316620    0    0    72   188 20163 106181  8  3 89  0  0
32  0   2184 388745152      0 1318364    0    0     0   100 19198 99554  8  2 90  0  0
33  0   2184 388745792      0 1320772    0    0     0   680 19787 105246  8  3 90  0  0
 0  0   2184 388764704      0 1321876    0    0   116     4 13318 58915  5  2 93  0  0
 1  0   2184 388953408      0 1322748    0    0     0     8 1493 2310  0  0 100  0  0
 0  0   2184 388952736      0 1323652    0    0     0     0 2721 2602  1  0 99  0  0
 0  0   2184 388952480      0 1323844    0    0   164    32 1431 2093  0  0 100  0  0
