16:02:47,191 INFO  (vert.x-eventloop-thread-0) [i.h.c.ControllerVerticle] Starting in directory /home/jenkins/spring-quarkus-perf-comparison/logs/hyperfoil/spring3-virtual-0...
16:02:47,367 INFO  (vert.x-eventloop-thread-0) [i.h.c.ControllerServer] Hyperfoil controller listening on http://127.0.0.1:35887
16:02:48,014 INFO  (vert.x-worker-thread-3) [i.h.c.u.PersistenceUtil] Stored benchmark 'load-test-fixed-threads-read-all' in /home/jenkins/spring-quarkus-perf-comparison/logs/hyperfoil/spring3-virtual-0/benchmark/load-test-fixed-threads-read-all.yaml
16:02:48,155 INFO  (vert.x-eventloop-thread-0) [i.h.c.u.PersistenceUtil] Stored benchmark 'load-test-fixed-threads-read-all' in /home/jenkins/spring-quarkus-perf-comparison/logs/hyperfoil/spring3-virtual-0/run/0000/load-test-fixed-threads-read-all.yaml
16:02:49,166 INFO  (vert.x-eventloop-thread-0) [i.h.c.ControllerVerticle] Starting benchmark load-test-fixed-threads-read-all - run 0000
16:02:49,166 INFO  (vert.x-eventloop-thread-2) [i.h.c.AgentVerticle] 14cfe132-5b53-4044-9434-eba373431ab5 Got reply from controller.
16:02:49,168 INFO  (vert.x-eventloop-thread-2) [i.h.c.AgentVerticle] Initializing agent
16:02:49,195 INFO  (vert.x-eventloop-thread-2) [i.h.h.c.HttpClientPoolImpl] Allocating 100 connections (max 100, buffer 0) in 2 executors to http://localhost:8080
16:02:49,320 INFO  (vert.x-eventloop-thread-2) [i.h.c.i.SimulationRunner] GC execution took 97 ms
16:02:49,320 INFO  (vert.x-eventloop-thread-2) [i.h.c.i.SimulationRunner] Overall GC run took 97 ms
16:02:49,326 INFO  (vert.x-eventloop-thread-2) [i.h.c.i.SimulationRunner] Simulation initialization took 124 ms
16:02:49,380 INFO  (vert.x-eventloop-thread-0) [i.h.c.ControllerPhase] 0000 warmup changing status NOT_STARTED to STARTING
16:02:49,387 INFO  (vert.x-eventloop-thread-0) [i.h.c.ControllerPhase] 0000 warmup changing status STARTING to RUNNING
16:04:49,380 INFO  (vert.x-eventloop-thread-0) [i.h.c.ControllerPhase] 0000 warmup changing status RUNNING to FINISHING
16:04:49,383 INFO  (vert.x-eventloop-thread-0) [i.h.c.ControllerPhase] 0000 warmup changing status FINISHING to FINISHED
16:04:49,384 INFO  (vert.x-eventloop-thread-0) [i.h.c.ControllerPhase] 0000 cooldown changing status NOT_STARTED to STARTING
16:04:49,384 INFO  (vert.x-eventloop-thread-0) [i.h.c.ControllerPhase] 0000 cooldown changing status STARTING to RUNNING
16:04:49,392 INFO  (vert.x-eventloop-thread-0) [i.h.c.ControllerVerticle] Run 0000: completing stats for phase warmup
16:04:49,405 INFO  (vert.x-eventloop-thread-0) [i.h.c.ControllerPhase] 0000 warmup changing status FINISHED to TERMINATED
16:05:19,384 INFO  (vert.x-eventloop-thread-0) [i.h.c.ControllerPhase] 0000 cooldown changing status RUNNING to FINISHING
16:05:19,385 INFO  (vert.x-eventloop-thread-0) [i.h.c.ControllerPhase] 0000 cooldown changing status FINISHING to FINISHED
16:05:19,385 INFO  (vert.x-eventloop-thread-0) [i.h.c.ControllerPhase] 0000 cooldown changing status FINISHED to TERMINATING
16:05:19,385 INFO  (vert.x-eventloop-thread-0) [i.h.c.ControllerVerticle] Run 0000: completing stats for phase cooldown
16:05:19,385 INFO  (vert.x-eventloop-thread-0) [i.h.c.ControllerPhase] 0000 cooldown changing status TERMINATING to TERMINATED
16:05:19,385 INFO  (vert.x-eventloop-thread-0) [i.h.c.ControllerPhase] 0000 logStart changing status NOT_STARTED to STARTING
16:05:19,386 INFO  (vert.x-eventloop-thread-0) [i.h.c.ControllerPhase] 0000 logStart changing status STARTING to RUNNING
16:05:19,387 INFO  (epollEventLoopGroup-2-1) [i.h.c.s.LogAction] loadTest started at 2026-06-02T16:05:19.386Z
16:05:19,387 INFO  (vert.x-eventloop-thread-0) [i.h.c.ControllerPhase] 0000 logStart changing status RUNNING to FINISHING
16:05:19,387 INFO  (vert.x-eventloop-thread-0) [i.h.c.ControllerPhase] 0000 logStart changing status FINISHING to FINISHED
16:05:19,388 INFO  (vert.x-eventloop-thread-0) [i.h.c.ControllerVerticle] Run 0000: completing stats for phase logStart
16:05:19,388 INFO  (vert.x-eventloop-thread-0) [i.h.c.ControllerPhase] 0000 logStart changing status FINISHED to TERMINATED
16:05:19,388 INFO  (vert.x-eventloop-thread-0) [i.h.c.ControllerPhase] 0000 loadTest changing status NOT_STARTED to STARTING
16:05:19,390 INFO  (vert.x-eventloop-thread-0) [i.h.c.ControllerPhase] 0000 loadTest changing status STARTING to RUNNING
16:05:49,388 INFO  (vert.x-eventloop-thread-0) [i.h.c.ControllerPhase] 0000 loadTest changing status RUNNING to FINISHING
16:05:49,389 INFO  (vert.x-eventloop-thread-0) [i.h.c.ControllerPhase] 0000 loadTest changing status FINISHING to FINISHED
16:05:49,396 INFO  (vert.x-eventloop-thread-0) [i.h.c.ControllerVerticle] Run 0000: completing stats for phase loadTest
16:05:49,402 INFO  (vert.x-eventloop-thread-0) [i.h.c.ControllerPhase] 0000 loadTest changing status FINISHED to TERMINATED
16:05:49,402 INFO  (vert.x-eventloop-thread-0) [i.h.c.ControllerVerticle] 0000 All phases are terminated.
16:05:49,403 INFO  (vert.x-eventloop-thread-2) [i.h.c.AgentVerticle] Received agent reset
16:05:49,404 INFO  (vert.x-eventloop-thread-0) [i.h.c.ControllerVerticle] Run 0000: completing stats for phase logStart
16:05:49,404 INFO  (vert.x-eventloop-thread-0) [i.h.c.ControllerVerticle] Run 0000: completing stats for phase cooldown
16:05:49,404 INFO  (vert.x-eventloop-thread-0) [i.h.c.ControllerVerticle] Run 0000: completing stats for phase loadTest
16:05:49,405 INFO  (vert.x-eventloop-thread-0) [i.h.c.ControllerVerticle] Run 0000: completing stats for phase warmup
16:05:49,406 INFO  (vert.x-eventloop-thread-0) [i.h.c.ControllerVerticle] Run 0000 completed
16:05:49,509 INFO  (vert.x-eventloop-thread-0) [i.h.c.ControllerVerticle] Successfully persisted run 0000
