16:22:25,037 INFO  (vert.x-eventloop-thread-0) [i.h.c.ControllerVerticle] Starting in directory /home/jenkins/spring-quarkus-perf-comparison/logs/hyperfoil/spring3-virtual-leyden-0...
16:22:25,208 INFO  (vert.x-eventloop-thread-0) [i.h.c.ControllerServer] Hyperfoil controller listening on http://127.0.0.1:35511
16:22:25,863 INFO  (vert.x-worker-thread-3) [i.h.c.u.PersistenceUtil] Stored benchmark 'load-test-fixed-threads-read-all' in /home/jenkins/spring-quarkus-perf-comparison/logs/hyperfoil/spring3-virtual-leyden-0/benchmark/load-test-fixed-threads-read-all.yaml
16:22:26,005 INFO  (vert.x-eventloop-thread-0) [i.h.c.u.PersistenceUtil] Stored benchmark 'load-test-fixed-threads-read-all' in /home/jenkins/spring-quarkus-perf-comparison/logs/hyperfoil/spring3-virtual-leyden-0/run/0000/load-test-fixed-threads-read-all.yaml
16:22:27,017 INFO  (vert.x-eventloop-thread-0) [i.h.c.ControllerVerticle] Starting benchmark load-test-fixed-threads-read-all - run 0000
16:22:27,017 INFO  (vert.x-eventloop-thread-2) [i.h.c.AgentVerticle] 6938e960-c721-4e24-8a0b-8b16d94ecde5 Got reply from controller.
16:22:27,019 INFO  (vert.x-eventloop-thread-2) [i.h.c.AgentVerticle] Initializing agent
16:22:27,045 INFO  (vert.x-eventloop-thread-2) [i.h.h.c.HttpClientPoolImpl] Allocating 100 connections (max 100, buffer 0) in 2 executors to http://localhost:8080
16:22:27,170 INFO  (vert.x-eventloop-thread-2) [i.h.c.i.SimulationRunner] GC execution took 96 ms
16:22:27,170 INFO  (vert.x-eventloop-thread-2) [i.h.c.i.SimulationRunner] Overall GC run took 96 ms
16:22:27,176 INFO  (vert.x-eventloop-thread-2) [i.h.c.i.SimulationRunner] Simulation initialization took 124 ms
16:22:27,235 INFO  (vert.x-eventloop-thread-0) [i.h.c.ControllerPhase] 0000 warmup changing status NOT_STARTED to STARTING
16:22:27,242 INFO  (vert.x-eventloop-thread-0) [i.h.c.ControllerPhase] 0000 warmup changing status STARTING to RUNNING
16:24:27,234 INFO  (vert.x-eventloop-thread-0) [i.h.c.ControllerPhase] 0000 warmup changing status RUNNING to FINISHING
16:24:27,237 INFO  (vert.x-eventloop-thread-0) [i.h.c.ControllerPhase] 0000 warmup changing status FINISHING to FINISHED
16:24:27,238 INFO  (vert.x-eventloop-thread-0) [i.h.c.ControllerPhase] 0000 cooldown changing status NOT_STARTED to STARTING
16:24:27,239 INFO  (vert.x-eventloop-thread-0) [i.h.c.ControllerPhase] 0000 cooldown changing status STARTING to RUNNING
16:24:27,248 INFO  (vert.x-eventloop-thread-0) [i.h.c.ControllerVerticle] Run 0000: completing stats for phase warmup
16:24:27,261 INFO  (vert.x-eventloop-thread-0) [i.h.c.ControllerPhase] 0000 warmup changing status FINISHED to TERMINATED
16:24:57,239 INFO  (vert.x-eventloop-thread-0) [i.h.c.ControllerPhase] 0000 cooldown changing status RUNNING to FINISHING
16:24:57,239 INFO  (vert.x-eventloop-thread-0) [i.h.c.ControllerPhase] 0000 cooldown changing status FINISHING to FINISHED
16:24:57,239 INFO  (vert.x-eventloop-thread-0) [i.h.c.ControllerPhase] 0000 cooldown changing status FINISHED to TERMINATING
16:24:57,239 INFO  (vert.x-eventloop-thread-0) [i.h.c.ControllerVerticle] Run 0000: completing stats for phase cooldown
16:24:57,240 INFO  (vert.x-eventloop-thread-0) [i.h.c.ControllerPhase] 0000 cooldown changing status TERMINATING to TERMINATED
16:24:57,240 INFO  (vert.x-eventloop-thread-0) [i.h.c.ControllerPhase] 0000 logStart changing status NOT_STARTED to STARTING
16:24:57,241 INFO  (vert.x-eventloop-thread-0) [i.h.c.ControllerPhase] 0000 logStart changing status STARTING to RUNNING
16:24:57,241 INFO  (epollEventLoopGroup-2-1) [i.h.c.s.LogAction] loadTest started at 2026-06-02T16:24:57.241Z
16:24:57,241 INFO  (vert.x-eventloop-thread-0) [i.h.c.ControllerPhase] 0000 logStart changing status RUNNING to FINISHING
16:24:57,242 INFO  (vert.x-eventloop-thread-0) [i.h.c.ControllerPhase] 0000 logStart changing status FINISHING to FINISHED
16:24:57,242 INFO  (vert.x-eventloop-thread-0) [i.h.c.ControllerVerticle] Run 0000: completing stats for phase logStart
16:24:57,242 INFO  (vert.x-eventloop-thread-0) [i.h.c.ControllerPhase] 0000 logStart changing status FINISHED to TERMINATED
16:24:57,242 INFO  (vert.x-eventloop-thread-0) [i.h.c.ControllerPhase] 0000 loadTest changing status NOT_STARTED to STARTING
16:24:57,244 INFO  (vert.x-eventloop-thread-0) [i.h.c.ControllerPhase] 0000 loadTest changing status STARTING to RUNNING
16:25:27,243 INFO  (vert.x-eventloop-thread-0) [i.h.c.ControllerPhase] 0000 loadTest changing status RUNNING to FINISHING
16:25:27,244 INFO  (vert.x-eventloop-thread-0) [i.h.c.ControllerPhase] 0000 loadTest changing status FINISHING to FINISHED
16:25:27,255 INFO  (vert.x-eventloop-thread-0) [i.h.c.ControllerVerticle] Run 0000: completing stats for phase loadTest
16:25:27,261 INFO  (vert.x-eventloop-thread-0) [i.h.c.ControllerPhase] 0000 loadTest changing status FINISHED to TERMINATED
16:25:27,261 INFO  (vert.x-eventloop-thread-0) [i.h.c.ControllerVerticle] 0000 All phases are terminated.
16:25:27,262 INFO  (vert.x-eventloop-thread-2) [i.h.c.AgentVerticle] Received agent reset
16:25:27,263 INFO  (vert.x-eventloop-thread-0) [i.h.c.ControllerVerticle] Run 0000: completing stats for phase logStart
16:25:27,263 INFO  (vert.x-eventloop-thread-0) [i.h.c.ControllerVerticle] Run 0000: completing stats for phase cooldown
16:25:27,263 INFO  (vert.x-eventloop-thread-0) [i.h.c.ControllerVerticle] Run 0000: completing stats for phase loadTest
16:25:27,263 INFO  (vert.x-eventloop-thread-0) [i.h.c.ControllerVerticle] Run 0000: completing stats for phase warmup
16:25:27,265 INFO  (vert.x-eventloop-thread-0) [i.h.c.ControllerVerticle] Run 0000 completed
16:25:27,373 INFO  (vert.x-eventloop-thread-0) [i.h.c.ControllerVerticle] Successfully persisted run 0000
