14:09:16,297 INFO  (vert.x-eventloop-thread-0) [i.h.c.ControllerVerticle] Starting in directory /home/jenkins/spring-quarkus-perf-comparison/logs/hyperfoil/quarkus3-leyden-1...
14:09:16,468 INFO  (vert.x-eventloop-thread-0) [i.h.c.ControllerServer] Hyperfoil controller listening on http://127.0.0.1:33659
14:09:17,124 INFO  (vert.x-worker-thread-3) [i.h.c.u.PersistenceUtil] Stored benchmark 'load-test-fixed-threads-read-all' in /home/jenkins/spring-quarkus-perf-comparison/logs/hyperfoil/quarkus3-leyden-1/benchmark/load-test-fixed-threads-read-all.yaml
14:09:17,268 INFO  (vert.x-eventloop-thread-0) [i.h.c.u.PersistenceUtil] Stored benchmark 'load-test-fixed-threads-read-all' in /home/jenkins/spring-quarkus-perf-comparison/logs/hyperfoil/quarkus3-leyden-1/run/0000/load-test-fixed-threads-read-all.yaml
14:09:18,280 INFO  (vert.x-eventloop-thread-0) [i.h.c.ControllerVerticle] Starting benchmark load-test-fixed-threads-read-all - run 0000
14:09:18,280 INFO  (vert.x-eventloop-thread-2) [i.h.c.AgentVerticle] a5a39a92-822a-4b0c-8e3d-ce0a2a7f285e Got reply from controller.
14:09:18,282 INFO  (vert.x-eventloop-thread-2) [i.h.c.AgentVerticle] Initializing agent
14:09:18,308 INFO  (vert.x-eventloop-thread-2) [i.h.h.c.HttpClientPoolImpl] Allocating 100 connections (max 100, buffer 0) in 2 executors to http://localhost:8080
14:09:18,432 INFO  (vert.x-eventloop-thread-2) [i.h.c.i.SimulationRunner] GC execution took 95 ms
14:09:18,432 INFO  (vert.x-eventloop-thread-2) [i.h.c.i.SimulationRunner] Overall GC run took 95 ms
14:09:18,439 INFO  (vert.x-eventloop-thread-2) [i.h.c.i.SimulationRunner] Simulation initialization took 124 ms
14:09:18,500 INFO  (vert.x-eventloop-thread-0) [i.h.c.ControllerPhase] 0000 warmup changing status NOT_STARTED to STARTING
14:09:18,507 INFO  (vert.x-eventloop-thread-0) [i.h.c.ControllerPhase] 0000 warmup changing status STARTING to RUNNING
14:11:18,500 INFO  (vert.x-eventloop-thread-0) [i.h.c.ControllerPhase] 0000 warmup changing status RUNNING to FINISHING
14:11:18,504 INFO  (vert.x-eventloop-thread-0) [i.h.c.ControllerPhase] 0000 warmup changing status FINISHING to FINISHED
14:11:18,505 INFO  (vert.x-eventloop-thread-0) [i.h.c.ControllerPhase] 0000 cooldown changing status NOT_STARTED to STARTING
14:11:18,505 INFO  (vert.x-eventloop-thread-0) [i.h.c.ControllerPhase] 0000 cooldown changing status STARTING to RUNNING
14:11:18,511 INFO  (vert.x-eventloop-thread-0) [i.h.c.ControllerVerticle] Run 0000: completing stats for phase warmup
14:11:18,525 INFO  (vert.x-eventloop-thread-0) [i.h.c.ControllerPhase] 0000 warmup changing status FINISHED to TERMINATED
14:11:48,505 INFO  (vert.x-eventloop-thread-0) [i.h.c.ControllerPhase] 0000 cooldown changing status RUNNING to FINISHING
14:11:48,506 INFO  (vert.x-eventloop-thread-0) [i.h.c.ControllerPhase] 0000 cooldown changing status FINISHING to FINISHED
14:11:48,506 INFO  (vert.x-eventloop-thread-0) [i.h.c.ControllerPhase] 0000 cooldown changing status FINISHED to TERMINATING
14:11:48,506 INFO  (vert.x-eventloop-thread-0) [i.h.c.ControllerVerticle] Run 0000: completing stats for phase cooldown
14:11:48,506 INFO  (vert.x-eventloop-thread-0) [i.h.c.ControllerPhase] 0000 cooldown changing status TERMINATING to TERMINATED
14:11:48,506 INFO  (vert.x-eventloop-thread-0) [i.h.c.ControllerPhase] 0000 logStart changing status NOT_STARTED to STARTING
14:11:48,507 INFO  (vert.x-eventloop-thread-0) [i.h.c.ControllerPhase] 0000 logStart changing status STARTING to RUNNING
14:11:48,508 INFO  (vert.x-eventloop-thread-0) [i.h.c.ControllerPhase] 0000 logStart changing status RUNNING to FINISHING
14:11:48,508 INFO  (epollEventLoopGroup-2-1) [i.h.c.s.LogAction] loadTest started at 2026-06-02T14:11:48.507Z
14:11:48,509 INFO  (vert.x-eventloop-thread-0) [i.h.c.ControllerPhase] 0000 logStart changing status FINISHING to FINISHED
14:11:48,509 INFO  (vert.x-eventloop-thread-0) [i.h.c.ControllerVerticle] Run 0000: completing stats for phase logStart
14:11:48,509 INFO  (vert.x-eventloop-thread-0) [i.h.c.ControllerPhase] 0000 logStart changing status FINISHED to TERMINATED
14:11:48,509 INFO  (vert.x-eventloop-thread-0) [i.h.c.ControllerPhase] 0000 loadTest changing status NOT_STARTED to STARTING
14:11:48,511 INFO  (vert.x-eventloop-thread-0) [i.h.c.ControllerPhase] 0000 loadTest changing status STARTING to RUNNING
14:12:18,510 INFO  (vert.x-eventloop-thread-0) [i.h.c.ControllerPhase] 0000 loadTest changing status RUNNING to FINISHING
14:12:18,511 INFO  (vert.x-eventloop-thread-0) [i.h.c.ControllerPhase] 0000 loadTest changing status FINISHING to FINISHED
14:12:18,514 INFO  (vert.x-eventloop-thread-0) [i.h.c.ControllerVerticle] Run 0000: completing stats for phase loadTest
14:12:18,520 INFO  (vert.x-eventloop-thread-0) [i.h.c.ControllerPhase] 0000 loadTest changing status FINISHED to TERMINATED
14:12:18,520 INFO  (vert.x-eventloop-thread-0) [i.h.c.ControllerVerticle] 0000 All phases are terminated.
14:12:18,521 INFO  (vert.x-eventloop-thread-2) [i.h.c.AgentVerticle] Received agent reset
14:12:18,521 INFO  (vert.x-eventloop-thread-0) [i.h.c.ControllerVerticle] Run 0000: completing stats for phase logStart
14:12:18,521 INFO  (vert.x-eventloop-thread-0) [i.h.c.ControllerVerticle] Run 0000: completing stats for phase cooldown
14:12:18,522 INFO  (vert.x-eventloop-thread-0) [i.h.c.ControllerVerticle] Run 0000: completing stats for phase loadTest
14:12:18,522 INFO  (vert.x-eventloop-thread-0) [i.h.c.ControllerVerticle] Run 0000: completing stats for phase warmup
14:12:18,523 INFO  (vert.x-eventloop-thread-0) [i.h.c.ControllerVerticle] Run 0000 completed
14:12:18,637 INFO  (vert.x-eventloop-thread-0) [i.h.c.ControllerVerticle] Successfully persisted run 0000
